#
# There is insufficient memory for the Java Runtime Environment to continue.
# Native memory allocation (malloc) failed to allocate 1048576 bytes. Error detail: AllocateHeap
# Possible reasons:
#   The system is out of physical RAM or swap space
#   This process is running with CompressedOops enabled, and the Java Heap may be blocking the growth of the native heap
# Possible solutions:
#   Reduce memory load on the system
#   Increase physical memory or swap space
#   Check if swap backing store is full
#   Decrease Java heap size (-Xmx/-Xms)
#   Decrease number of Java threads
#   Decrease Java thread stack sizes (-Xss)
#   Set larger code cache with -XX:ReservedCodeCacheSize=
#   JVM is running with Unscaled Compressed Oops mode in which the Java heap is
#     placed in the first 4GB address space. The Java Heap base address is the
#     maximum limit for the native heap growth. Please use -XX:HeapBaseMinAddress
#     to set the Java Heap base and to place the Java Heap above 4GB virtual address.
# This output file may be truncated or incomplete.
#
#  Out of Memory Error (allocation.cpp:44), pid=5128, tid=5068
#
# JRE version: OpenJDK Runtime Environment Temurin-21.0.10+7 (21.0.10+7) (build 21.0.10+7-LTS)
# Java VM: OpenJDK 64-Bit Server VM Temurin-21.0.10+7 (21.0.10+7-LTS, mixed mode, sharing, tiered, compressed oops, compressed class ptrs, parallel gc, windows-amd64)
# No core dump will be written. Minidumps are not enabled by default on client versions of Windows
#

---------------  S U M M A R Y ------------

Command Line: --add-modules=ALL-SYSTEM --add-opens=java.base/java.util=ALL-UNNAMED --add-opens=java.base/java.lang=ALL-UNNAMED --add-opens=java.base/sun.nio.fs=ALL-UNNAMED -Declipse.application=org.eclipse.jdt.ls.core.id1 -Dosgi.bundles.defaultStartLevel=4 -Declipse.product=org.eclipse.jdt.ls.core.product -Djava.import.generatesMetadataFilesAtProjectRoot=false -DDetectVMInstallationsJob.disabled=true -Dfile.encoding=utf8 -XX:+UseParallelGC -XX:GCTimeRatio=4 -XX:AdaptiveSizePolicyWeight=90 -Dsun.zip.disableMemoryMapping=true -Xmx2G -Xms100m -Xlog:disable -javaagent:c:\Users\Kadjo\.vscode\extensions\redhat.java-1.54.0-win32-x64\lombok\lombok-1.18.39-4050.jar -XX:+HeapDumpOnOutOfMemoryError -XX:HeapDumpPath=c:\Users\Kadjo\AppData\Roaming\Code\User\workspaceStorage\6b8ec2b7aee18834d27a0683ca39a516\redhat.java -Daether.dependencyCollector.impl=bf c:\Users\Kadjo\.vscode\extensions\redhat.java-1.54.0-win32-x64\server\plugins\org.eclipse.equinox.launcher_1.7.100.v20251111-0406.jar -configuration c:\Users\Kadjo\AppData\Roaming\Code\User\globalStorage\redhat.java\1.54.0\config_win -data c:\Users\Kadjo\AppData\Roaming\Code\User\workspaceStorage\6b8ec2b7aee18834d27a0683ca39a516\redhat.java\jdt_ws --pipe=\\.\pipe\lsp-ee109b99a0bdbcdad6d667514036f246-sock

Host: 11th Gen Intel(R) Core(TM) i5-1155G7 @ 2.50GHz, 8 cores, 19G,  Windows 11 , 64 bit Build 26100 (10.0.26100.8246)
Time: Sat Apr 25 03:52:34 2026 W. Central Africa Standard Time elapsed time: 738.472481 seconds (0d 0h 12m 18s)

---------------  T H R E A D  ---------------

Current thread (0x0000017df9b35870):  JavaThread "Attach Listener" daemon [_thread_in_vm, id=5068, stack(0x0000003d9d500000,0x0000003d9d600000) (1024K)]

Stack: [0x0000003d9d500000,0x0000003d9d600000]
Native frames: (J=compiled Java code, j=interpreted, Vv=VM code, C=native code)
V  [jvm.dll+0x6d7a39]
V  [jvm.dll+0x8b4b26]
V  [jvm.dll+0x8b70de]
V  [jvm.dll+0x8b77c3]
V  [jvm.dll+0x284346]
V  [jvm.dll+0xc1277]
V  [jvm.dll+0x6d82e9]
V  [jvm.dll+0x1334a6]
V  [jvm.dll+0x3f857e]
V  [jvm.dll+0x85f59d]
V  [jvm.dll+0x6d626d]
C  [ucrtbase.dll+0x37b0]
C  [KERNEL32.DLL+0x2e8d7]
C  [ntdll.dll+0x8c3fc]


---------------  P R O C E S S  ---------------

Threads class SMR info:
_java_thread_list=0x0000017ddb0ff670, length=46, elements={
0x0000017df9bbe160, 0x0000017df9b2dbd0, 0x0000017df9b31060, 0x0000017df9b38660,
0x0000017df9b35870, 0x0000017df9b37fd0, 0x0000017df9b36590, 0x0000017df9b63da0,
0x0000017dfee5cd90, 0x0000017df9b36c20, 0x0000017df9b372b0, 0x0000017df9b38cf0,
0x0000017df9b35f00, 0x0000017df9b37940, 0x0000017dff1a0f90, 0x0000017dff19fbe0,
0x0000017dff1a1620, 0x0000017dff1a0270, 0x0000017dff19eec0, 0x0000017dff1a3060,
0x0000017dff1a2340, 0x0000017dff1a0900, 0x0000017dff1a4410, 0x0000017dff1a4aa0,
0x0000017dff1a5130, 0x0000017dff1a57c0, 0x0000017dff1a5e50, 0x0000017dd8e16d90,
0x0000017dd8e16070, 0x0000017dd8e16700, 0x0000017dd8e17ab0, 0x0000017dd8e187d0,
0x0000017dd8e18140, 0x0000017dd8e18e60, 0x0000017ddab4ce30, 0x0000017ddab4db50,
0x0000017ddce902a0, 0x0000017dff19f550, 0x0000017ddce8d4b0, 0x0000017ddab4c110,
0x0000017dd9424b80, 0x0000017dd9426c50, 0x0000017dd9425210, 0x0000017dd94272e0,
0x0000017dd9423e60, 0x0000017dd94293b0
}

Java Threads: ( => current thread )
  0x0000017df9bbe160 JavaThread "main"                              [_thread_blocked, id=12496, stack(0x0000003d9ce00000,0x0000003d9cf00000) (1024K)]
  0x0000017df9b2dbd0 JavaThread "Reference Handler"          daemon [_thread_blocked, id=15452, stack(0x0000003d9d200000,0x0000003d9d300000) (1024K)]
  0x0000017df9b31060 JavaThread "Finalizer"                  daemon [_thread_blocked, id=4484, stack(0x0000003d9d300000,0x0000003d9d400000) (1024K)]
  0x0000017df9b38660 JavaThread "Signal Dispatcher"          daemon [_thread_blocked, id=19840, stack(0x0000003d9d400000,0x0000003d9d500000) (1024K)]
=>0x0000017df9b35870 JavaThread "Attach Listener"            daemon [_thread_in_vm, id=5068, stack(0x0000003d9d500000,0x0000003d9d600000) (1024K)]
  0x0000017df9b37fd0 JavaThread "Service Thread"             daemon [_thread_blocked, id=11232, stack(0x0000003d9d600000,0x0000003d9d700000) (1024K)]
  0x0000017df9b36590 JavaThread "Monitor Deflation Thread"   daemon [_thread_blocked, id=6612, stack(0x0000003d9d700000,0x0000003d9d800000) (1024K)]
  0x0000017df9b63da0 JavaThread "C2 CompilerThread0"         daemon [_thread_blocked, id=17572, stack(0x0000003d9d800000,0x0000003d9d900000) (1024K)]
  0x0000017dfee5cd90 JavaThread "C1 CompilerThread0"         daemon [_thread_blocked, id=1868, stack(0x0000003d9d900000,0x0000003d9da00000) (1024K)]
  0x0000017df9b36c20 JavaThread "Common-Cleaner"             daemon [_thread_blocked, id=14068, stack(0x0000003d9db00000,0x0000003d9dc00000) (1024K)]
  0x0000017df9b372b0 JavaThread "Notification Thread"        daemon [_thread_blocked, id=12940, stack(0x0000003d9da00000,0x0000003d9db00000) (1024K)]
  0x0000017df9b38cf0 JavaThread "Active Thread: Equinox Container: c34b5532-d785-49b8-aca0-bdec2c2c2f9b"        [_thread_blocked, id=10396, stack(0x0000003d9e200000,0x0000003d9e300000) (1024K)]
  0x0000017df9b35f00 JavaThread "Refresh Thread: Equinox Container: c34b5532-d785-49b8-aca0-bdec2c2c2f9b" daemon [_thread_blocked, id=6708, stack(0x0000003d9e500000,0x0000003d9e600000) (1024K)]
  0x0000017df9b37940 JavaThread "Framework Event Dispatcher: Equinox Container: c34b5532-d785-49b8-aca0-bdec2c2c2f9b" daemon [_thread_blocked, id=20768, stack(0x0000003d9e600000,0x0000003d9e700000) (1024K)]
  0x0000017dff1a0f90 JavaThread "Start Level: Equinox Container: c34b5532-d785-49b8-aca0-bdec2c2c2f9b" daemon [_thread_blocked, id=13356, stack(0x0000003d9e700000,0x0000003d9e800000) (1024K)]
  0x0000017dff19fbe0 JavaThread "Bundle File Closer"         daemon [_thread_blocked, id=12004, stack(0x0000003d9e800000,0x0000003d9e900000) (1024K)]
  0x0000017dff1a1620 JavaThread "SCR Component Actor"        daemon [_thread_blocked, id=22024, stack(0x0000003d9e300000,0x0000003d9e400000) (1024K)]
  0x0000017dff1a0270 JavaThread "Worker-JM"                         [_thread_blocked, id=18920, stack(0x0000003d9ea00000,0x0000003d9eb00000) (1024K)]
  0x0000017dff19eec0 JavaThread "JNA Cleaner"                daemon [_thread_blocked, id=21760, stack(0x0000003d9e900000,0x0000003d9ea00000) (1024K)]
  0x0000017dff1a3060 JavaThread "Worker-1"                          [_thread_blocked, id=4124, stack(0x0000003d9ec00000,0x0000003d9ed00000) (1024K)]
  0x0000017dff1a2340 JavaThread "Java indexing"              daemon [_thread_blocked, id=13464, stack(0x0000003d9ef00000,0x0000003d9f000000) (1024K)]
  0x0000017dff1a0900 JavaThread "Thread-1"                   daemon [_thread_in_native, id=21124, stack(0x0000003d9f500000,0x0000003d9f600000) (1024K)]
  0x0000017dff1a4410 JavaThread "Thread-2"                   daemon [_thread_in_native, id=15708, stack(0x0000003d9f600000,0x0000003d9f700000) (1024K)]
  0x0000017dff1a4aa0 JavaThread "Thread-3"                   daemon [_thread_in_native, id=4912, stack(0x0000003d9f700000,0x0000003d9f800000) (1024K)]
  0x0000017dff1a5130 JavaThread "Thread-4"                   daemon [_thread_in_native, id=7136, stack(0x0000003d9f800000,0x0000003d9f900000) (1024K)]
  0x0000017dff1a57c0 JavaThread "Thread-5"                   daemon [_thread_in_native, id=2556, stack(0x0000003d9f900000,0x0000003d9fa00000) (1024K)]
  0x0000017dff1a5e50 JavaThread "Thread-6"                   daemon [_thread_in_native, id=4572, stack(0x0000003d9fa00000,0x0000003d9fb00000) (1024K)]
  0x0000017dd8e16d90 JavaThread "Thread-7"                   daemon [_thread_in_native, id=4732, stack(0x0000003d9fb00000,0x0000003d9fc00000) (1024K)]
  0x0000017dd8e16070 JavaThread "Thread-8"                   daemon [_thread_in_native, id=5016, stack(0x0000003d9fc00000,0x0000003d9fd00000) (1024K)]
  0x0000017dd8e16700 JavaThread "Thread-9"                   daemon [_thread_in_native, id=17976, stack(0x0000003d9fd00000,0x0000003d9fe00000) (1024K)]
  0x0000017dd8e17ab0 JavaThread "Worker-5"                          [_thread_blocked, id=19464, stack(0x0000003d9fe00000,0x0000003d9ff00000) (1024K)]
  0x0000017dd8e187d0 JavaThread "pool-2-thread-1"                   [_thread_blocked, id=3444, stack(0x0000003d9ff00000,0x0000003da0000000) (1024K)]
  0x0000017dd8e18140 JavaThread "WorkspaceEventsHandler"            [_thread_blocked, id=10076, stack(0x0000003da0100000,0x0000003da0200000) (1024K)]
  0x0000017dd8e18e60 JavaThread "pool-1-thread-1"                   [_thread_blocked, id=16492, stack(0x0000003da0200000,0x0000003da0300000) (1024K)]
  0x0000017ddab4ce30 JavaThread "Timer-0"                           [_thread_blocked, id=11456, stack(0x0000003d9cc00000,0x0000003d9cd00000) (1024K)]
  0x0000017ddab4db50 JavaThread "Timer-1"                           [_thread_blocked, id=13816, stack(0x0000003d9ee00000,0x0000003d9ef00000) (1024K)]
  0x0000017ddce902a0 JavaThread "Timer-2"                           [_thread_blocked, id=2816, stack(0x0000003da0300000,0x0000003da0400000) (1024K)]
  0x0000017dff19f550 JavaThread "Timer-3"                           [_thread_blocked, id=22984, stack(0x0000003d9cd00000,0x0000003d9ce00000) (1024K)]
  0x0000017ddce8d4b0 JavaThread "Timer-4"                           [_thread_blocked, id=22988, stack(0x0000003d9f200000,0x0000003d9f300000) (1024K)]
  0x0000017ddab4c110 JavaThread "Timer-5"                           [_thread_blocked, id=23000, stack(0x0000003da0400000,0x0000003da0500000) (1024K)]
  0x0000017dd9424b80 JavaThread "Timer-6"                           [_thread_blocked, id=23048, stack(0x0000003da1c00000,0x0000003da1d00000) (1024K)]
  0x0000017dd9426c50 JavaThread "Timer-7"                           [_thread_blocked, id=23060, stack(0x0000003da1d00000,0x0000003da1e00000) (1024K)]
  0x0000017dd9425210 JavaThread "Timer-8"                           [_thread_blocked, id=23356, stack(0x0000003da1e00000,0x0000003da1f00000) (1024K)]
  0x0000017dd94272e0 JavaThread "Timer-9"                           [_thread_blocked, id=16524, stack(0x0000003da2600000,0x0000003da2700000) (1024K)]
  0x0000017dd9423e60 JavaThread "Timer-10"                          [_thread_blocked, id=21612, stack(0x0000003da2000000,0x0000003da2100000) (1024K)]
  0x0000017dd94293b0 JavaThread "Timer-11"                          [_thread_blocked, id=18716, stack(0x0000003da2500000,0x0000003da2600000) (1024K)]
Total: 46

Other Threads:
  0x0000017df9b10bc0 VMThread "VM Thread"                           [id=7196, stack(0x0000003d9d100000,0x0000003d9d200000) (1024K)]
  0x0000017df9c2a1d0 WatcherThread "VM Periodic Task Thread"        [id=9920, stack(0x0000003d9d000000,0x0000003d9d100000) (1024K)]
  0x0000017df9bdc6b0 WorkerThread "GC Thread#0"                     [id=21436, stack(0x0000003d9cf00000,0x0000003d9d000000) (1024K)]
  0x0000017dd8085840 WorkerThread "GC Thread#1"                     [id=13756, stack(0x0000003d9dc00000,0x0000003d9dd00000) (1024K)]
  0x0000017dff58d9d0 WorkerThread "GC Thread#2"                     [id=6312, stack(0x0000003d9dd00000,0x0000003d9de00000) (1024K)]
  0x0000017dd8085bf0 WorkerThread "GC Thread#3"                     [id=16504, stack(0x0000003d9de00000,0x0000003d9df00000) (1024K)]
  0x0000017dd8085fa0 WorkerThread "GC Thread#4"                     [id=9048, stack(0x0000003d9df00000,0x0000003d9e000000) (1024K)]
  0x0000017dff593e00 WorkerThread "GC Thread#5"                     [id=22204, stack(0x0000003d9e000000,0x0000003d9e100000) (1024K)]
  0x0000017dff5941b0 WorkerThread "GC Thread#6"                     [id=12508, stack(0x0000003d9e100000,0x0000003d9e200000) (1024K)]
  0x0000017dff4a6760 WorkerThread "GC Thread#7"                     [id=18612, stack(0x0000003d9e400000,0x0000003d9e500000) (1024K)]
Total: 10

Threads with active compile tasks:
Total: 0

VM state: not at safepoint (normal execution)

VM Mutex/Monitor currently owned by a thread: None

Heap address: 0x0000000080000000, size: 2048 MB, Compressed Oops mode: 32-bit

CDS archive(s) mapped at: [0x0000017d93000000-0x0000017d93ba0000-0x0000017d93ba0000), size 12189696, SharedBaseAddress: 0x0000017d93000000, ArchiveRelocationMode: 1.
Compressed class space mapped at: 0x0000017d94000000-0x0000017dd4000000, reserved size: 1073741824
Narrow klass base: 0x0000017d93000000, Narrow klass shift: 0, Narrow klass range: 0x100000000

GC Precious Log:
 CardTable entry size: 512
 CPUs: 8 total, 8 available
 Memory: 20247M
 Large Page Support: Disabled
 NUMA Support: Disabled
 Compressed Oops: Enabled (32-bit)
 Alignments: Space 512K, Generation 512K, Heap 2M
 Heap Min Capacity: 100M
 Heap Initial Capacity: 100M
 Heap Max Capacity: 2G
 Pre-touch: Disabled
 Parallel Workers: 8

Heap:
 PSYoungGen      total 14336K, used 11709K [0x00000000d5580000, 0x00000000d6d80000, 0x0000000100000000)
  eden space 13824K, 81% used [0x00000000d5580000,0x00000000d606fb20,0x00000000d6300000)
  from space 512K, 99% used [0x00000000d6800000,0x00000000d687fc00,0x00000000d6880000)
  to   space 5120K, 0% used [0x00000000d6300000,0x00000000d6300000,0x00000000d6800000)
 ParOldGen       total 82944K, used 82518K [0x0000000080000000, 0x0000000085100000, 0x00000000d5580000)
  object space 82944K, 99% used [0x0000000080000000,0x0000000085095b08,0x0000000085100000)
 Metaspace       used 81377K, committed 82944K, reserved 1179648K
  class space    used 9764K, committed 10496K, reserved 1048576K

Card table byte_map: [0x0000017df9560000,0x0000017df9970000] _byte_map_base: 0x0000017df9160000

Marking Bits: (ParMarkBitMap*) 0x00007ff9998c3450
 Begin Bits: [0x0000017d8f000000, 0x0000017d91000000)
 End Bits:   [0x0000017d91000000, 0x0000017d93000000)

Polling page: 0x0000017df7a50000

Metaspace:

Usage:
  Non-class:     69.93 MB used.
      Class:      9.54 MB used.
       Both:     79.47 MB used.

Virtual space:
  Non-class space:      128.00 MB reserved,      70.75 MB ( 55%) committed,  2 nodes.
      Class space:        1.00 GB reserved,      10.25 MB (  1%) committed,  1 nodes.
             Both:        1.12 GB reserved,      81.00 MB (  7%) committed. 

Chunk freelists:
   Non-Class:  9.01 MB
       Class:  5.56 MB
        Both:  14.58 MB

MaxMetaspaceSize: unlimited
CompressedClassSpaceSize: 1.00 GB
Initial GC threshold: 21.00 MB
Current GC threshold: 97.31 MB
CDS: on
 - commit_granule_bytes: 65536.
 - commit_granule_words: 8192.
 - virtual_space_node_default_size: 8388608.
 - enlarge_chunks_in_place: 1.
 - use_allocation_guard: 0.


Internal statistics:

num_allocs_failed_limit: 9.
num_arena_births: 1588.
num_arena_deaths: 34.
num_vsnodes_births: 3.
num_vsnodes_deaths: 0.
num_space_committed: 1296.
num_space_uncommitted: 0.
num_chunks_returned_to_freelist: 51.
num_chunks_taken_from_freelist: 5249.
num_chunk_merges: 11.
num_chunk_splits: 3270.
num_chunks_enlarged: 1984.
num_inconsistent_stats: 0.

CodeHeap 'non-profiled nmethods': size=120000Kb used=9261Kb max_used=9261Kb free=110738Kb
 bounds [0x0000017d87ad0000, 0x0000017d883e0000, 0x0000017d8f000000]
CodeHeap 'profiled nmethods': size=120000Kb used=25444Kb max_used=25444Kb free=94555Kb
 bounds [0x0000017d80000000, 0x0000017d818e0000, 0x0000017d87530000]
CodeHeap 'non-nmethods': size=5760Kb used=1471Kb max_used=1526Kb free=4288Kb
 bounds [0x0000017d87530000, 0x0000017d877a0000, 0x0000017d87ad0000]
CodeCache: size=245760Kb, used=36176Kb, max_used=36231Kb, free=209581Kb
 total_blobs=11763, nmethods=10982, adapters=686, full_count=0
Compilation: enabled, stopped_count=0, restarted_count=0

Compilation events (20 events):
Event: 317.073 Thread 0x0000017dfee5cd90 11811   !   3       org.eclipse.core.internal.resources.SaveManager::lambda$11 (132 bytes)
Event: 317.073 Thread 0x0000017dfee5cd90 nmethod 11811 0x0000017d818d4c10 code [0x0000017d818d4e60, 0x0000017d818d5650]
Event: 317.073 Thread 0x0000017dfee5cd90 11812       3       org.eclipse.core.internal.resources.Synchronizer::snapSyncInfo (11 bytes)
Event: 317.074 Thread 0x0000017dfee5cd90 nmethod 11812 0x0000017d818d5b90 code [0x0000017d818d5d40, 0x0000017d818d5e88]
Event: 317.076 Thread 0x0000017df9b63da0 nmethod 11803 0x0000017d883d8c10 code [0x0000017d883d8da0, 0x0000017d883d9010]
Event: 317.076 Thread 0x0000017df9b63da0 11800       4       jdk.internal.misc.Unsafe::putShortUnaligned (14 bytes)
Event: 317.076 Thread 0x0000017df9b63da0 nmethod 11800 0x0000017d883d9190 code [0x0000017d883d9320, 0x0000017d883d9400]
Event: 317.076 Thread 0x0000017df9b63da0 11802  s    4       java.io.DataOutputStream::write (16 bytes)
Event: 317.078 Thread 0x0000017df9b63da0 nmethod 11802 0x0000017d883d9510 code [0x0000017d883d96a0, 0x0000017d883d99a0]
Event: 317.078 Thread 0x0000017df9b63da0 11813       4       org.eclipse.core.internal.localstore.SafeChunkyOutputStream::write (17 bytes)
Event: 317.081 Thread 0x0000017ddb3defe0 nmethod 11809 0x0000017d883d9a90 code [0x0000017d883d9ce0, 0x0000017d883da3e8]
Event: 317.083 Thread 0x0000017dfee5cd90 11814  s    3       java.util.Properties::setProperty (7 bytes)
Event: 317.084 Thread 0x0000017dfee5cd90 nmethod 11814 0x0000017d818d5f90 code [0x0000017d818d6140, 0x0000017d818d63d0]
Event: 317.085 Thread 0x0000017df9b63da0 nmethod 11813 0x0000017d883dab10 code [0x0000017d883dad20, 0x0000017d883db218]
Event: 317.200 Thread 0x0000017dfee5cd90 11815   !   3       com.google.gson.internal.bind.ReflectiveTypeAdapterFactory$2::write (140 bytes)
Event: 317.203 Thread 0x0000017dfee5cd90 nmethod 11815 0x0000017d818d6490 code [0x0000017d818d6880, 0x0000017d818d7e90]
Event: 531.111 Thread 0x0000017dfee5cd90 11816       3       java.util.IdentityHashMap$IdentityHashMapIterator::<init> (63 bytes)
Event: 531.112 Thread 0x0000017dfee5cd90 nmethod 11816 0x0000017d818d8810 code [0x0000017d818d89c0, 0x0000017d818d8be0]
Event: 531.112 Thread 0x0000017dfee5cd90 11817       3       java.util.IdentityHashMap$KeyIterator::next (13 bytes)
Event: 531.113 Thread 0x0000017dfee5cd90 nmethod 11817 0x0000017d818d8d10 code [0x0000017d818d8ee0, 0x0000017d818d9180]

GC Heap History (20 events):
Event: 95.089 GC heap before
{Heap before GC invocations=82 (full 3):
 PSYoungGen      total 14848K, used 14528K [0x00000000d5580000, 0x00000000d6580000, 0x0000000100000000)
  eden space 14336K, 100% used [0x00000000d5580000,0x00000000d6380000,0x00000000d6380000)
  from space 512K, 37% used [0x00000000d6500000,0x00000000d6530000,0x00000000d6580000)
  to   space 512K, 0% used [0x00000000d6480000,0x00000000d6480000,0x00000000d6500000)
 ParOldGen       total 74240K, used 74017K [0x0000000080000000, 0x0000000084880000, 0x00000000d5580000)
  object space 74240K, 99% used [0x0000000080000000,0x0000000084848620,0x0000000084880000)
 Metaspace       used 76883K, committed 78400K, reserved 1179648K
  class space    used 9272K, committed 9984K, reserved 1048576K
}
Event: 95.090 GC heap after
{Heap after GC invocations=82 (full 3):
 PSYoungGen      total 14848K, used 224K [0x00000000d5580000, 0x00000000d6580000, 0x0000000100000000)
  eden space 14336K, 0% used [0x00000000d5580000,0x00000000d5580000,0x00000000d6380000)
  from space 512K, 43% used [0x00000000d6480000,0x00000000d64b8000,0x00000000d6500000)
  to   space 512K, 0% used [0x00000000d6500000,0x00000000d6500000,0x00000000d6580000)
 ParOldGen       total 74240K, used 74017K [0x0000000080000000, 0x0000000084880000, 0x00000000d5580000)
  object space 74240K, 99% used [0x0000000080000000,0x0000000084848620,0x0000000084880000)
 Metaspace       used 76883K, committed 78400K, reserved 1179648K
  class space    used 9272K, committed 9984K, reserved 1048576K
}
Event: 101.325 GC heap before
{Heap before GC invocations=83 (full 3):
 PSYoungGen      total 14848K, used 14560K [0x00000000d5580000, 0x00000000d6580000, 0x0000000100000000)
  eden space 14336K, 100% used [0x00000000d5580000,0x00000000d6380000,0x00000000d6380000)
  from space 512K, 43% used [0x00000000d6480000,0x00000000d64b8000,0x00000000d6500000)
  to   space 512K, 0% used [0x00000000d6500000,0x00000000d6500000,0x00000000d6580000)
 ParOldGen       total 74240K, used 74017K [0x0000000080000000, 0x0000000084880000, 0x00000000d5580000)
  object space 74240K, 99% used [0x0000000080000000,0x0000000084848620,0x0000000084880000)
 Metaspace       used 77293K, committed 78784K, reserved 1179648K
  class space    used 9336K, committed 10048K, reserved 1048576K
}
Event: 101.327 GC heap after
{Heap after GC invocations=83 (full 3):
 PSYoungGen      total 14848K, used 490K [0x00000000d5580000, 0x00000000d6580000, 0x0000000100000000)
  eden space 14336K, 0% used [0x00000000d5580000,0x00000000d5580000,0x00000000d6380000)
  from space 512K, 95% used [0x00000000d6500000,0x00000000d657aa38,0x00000000d6580000)
  to   space 1024K, 0% used [0x00000000d6380000,0x00000000d6380000,0x00000000d6480000)
 ParOldGen       total 74752K, used 74297K [0x0000000080000000, 0x0000000084900000, 0x00000000d5580000)
  object space 74752K, 99% used [0x0000000080000000,0x000000008488e620,0x0000000084900000)
 Metaspace       used 77293K, committed 78784K, reserved 1179648K
  class space    used 9336K, committed 10048K, reserved 1048576K
}
Event: 101.841 GC heap before
{Heap before GC invocations=84 (full 3):
 PSYoungGen      total 14848K, used 14824K [0x00000000d5580000, 0x00000000d6580000, 0x0000000100000000)
  eden space 14336K, 99% used [0x00000000d5580000,0x00000000d637f898,0x00000000d6380000)
  from space 512K, 95% used [0x00000000d6500000,0x00000000d657aa38,0x00000000d6580000)
  to   space 1024K, 0% used [0x00000000d6380000,0x00000000d6380000,0x00000000d6480000)
 ParOldGen       total 74752K, used 74297K [0x0000000080000000, 0x0000000084900000, 0x00000000d5580000)
  object space 74752K, 99% used [0x0000000080000000,0x000000008488e620,0x0000000084900000)
 Metaspace       used 78387K, committed 79936K, reserved 1179648K
  class space    used 9448K, committed 10176K, reserved 1048576K
}
Event: 101.845 GC heap after
{Heap after GC invocations=84 (full 3):
 PSYoungGen      total 15360K, used 1015K [0x00000000d5580000, 0x00000000d6d80000, 0x0000000100000000)
  eden space 14336K, 0% used [0x00000000d5580000,0x00000000d5580000,0x00000000d6380000)
  from space 1024K, 99% used [0x00000000d6380000,0x00000000d647dcc8,0x00000000d6480000)
  to   space 5120K, 0% used [0x00000000d6880000,0x00000000d6880000,0x00000000d6d80000)
 ParOldGen       total 77824K, used 77345K [0x0000000080000000, 0x0000000084c00000, 0x00000000d5580000)
  object space 77824K, 99% used [0x0000000080000000,0x0000000084b887d0,0x0000000084c00000)
 Metaspace       used 78387K, committed 79936K, reserved 1179648K
  class space    used 9448K, committed 10176K, reserved 1048576K
}
Event: 102.441 GC heap before
{Heap before GC invocations=85 (full 3):
 PSYoungGen      total 15360K, used 15351K [0x00000000d5580000, 0x00000000d6d80000, 0x0000000100000000)
  eden space 14336K, 100% used [0x00000000d5580000,0x00000000d6380000,0x00000000d6380000)
  from space 1024K, 99% used [0x00000000d6380000,0x00000000d647dcc8,0x00000000d6480000)
  to   space 5120K, 0% used [0x00000000d6880000,0x00000000d6880000,0x00000000d6d80000)
 ParOldGen       total 77824K, used 77345K [0x0000000080000000, 0x0000000084c00000, 0x00000000d5580000)
  object space 77824K, 99% used [0x0000000080000000,0x0000000084b887d0,0x0000000084c00000)
 Metaspace       used 79776K, committed 81408K, reserved 1179648K
  class space    used 9603K, committed 10368K, reserved 1048576K
}
Event: 102.443 GC heap after
{Heap after GC invocations=85 (full 3):
 PSYoungGen      total 15360K, used 992K [0x00000000d5580000, 0x00000000d6980000, 0x0000000100000000)
  eden space 14336K, 0% used [0x00000000d5580000,0x00000000d5580000,0x00000000d6380000)
  from space 1024K, 96% used [0x00000000d6880000,0x00000000d6978000,0x00000000d6980000)
  to   space 2560K, 0% used [0x00000000d6480000,0x00000000d6480000,0x00000000d6700000)
 ParOldGen       total 78336K, used 77932K [0x0000000080000000, 0x0000000084c80000, 0x00000000d5580000)
  object space 78336K, 99% used [0x0000000080000000,0x0000000084c1b380,0x0000000084c80000)
 Metaspace       used 79776K, committed 81408K, reserved 1179648K
  class space    used 9603K, committed 10368K, reserved 1048576K
}
Event: 102.624 GC heap before
{Heap before GC invocations=86 (full 3):
 PSYoungGen      total 15360K, used 15328K [0x00000000d5580000, 0x00000000d6980000, 0x0000000100000000)
  eden space 14336K, 100% used [0x00000000d5580000,0x00000000d6380000,0x00000000d6380000)
  from space 1024K, 96% used [0x00000000d6880000,0x00000000d6978000,0x00000000d6980000)
  to   space 2560K, 0% used [0x00000000d6480000,0x00000000d6480000,0x00000000d6700000)
 ParOldGen       total 78336K, used 77932K [0x0000000080000000, 0x0000000084c80000, 0x00000000d5580000)
  object space 78336K, 99% used [0x0000000080000000,0x0000000084c1b380,0x0000000084c80000)
 Metaspace       used 79778K, committed 81408K, reserved 1179648K
  class space    used 9604K, committed 10368K, reserved 1048576K
}
Event: 102.626 GC heap after
{Heap after GC invocations=86 (full 3):
 PSYoungGen      total 16896K, used 128K [0x00000000d5580000, 0x00000000d6900000, 0x0000000100000000)
  eden space 14336K, 0% used [0x00000000d5580000,0x00000000d5580000,0x00000000d6380000)
  from space 2560K, 5% used [0x00000000d6480000,0x00000000d64a0000,0x00000000d6700000)
  to   space 1024K, 0% used [0x00000000d6800000,0x00000000d6800000,0x00000000d6900000)
 ParOldGen       total 78848K, used 78836K [0x0000000080000000, 0x0000000084d00000, 0x00000000d5580000)
  object space 78848K, 99% used [0x0000000080000000,0x0000000084cfd380,0x0000000084d00000)
 Metaspace       used 79778K, committed 81408K, reserved 1179648K
  class space    used 9604K, committed 10368K, reserved 1048576K
}
Event: 103.035 GC heap before
{Heap before GC invocations=87 (full 3):
 PSYoungGen      total 16896K, used 14464K [0x00000000d5580000, 0x00000000d6900000, 0x0000000100000000)
  eden space 14336K, 100% used [0x00000000d5580000,0x00000000d6380000,0x00000000d6380000)
  from space 2560K, 5% used [0x00000000d6480000,0x00000000d64a0000,0x00000000d6700000)
  to   space 1024K, 0% used [0x00000000d6800000,0x00000000d6800000,0x00000000d6900000)
 ParOldGen       total 78848K, used 78836K [0x0000000080000000, 0x0000000084d00000, 0x00000000d5580000)
  object space 78848K, 99% used [0x0000000080000000,0x0000000084cfd380,0x0000000084d00000)
 Metaspace       used 79791K, committed 81408K, reserved 1179648K
  class space    used 9604K, committed 10368K, reserved 1048576K
}
Event: 103.037 GC heap after
{Heap after GC invocations=87 (full 3):
 PSYoungGen      total 14848K, used 224K [0x00000000d5580000, 0x00000000d6880000, 0x0000000100000000)
  eden space 14336K, 0% used [0x00000000d5580000,0x00000000d5580000,0x00000000d6380000)
  from space 512K, 43% used [0x00000000d6800000,0x00000000d6838000,0x00000000d6880000)
  to   space 512K, 0% used [0x00000000d6780000,0x00000000d6780000,0x00000000d6800000)
 ParOldGen       total 79360K, used 78852K [0x0000000080000000, 0x0000000084d80000, 0x00000000d5580000)
  object space 79360K, 99% used [0x0000000080000000,0x0000000084d01380,0x0000000084d80000)
 Metaspace       used 79791K, committed 81408K, reserved 1179648K
  class space    used 9604K, committed 10368K, reserved 1048576K
}
Event: 103.519 GC heap before
{Heap before GC invocations=88 (full 3):
 PSYoungGen      total 14848K, used 14560K [0x00000000d5580000, 0x00000000d6880000, 0x0000000100000000)
  eden space 14336K, 100% used [0x00000000d5580000,0x00000000d6380000,0x00000000d6380000)
  from space 512K, 43% used [0x00000000d6800000,0x00000000d6838000,0x00000000d6880000)
  to   space 512K, 0% used [0x00000000d6780000,0x00000000d6780000,0x00000000d6800000)
 ParOldGen       total 79360K, used 78852K [0x0000000080000000, 0x0000000084d80000, 0x00000000d5580000)
  object space 79360K, 99% used [0x0000000080000000,0x0000000084d01380,0x0000000084d80000)
 Metaspace       used 80006K, committed 81600K, reserved 1179648K
  class space    used 9616K, committed 10368K, reserved 1048576K
}
Event: 103.519 GC heap after
{Heap after GC invocations=88 (full 3):
 PSYoungGen      total 14848K, used 256K [0x00000000d5580000, 0x00000000d6880000, 0x0000000100000000)
  eden space 14336K, 0% used [0x00000000d5580000,0x00000000d5580000,0x00000000d6380000)
  from space 512K, 50% used [0x00000000d6780000,0x00000000d67c0000,0x00000000d6800000)
  to   space 512K, 0% used [0x00000000d6800000,0x00000000d6800000,0x00000000d6880000)
 ParOldGen       total 79360K, used 78900K [0x0000000080000000, 0x0000000084d80000, 0x00000000d5580000)
  object space 79360K, 99% used [0x0000000080000000,0x0000000084d0d380,0x0000000084d80000)
 Metaspace       used 80006K, committed 81600K, reserved 1179648K
  class space    used 9616K, committed 10368K, reserved 1048576K
}
Event: 103.840 GC heap before
{Heap before GC invocations=89 (full 3):
 PSYoungGen      total 14848K, used 14592K [0x00000000d5580000, 0x00000000d6880000, 0x0000000100000000)
  eden space 14336K, 100% used [0x00000000d5580000,0x00000000d6380000,0x00000000d6380000)
  from space 512K, 50% used [0x00000000d6780000,0x00000000d67c0000,0x00000000d6800000)
  to   space 512K, 0% used [0x00000000d6800000,0x00000000d6800000,0x00000000d6880000)
 ParOldGen       total 79360K, used 78900K [0x0000000080000000, 0x0000000084d80000, 0x00000000d5580000)
  object space 79360K, 99% used [0x0000000080000000,0x0000000084d0d380,0x0000000084d80000)
 Metaspace       used 80017K, committed 81600K, reserved 1179648K
  class space    used 9616K, committed 10368K, reserved 1048576K
}
Event: 103.841 GC heap after
{Heap after GC invocations=89 (full 3):
 PSYoungGen      total 14848K, used 160K [0x00000000d5580000, 0x00000000d6880000, 0x0000000100000000)
  eden space 14336K, 0% used [0x00000000d5580000,0x00000000d5580000,0x00000000d6380000)
  from space 512K, 31% used [0x00000000d6800000,0x00000000d6828000,0x00000000d6880000)
  to   space 512K, 0% used [0x00000000d6780000,0x00000000d6780000,0x00000000d6800000)
 ParOldGen       total 79360K, used 78980K [0x0000000080000000, 0x0000000084d80000, 0x00000000d5580000)
  object space 79360K, 99% used [0x0000000080000000,0x0000000084d21380,0x0000000084d80000)
 Metaspace       used 80017K, committed 81600K, reserved 1179648K
  class space    used 9616K, committed 10368K, reserved 1048576K
}
Event: 104.108 GC heap before
{Heap before GC invocations=90 (full 3):
 PSYoungGen      total 14848K, used 14491K [0x00000000d5580000, 0x00000000d6880000, 0x0000000100000000)
  eden space 14336K, 99% used [0x00000000d5580000,0x00000000d637eec0,0x00000000d6380000)
  from space 512K, 31% used [0x00000000d6800000,0x00000000d6828000,0x00000000d6880000)
  to   space 512K, 0% used [0x00000000d6780000,0x00000000d6780000,0x00000000d6800000)
 ParOldGen       total 79360K, used 78980K [0x0000000080000000, 0x0000000084d80000, 0x00000000d5580000)
  object space 79360K, 99% used [0x0000000080000000,0x0000000084d21380,0x0000000084d80000)
 Metaspace       used 80265K, committed 81920K, reserved 1179648K
  class space    used 9640K, committed 10432K, reserved 1048576K
}
Event: 104.109 GC heap after
{Heap after GC invocations=90 (full 3):
 PSYoungGen      total 14848K, used 480K [0x00000000d5580000, 0x00000000d6880000, 0x0000000100000000)
  eden space 14336K, 0% used [0x00000000d5580000,0x00000000d5580000,0x00000000d6380000)
  from space 512K, 93% used [0x00000000d6780000,0x00000000d67f82c0,0x00000000d6800000)
  to   space 512K, 0% used [0x00000000d6800000,0x00000000d6800000,0x00000000d6880000)
 ParOldGen       total 79360K, used 79012K [0x0000000080000000, 0x0000000084d80000, 0x00000000d5580000)
  object space 79360K, 99% used [0x0000000080000000,0x0000000084d29380,0x0000000084d80000)
 Metaspace       used 80265K, committed 81920K, reserved 1179648K
  class space    used 9640K, committed 10432K, reserved 1048576K
}
Event: 104.492 GC heap before
{Heap before GC invocations=91 (full 3):
 PSYoungGen      total 14848K, used 14809K [0x00000000d5580000, 0x00000000d6880000, 0x0000000100000000)
  eden space 14336K, 99% used [0x00000000d5580000,0x00000000d637e488,0x00000000d6380000)
  from space 512K, 93% used [0x00000000d6780000,0x00000000d67f82c0,0x00000000d6800000)
  to   space 512K, 0% used [0x00000000d6800000,0x00000000d6800000,0x00000000d6880000)
 ParOldGen       total 79360K, used 79012K [0x0000000080000000, 0x0000000084d80000, 0x00000000d5580000)
  object space 79360K, 99% used [0x0000000080000000,0x0000000084d29380,0x0000000084d80000)
 Metaspace       used 80818K, committed 82432K, reserved 1179648K
  class space    used 9707K, committed 10496K, reserved 1048576K
}
Event: 104.496 GC heap after
{Heap after GC invocations=91 (full 3):
 PSYoungGen      total 14336K, used 511K [0x00000000d5580000, 0x00000000d6d80000, 0x0000000100000000)
  eden space 13824K, 0% used [0x00000000d5580000,0x00000000d5580000,0x00000000d6300000)
  from space 512K, 99% used [0x00000000d6800000,0x00000000d687fc00,0x00000000d6880000)
  to   space 5120K, 0% used [0x00000000d6300000,0x00000000d6300000,0x00000000d6800000)
 ParOldGen       total 82944K, used 82518K [0x0000000080000000, 0x0000000085100000, 0x00000000d5580000)
  object space 82944K, 99% used [0x0000000080000000,0x0000000085095b08,0x0000000085100000)
 Metaspace       used 80818K, committed 82432K, reserved 1179648K
  class space    used 9707K, committed 10496K, reserved 1048576K
}

Dll operation events (15 events):
Event: 0.026 Loaded shared library c:\Users\Kadjo\.vscode\extensions\redhat.java-1.54.0-win32-x64\jre\21.0.10-win32-x86_64\bin\java.dll
Event: 0.180 Loaded shared library c:\Users\Kadjo\.vscode\extensions\redhat.java-1.54.0-win32-x64\jre\21.0.10-win32-x86_64\bin\zip.dll
Event: 0.235 Loaded shared library C:\Users\Kadjo\.vscode\extensions\redhat.java-1.54.0-win32-x64\jre\21.0.10-win32-x86_64\bin\instrument.dll
Event: 0.252 Loaded shared library C:\Users\Kadjo\.vscode\extensions\redhat.java-1.54.0-win32-x64\jre\21.0.10-win32-x86_64\bin\net.dll
Event: 0.310 Loaded shared library C:\Users\Kadjo\.vscode\extensions\redhat.java-1.54.0-win32-x64\jre\21.0.10-win32-x86_64\bin\nio.dll
Event: 0.328 Loaded shared library C:\Users\Kadjo\.vscode\extensions\redhat.java-1.54.0-win32-x64\jre\21.0.10-win32-x86_64\bin\zip.dll
Event: 0.382 Loaded shared library C:\Users\Kadjo\.vscode\extensions\redhat.java-1.54.0-win32-x64\jre\21.0.10-win32-x86_64\bin\jimage.dll
Event: 0.736 Loaded shared library c:\Users\Kadjo\.vscode\extensions\redhat.java-1.54.0-win32-x64\jre\21.0.10-win32-x86_64\bin\verify.dll
Event: 6.916 Loaded shared library C:\Users\Kadjo\AppData\Roaming\Code\User\globalStorage\redhat.java\1.54.0\config_win\org.eclipse.equinox.launcher\org.eclipse.equinox.launcher.win32.win32.x86_64_1.3.0.v20260203-2149\eclipse_11919.dll
Event: 14.900 Loaded shared library C:\Users\Kadjo\AppData\Local\Temp\jna-72253299\jna14570516026546965209.dll
Event: 48.156 Loaded shared library C:\Users\Kadjo\.vscode\extensions\redhat.java-1.54.0-win32-x64\jre\21.0.10-win32-x86_64\bin\management.dll
Event: 48.210 Loaded shared library C:\Users\Kadjo\.vscode\extensions\redhat.java-1.54.0-win32-x64\jre\21.0.10-win32-x86_64\bin\management_ext.dll
Event: 58.400 Loaded shared library C:\Users\Kadjo\.gradle\native\1def1411415f61bf3af743bc5b6707747c0891f09f0c88961ee8f79bc544acac\windows-amd64\native-platform.dll
Event: 64.462 Loaded shared library C:\Users\Kadjo\.vscode\extensions\redhat.java-1.54.0-win32-x64\jre\21.0.10-win32-x86_64\bin\extnet.dll
Event: 69.948 Loaded shared library C:\Users\Kadjo\.vscode\extensions\redhat.java-1.54.0-win32-x64\jre\21.0.10-win32-x86_64\bin\sunmscapi.dll

Deoptimization events (20 events):
Event: 317.057 Thread 0x0000017dff1a3060 DEOPT PACKING pc=0x0000017d815cf386 sp=0x0000003d9ecfe780
Event: 317.057 Thread 0x0000017dff1a3060 DEOPT UNPACKING pc=0x0000017d875878e2 sp=0x0000003d9ecfdcd8 mode 0
Event: 317.058 Thread 0x0000017dff1a3060 DEOPT PACKING pc=0x0000017d815cf628 sp=0x0000003d9ecfe780
Event: 317.058 Thread 0x0000017dff1a3060 DEOPT UNPACKING pc=0x0000017d875878e2 sp=0x0000003d9ecfdcd8 mode 0
Event: 317.059 Thread 0x0000017dff1a3060 DEOPT PACKING pc=0x0000017d815cf628 sp=0x0000003d9ecfe780
Event: 317.059 Thread 0x0000017dff1a3060 DEOPT UNPACKING pc=0x0000017d875878e2 sp=0x0000003d9ecfdcd8 mode 0
Event: 317.061 Thread 0x0000017dff1a3060 DEOPT PACKING pc=0x0000017d815cf386 sp=0x0000003d9ecfe780
Event: 317.061 Thread 0x0000017dff1a3060 DEOPT UNPACKING pc=0x0000017d875878e2 sp=0x0000003d9ecfdcd8 mode 0
Event: 317.063 Thread 0x0000017dff1a3060 DEOPT PACKING pc=0x0000017d815cf386 sp=0x0000003d9ecfe6f0
Event: 317.063 Thread 0x0000017dff1a3060 DEOPT UNPACKING pc=0x0000017d875878e2 sp=0x0000003d9ecfdc48 mode 0
Event: 317.063 Thread 0x0000017dff1a3060 DEOPT PACKING pc=0x0000017d815cf628 sp=0x0000003d9ecfe6f0
Event: 317.063 Thread 0x0000017dff1a3060 DEOPT UNPACKING pc=0x0000017d875878e2 sp=0x0000003d9ecfdc48 mode 0
Event: 317.064 Thread 0x0000017dff1a3060 DEOPT PACKING pc=0x0000017d815cf386 sp=0x0000003d9ecfe6f0
Event: 317.064 Thread 0x0000017dff1a3060 DEOPT UNPACKING pc=0x0000017d875878e2 sp=0x0000003d9ecfdc48 mode 0
Event: 317.065 Thread 0x0000017dff1a3060 DEOPT PACKING pc=0x0000017d815cf386 sp=0x0000003d9ecfe6f0
Event: 317.065 Thread 0x0000017dff1a3060 DEOPT UNPACKING pc=0x0000017d875878e2 sp=0x0000003d9ecfdc48 mode 0
Event: 317.086 Thread 0x0000017dff1a3060 Uncommon trap: trap_request=0xffffff45 fr.pc=0x0000017d88262a14 relative=0x00000000000003b4
Event: 317.086 Thread 0x0000017dff1a3060 Uncommon trap: reason=unstable_if action=reinterpret pc=0x0000017d88262a14 method=java.io.InputStream.read([BII)I @ 52 c2
Event: 317.086 Thread 0x0000017dff1a3060 DEOPT PACKING pc=0x0000017d88262a14 sp=0x0000003d9ecfed40
Event: 317.086 Thread 0x0000017dff1a3060 DEOPT UNPACKING pc=0x0000017d87586da2 sp=0x0000003d9ecfece0 mode 2

Classes loaded (20 events):
Event: 104.126 Loading class java/util/Collections$SynchronizedRandomAccessList
Event: 104.126 Loading class java/util/Collections$SynchronizedList
Event: 104.126 Loading class java/util/Collections$SynchronizedList done
Event: 104.127 Loading class java/util/Collections$SynchronizedRandomAccessList done
Event: 104.162 Loading class java/util/concurrent/CompletableFuture$Signaller
Event: 104.163 Loading class java/util/concurrent/CompletableFuture$Signaller done
Event: 104.292 Loading class java/net/DatagramPacket
Event: 104.292 Loading class java/net/DatagramPacket done
Event: 104.303 Loading class sun/net/util/SocketExceptions
Event: 104.303 Loading class sun/net/util/SocketExceptions done
Event: 317.005 Loading class java/util/stream/Nodes$CollectorTask$OfRef
Event: 317.005 Loading class java/util/stream/Nodes$CollectorTask
Event: 317.006 Loading class java/util/stream/Nodes$CollectorTask done
Event: 317.006 Loading class java/util/stream/Nodes$CollectorTask$OfRef done
Event: 317.006 Loading class java/util/function/LongFunction
Event: 317.006 Loading class java/util/function/LongFunction done
Event: 317.007 Loading class java/util/stream/Nodes$ConcNode
Event: 317.007 Loading class java/util/stream/Nodes$AbstractConcNode
Event: 317.007 Loading class java/util/stream/Nodes$AbstractConcNode done
Event: 317.007 Loading class java/util/stream/Nodes$ConcNode done

Classes unloaded (17 events):
Event: 16.426 Thread 0x0000017df9b10bc0 Unloading class 0x0000017d941aa800 'java/lang/invoke/LambdaForm$MH+0x0000017d941aa800'
Event: 16.426 Thread 0x0000017df9b10bc0 Unloading class 0x0000017d941aa400 'java/lang/invoke/LambdaForm$MH+0x0000017d941aa400'
Event: 16.426 Thread 0x0000017df9b10bc0 Unloading class 0x0000017d941aa000 'java/lang/invoke/LambdaForm$MH+0x0000017d941aa000'
Event: 16.426 Thread 0x0000017df9b10bc0 Unloading class 0x0000017d941a9c00 'java/lang/invoke/LambdaForm$MH+0x0000017d941a9c00'
Event: 16.426 Thread 0x0000017df9b10bc0 Unloading class 0x0000017d941a9800 'java/lang/invoke/LambdaForm$BMH+0x0000017d941a9800'
Event: 16.426 Thread 0x0000017df9b10bc0 Unloading class 0x0000017d941a9400 'java/lang/invoke/LambdaForm$DMH+0x0000017d941a9400'
Event: 16.426 Thread 0x0000017df9b10bc0 Unloading class 0x0000017d941a8000 'java/lang/invoke/LambdaForm$DMH+0x0000017d941a8000'
Event: 18.629 Thread 0x0000017df9b10bc0 Unloading class 0x0000017d9433b000 'java/lang/invoke/LambdaForm$MH+0x0000017d9433b000'
Event: 18.629 Thread 0x0000017df9b10bc0 Unloading class 0x0000017d9433a400 'java/lang/invoke/LambdaForm$MH+0x0000017d9433a400'
Event: 18.629 Thread 0x0000017df9b10bc0 Unloading class 0x0000017d94339c00 'java/lang/invoke/LambdaForm$MH+0x0000017d94339c00'
Event: 18.629 Thread 0x0000017df9b10bc0 Unloading class 0x0000017d94339400 'java/lang/invoke/LambdaForm$MH+0x0000017d94339400'
Event: 18.629 Thread 0x0000017df9b10bc0 Unloading class 0x0000017d9432ac00 'java/lang/invoke/LambdaForm$MH+0x0000017d9432ac00'
Event: 18.629 Thread 0x0000017df9b10bc0 Unloading class 0x0000017d9432a400 'java/lang/invoke/LambdaForm$MH+0x0000017d9432a400'
Event: 18.629 Thread 0x0000017df9b10bc0 Unloading class 0x0000017d9432a000 'java/lang/invoke/LambdaForm$MH+0x0000017d9432a000'
Event: 18.629 Thread 0x0000017df9b10bc0 Unloading class 0x0000017d94329800 'java/lang/invoke/LambdaForm$MH+0x0000017d94329800'
Event: 18.629 Thread 0x0000017df9b10bc0 Unloading class 0x0000017d94328c00 'java/lang/invoke/LambdaForm$MH+0x0000017d94328c00'
Event: 18.629 Thread 0x0000017df9b10bc0 Unloading class 0x0000017d94328400 'java/lang/invoke/LambdaForm$MH+0x0000017d94328400'

Classes redefined (0 events):
No events

Internal exceptions (20 events):
Event: 104.116 Thread 0x0000017dd8e18e60 Exception <a 'sun/nio/fs/WindowsException'{0x00000000d5624188}> (0x00000000d5624188) 
thrown [s\src\hotspot\share\prims\jni.cpp, line 520]
Event: 104.117 Thread 0x0000017dd8e18e60 Exception <a 'sun/nio/fs/WindowsException'{0x00000000d5624a88}> (0x00000000d5624a88) 
thrown [s\src\hotspot\share\prims\jni.cpp, line 520]
Event: 104.118 Thread 0x0000017dd8e18e60 Exception <a 'sun/nio/fs/WindowsException'{0x00000000d562d280}> (0x00000000d562d280) 
thrown [s\src\hotspot\share\prims\jni.cpp, line 520]
Event: 104.118 Thread 0x0000017dd8e18e60 Exception <a 'sun/nio/fs/WindowsException'{0x00000000d562db60}> (0x00000000d562db60) 
thrown [s\src\hotspot\share\prims\jni.cpp, line 520]
Event: 104.120 Thread 0x0000017dd8e18e60 Exception <a 'sun/nio/fs/WindowsException'{0x00000000d5640668}> (0x00000000d5640668) 
thrown [s\src\hotspot\share\prims\jni.cpp, line 520]
Event: 104.121 Thread 0x0000017dd8e18e60 Exception <a 'sun/nio/fs/WindowsException'{0x00000000d5640c98}> (0x00000000d5640c98) 
thrown [s\src\hotspot\share\prims\jni.cpp, line 520]
Event: 104.121 Thread 0x0000017dd8e18e60 Exception <a 'sun/nio/fs/WindowsException'{0x00000000d5641820}> (0x00000000d5641820) 
thrown [s\src\hotspot\share\prims\jni.cpp, line 520]
Event: 104.121 Thread 0x0000017dd8e18e60 Exception <a 'sun/nio/fs/WindowsException'{0x00000000d5648eb8}> (0x00000000d5648eb8) 
thrown [s\src\hotspot\share\prims\jni.cpp, line 520]
Event: 104.123 Thread 0x0000017dd8e18e60 Exception <a 'java/lang/IncompatibleClassChangeError'{0x00000000d5680290}: Found class java.lang.Object, but interface was expected> (0x00000000d5680290) 
thrown [s\src\hotspot\share\interpreter\linkResolver.cpp, line 840]
Event: 104.302 Thread 0x0000017dd942a0d0 Exception <a 'java/net/ConnectException'{0x00000000d5df7ff0}: Connection refused: getsockopt> (0x00000000d5df7ff0) 
thrown [s\src\hotspot\share\prims\jni.cpp, line 539]
Event: 104.369 Thread 0x0000017dd9429a40 Exception <a 'java/lang/NoSuchMethodError'{0x00000000d5fbe5f8}: static Lorg/gradle/api/GradleException;.<clinit>()V> (0x00000000d5fbe5f8) 
thrown [s\src\hotspot\share\prims\jni.cpp, line 1111]
Event: 104.371 Thread 0x0000017dd9429a40 Exception <a 'java/lang/NoSuchMethodError'{0x00000000d5fe1e20}: static Lorg/gradle/internal/exceptions/ContextAwareException;.<clinit>()V> (0x00000000d5fe1e20) 
thrown [s\src\hotspot\share\prims\jni.cpp, line 1111]
Event: 104.373 Thread 0x0000017dd9429a40 Exception <a 'java/lang/NoSuchMethodError'{0x00000000d5ffb368}: static Lorg/gradle/internal/exceptions/LocationAwareException;.<clinit>()V> (0x00000000d5ffb368) 
thrown [s\src\hotspot\share\prims\jni.cpp, line 1111]
Event: 125.668 Thread 0x0000017dd942a0d0 Exception <a 'java/lang/NoSuchMethodError'{0x00000000d5bad570}: static Lorg/gradle/api/GradleException;.<clinit>()V> (0x00000000d5bad570) 
thrown [s\src\hotspot\share\prims\jni.cpp, line 1111]
Event: 125.668 Thread 0x0000017dd942a0d0 Exception <a 'java/lang/NoSuchMethodError'{0x00000000d5baeb00}: static Lorg/gradle/api/resources/ResourceException;.<clinit>()V> (0x00000000d5baeb00) 
thrown [s\src\hotspot\share\prims\jni.cpp, line 1111]
Event: 125.669 Thread 0x0000017dd942a0d0 Exception <a 'java/lang/NoSuchMethodError'{0x00000000d5bb09e8}: static Lorg/gradle/api/resources/MissingResourceException;.<clinit>()V> (0x00000000d5bb09e8) 
thrown [s\src\hotspot\share\prims\jni.cpp, line 1111]
Event: 125.673 Thread 0x0000017dd942a0d0 Exception <a 'java/lang/NoSuchMethodError'{0x00000000d5be5b88}: static Lorg/gradle/api/GradleScriptException;.<clinit>()V> (0x00000000d5be5b88) 
thrown [s\src\hotspot\share\prims\jni.cpp, line 1111]
Event: 125.688 Thread 0x0000017dd942a0d0 Exception <a 'java/lang/NoSuchMethodError'{0x00000000d5ca0090}: static Lorg/gradle/internal/exceptions/ContextAwareException;.<clinit>()V> (0x00000000d5ca0090) 
thrown [s\src\hotspot\share\prims\jni.cpp, line 1111]
Event: 125.688 Thread 0x0000017dd942a0d0 Exception <a 'java/lang/NoSuchMethodError'{0x00000000d5ca2460}: static Lorg/gradle/internal/exceptions/LocationAwareException;.<clinit>()V> (0x00000000d5ca2460) 
thrown [s\src\hotspot\share\prims\jni.cpp, line 1111]
Event: 317.043 Thread 0x0000017dff1a3060 Exception <a 'java/lang/NoSuchMethodError'{0x00000000d5fa8240}: 'java.lang.Object java.lang.invoke.DirectMethodHandle$Holder.newInvokeSpecial(java.lang.Object, java.lang.Object, java.lang.Object, java.lang.Object, java.lang.Object, java.lang.Object, java.lang.Object, java.lang.Object)'> (0x00000000d5fa8240) 
thrown [s\src\hotspot\share\interpreter\linkResolver.cpp, line 773]

ZGC Phase Switch (0 events):
No events

VM Operations (20 events):
Event: 317.082 Executing non-safepoint VM operation: HandshakeAllThreads (Deoptimize)
Event: 317.083 Executing non-safepoint VM operation: HandshakeAllThreads (Deoptimize) done
Event: 318.097 Executing safepoint VM operation: Cleanup
Event: 318.097 Executing safepoint VM operation: Cleanup done
Event: 349.161 Executing non-safepoint VM operation: HandshakeAllThreads (HandshakeForDeflation)
Event: 349.161 Executing non-safepoint VM operation: HandshakeAllThreads (HandshakeForDeflation) done
Event: 349.161 Executing non-safepoint VM operation: RendezvousGCThreads
Event: 349.161 Executing non-safepoint VM operation: RendezvousGCThreads done
Event: 589.985 Executing non-safepoint VM operation: HandshakeAllThreads (HandshakeForDeflation)
Event: 589.985 Executing non-safepoint VM operation: HandshakeAllThreads (HandshakeForDeflation) done
Event: 589.985 Executing non-safepoint VM operation: RendezvousGCThreads
Event: 589.985 Executing non-safepoint VM operation: RendezvousGCThreads done
Event: 650.123 Executing non-safepoint VM operation: HandshakeAllThreads (HandshakeForDeflation)
Event: 650.123 Executing non-safepoint VM operation: HandshakeAllThreads (HandshakeForDeflation) done
Event: 650.123 Executing non-safepoint VM operation: RendezvousGCThreads
Event: 650.123 Executing non-safepoint VM operation: RendezvousGCThreads done
Event: 710.374 Executing non-safepoint VM operation: HandshakeAllThreads (HandshakeForDeflation)
Event: 710.374 Executing non-safepoint VM operation: HandshakeAllThreads (HandshakeForDeflation) done
Event: 710.374 Executing non-safepoint VM operation: RendezvousGCThreads
Event: 710.374 Executing non-safepoint VM operation: RendezvousGCThreads done

Memory protections (0 events):
No events

Nmethod flushes (20 events):
Event: 56.414 Thread 0x0000017df9b10bc0 flushing osr nmethod 0x0000017d8093a210
Event: 56.414 Thread 0x0000017df9b10bc0 flushing osr nmethod 0x0000017d8093bf10
Event: 56.414 Thread 0x0000017df9b10bc0 flushing osr nmethod 0x0000017d8099a210
Event: 56.414 Thread 0x0000017df9b10bc0 flushing  nmethod 0x0000017d809aad90
Event: 56.414 Thread 0x0000017df9b10bc0 flushing  nmethod 0x0000017d809b0f90
Event: 56.414 Thread 0x0000017df9b10bc0 flushing  nmethod 0x0000017d809b8510
Event: 56.414 Thread 0x0000017df9b10bc0 flushing  nmethod 0x0000017d809bc710
Event: 56.414 Thread 0x0000017df9b10bc0 flushing  nmethod 0x0000017d809c4c10
Event: 56.414 Thread 0x0000017df9b10bc0 flushing  nmethod 0x0000017d809d8390
Event: 56.414 Thread 0x0000017df9b10bc0 flushing  nmethod 0x0000017d809e2910
Event: 56.414 Thread 0x0000017df9b10bc0 flushing  nmethod 0x0000017d80a06690
Event: 56.414 Thread 0x0000017df9b10bc0 flushing  nmethod 0x0000017d80a21b10
Event: 56.414 Thread 0x0000017df9b10bc0 flushing  nmethod 0x0000017d80a26d90
Event: 56.414 Thread 0x0000017df9b10bc0 flushing  nmethod 0x0000017d80a27390
Event: 56.414 Thread 0x0000017df9b10bc0 flushing  nmethod 0x0000017d80a27c10
Event: 56.414 Thread 0x0000017df9b10bc0 flushing  nmethod 0x0000017d80a29c90
Event: 56.414 Thread 0x0000017df9b10bc0 flushing  nmethod 0x0000017d80a3f910
Event: 56.414 Thread 0x0000017df9b10bc0 flushing  nmethod 0x0000017d80a45910
Event: 56.414 Thread 0x0000017df9b10bc0 flushing  nmethod 0x0000017d80a5a610
Event: 56.414 Thread 0x0000017df9b10bc0 flushing  nmethod 0x0000017d80a68890

Events (20 events):
Event: 317.026 Thread 0x0000017dd94237d0 Thread exited: 0x0000017dd94237d0
Event: 317.062 Thread 0x0000017dfee5cd90 Thread added: 0x0000017ddb3defe0
Event: 317.200 Thread 0x0000017ddb3defe0 Thread exited: 0x0000017ddb3defe0
Event: 344.498 Thread 0x0000017dd9428d20 Thread exited: 0x0000017dd9428d20
Event: 351.082 Thread 0x0000017ddab4c7a0 Thread exited: 0x0000017ddab4c7a0
Event: 351.161 Thread 0x0000017ddce8a6c0 Thread exited: 0x0000017ddce8a6c0
Event: 351.161 Thread 0x0000017ddab50940 Thread exited: 0x0000017ddab50940
Event: 351.161 Thread 0x0000017ddab51cf0 Thread exited: 0x0000017ddab51cf0
Event: 353.965 Thread 0x0000017ddce8a030 Thread exited: 0x0000017ddce8a030
Event: 353.996 Thread 0x0000017ddab52380 Thread exited: 0x0000017ddab52380
Event: 354.012 Thread 0x0000017ddab502b0 Thread exited: 0x0000017ddab502b0
Event: 357.497 Thread 0x0000017ddce8c100 Thread exited: 0x0000017ddce8c100
Event: 357.513 Thread 0x0000017ddce899a0 Thread exited: 0x0000017ddce899a0
Event: 357.577 Thread 0x0000017ddce8e860 Thread exited: 0x0000017ddce8e860
Event: 357.592 Thread 0x0000017ddce8db40 Thread exited: 0x0000017ddce8db40
Event: 357.592 Thread 0x0000017ddce8f580 Thread exited: 0x0000017ddce8f580
Event: 357.640 Thread 0x0000017ddce88c80 Thread exited: 0x0000017ddce88c80
Event: 411.086 Thread 0x0000017ddab51660 Thread exited: 0x0000017ddab51660
Event: 471.099 Thread 0x0000017ddab4fc20 Thread exited: 0x0000017ddab4fc20
Event: 531.111 Thread 0x0000017ddab4f590 Thread exited: 0x0000017ddab4f590


Dynamic libraries:
0x00007ff687550000 - 0x00007ff68755e000 	c:\Users\Kadjo\.vscode\extensions\redhat.java-1.54.0-win32-x64\jre\21.0.10-win32-x86_64\bin\java.exe
0x00007ffa5ada0000 - 0x00007ffa5b007000 	C:\WINDOWS\SYSTEM32\ntdll.dll
0x00007ffa5a060000 - 0x00007ffa5a129000 	C:\WINDOWS\System32\KERNEL32.DLL
0x00007ffa583d0000 - 0x00007ffa587c4000 	C:\WINDOWS\System32\KERNELBASE.dll
0x00007ffa58900000 - 0x00007ffa58a4b000 	C:\WINDOWS\System32\ucrtbase.dll
0x00007ffa16a20000 - 0x00007ffa16a38000 	c:\Users\Kadjo\.vscode\extensions\redhat.java-1.54.0-win32-x64\jre\21.0.10-win32-x86_64\bin\jli.dll
0x00007ffa1eb40000 - 0x00007ffa1eb5e000 	c:\Users\Kadjo\.vscode\extensions\redhat.java-1.54.0-win32-x64\jre\21.0.10-win32-x86_64\bin\VCRUNTIME140.dll
0x00007ffa5a3e0000 - 0x00007ffa5a5a5000 	C:\WINDOWS\System32\USER32.dll
0x00007ffa37180000 - 0x00007ffa37413000 	C:\WINDOWS\WinSxS\amd64_microsoft.windows.common-controls_6595b64144ccf1df_6.0.26100.8115_none_3e075c82e3354f9c\COMCTL32.dll
0x00007ffa58a50000 - 0x00007ffa58a77000 	C:\WINDOWS\System32\win32u.dll
0x00007ffa5a1c0000 - 0x00007ffa5a269000 	C:\WINDOWS\System32\msvcrt.dll
0x00007ffa5ad30000 - 0x00007ffa5ad5b000 	C:\WINDOWS\System32\GDI32.dll
0x00007ffa587d0000 - 0x00007ffa588fb000 	C:\WINDOWS\System32\gdi32full.dll
0x00007ffa58a80000 - 0x00007ffa58b23000 	C:\WINDOWS\System32\msvcp_win.dll
0x00007ffa5a3a0000 - 0x00007ffa5a3d2000 	C:\WINDOWS\System32\IMM32.DLL
0x00007ffa158a0000 - 0x00007ffa158ac000 	c:\Users\Kadjo\.vscode\extensions\redhat.java-1.54.0-win32-x64\jre\21.0.10-win32-x86_64\bin\vcruntime140_1.dll
0x00007ff9999b0000 - 0x00007ff999a3d000 	c:\Users\Kadjo\.vscode\extensions\redhat.java-1.54.0-win32-x64\jre\21.0.10-win32-x86_64\bin\msvcp140.dll
0x00007ff998c00000 - 0x00007ff9999a1000 	c:\Users\Kadjo\.vscode\extensions\redhat.java-1.54.0-win32-x64\jre\21.0.10-win32-x86_64\bin\server\jvm.dll
0x00007ffa58ca0000 - 0x00007ffa58d56000 	C:\WINDOWS\System32\ADVAPI32.dll
0x00007ffa5aba0000 - 0x00007ffa5ac47000 	C:\WINDOWS\System32\sechost.dll
0x00007ffa5a280000 - 0x00007ffa5a398000 	C:\WINDOWS\System32\RPCRT4.dll
0x00007ffa58c10000 - 0x00007ffa58c90000 	C:\WINDOWS\System32\WS2_32.dll
0x00007ffa574d0000 - 0x00007ffa5752e000 	C:\WINDOWS\SYSTEM32\POWRPROF.dll
0x00007ffa4b7f0000 - 0x00007ffa4b826000 	C:\WINDOWS\SYSTEM32\WINMM.dll
0x00007ffa43590000 - 0x00007ffa4359b000 	C:\WINDOWS\SYSTEM32\VERSION.dll
0x00007ffa574b0000 - 0x00007ffa574c4000 	C:\WINDOWS\SYSTEM32\UMPDC.dll
0x00007ffa56400000 - 0x00007ffa5641b000 	C:\WINDOWS\SYSTEM32\kernel.appcore.dll
0x00007ffa11630000 - 0x00007ffa1163a000 	c:\Users\Kadjo\.vscode\extensions\redhat.java-1.54.0-win32-x64\jre\21.0.10-win32-x86_64\bin\jimage.dll
0x00007ffa55570000 - 0x00007ffa557b2000 	C:\WINDOWS\SYSTEM32\DBGHELP.DLL
0x00007ffa59840000 - 0x00007ffa59bc2000 	C:\WINDOWS\System32\combase.dll
0x00007ffa5ac50000 - 0x00007ffa5ad28000 	C:\WINDOWS\System32\OLEAUT32.dll
0x00007ffa35430000 - 0x00007ffa3546b000 	C:\WINDOWS\SYSTEM32\dbgcore.DLL
0x00007ffa58260000 - 0x00007ffa58305000 	C:\WINDOWS\System32\bcryptPrimitives.dll
0x00007ffa11530000 - 0x00007ffa1153f000 	c:\Users\Kadjo\.vscode\extensions\redhat.java-1.54.0-win32-x64\jre\21.0.10-win32-x86_64\bin\instrument.dll
0x00007ffa11510000 - 0x00007ffa11530000 	c:\Users\Kadjo\.vscode\extensions\redhat.java-1.54.0-win32-x64\jre\21.0.10-win32-x86_64\bin\java.dll
0x00007ffa58f00000 - 0x00007ffa59667000 	C:\WINDOWS\System32\SHELL32.dll
0x00007ffa57670000 - 0x00007ffa577da000 	C:\WINDOWS\System32\wintypes.dll
0x00007ffa57870000 - 0x00007ffa580d8000 	C:\WINDOWS\System32\windows.storage.dll
0x00007ffa58de0000 - 0x00007ffa58ed8000 	C:\WINDOWS\System32\SHCORE.dll
0x00007ffa5aa30000 - 0x00007ffa5aa96000 	C:\WINDOWS\System32\shlwapi.dll
0x00007ffa57590000 - 0x00007ffa575b9000 	C:\WINDOWS\SYSTEM32\profapi.dll
0x00007ffa02fa0000 - 0x00007ffa02fb8000 	c:\Users\Kadjo\.vscode\extensions\redhat.java-1.54.0-win32-x64\jre\21.0.10-win32-x86_64\bin\zip.dll
0x00007ffa02f90000 - 0x00007ffa02fa0000 	C:\Users\Kadjo\.vscode\extensions\redhat.java-1.54.0-win32-x64\jre\21.0.10-win32-x86_64\bin\net.dll
0x00007ffa4edb0000 - 0x00007ffa4eedd000 	C:\WINDOWS\SYSTEM32\WINHTTP.dll
0x00007ffa56970000 - 0x00007ffa569dc000 	C:\WINDOWS\system32\mswsock.dll
0x00007ff9d2020000 - 0x00007ff9d2036000 	C:\Users\Kadjo\.vscode\extensions\redhat.java-1.54.0-win32-x64\jre\21.0.10-win32-x86_64\bin\nio.dll
0x00007ff9e3e90000 - 0x00007ff9e3ea0000 	c:\Users\Kadjo\.vscode\extensions\redhat.java-1.54.0-win32-x64\jre\21.0.10-win32-x86_64\bin\verify.dll
0x00007ff9a3460000 - 0x00007ff9a34a5000 	C:\Users\Kadjo\AppData\Roaming\Code\User\globalStorage\redhat.java\1.54.0\config_win\org.eclipse.equinox.launcher\org.eclipse.equinox.launcher.win32.win32.x86_64_1.3.0.v20260203-2149\eclipse_11919.dll
0x00007ffa596a0000 - 0x00007ffa59837000 	C:\WINDOWS\System32\ole32.dll
0x00007ffa56c50000 - 0x00007ffa56c6b000 	C:\WINDOWS\SYSTEM32\CRYPTSP.dll
0x00007ffa56360000 - 0x00007ffa56399000 	C:\WINDOWS\system32\rsaenh.dll
0x00007ffa56a20000 - 0x00007ffa56a53000 	C:\WINDOWS\SYSTEM32\USERENV.dll
0x00007ffa57560000 - 0x00007ffa5758a000 	C:\WINDOWS\SYSTEM32\bcrypt.dll
0x00007ffa56c70000 - 0x00007ffa56c7c000 	C:\WINDOWS\SYSTEM32\CRYPTBASE.dll
0x00007ffa55dc0000 - 0x00007ffa55df2000 	C:\WINDOWS\SYSTEM32\IPHLPAPI.DLL
0x00007ffa5a270000 - 0x00007ffa5a27a000 	C:\WINDOWS\System32\NSI.dll
0x00007ffa1c910000 - 0x00007ffa1c959000 	C:\Users\Kadjo\AppData\Local\Temp\jna-72253299\jna14570516026546965209.dll
0x00007ffa58c00000 - 0x00007ffa58c08000 	C:\WINDOWS\System32\PSAPI.DLL
0x00007ffa4f0f0000 - 0x00007ffa4f10d000 	C:\WINDOWS\SYSTEM32\dhcpcsvc6.DLL
0x00007ffa4f040000 - 0x00007ffa4f065000 	C:\WINDOWS\SYSTEM32\dhcpcsvc.DLL
0x00007ffa1ee20000 - 0x00007ffa1ee2a000 	C:\Users\Kadjo\.vscode\extensions\redhat.java-1.54.0-win32-x64\jre\21.0.10-win32-x86_64\bin\management.dll
0x00007ffa1ee10000 - 0x00007ffa1ee1c000 	C:\Users\Kadjo\.vscode\extensions\redhat.java-1.54.0-win32-x64\jre\21.0.10-win32-x86_64\bin\management_ext.dll
0x00007ff9ca200000 - 0x00007ff9ca227000 	C:\Users\Kadjo\.gradle\native\1def1411415f61bf3af743bc5b6707747c0891f09f0c88961ee8f79bc544acac\windows-amd64\native-platform.dll
0x00007ff9db8c0000 - 0x00007ff9db8c9000 	C:\Users\Kadjo\.vscode\extensions\redhat.java-1.54.0-win32-x64\jre\21.0.10-win32-x86_64\bin\extnet.dll
0x00007ff9db9b0000 - 0x00007ff9db9be000 	C:\Users\Kadjo\.vscode\extensions\redhat.java-1.54.0-win32-x64\jre\21.0.10-win32-x86_64\bin\sunmscapi.dll
0x00007ffa580e0000 - 0x00007ffa58257000 	C:\WINDOWS\System32\CRYPT32.dll
0x00007ffa56e70000 - 0x00007ffa56ea0000 	C:\WINDOWS\SYSTEM32\ncrypt.dll
0x00007ffa56e20000 - 0x00007ffa56e5f000 	C:\WINDOWS\SYSTEM32\NTASN1.dll
0x00007ff9d3010000 - 0x00007ff9d3018000 	C:\WINDOWS\system32\wshunix.dll
0x00007ffa55e70000 - 0x00007ffa55fa2000 	C:\WINDOWS\SYSTEM32\DNSAPI.dll
0x00007ffa4e680000 - 0x00007ffa4e68b000 	C:\Windows\System32\rasadhlp.dll

JVMTI agents:
c:\Users\Kadjo\.vscode\extensions\redhat.java-1.54.0-win32-x64\lombok\lombok-1.18.39-4050.jar path:c:\Users\Kadjo\.vscode\extensions\redhat.java-1.54.0-win32-x64\jre\21.0.10-win32-x86_64\bin\instrument.dll, loaded, initialized, instrumentlib options:none

dbghelp: loaded successfully - version: 4.0.5 - missing functions: none
symbol engine: initialized successfully - sym options: 0x614 - pdb path: .;c:\Users\Kadjo\.vscode\extensions\redhat.java-1.54.0-win32-x64\jre\21.0.10-win32-x86_64\bin;C:\WINDOWS\SYSTEM32;C:\WINDOWS\WinSxS\amd64_microsoft.windows.common-controls_6595b64144ccf1df_6.0.26100.8115_none_3e075c82e3354f9c;c:\Users\Kadjo\.vscode\extensions\redhat.java-1.54.0-win32-x64\jre\21.0.10-win32-x86_64\bin\server;C:\Users\Kadjo\AppData\Roaming\Code\User\globalStorage\redhat.java\1.54.0\config_win\org.eclipse.equinox.launcher\org.eclipse.equinox.launcher.win32.win32.x86_64_1.3.0.v20260203-2149;C:\Users\Kadjo\AppData\Local\Temp\jna-72253299;C:\Users\Kadjo\.gradle\native\1def1411415f61bf3af743bc5b6707747c0891f09f0c88961ee8f79bc544acac\windows-amd64

VM Arguments:
jvm_args: --add-modules=ALL-SYSTEM --add-opens=java.base/java.util=ALL-UNNAMED --add-opens=java.base/java.lang=ALL-UNNAMED --add-opens=java.base/sun.nio.fs=ALL-UNNAMED -Declipse.application=org.eclipse.jdt.ls.core.id1 -Dosgi.bundles.defaultStartLevel=4 -Declipse.product=org.eclipse.jdt.ls.core.product -Djava.import.generatesMetadataFilesAtProjectRoot=false -DDetectVMInstallationsJob.disabled=true -Dfile.encoding=utf8 -XX:+UseParallelGC -XX:GCTimeRatio=4 -XX:AdaptiveSizePolicyWeight=90 -Dsun.zip.disableMemoryMapping=true -Xmx2G -Xms100m -Xlog:disable -javaagent:c:\Users\Kadjo\.vscode\extensions\redhat.java-1.54.0-win32-x64\lombok\lombok-1.18.39-4050.jar -XX:+HeapDumpOnOutOfMemoryError -XX:HeapDumpPath=c:\Users\Kadjo\AppData\Roaming\Code\User\workspaceStorage\6b8ec2b7aee18834d27a0683ca39a516\redhat.java -Daether.dependencyCollector.impl=bf 
java_command: c:\Users\Kadjo\.vscode\extensions\redhat.java-1.54.0-win32-x64\server\plugins\org.eclipse.equinox.launcher_1.7.100.v20251111-0406.jar -configuration c:\Users\Kadjo\AppData\Roaming\Code\User\globalStorage\redhat.java\1.54.0\config_win -data c:\Users\Kadjo\AppData\Roaming\Code\User\workspaceStorage\6b8ec2b7aee18834d27a0683ca39a516\redhat.java\jdt_ws --pipe=\\.\pipe\lsp-ee109b99a0bdbcdad6d667514036f246-sock
java_class_path (initial): c:\Users\Kadjo\.vscode\extensions\redhat.java-1.54.0-win32-x64\server\plugins\org.eclipse.equinox.launcher_1.7.100.v20251111-0406.jar
Launcher Type: SUN_STANDARD

[Global flags]
    uintx AdaptiveSizePolicyWeight                 = 90                                        {product} {command line}
     intx CICompilerCount                          = 4                                         {product} {ergonomic}
    uintx GCTimeRatio                              = 4                                         {product} {command line}
     bool HeapDumpOnOutOfMemoryError               = true                                   {manageable} {command line}
    ccstr HeapDumpPath                             = c:\Users\Kadjo\AppData\Roaming\Code\User\workspaceStorage\6b8ec2b7aee18834d27a0683ca39a516\redhat.java         {manageable} {command line}
   size_t InitialHeapSize                          = 104857600                                 {product} {command line}
   size_t MaxHeapSize                              = 2147483648                                {product} {command line}
   size_t MaxNewSize                               = 715653120                                 {product} {ergonomic}
   size_t MinHeapDeltaBytes                        = 524288                                    {product} {ergonomic}
   size_t MinHeapSize                              = 104857600                                 {product} {command line}
   size_t NewSize                                  = 34603008                                  {product} {ergonomic}
    uintx NonNMethodCodeHeapSize                   = 5839372                                {pd product} {ergonomic}
    uintx NonProfiledCodeHeapSize                  = 122909434                              {pd product} {ergonomic}
   size_t OldSize                                  = 70254592                                  {product} {ergonomic}
    uintx ProfiledCodeHeapSize                     = 122909434                              {pd product} {ergonomic}
    uintx ReservedCodeCacheSize                    = 251658240                              {pd product} {ergonomic}
     bool SegmentedCodeCache                       = true                                      {product} {ergonomic}
   size_t SoftMaxHeapSize                          = 2147483648                             {manageable} {ergonomic}
     bool UseCompressedOops                        = true                           {product lp64_product} {ergonomic}
     bool UseLargePagesIndividualAllocation        = false                                  {pd product} {ergonomic}
     bool UseParallelGC                            = true                                      {product} {command line}

Logging:
Log output configuration:
 #0: stdout all=off uptime,level,tags foldmultilines=false
 #1: stderr all=off uptime,level,tags foldmultilines=false

Release file:
JAVA_VERSION="21.0.10" 
MODULES="java.base java.compiler java.datatransfer java.xml java.prefs java.desktop java.instrument java.logging java.management java.security.sasl java.naming java.rmi java.management.rmi java.net.http java.scripting java.security.jgss java.transaction.xa java.sql java.sql.rowset java.xml.crypto java.se java.smartcardio jdk.accessibility jdk.internal.jvmstat jdk.attach jdk.charsets jdk.internal.opt jdk.zipfs jdk.compiler jdk.crypto.ec jdk.crypto.cryptoki jdk.crypto.mscapi jdk.dynalink jdk.internal.ed jdk.editpad jdk.hotspot.agent jdk.httpserver jdk.internal.le jdk.internal.vm.ci jdk.internal.vm.compiler jdk.internal.vm.compiler.management jdk.jartool jdk.javadoc jdk.jcmd jdk.management jdk.management.agent jdk.jconsole jdk.jdeps jdk.jdwp.agent jdk.jdi jdk.jfr jdk.jshell jdk.jsobject jdk.jstatd jdk.localedata jdk.management.jfr jdk.naming.dns jdk.naming.rmi jdk.net jdk.nio.mapmode jdk.random jdk.sctp jdk.security.auth jdk.security.jgss jdk.unsupported jdk.unsupported.desktop jdk.xml.dom" 

Environment Variables:
JAVA_HOME=C:\Program Files\Java\jdk1.8.0_231\bin
PATH=C:\Users\Kadjo\AppData\Local\Programs\Microsoft VS Code;C:\Program Files\Common Files\Oracle\Java\javapath;C:\Program Files (x86)\VMware\VMware Workstation\bin\;C:\Program Files (x86)\Common Files\Oracle\Java\javapath;C:\WINDOWS\system32;C:\WINDOWS;C:\WINDOWS\System32\Wbem;C:\WINDOWS\System32\WindowsPowerShell\v1.0\;C:\WINDOWS\System32\OpenSSH\;C:\Program Files\Git\cmd;C:\Program Files\Docker\Docker\resources\bin;C:\glassfish4\bin;C:\Program Files\Java\jdk-17\bin;C:\Program Files\Java\jdk1.8.0_231\bin;C:\Program Files\Odoo 14.0.20230215\PostgreSQL\lib\plperl.dll;C:\Program Files\apache-tomcat-9.0.83\bin;C:\Program Files (x86)\Bitvise SSH Client;C:\Users\Kadjo\AppData\Local\Android\Sdk\platform-tools;C:\flutter\flutter_windows_3.29.2-stable\flutter\bin;C:\Program Files\Java\jdk-17\bin;C:\Program Files (x86)\nodejs;C:\Program Files\MySQL\MySQL Shell 8.0\bin\;C:\Users\Kadjo\AppData\Local\Microsoft\WindowsApps;C:\Program Files\JetBrains\IntelliJ IDEA Community Edition 2022.1.1\bin;;C:\Program Files\Heroku\bin;C:\Users\Kadjo\AppData\Local\GitHubDesktop\bin;C:\ProgramData\Kadjo\GitHubDesktop\bin;C:\MinGW\bin;C:\Program Files\JetBrains\PyCharm Community Edition 2022.3.2\bin;;C:\OpenSSL\bin;C:\Applications\Atlassian\atlassian-plugin-sdk-8.2.7\bin;C:\Users\Kadjo\AppData\Roaming\npm;C:\Users\Kadjo\AppData\Local\Programs\Microsoft VS Code\bin;C:\Program Files\Odoo 14.0.20230215\PostgreSQL\lib\plperl.dll;C:\Program Files\apache-tomcat-9.0.83\bin;C:\Program Files (x86)\node-v20.19.4-win-x64;
USERNAME=Kadjo
OS=Windows_NT
PROCESSOR_IDENTIFIER=Intel64 Family 6 Model 140 Stepping 2, GenuineIntel
TMP=C:\Users\Kadjo\AppData\Local\Temp
TEMP=C:\Users\Kadjo\AppData\Local\Temp




Periodic native trim disabled

---------------  S Y S T E M  ---------------

OS:
 Windows 11 , 64 bit Build 26100 (10.0.26100.8246)
OS uptime: 0 days 0:15 hours
Hyper-V role detected

CPU: total 8 (initial active 8) (4 cores per cpu, 2 threads per core) family 6 model 140 stepping 2 microcode 0x22, cx8, cmov, fxsr, ht, mmx, 3dnowpref, sse, sse2, sse3, ssse3, sse4.1, sse4.2, popcnt, lzcnt, tsc, tscinvbit, avx, avx2, aes, erms, clmul, bmi1, bmi2, adx, avx512f, avx512dq, avx512cd, avx512bw, avx512vl, sha, fma, vzeroupper, avx512_vpopcntdq, avx512_vpclmulqdq, avx512_vaes, avx512_vnni, clflush, clflushopt, clwb, avx512_vbmi2, avx512_vbmi, hv, rdtscp, rdpid, fsrm, gfni, avx512_bitalg, f16c, cet_ibt, cet_ss, avx512_ifma
Processor Information for the first 8 processors :
  Max Mhz: 2496, Current Mhz: 2496, Mhz Limit: 2496

Memory: 4k page, system-wide physical 20247M (2094M free)
TotalPageFile size 22295M (AvailPageFile size 4M)
current process WorkingSet (physical memory assigned to process): 342M, peak: 366M
current process commit charge ("private bytes"): 429M, peak: 447M

vm_info: OpenJDK 64-Bit Server VM (21.0.10+7-LTS) for windows-amd64 JRE (21.0.10+7-LTS), built on 2026-01-20T00:00:00Z by "admin" with MS VC++ 17.12 (VS2022)

END.
