#
# There is insufficient memory for the Java Runtime Environment to continue.
# Native memory allocation (malloc) failed to allocate 1406432 bytes. Error detail: Chunk::new
# Possible reasons:
#   The system is out of physical RAM or swap space
#   This process is running with CompressedOops enabled, and the Java Heap may be blocking the growth of the native heap
# Possible solutions:
#   Reduce memory load on the system
#   Increase physical memory or swap space
#   Check if swap backing store is full
#   Decrease Java heap size (-Xmx/-Xms)
#   Decrease number of Java threads
#   Decrease Java thread stack sizes (-Xss)
#   Set larger code cache with -XX:ReservedCodeCacheSize=
#   JVM is running with Unscaled Compressed Oops mode in which the Java heap is
#     placed in the first 4GB address space. The Java Heap base address is the
#     maximum limit for the native heap growth. Please use -XX:HeapBaseMinAddress
#     to set the Java Heap base and to place the Java Heap above 4GB virtual address.
# This output file may be truncated or incomplete.
#
#  Out of Memory Error (arena.cpp:168), pid=23272, tid=15724
#
# JRE version: OpenJDK Runtime Environment Temurin-21.0.10+7 (21.0.10+7) (build 21.0.10+7-LTS)
# Java VM: OpenJDK 64-Bit Server VM Temurin-21.0.10+7 (21.0.10+7-LTS, mixed mode, sharing, tiered, compressed oops, compressed class ptrs, parallel gc, windows-amd64)
# No core dump will be written. Minidumps are not enabled by default on client versions of Windows
#

---------------  S U M M A R Y ------------

Command Line: --add-modules=ALL-SYSTEM --add-opens=java.base/java.util=ALL-UNNAMED --add-opens=java.base/java.lang=ALL-UNNAMED --add-opens=java.base/sun.nio.fs=ALL-UNNAMED -Declipse.application=org.eclipse.jdt.ls.core.id1 -Dosgi.bundles.defaultStartLevel=4 -Declipse.product=org.eclipse.jdt.ls.core.product -Djava.import.generatesMetadataFilesAtProjectRoot=false -DDetectVMInstallationsJob.disabled=true -Dfile.encoding=utf8 -XX:+UseParallelGC -XX:GCTimeRatio=4 -XX:AdaptiveSizePolicyWeight=90 -Dsun.zip.disableMemoryMapping=true -Xmx2G -Xms100m -Xlog:disable -javaagent:c:\Users\Kadjo\.vscode\extensions\redhat.java-1.53.0-win32-x64\lombok\lombok-1.18.39-4050.jar -XX:+HeapDumpOnOutOfMemoryError -XX:HeapDumpPath=c:\Users\Kadjo\AppData\Roaming\Code\User\workspaceStorage\6b8ec2b7aee18834d27a0683ca39a516\redhat.java -Daether.dependencyCollector.impl=bf c:\Users\Kadjo\.vscode\extensions\redhat.java-1.53.0-win32-x64\server\plugins\org.eclipse.equinox.launcher_1.7.100.v20251111-0406.jar -configuration c:\Users\Kadjo\AppData\Roaming\Code\User\globalStorage\redhat.java\1.53.0\config_win -data c:\Users\Kadjo\AppData\Roaming\Code\User\workspaceStorage\6b8ec2b7aee18834d27a0683ca39a516\redhat.java\jdt_ws --pipe=\\.\pipe\lsp-0dba1d2d649f0640b769612de6938b0c-sock

Host: 11th Gen Intel(R) Core(TM) i5-1155G7 @ 2.50GHz, 8 cores, 19G,  Windows 11 , 64 bit Build 26100 (10.0.26100.7920)
Time: Fri Apr  3 10:44:04 2026 W. Central Africa Standard Time elapsed time: 1104.890815 seconds (0d 0h 18m 24s)

---------------  T H R E A D  ---------------

Current thread (0x000002709c50a210):  JavaThread "C2 CompilerThread1" daemon [_thread_in_native, id=15724, stack(0x000000d19e900000,0x000000d19ea00000) (1024K)]


Current CompileTask:
C2:1104890 12772   !   4       lombok.core.FieldAugment$ReflectionFieldAugment::get (61 bytes)

Stack: [0x000000d19e900000,0x000000d19ea00000]
Native frames: (J=compiled Java code, j=interpreted, Vv=VM code, C=native code)
V  [jvm.dll+0x6d7a39]
V  [jvm.dll+0x8b4b26]
V  [jvm.dll+0x8b70de]
V  [jvm.dll+0x8b77c3]
V  [jvm.dll+0x284346]
V  [jvm.dll+0xc66ed]
V  [jvm.dll+0xc6c31]
V  [jvm.dll+0x3bec3b]
V  [jvm.dll+0x1e3f69]
V  [jvm.dll+0x24c6b3]
V  [jvm.dll+0x24bb40]
V  [jvm.dll+0x1cb34e]
V  [jvm.dll+0x25b85d]
V  [jvm.dll+0x259dea]
V  [jvm.dll+0x3f857e]
V  [jvm.dll+0x85f59d]
V  [jvm.dll+0x6d626d]
C  [ucrtbase.dll+0x37b0]
C  [KERNEL32.DLL+0x2e8d7]
C  [ntdll.dll+0x8c48c]


---------------  P R O C E S S  ---------------

Threads class SMR info:
_java_thread_list=0x000002709c435900, length=57, elements={
0x0000027038a5e1c0, 0x00000270389cda30, 0x00000270389cff70, 0x00000270389d3730,
0x00000270389d4740, 0x00000270389d92c0, 0x00000270389d9d20, 0x00000270389dab60,
0x0000027096008810, 0x00000270961f6870, 0x000002709631b750, 0x0000027096c1b100,
0x0000027096c59eb0, 0x0000027096c59190, 0x0000027096c5a540, 0x0000027096c5b260,
0x0000027096c58b00, 0x0000027096c58470, 0x0000027096c5b8f0, 0x00000270978aa850,
0x00000270978aaee0, 0x00000270978abc00, 0x00000270978ac290, 0x00000270978a8e10,
0x00000270978ac920, 0x00000270978a94a0, 0x00000270978ae360, 0x00000270978adcd0,
0x00000270978af080, 0x00000270978ae9f0, 0x00000270978acfb0, 0x00000270978ad640,
0x00000270978af710, 0x0000027096c5abd0, 0x0000027096c59820, 0x000002709a60a470,
0x00000270977740e0, 0x00000270978ab570, 0x00000270977712f0, 0x000002709a60b190,
0x00000270972577d0, 0x0000027097257e60, 0x0000027097256ab0, 0x00000270972549e0,
0x0000027097256420, 0x0000027097255700, 0x00000270977726a0, 0x00000270977733c0,
0x00000270972584f0, 0x0000027097255070, 0x000002709725c000, 0x000002709c50a210,
0x000002709c508da0, 0x0000027097258b80, 0x000002709725ac50, 0x000002709725b970,
0x000002709725a5c0
}

Java Threads: ( => current thread )
  0x0000027038a5e1c0 JavaThread "main"                              [_thread_blocked, id=12252, stack(0x000000d19bc00000,0x000000d19bd00000) (1024K)]
  0x00000270389cda30 JavaThread "Reference Handler"          daemon [_thread_blocked, id=13760, stack(0x000000d19c000000,0x000000d19c100000) (1024K)]
  0x00000270389cff70 JavaThread "Finalizer"                  daemon [_thread_blocked, id=23160, stack(0x000000d19c100000,0x000000d19c200000) (1024K)]
  0x00000270389d3730 JavaThread "Signal Dispatcher"          daemon [_thread_blocked, id=20168, stack(0x000000d19c200000,0x000000d19c300000) (1024K)]
  0x00000270389d4740 JavaThread "Attach Listener"            daemon [_thread_blocked, id=7316, stack(0x000000d19c300000,0x000000d19c400000) (1024K)]
  0x00000270389d92c0 JavaThread "Service Thread"             daemon [_thread_blocked, id=22360, stack(0x000000d19c400000,0x000000d19c500000) (1024K)]
  0x00000270389d9d20 JavaThread "Monitor Deflation Thread"   daemon [_thread_blocked, id=23856, stack(0x000000d19c500000,0x000000d19c600000) (1024K)]
  0x00000270389dab60 JavaThread "C2 CompilerThread0"         daemon [_thread_blocked, id=15500, stack(0x000000d19c600000,0x000000d19c700000) (1024K)]
  0x0000027096008810 JavaThread "C1 CompilerThread0"         daemon [_thread_blocked, id=23456, stack(0x000000d19c700000,0x000000d19c800000) (1024K)]
  0x00000270961f6870 JavaThread "Common-Cleaner"             daemon [_thread_blocked, id=21168, stack(0x000000d19c900000,0x000000d19ca00000) (1024K)]
  0x000002709631b750 JavaThread "Notification Thread"        daemon [_thread_blocked, id=23188, stack(0x000000d19ca00000,0x000000d19cb00000) (1024K)]
  0x0000027096c1b100 JavaThread "Active Thread: Equinox Container: 76399966-0130-4dc8-983c-89f3c79a77b8"        [_thread_blocked, id=13884, stack(0x000000d19d800000,0x000000d19d900000) (1024K)]
  0x0000027096c59eb0 JavaThread "Framework Event Dispatcher: Equinox Container: 76399966-0130-4dc8-983c-89f3c79a77b8" daemon [_thread_blocked, id=17104, stack(0x000000d19c800000,0x000000d19c900000) (1024K)]
  0x0000027096c59190 JavaThread "Start Level: Equinox Container: 76399966-0130-4dc8-983c-89f3c79a77b8" daemon [_thread_blocked, id=15244, stack(0x000000d19d100000,0x000000d19d200000) (1024K)]
  0x0000027096c5a540 JavaThread "Bundle File Closer"         daemon [_thread_blocked, id=16576, stack(0x000000d19db00000,0x000000d19dc00000) (1024K)]
  0x0000027096c5b260 JavaThread "Refresh Thread: Equinox Container: 76399966-0130-4dc8-983c-89f3c79a77b8" daemon [_thread_blocked, id=23688, stack(0x000000d19da00000,0x000000d19db00000) (1024K)]
  0x0000027096c58b00 JavaThread "SCR Component Actor"        daemon [_thread_blocked, id=24092, stack(0x000000d19df00000,0x000000d19e000000) (1024K)]
  0x0000027096c58470 JavaThread "Worker-JM"                         [_thread_blocked, id=13144, stack(0x000000d19e000000,0x000000d19e100000) (1024K)]
  0x0000027096c5b8f0 JavaThread "JNA Cleaner"                daemon [_thread_blocked, id=12536, stack(0x000000d19e100000,0x000000d19e200000) (1024K)]
  0x00000270978aa850 JavaThread "Worker-2"                          [_thread_blocked, id=19080, stack(0x000000d19e400000,0x000000d19e500000) (1024K)]
  0x00000270978aaee0 JavaThread "Worker-3: Building"                [_thread_blocked, id=8008, stack(0x000000d19dc00000,0x000000d19dd00000) (1024K)]
  0x00000270978abc00 JavaThread "Java indexing"              daemon [_thread_blocked, id=3676, stack(0x000000d19d200000,0x000000d19d300000) (1024K)]
  0x00000270978ac290 JavaThread "Thread-1"                   daemon [_thread_in_native, id=6580, stack(0x000000d19d500000,0x000000d19d600000) (1024K)]
  0x00000270978a8e10 JavaThread "Thread-2"                   daemon [_thread_in_native, id=6128, stack(0x000000d19d600000,0x000000d19d700000) (1024K)]
  0x00000270978ac920 JavaThread "Thread-3"                   daemon [_thread_in_native, id=8252, stack(0x000000d19d700000,0x000000d19d800000) (1024K)]
  0x00000270978a94a0 JavaThread "Thread-4"                   daemon [_thread_in_native, id=4252, stack(0x000000d19dd00000,0x000000d19de00000) (1024K)]
  0x00000270978ae360 JavaThread "Thread-5"                   daemon [_thread_in_native, id=4016, stack(0x000000d19de00000,0x000000d19df00000) (1024K)]
  0x00000270978adcd0 JavaThread "Thread-6"                   daemon [_thread_in_native, id=10428, stack(0x000000d19e500000,0x000000d19e600000) (1024K)]
  0x00000270978af080 JavaThread "Thread-7"                   daemon [_thread_in_native, id=5116, stack(0x000000d19e600000,0x000000d19e700000) (1024K)]
  0x00000270978ae9f0 JavaThread "Thread-8"                   daemon [_thread_in_native, id=12280, stack(0x000000d19e700000,0x000000d19e800000) (1024K)]
  0x00000270978acfb0 JavaThread "Thread-9"                   daemon [_thread_in_native, id=7752, stack(0x000000d19e800000,0x000000d19e900000) (1024K)]
  0x00000270978ad640 JavaThread "pool-2-thread-1"                   [_thread_blocked, id=472, stack(0x000000d19ea00000,0x000000d19eb00000) (1024K)]
  0x00000270978af710 JavaThread "Timer-0"                           [_thread_blocked, id=5268, stack(0x000000d19eb00000,0x000000d19ec00000) (1024K)]
  0x0000027096c5abd0 JavaThread "WorkspaceEventsHandler"            [_thread_blocked, id=4712, stack(0x000000d19ec00000,0x000000d19ed00000) (1024K)]
  0x0000027096c59820 JavaThread "pool-1-thread-1"                   [_thread_blocked, id=20928, stack(0x000000d19ed00000,0x000000d19ee00000) (1024K)]
  0x000002709a60a470 JavaThread "Timer-1"                           [_thread_blocked, id=16628, stack(0x000000d19ef00000,0x000000d19f000000) (1024K)]
  0x00000270977740e0 JavaThread "Timer-2"                           [_thread_blocked, id=10740, stack(0x000000d19fa00000,0x000000d19fb00000) (1024K)]
  0x00000270978ab570 JavaThread "Timer-3"                           [_thread_blocked, id=2684, stack(0x000000d19ba00000,0x000000d19bb00000) (1024K)]
  0x00000270977712f0 JavaThread "Timer-4"                           [_thread_blocked, id=3164, stack(0x000000d19ee00000,0x000000d19ef00000) (1024K)]
  0x000002709a60b190 JavaThread "Timer-5"                           [_thread_blocked, id=5236, stack(0x000000d19f100000,0x000000d19f200000) (1024K)]
  0x00000270972577d0 JavaThread "Timer-6"                           [_thread_blocked, id=9872, stack(0x000000d19fb00000,0x000000d19fc00000) (1024K)]
  0x0000027097257e60 JavaThread "Timer-7"                           [_thread_blocked, id=24456, stack(0x000000d19fc00000,0x000000d19fd00000) (1024K)]
  0x0000027097256ab0 JavaThread "Timer-8"                           [_thread_blocked, id=4224, stack(0x000000d19f200000,0x000000d19f300000) (1024K)]
  0x00000270972549e0 JavaThread "Timer-9"                           [_thread_blocked, id=15264, stack(0x000000d19f300000,0x000000d19f400000) (1024K)]
  0x0000027097256420 JavaThread "Timer-10"                          [_thread_blocked, id=26416, stack(0x000000d19b900000,0x000000d19ba00000) (1024K)]
  0x0000027097255700 JavaThread "Timer-11"                          [_thread_blocked, id=26480, stack(0x000000d19f400000,0x000000d19f500000) (1024K)]
  0x00000270977726a0 JavaThread "Compiler Source File Reader" daemon [_thread_blocked, id=17776, stack(0x000000d19bb00000,0x000000d19bc00000) (1024K)]
  0x00000270977733c0 JavaThread "Compiler Processing Task"   daemon [_thread_blocked, id=1848, stack(0x000000d19d400000,0x000000d19d500000) (1024K)]
  0x00000270972584f0 JavaThread "Worker-7: Java indexing... "        [_thread_blocked, id=27824, stack(0x000000d19d300000,0x000000d19d400000) (1024K)]
  0x0000027097255070 JavaThread "Compiler Source File Reader" daemon [_thread_blocked, id=13584, stack(0x000000d19e200000,0x000000d19e300000) (1024K)]
  0x000002709725c000 JavaThread "Compiler Source File Reader" daemon [_thread_blocked, id=27008, stack(0x000000d19e300000,0x000000d19e400000) (1024K)]
=>0x000002709c50a210 JavaThread "C2 CompilerThread1"         daemon [_thread_in_native, id=15724, stack(0x000000d19e900000,0x000000d19ea00000) (1024K)]
  0x000002709c508da0 JavaThread "C2 CompilerThread2"         daemon [_thread_blocked, id=18544, stack(0x000000d19f000000,0x000000d19f100000) (1024K)]
  0x0000027097258b80 JavaThread "ForkJoinPool.commonPool-worker-6" daemon [_thread_blocked, id=10584, stack(0x000000d19f500000,0x000000d19f600000) (1024K)]
  0x000002709725ac50 JavaThread "Compiler Source File Reader" daemon [_thread_blocked, id=14184, stack(0x000000d19f600000,0x000000d19f700000) (1024K)]
  0x000002709725b970 JavaThread "Compiler Source File Reader" daemon [_thread_blocked, id=26136, stack(0x000000d19f700000,0x000000d19f800000) (1024K)]
  0x000002709725a5c0 JavaThread "Compiler Source File Reader" daemon [_thread_blocked, id=26268, stack(0x000000d19f800000,0x000000d19f900000) (1024K)]
Total: 57

Other Threads:
  0x00000270389b0bc0 VMThread "VM Thread"                           [id=23164, stack(0x000000d19bf00000,0x000000d19c000000) (1024K)]
  0x0000027038acb120 WatcherThread "VM Periodic Task Thread"        [id=13320, stack(0x000000d19be00000,0x000000d19bf00000) (1024K)]
  0x0000027038a7c5e0 WorkerThread "GC Thread#0"                     [id=15720, stack(0x000000d19bd00000,0x000000d19be00000) (1024K)]
  0x0000027096547b20 WorkerThread "GC Thread#1"                     [id=7420, stack(0x000000d19cb00000,0x000000d19cc00000) (1024K)]
  0x000002709654c380 WorkerThread "GC Thread#2"                     [id=2108, stack(0x000000d19cc00000,0x000000d19cd00000) (1024K)]
  0x000002709654c730 WorkerThread "GC Thread#3"                     [id=17224, stack(0x000000d19cd00000,0x000000d19ce00000) (1024K)]
  0x0000027096b2bf00 WorkerThread "GC Thread#4"                     [id=15348, stack(0x000000d19ce00000,0x000000d19cf00000) (1024K)]
  0x0000027096b2c2b0 WorkerThread "GC Thread#5"                     [id=21072, stack(0x000000d19cf00000,0x000000d19d000000) (1024K)]
  0x0000027096b2c660 WorkerThread "GC Thread#6"                     [id=15488, stack(0x000000d19d000000,0x000000d19d100000) (1024K)]
  0x0000027096c63640 WorkerThread "GC Thread#7"                     [id=16912, stack(0x000000d19d900000,0x000000d19da00000) (1024K)]
Total: 10

Threads with active compile tasks:
C2 CompilerThread0  1104945 12911       4       org.eclipse.jdt.internal.compiler.parser.Parser::consumeRule (7843 bytes)
C1 CompilerThread0  1104945 12983       3       org.eclipse.core.internal.content.ContentTypeCatalog::internalAccept (111 bytes)
C2 CompilerThread1  1104945 12772   !   4       lombok.core.FieldAugment$ReflectionFieldAugment::get (61 bytes)
C2 CompilerThread2  1104945 12899   !   4       org.eclipse.jdt.internal.compiler.parser.Scanner::getNextToken0 (3068 bytes)
Total: 4

VM state: at safepoint (normal execution)

VM Mutex/Monitor currently owned by a thread:  ([mutex/lock_event])
[0x00007ffdc465e560] Threads_lock - owner thread: 0x00000270389b0bc0
[0x00007ffdc465e660] Heap_lock - owner thread: 0x00000270978aaee0
[0x00007ffdc465eae0] PSOldGenExpand_lock - owner thread: 0x0000027096b2bf00

Heap address: 0x0000000080000000, size: 2048 MB, Compressed Oops mode: 32-bit

CDS archive(s) mapped at: [0x0000027050000000-0x0000027050ba0000-0x0000027050ba0000), size 12189696, SharedBaseAddress: 0x0000027050000000, ArchiveRelocationMode: 1.
Compressed class space mapped at: 0x0000027051000000-0x0000027091000000, reserved size: 1073741824
Narrow klass base: 0x0000027050000000, Narrow klass shift: 0, Narrow klass range: 0x100000000

GC Precious Log:
 CardTable entry size: 512
 CPUs: 8 total, 8 available
 Memory: 20247M
 Large Page Support: Disabled
 NUMA Support: Disabled
 Compressed Oops: Enabled (32-bit)
 Alignments: Space 512K, Generation 512K, Heap 2M
 Heap Min Capacity: 100M
 Heap Initial Capacity: 100M
 Heap Max Capacity: 2G
 Pre-touch: Disabled
 Parallel Workers: 8

Heap:
 PSYoungGen      total 6144K, used 5794K [0x00000000d5580000, 0x00000000d6000000, 0x0000000100000000)
  eden space 5120K, 100% used [0x00000000d5580000,0x00000000d5a80000,0x00000000d5a80000)
  from space 1024K, 65% used [0x00000000d5e80000,0x00000000d5f28a48,0x00000000d5f80000)
  to   space 512K, 97% used [0x00000000d5f80000,0x00000000d5ffd068,0x00000000d6000000)
 ParOldGen       total 99840K, used 99838K [0x0000000080000000, 0x0000000086180000, 0x00000000d5580000)
  object space 99840K, 99% used [0x0000000080000000,0x000000008617f9f8,0x0000000086180000)
 Metaspace       used 84717K, committed 86400K, reserved 1179648K
  class space    used 10155K, committed 10880K, reserved 1048576K

Card table byte_map: [0x0000027038400000,0x0000027038810000] _byte_map_base: 0x0000027038000000

Marking Bits: (ParMarkBitMap*) 0x00007ffdc4663450
 Begin Bits: [0x000002704af10000, 0x000002704cf10000)
 End Bits:   [0x000002704cf10000, 0x000002704ef10000)

Polling page: 0x0000027036870000

Metaspace:

Usage:
  Non-class:     72.81 MB used.
      Class:      9.92 MB used.
       Both:     82.73 MB used.

Virtual space:
  Non-class space:      128.00 MB reserved,      73.75 MB ( 58%) committed,  2 nodes.
      Class space:        1.00 GB reserved,      10.62 MB (  1%) committed,  1 nodes.
             Both:        1.12 GB reserved,      84.38 MB (  7%) committed. 

Chunk freelists:
   Non-Class:  5.70 MB
       Class:  5.39 MB
        Both:  11.09 MB

MaxMetaspaceSize: unlimited
CompressedClassSpaceSize: 1.00 GB
Initial GC threshold: 21.00 MB
Current GC threshold: 97.31 MB
CDS: on
 - commit_granule_bytes: 65536.
 - commit_granule_words: 8192.
 - virtual_space_node_default_size: 8388608.
 - enlarge_chunks_in_place: 1.
 - use_allocation_guard: 0.


Internal statistics:

num_allocs_failed_limit: 9.
num_arena_births: 1570.
num_arena_deaths: 14.
num_vsnodes_births: 3.
num_vsnodes_deaths: 0.
num_space_committed: 1350.
num_space_uncommitted: 0.
num_chunks_returned_to_freelist: 23.
num_chunks_taken_from_freelist: 5194.
num_chunk_merges: 10.
num_chunk_splits: 3346.
num_chunks_enlarged: 2086.
num_inconsistent_stats: 0.

CodeHeap 'non-profiled nmethods': size=120000Kb used=10418Kb max_used=10418Kb free=109581Kb
 bounds [0x0000027043730000, 0x0000027044160000, 0x000002704ac60000]
CodeHeap 'profiled nmethods': size=120000Kb used=27313Kb max_used=27313Kb free=92686Kb
 bounds [0x000002703bc60000, 0x000002703d710000, 0x0000027043190000]
CodeHeap 'non-nmethods': size=5760Kb used=1497Kb max_used=1604Kb free=4262Kb
 bounds [0x0000027043190000, 0x0000027043400000, 0x0000027043730000]
CodeCache: size=245760Kb, used=39228Kb, max_used=39335Kb, free=206529Kb
 total_blobs=12812, nmethods=12004, adapters=713, full_count=0
Compilation: enabled, stopped_count=0, restarted_count=0

Compilation events (20 events):
Event: 1103.880 Thread 0x0000027096008810 nmethod 12922 0x000002703d6ecc10 code [0x000002703d6ecda0, 0x000002703d6ecea8]
Event: 1103.880 Thread 0x0000027096008810 12924       3       org.eclipse.jdt.internal.compiler.parser.Parser::consumeStatementIfNoElse (77 bytes)
Event: 1103.880 Thread 0x0000027096008810 nmethod 12924 0x000002703d6ecf10 code [0x000002703d6ed0e0, 0x000002703d6ed5b0]
Event: 1103.880 Thread 0x0000027096008810 12925       3       org.eclipse.jdt.internal.compiler.ast.IfStatement::<init> (58 bytes)
Event: 1103.880 Thread 0x0000027096008810 nmethod 12925 0x000002703d6ed790 code [0x000002703d6ed940, 0x000002703d6edce8]
Event: 1103.880 Thread 0x0000027096008810 12926       3       org.eclipse.jdt.internal.compiler.parser.Parser::consumeEqualityExpression (58 bytes)
Event: 1103.880 Thread 0x0000027096008810 nmethod 12926 0x000002703d6ede90 code [0x000002703d6ee060, 0x000002703d6ee450]
Event: 1103.881 Thread 0x0000027096008810 12928       3       java.util.stream.Stream::of (5 bytes)
Event: 1103.882 Thread 0x0000027096008810 nmethod 12928 0x000002703d6ee610 code [0x000002703d6ee7e0, 0x000002703d6eea70]
Event: 1103.882 Thread 0x0000027096008810 12929       1       org.eclipse.jdt.internal.compiler.ASTVisitor::visit (2 bytes)
Event: 1103.882 Thread 0x0000027096008810 nmethod 12929 0x000002704415b990 code [0x000002704415bb20, 0x000002704415bbe8]
Event: 1103.882 Thread 0x0000027096008810 12930       3       org.eclipse.jdt.internal.compiler.ast.SingleNameReference::traverse (14 bytes)
Event: 1103.882 Thread 0x0000027096008810 nmethod 12930 0x000002703d6eec10 code [0x000002703d6eedc0, 0x000002703d6ef090]
Event: 1103.882 Thread 0x0000027096008810 12931       3       org.eclipse.jdt.internal.compiler.ASTVisitor::endVisit (1 bytes)
Event: 1103.882 Thread 0x0000027096008810 nmethod 12931 0x000002703d6ef190 code [0x000002703d6ef320, 0x000002703d6ef428]
Event: 1103.884 Thread 0x0000027096008810 12932       1       org.eclipse.jdt.internal.compiler.parser.Scanner::getSource (5 bytes)
Event: 1103.884 Thread 0x0000027096008810 nmethod 12932 0x000002704415bc90 code [0x000002704415be20, 0x000002704415bee8]
Event: 1103.884 Thread 0x0000027096008810 12934       3       org.eclipse.jdt.internal.compiler.parser.Parser::consumeSingleVariableDeclaratorList (5 bytes)
Event: 1103.885 Thread 0x0000027096008810 nmethod 12934 0x000002703d6ef490 code [0x000002703d6ef640, 0x000002703d6ef868]
Event: 1103.887 Thread 0x0000027096008810 12936       3       org.eclipse.jdt.internal.compiler.parser.Parser::checkForDiamond (80 bytes)

GC Heap History (20 events):
Event: 1098.175 GC heap before
{Heap before GC invocations=96 (full 3):
 PSYoungGen      total 16896K, used 16640K [0x00000000d5580000, 0x00000000d7180000, 0x0000000100000000)
  eden space 11264K, 97% used [0x00000000d5580000,0x00000000d6043968,0x00000000d6080000)
  from space 5632K, 99% used [0x00000000d6800000,0x00000000d6d7c6f0,0x00000000d6d80000)
  to   space 7680K, 0% used [0x00000000d6080000,0x00000000d6080000,0x00000000d6800000)
 ParOldGen       total 76800K, used 76744K [0x0000000080000000, 0x0000000084b00000, 0x00000000d5580000)
  object space 76800K, 99% used [0x0000000080000000,0x0000000084af2368,0x0000000084b00000)
 Metaspace       used 83535K, committed 85120K, reserved 1179648K
  class space    used 10099K, committed 10752K, reserved 1048576K
}
Event: 1100.204 GC heap after
{Heap after GC invocations=96 (full 3):
 PSYoungGen      total 17408K, used 5905K [0x00000000d5580000, 0x00000000d6d80000, 0x0000000100000000)
  eden space 11264K, 0% used [0x00000000d5580000,0x00000000d5580000,0x00000000d6080000)
  from space 6144K, 96% used [0x00000000d6080000,0x00000000d66445d8,0x00000000d6680000)
  to   space 6656K, 0% used [0x00000000d6700000,0x00000000d6700000,0x00000000d6d80000)
 ParOldGen       total 81408K, used 81304K [0x0000000080000000, 0x0000000084f80000, 0x00000000d5580000)
  object space 81408K, 99% used [0x0000000080000000,0x0000000084f661e8,0x0000000084f80000)
 Metaspace       used 83535K, committed 85120K, reserved 1179648K
  class space    used 10099K, committed 10752K, reserved 1048576K
}
Event: 1102.133 GC heap before
{Heap before GC invocations=97 (full 3):
 PSYoungGen      total 17408K, used 17169K [0x00000000d5580000, 0x00000000d6d80000, 0x0000000100000000)
  eden space 11264K, 100% used [0x00000000d5580000,0x00000000d6080000,0x00000000d6080000)
  from space 6144K, 96% used [0x00000000d6080000,0x00000000d66445d8,0x00000000d6680000)
  to   space 6656K, 0% used [0x00000000d6700000,0x00000000d6700000,0x00000000d6d80000)
 ParOldGen       total 81408K, used 81304K [0x0000000080000000, 0x0000000084f80000, 0x00000000d5580000)
  object space 81408K, 99% used [0x0000000080000000,0x0000000084f661e8,0x0000000084f80000)
 Metaspace       used 83588K, committed 85120K, reserved 1179648K
  class space    used 10102K, committed 10752K, reserved 1048576K
}
Event: 1102.142 GC heap after
{Heap after GC invocations=97 (full 3):
 PSYoungGen      total 11776K, used 6626K [0x00000000d5580000, 0x00000000d7980000, 0x0000000100000000)
  eden space 5120K, 0% used [0x00000000d5580000,0x00000000d5580000,0x00000000d5a80000)
  from space 6656K, 99% used [0x00000000d6700000,0x00000000d6d78a40,0x00000000d6d80000)
  to   space 12800K, 0% used [0x00000000d5a80000,0x00000000d5a80000,0x00000000d6700000)
 ParOldGen       total 86528K, used 86350K [0x0000000080000000, 0x0000000085480000, 0x00000000d5580000)
  object space 86528K, 99% used [0x0000000080000000,0x0000000085453a18,0x0000000085480000)
 Metaspace       used 83588K, committed 85120K, reserved 1179648K
  class space    used 10102K, committed 10752K, reserved 1048576K
}
Event: 1102.256 GC heap before
{Heap before GC invocations=98 (full 3):
 PSYoungGen      total 11776K, used 11746K [0x00000000d5580000, 0x00000000d7980000, 0x0000000100000000)
  eden space 5120K, 100% used [0x00000000d5580000,0x00000000d5a80000,0x00000000d5a80000)
  from space 6656K, 99% used [0x00000000d6700000,0x00000000d6d78a40,0x00000000d6d80000)
  to   space 12800K, 0% used [0x00000000d5a80000,0x00000000d5a80000,0x00000000d6700000)
 ParOldGen       total 86528K, used 86350K [0x0000000080000000, 0x0000000085480000, 0x00000000d5580000)
  object space 86528K, 99% used [0x0000000080000000,0x0000000085453a18,0x0000000085480000)
 Metaspace       used 83701K, committed 85248K, reserved 1179648K
  class space    used 10105K, committed 10752K, reserved 1048576K
}
Event: 1102.259 GC heap after
{Heap after GC invocations=98 (full 3):
 PSYoungGen      total 6144K, used 728K [0x00000000d5580000, 0x00000000d6780000, 0x0000000100000000)
  eden space 5120K, 0% used [0x00000000d5580000,0x00000000d5580000,0x00000000d5a80000)
  from space 1024K, 71% used [0x00000000d5a80000,0x00000000d5b36190,0x00000000d5b80000)
  to   space 5120K, 0% used [0x00000000d6280000,0x00000000d6280000,0x00000000d6780000)
 ParOldGen       total 87552K, used 87259K [0x0000000080000000, 0x0000000085580000, 0x00000000d5580000)
  object space 87552K, 99% used [0x0000000080000000,0x0000000085536f38,0x0000000085580000)
 Metaspace       used 83701K, committed 85248K, reserved 1179648K
  class space    used 10105K, committed 10752K, reserved 1048576K
}
Event: 1102.357 GC heap before
{Heap before GC invocations=99 (full 3):
 PSYoungGen      total 6144K, used 5401K [0x00000000d5580000, 0x00000000d6780000, 0x0000000100000000)
  eden space 5120K, 91% used [0x00000000d5580000,0x00000000d5a10480,0x00000000d5a80000)
  from space 1024K, 71% used [0x00000000d5a80000,0x00000000d5b36190,0x00000000d5b80000)
  to   space 5120K, 0% used [0x00000000d6280000,0x00000000d6280000,0x00000000d6780000)
 ParOldGen       total 87552K, used 87259K [0x0000000080000000, 0x0000000085580000, 0x00000000d5580000)
  object space 87552K, 99% used [0x0000000080000000,0x0000000085536f38,0x0000000085580000)
 Metaspace       used 83749K, committed 85312K, reserved 1179648K
  class space    used 10105K, committed 10752K, reserved 1048576K
}
Event: 1102.361 GC heap after
{Heap after GC invocations=99 (full 3):
 PSYoungGen      total 8704K, used 3344K [0x00000000d5580000, 0x00000000d6600000, 0x0000000100000000)
  eden space 5120K, 0% used [0x00000000d5580000,0x00000000d5580000,0x00000000d5a80000)
  from space 3584K, 93% used [0x00000000d6280000,0x00000000d65c4000,0x00000000d6600000)
  to   space 4096K, 0% used [0x00000000d5e00000,0x00000000d5e00000,0x00000000d6200000)
 ParOldGen       total 88064K, used 87932K [0x0000000080000000, 0x0000000085600000, 0x00000000d5580000)
  object space 88064K, 99% used [0x0000000080000000,0x00000000855df0c8,0x0000000085600000)
 Metaspace       used 83749K, committed 85312K, reserved 1179648K
  class space    used 10105K, committed 10752K, reserved 1048576K
}
Event: 1102.844 GC heap before
{Heap before GC invocations=100 (full 3):
 PSYoungGen      total 8704K, used 8464K [0x00000000d5580000, 0x00000000d6600000, 0x0000000100000000)
  eden space 5120K, 100% used [0x00000000d5580000,0x00000000d5a80000,0x00000000d5a80000)
  from space 3584K, 93% used [0x00000000d6280000,0x00000000d65c4000,0x00000000d6600000)
  to   space 4096K, 0% used [0x00000000d5e00000,0x00000000d5e00000,0x00000000d6200000)
 ParOldGen       total 88064K, used 87932K [0x0000000080000000, 0x0000000085600000, 0x00000000d5580000)
  object space 88064K, 99% used [0x0000000080000000,0x00000000855df0c8,0x0000000085600000)
 Metaspace       used 84036K, committed 85696K, reserved 1179648K
  class space    used 10121K, committed 10880K, reserved 1048576K
}
Event: 1102.849 GC heap after
{Heap after GC invocations=100 (full 3):
 PSYoungGen      total 7168K, used 1691K [0x00000000d5580000, 0x00000000d6300000, 0x0000000100000000)
  eden space 5120K, 0% used [0x00000000d5580000,0x00000000d5580000,0x00000000d5a80000)
  from space 2048K, 82% used [0x00000000d5e00000,0x00000000d5fa6db8,0x00000000d6000000)
  to   space 2560K, 0% used [0x00000000d6080000,0x00000000d6080000,0x00000000d6300000)
 ParOldGen       total 91648K, used 91180K [0x0000000080000000, 0x0000000085980000, 0x00000000d5580000)
  object space 91648K, 99% used [0x0000000080000000,0x000000008590b0c8,0x0000000085980000)
 Metaspace       used 84036K, committed 85696K, reserved 1179648K
  class space    used 10121K, committed 10880K, reserved 1048576K
}
Event: 1103.138 GC heap before
{Heap before GC invocations=101 (full 3):
 PSYoungGen      total 7168K, used 6163K [0x00000000d5580000, 0x00000000d6300000, 0x0000000100000000)
  eden space 5120K, 87% used [0x00000000d5580000,0x00000000d59de0e0,0x00000000d5a80000)
  from space 2048K, 82% used [0x00000000d5e00000,0x00000000d5fa6db8,0x00000000d6000000)
  to   space 2560K, 0% used [0x00000000d6080000,0x00000000d6080000,0x00000000d6300000)
 ParOldGen       total 91648K, used 91180K [0x0000000080000000, 0x0000000085980000, 0x00000000d5580000)
  object space 91648K, 99% used [0x0000000080000000,0x000000008590b0c8,0x0000000085980000)
 Metaspace       used 84182K, committed 85824K, reserved 1179648K
  class space    used 10122K, committed 10880K, reserved 1048576K
}
Event: 1103.141 GC heap after
{Heap after GC invocations=101 (full 3):
 PSYoungGen      total 6144K, used 628K [0x00000000d5580000, 0x00000000d6180000, 0x0000000100000000)
  eden space 5120K, 0% used [0x00000000d5580000,0x00000000d5580000,0x00000000d5a80000)
  from space 1024K, 61% used [0x00000000d6080000,0x00000000d611d068,0x00000000d6180000)
  to   space 1536K, 0% used [0x00000000d5e80000,0x00000000d5e80000,0x00000000d6000000)
 ParOldGen       total 92672K, used 92169K [0x0000000080000000, 0x0000000085a80000, 0x00000000d5580000)
  object space 92672K, 99% used [0x0000000080000000,0x0000000085a026e0,0x0000000085a80000)
 Metaspace       used 84182K, committed 85824K, reserved 1179648K
  class space    used 10122K, committed 10880K, reserved 1048576K
}
Event: 1103.239 GC heap before
{Heap before GC invocations=102 (full 3):
 PSYoungGen      total 6144K, used 5242K [0x00000000d5580000, 0x00000000d6180000, 0x0000000100000000)
  eden space 5120K, 90% used [0x00000000d5580000,0x00000000d5a01b60,0x00000000d5a80000)
  from space 1024K, 61% used [0x00000000d6080000,0x00000000d611d068,0x00000000d6180000)
  to   space 1536K, 0% used [0x00000000d5e80000,0x00000000d5e80000,0x00000000d6000000)
 ParOldGen       total 92672K, used 92169K [0x0000000080000000, 0x0000000085a80000, 0x00000000d5580000)
  object space 92672K, 99% used [0x0000000080000000,0x0000000085a026e0,0x0000000085a80000)
 Metaspace       used 84269K, committed 85888K, reserved 1179648K
  class space    used 10129K, committed 10880K, reserved 1048576K
}
Event: 1103.241 GC heap after
{Heap after GC invocations=102 (full 3):
 PSYoungGen      total 6656K, used 1517K [0x00000000d5580000, 0x00000000d6100000, 0x0000000100000000)
  eden space 5120K, 0% used [0x00000000d5580000,0x00000000d5580000,0x00000000d5a80000)
  from space 1536K, 98% used [0x00000000d5e80000,0x00000000d5ffb530,0x00000000d6000000)
  to   space 1024K, 0% used [0x00000000d6000000,0x00000000d6000000,0x00000000d6100000)
 ParOldGen       total 93184K, used 92809K [0x0000000080000000, 0x0000000085b00000, 0x00000000d5580000)
  object space 93184K, 99% used [0x0000000080000000,0x0000000085aa2738,0x0000000085b00000)
 Metaspace       used 84269K, committed 85888K, reserved 1179648K
  class space    used 10129K, committed 10880K, reserved 1048576K
}
Event: 1103.348 GC heap before
{Heap before GC invocations=103 (full 3):
 PSYoungGen      total 6656K, used 6637K [0x00000000d5580000, 0x00000000d6100000, 0x0000000100000000)
  eden space 5120K, 100% used [0x00000000d5580000,0x00000000d5a80000,0x00000000d5a80000)
  from space 1536K, 98% used [0x00000000d5e80000,0x00000000d5ffb530,0x00000000d6000000)
  to   space 1024K, 0% used [0x00000000d6000000,0x00000000d6000000,0x00000000d6100000)
 ParOldGen       total 93184K, used 92809K [0x0000000080000000, 0x0000000085b00000, 0x00000000d5580000)
  object space 93184K, 99% used [0x0000000080000000,0x0000000085aa2738,0x0000000085b00000)
 Metaspace       used 84362K, committed 86016K, reserved 1179648K
  class space    used 10140K, committed 10880K, reserved 1048576K
}
Event: 1103.351 GC heap after
{Heap after GC invocations=103 (full 3):
 PSYoungGen      total 6144K, used 768K [0x00000000d5580000, 0x00000000d6100000, 0x0000000100000000)
  eden space 5120K, 0% used [0x00000000d5580000,0x00000000d5580000,0x00000000d5a80000)
  from space 1024K, 75% used [0x00000000d6000000,0x00000000d60c0000,0x00000000d6100000)
  to   space 1536K, 0% used [0x00000000d5e00000,0x00000000d5e00000,0x00000000d5f80000)
 ParOldGen       total 95232K, used 95097K [0x0000000080000000, 0x0000000085d00000, 0x00000000d5580000)
  object space 95232K, 99% used [0x0000000080000000,0x0000000085cde660,0x0000000085d00000)
 Metaspace       used 84362K, committed 86016K, reserved 1179648K
  class space    used 10140K, committed 10880K, reserved 1048576K
}
Event: 1103.601 GC heap before
{Heap before GC invocations=104 (full 3):
 PSYoungGen      total 6144K, used 5593K [0x00000000d5580000, 0x00000000d6100000, 0x0000000100000000)
  eden space 5120K, 94% used [0x00000000d5580000,0x00000000d5a36608,0x00000000d5a80000)
  from space 1024K, 75% used [0x00000000d6000000,0x00000000d60c0000,0x00000000d6100000)
  to   space 1536K, 0% used [0x00000000d5e00000,0x00000000d5e00000,0x00000000d5f80000)
 ParOldGen       total 95232K, used 95097K [0x0000000080000000, 0x0000000085d00000, 0x00000000d5580000)
  object space 95232K, 99% used [0x0000000080000000,0x0000000085cde660,0x0000000085d00000)
 Metaspace       used 84425K, committed 86080K, reserved 1179648K
  class space    used 10142K, committed 10880K, reserved 1048576K
}
Event: 1103.604 GC heap after
{Heap after GC invocations=104 (full 3):
 PSYoungGen      total 6656K, used 955K [0x00000000d5580000, 0x00000000d6080000, 0x0000000100000000)
  eden space 5120K, 0% used [0x00000000d5580000,0x00000000d5580000,0x00000000d5a80000)
  from space 1536K, 62% used [0x00000000d5e00000,0x00000000d5eeeec0,0x00000000d5f80000)
  to   space 1024K, 0% used [0x00000000d5f80000,0x00000000d5f80000,0x00000000d6080000)
 ParOldGen       total 96256K, used 95769K [0x0000000080000000, 0x0000000085e00000, 0x00000000d5580000)
  object space 96256K, 99% used [0x0000000080000000,0x0000000085d86670,0x0000000085e00000)
 Metaspace       used 84425K, committed 86080K, reserved 1179648K
  class space    used 10142K, committed 10880K, reserved 1048576K
}
Event: 1103.756 GC heap before
{Heap before GC invocations=105 (full 3):
 PSYoungGen      total 6656K, used 6075K [0x00000000d5580000, 0x00000000d6080000, 0x0000000100000000)
  eden space 5120K, 100% used [0x00000000d5580000,0x00000000d5a80000,0x00000000d5a80000)
  from space 1536K, 62% used [0x00000000d5e00000,0x00000000d5eeeec0,0x00000000d5f80000)
  to   space 1024K, 0% used [0x00000000d5f80000,0x00000000d5f80000,0x00000000d6080000)
 ParOldGen       total 96256K, used 95769K [0x0000000080000000, 0x0000000085e00000, 0x00000000d5580000)
  object space 96256K, 99% used [0x0000000080000000,0x0000000085d86670,0x0000000085e00000)
 Metaspace       used 84598K, committed 86272K, reserved 1179648K
  class space    used 10148K, committed 10880K, reserved 1048576K
}
Event: 1103.759 GC heap after
{Heap after GC invocations=105 (full 3):
 PSYoungGen      total 6144K, used 930K [0x00000000d5580000, 0x00000000d6080000, 0x0000000100000000)
  eden space 5120K, 0% used [0x00000000d5580000,0x00000000d5580000,0x00000000d5a80000)
  from space 1024K, 90% used [0x00000000d5f80000,0x00000000d6068a48,0x00000000d6080000)
  to   space 1024K, 0% used [0x00000000d5e80000,0x00000000d5e80000,0x00000000d5f80000)
 ParOldGen       total 97792K, used 97391K [0x0000000080000000, 0x0000000085f80000, 0x00000000d5580000)
  object space 97792K, 99% used [0x0000000080000000,0x0000000085f1be88,0x0000000085f80000)
 Metaspace       used 84598K, committed 86272K, reserved 1179648K
  class space    used 10148K, committed 10880K, reserved 1048576K
}

Dll operation events (15 events):
Event: 0.014 Loaded shared library c:\Users\Kadjo\.vscode\extensions\redhat.java-1.53.0-win32-x64\jre\21.0.10-win32-x86_64\bin\java.dll
Event: 0.119 Loaded shared library c:\Users\Kadjo\.vscode\extensions\redhat.java-1.53.0-win32-x64\jre\21.0.10-win32-x86_64\bin\zip.dll
Event: 0.172 Loaded shared library C:\Users\Kadjo\.vscode\extensions\redhat.java-1.53.0-win32-x64\jre\21.0.10-win32-x86_64\bin\instrument.dll
Event: 0.178 Loaded shared library C:\Users\Kadjo\.vscode\extensions\redhat.java-1.53.0-win32-x64\jre\21.0.10-win32-x86_64\bin\net.dll
Event: 0.180 Loaded shared library C:\Users\Kadjo\.vscode\extensions\redhat.java-1.53.0-win32-x64\jre\21.0.10-win32-x86_64\bin\nio.dll
Event: 0.184 Loaded shared library C:\Users\Kadjo\.vscode\extensions\redhat.java-1.53.0-win32-x64\jre\21.0.10-win32-x86_64\bin\zip.dll
Event: 0.214 Loaded shared library C:\Users\Kadjo\.vscode\extensions\redhat.java-1.53.0-win32-x64\jre\21.0.10-win32-x86_64\bin\jimage.dll
Event: 0.472 Loaded shared library c:\Users\Kadjo\.vscode\extensions\redhat.java-1.53.0-win32-x64\jre\21.0.10-win32-x86_64\bin\verify.dll
Event: 5.826 Loaded shared library C:\Users\Kadjo\AppData\Roaming\Code\User\globalStorage\redhat.java\1.53.0\config_win\org.eclipse.equinox.launcher\org.eclipse.equinox.launcher.win32.win32.x86_64_1.3.0.v20260203-2149\eclipse_11919.dll
Event: 11.302 Loaded shared library C:\Users\Kadjo\AppData\Local\Temp\jna-72253299\jna5870251469263127749.dll
Event: 21.343 Loaded shared library C:\Users\Kadjo\.vscode\extensions\redhat.java-1.53.0-win32-x64\jre\21.0.10-win32-x86_64\bin\sunmscapi.dll
Event: 22.480 Loaded shared library C:\Users\Kadjo\.vscode\extensions\redhat.java-1.53.0-win32-x64\jre\21.0.10-win32-x86_64\bin\extnet.dll
Event: 25.397 Loaded shared library C:\Users\Kadjo\.gradle\native\1def1411415f61bf3af743bc5b6707747c0891f09f0c88961ee8f79bc544acac\windows-amd64\native-platform.dll
Event: 30.510 Loaded shared library C:\Users\Kadjo\.vscode\extensions\redhat.java-1.53.0-win32-x64\jre\21.0.10-win32-x86_64\bin\management.dll
Event: 30.518 Loaded shared library C:\Users\Kadjo\.vscode\extensions\redhat.java-1.53.0-win32-x64\jre\21.0.10-win32-x86_64\bin\management_ext.dll

Deoptimization events (20 events):
Event: 1103.811 Thread 0x0000027096c5abd0 DEOPT PACKING pc=0x000002703d321fc1 sp=0x000000d19ecfea10
Event: 1103.811 Thread 0x0000027096c5abd0 DEOPT UNPACKING pc=0x00000270431e78e2 sp=0x000000d19ecfdef0 mode 0
Event: 1103.859 Thread 0x00000270978abc00 DEOPT PACKING pc=0x000002703d65785a sp=0x000000d19d2fe990
Event: 1103.859 Thread 0x00000270978abc00 DEOPT UNPACKING pc=0x00000270431e78e2 sp=0x000000d19d2fdea8 mode 0
Event: 1103.873 Thread 0x00000270978abc00 Uncommon trap: trap_request=0xffffffc6 fr.pc=0x000002704414b934 relative=0x0000000000001294
Event: 1103.873 Thread 0x00000270978abc00 Uncommon trap: reason=bimorphic_or_optimized_type_check action=maybe_recompile pc=0x000002704414b934 method=org.eclipse.jdt.internal.compiler.parser.Parser.consumeRule(I)V @ 4729 c2
Event: 1103.873 Thread 0x00000270978abc00 DEOPT PACKING pc=0x000002704414b934 sp=0x000000d19d2febb0
Event: 1103.873 Thread 0x00000270978abc00 DEOPT UNPACKING pc=0x00000270431e6da2 sp=0x000000d19d2feb40 mode 2
Event: 1103.873 Thread 0x00000270978abc00 Uncommon trap: trap_request=0xffffffc6 fr.pc=0x000002704414b670 relative=0x0000000000000fd0
Event: 1103.873 Thread 0x00000270978abc00 Uncommon trap: reason=bimorphic_or_optimized_type_check action=maybe_recompile pc=0x000002704414b670 method=org.eclipse.jdt.internal.compiler.parser.Parser.consumeRule(I)V @ 4715 c2
Event: 1103.873 Thread 0x00000270978abc00 DEOPT PACKING pc=0x000002704414b670 sp=0x000000d19d2febb0
Event: 1103.873 Thread 0x00000270978abc00 DEOPT UNPACKING pc=0x00000270431e6da2 sp=0x000000d19d2feb40 mode 2
Event: 1103.874 Thread 0x00000270978abc00 Uncommon trap: trap_request=0xffffffc6 fr.pc=0x000002704414b934 relative=0x0000000000001294
Event: 1103.874 Thread 0x00000270978abc00 Uncommon trap: reason=bimorphic_or_optimized_type_check action=maybe_recompile pc=0x000002704414b934 method=org.eclipse.jdt.internal.compiler.parser.Parser.consumeRule(I)V @ 4729 c2
Event: 1103.874 Thread 0x00000270978abc00 DEOPT PACKING pc=0x000002704414b934 sp=0x000000d19d2febb0
Event: 1103.874 Thread 0x00000270978abc00 DEOPT UNPACKING pc=0x00000270431e6da2 sp=0x000000d19d2feb40 mode 2
Event: 1103.874 Thread 0x00000270978abc00 Uncommon trap: trap_request=0xffffffc6 fr.pc=0x000002704414b670 relative=0x0000000000000fd0
Event: 1103.874 Thread 0x00000270978abc00 Uncommon trap: reason=bimorphic_or_optimized_type_check action=maybe_recompile pc=0x000002704414b670 method=org.eclipse.jdt.internal.compiler.parser.Parser.consumeRule(I)V @ 4715 c2
Event: 1103.874 Thread 0x00000270978abc00 DEOPT PACKING pc=0x000002704414b670 sp=0x000000d19d2febb0
Event: 1103.874 Thread 0x00000270978abc00 DEOPT UNPACKING pc=0x00000270431e6da2 sp=0x000000d19d2feb40 mode 2

Classes loaded (20 events):
Event: 332.545 Loading class java/util/stream/Nodes$ConcNode
Event: 332.546 Loading class java/util/stream/Nodes$AbstractConcNode
Event: 332.546 Loading class java/util/stream/Nodes$AbstractConcNode done
Event: 332.546 Loading class java/util/stream/Nodes$ConcNode done
Event: 700.016 Loading class java/util/stream/DistinctOps
Event: 700.017 Loading class java/util/stream/DistinctOps done
Event: 700.017 Loading class java/util/stream/DistinctOps$1
Event: 700.018 Loading class java/util/stream/DistinctOps$1 done
Event: 700.022 Loading class java/util/stream/DistinctOps$1$2
Event: 700.022 Loading class java/util/stream/DistinctOps$1$2 done
Event: 1095.691 Loading class java/util/stream/ReferencePipeline$4
Event: 1095.691 Loading class java/util/stream/ReferencePipeline$4 done
Event: 1095.692 Loading class java/util/stream/Nodes$IntFixedNodeBuilder
Event: 1095.693 Loading class java/util/stream/Node$Builder$OfInt
Event: 1095.694 Loading class java/util/stream/Node$Builder$OfInt done
Event: 1095.694 Loading class java/util/stream/Nodes$IntArrayNode
Event: 1095.694 Loading class java/util/stream/Nodes$IntArrayNode done
Event: 1095.694 Loading class java/util/stream/Nodes$IntFixedNodeBuilder done
Event: 1095.694 Loading class java/util/stream/ReferencePipeline$4$1
Event: 1095.695 Loading class java/util/stream/ReferencePipeline$4$1 done

Classes unloaded (7 events):
Event: 12.970 Thread 0x00000270389b0bc0 Unloading class 0x00000270511b9000 'java/lang/invoke/LambdaForm$MH+0x00000270511b9000'
Event: 12.970 Thread 0x00000270389b0bc0 Unloading class 0x00000270511b8c00 'java/lang/invoke/LambdaForm$MH+0x00000270511b8c00'
Event: 12.970 Thread 0x00000270389b0bc0 Unloading class 0x00000270511b8800 'java/lang/invoke/LambdaForm$MH+0x00000270511b8800'
Event: 12.970 Thread 0x00000270389b0bc0 Unloading class 0x00000270511b8400 'java/lang/invoke/LambdaForm$MH+0x00000270511b8400'
Event: 12.970 Thread 0x00000270389b0bc0 Unloading class 0x00000270511b8000 'java/lang/invoke/LambdaForm$BMH+0x00000270511b8000'
Event: 12.970 Thread 0x00000270389b0bc0 Unloading class 0x00000270511b7c00 'java/lang/invoke/LambdaForm$DMH+0x00000270511b7c00'
Event: 12.970 Thread 0x00000270389b0bc0 Unloading class 0x00000270511b6800 'java/lang/invoke/LambdaForm$DMH+0x00000270511b6800'

Classes redefined (0 events):
No events

Internal exceptions (20 events):
Event: 1102.074 Thread 0x00000270978abc00 Exception <a 'sun/nio/fs/WindowsException'{0x00000000d59a8180}> (0x00000000d59a8180) 
thrown [s\src\hotspot\share\prims\jni.cpp, line 520]
Event: 1102.287 Thread 0x0000027096c5abd0 Exception <a 'sun/nio/fs/WindowsException'{0x00000000d58942a0}> (0x00000000d58942a0) 
thrown [s\src\hotspot\share\prims\jni.cpp, line 520]
Event: 1102.373 Thread 0x00000270978abc00 Exception <a 'sun/nio/fs/WindowsException'{0x00000000d5658a50}> (0x00000000d5658a50) 
thrown [s\src\hotspot\share\prims\jni.cpp, line 520]
Event: 1102.387 Thread 0x0000027096c5abd0 Exception <a 'sun/nio/fs/WindowsException'{0x00000000d5686970}> (0x00000000d5686970) 
thrown [s\src\hotspot\share\prims\jni.cpp, line 520]
Event: 1102.479 Thread 0x0000027096c5abd0 Exception <a 'sun/nio/fs/WindowsException'{0x00000000d57f1678}> (0x00000000d57f1678) 
thrown [s\src\hotspot\share\prims\jni.cpp, line 520]
Event: 1102.558 Thread 0x0000027096c5abd0 Exception <a 'sun/nio/fs/WindowsException'{0x00000000d58a9390}> (0x00000000d58a9390) 
thrown [s\src\hotspot\share\prims\jni.cpp, line 520]
Event: 1102.874 Thread 0x0000027096c5abd0 Exception <a 'sun/nio/fs/WindowsException'{0x00000000d55bafd8}> (0x00000000d55bafd8) 
thrown [s\src\hotspot\share\prims\jni.cpp, line 520]
Event: 1102.940 Thread 0x0000027096c5abd0 Exception <a 'sun/nio/fs/WindowsException'{0x00000000d5690760}> (0x00000000d5690760) 
thrown [s\src\hotspot\share\prims\jni.cpp, line 520]
Event: 1103.047 Thread 0x0000027096c5abd0 Exception <a 'sun/nio/fs/WindowsException'{0x00000000d57c7c08}> (0x00000000d57c7c08) 
thrown [s\src\hotspot\share\prims\jni.cpp, line 520]
Event: 1103.106 Thread 0x0000027096c5abd0 Exception <a 'sun/nio/fs/WindowsException'{0x00000000d592ed88}> (0x00000000d592ed88) 
thrown [s\src\hotspot\share\prims\jni.cpp, line 520]
Event: 1103.170 Thread 0x0000027096c5abd0 Exception <a 'sun/nio/fs/WindowsException'{0x00000000d56e9ee0}> (0x00000000d56e9ee0) 
thrown [s\src\hotspot\share\prims\jni.cpp, line 520]
Event: 1103.196 Thread 0x00000270978abc00 Implicit null exception at 0x0000027044087b23 to 0x0000027044087e8c
Event: 1103.213 Thread 0x0000027096c5abd0 Exception <a 'sun/nio/fs/WindowsException'{0x00000000d595cc10}> (0x00000000d595cc10) 
thrown [s\src\hotspot\share\prims\jni.cpp, line 520]
Event: 1103.267 Thread 0x0000027096c5abd0 Exception <a 'sun/nio/fs/WindowsException'{0x00000000d5771b70}> (0x00000000d5771b70) 
thrown [s\src\hotspot\share\prims\jni.cpp, line 520]
Event: 1103.331 Thread 0x0000027096c5abd0 Exception <a 'sun/nio/fs/WindowsException'{0x00000000d59b2cd0}> (0x00000000d59b2cd0) 
thrown [s\src\hotspot\share\prims\jni.cpp, line 520]
Event: 1103.393 Thread 0x0000027096c5abd0 Exception <a 'sun/nio/fs/WindowsException'{0x00000000d5661658}> (0x00000000d5661658) 
thrown [s\src\hotspot\share\prims\jni.cpp, line 520]
Event: 1103.468 Thread 0x0000027096c5abd0 Exception <a 'sun/nio/fs/WindowsException'{0x00000000d585a198}> (0x00000000d585a198) 
thrown [s\src\hotspot\share\prims\jni.cpp, line 520]
Event: 1103.648 Thread 0x0000027096c5abd0 Exception <a 'sun/nio/fs/WindowsException'{0x00000000d570c9c0}> (0x00000000d570c9c0) 
thrown [s\src\hotspot\share\prims\jni.cpp, line 520]
Event: 1103.749 Thread 0x00000270978abc00 Exception <a 'java/lang/NoSuchMethodError'{0x00000000d5a56780}: 'java.lang.Object java.lang.invoke.DirectMethodHandle$Holder.invokeStatic(java.lang.Object, java.lang.Object, int, java.lang.Object, java.lang.Object)'> (0x00000000d5a56780) 
thrown [s\src\hotspot\share\interpreter\linkResolver.cpp, line 773]
Event: 1103.755 Thread 0x0000027096c5abd0 Exception <a 'sun/nio/fs/WindowsException'{0x00000000d5a75848}> (0x00000000d5a75848) 
thrown [s\src\hotspot\share\prims\jni.cpp, line 520]

ZGC Phase Switch (0 events):
No events

VM Operations (20 events):
Event: 1102.361 Executing safepoint VM operation: ParallelGCFailedAllocation (Allocation Failure) done
Event: 1102.431 Executing non-safepoint VM operation: HandshakeAllThreads (Deoptimize)
Event: 1102.432 Executing non-safepoint VM operation: HandshakeAllThreads (Deoptimize) done
Event: 1102.843 Executing safepoint VM operation: ParallelGCFailedAllocation (Allocation Failure)
Event: 1102.849 Executing safepoint VM operation: ParallelGCFailedAllocation (Allocation Failure) done
Event: 1103.138 Executing safepoint VM operation: ParallelGCFailedAllocation (Allocation Failure)
Event: 1103.141 Executing safepoint VM operation: ParallelGCFailedAllocation (Allocation Failure) done
Event: 1103.194 Executing non-safepoint VM operation: HandshakeAllThreads (Deoptimize)
Event: 1103.194 Executing non-safepoint VM operation: HandshakeAllThreads (Deoptimize) done
Event: 1103.224 Executing non-safepoint VM operation: HandshakeAllThreads (Deoptimize)
Event: 1103.224 Executing non-safepoint VM operation: HandshakeAllThreads (Deoptimize) done
Event: 1103.239 Executing safepoint VM operation: ParallelGCFailedAllocation (Allocation Failure)
Event: 1103.241 Executing safepoint VM operation: ParallelGCFailedAllocation (Allocation Failure) done
Event: 1103.347 Executing safepoint VM operation: ParallelGCFailedAllocation (Allocation Failure)
Event: 1103.351 Executing safepoint VM operation: ParallelGCFailedAllocation (Allocation Failure) done
Event: 1103.601 Executing safepoint VM operation: ParallelGCFailedAllocation (Allocation Failure)
Event: 1103.604 Executing safepoint VM operation: ParallelGCFailedAllocation (Allocation Failure) done
Event: 1103.755 Executing safepoint VM operation: ParallelGCFailedAllocation (Allocation Failure)
Event: 1103.759 Executing safepoint VM operation: ParallelGCFailedAllocation (Allocation Failure) done
Event: 1103.901 Executing safepoint VM operation: ParallelGCFailedAllocation (Allocation Failure)

Memory protections (0 events):
No events

Nmethod flushes (20 events):
Event: 29.750 Thread 0x00000270389b0bc0 flushing  nmethod 0x000002703c6d6110
Event: 29.750 Thread 0x00000270389b0bc0 flushing  nmethod 0x000002703c6d7210
Event: 29.750 Thread 0x00000270389b0bc0 flushing  nmethod 0x000002703c6d7890
Event: 29.750 Thread 0x00000270389b0bc0 flushing  nmethod 0x000002703c6da690
Event: 29.750 Thread 0x00000270389b0bc0 flushing  nmethod 0x000002703c6de110
Event: 29.750 Thread 0x00000270389b0bc0 flushing  nmethod 0x000002703c6de710
Event: 29.750 Thread 0x00000270389b0bc0 flushing  nmethod 0x000002703c6df910
Event: 29.750 Thread 0x00000270389b0bc0 flushing  nmethod 0x000002703c6dfd90
Event: 29.750 Thread 0x00000270389b0bc0 flushing  nmethod 0x000002703c6e2290
Event: 29.750 Thread 0x00000270389b0bc0 flushing  nmethod 0x000002703c6e3410
Event: 29.750 Thread 0x00000270389b0bc0 flushing  nmethod 0x000002703c6e5210
Event: 29.750 Thread 0x00000270389b0bc0 flushing  nmethod 0x000002703c6e5f90
Event: 29.750 Thread 0x00000270389b0bc0 flushing  nmethod 0x000002703c6e6410
Event: 29.750 Thread 0x00000270389b0bc0 flushing  nmethod 0x000002703c6ea990
Event: 29.750 Thread 0x00000270389b0bc0 flushing  nmethod 0x000002703c6ec990
Event: 29.750 Thread 0x00000270389b0bc0 flushing  nmethod 0x000002703c6eda10
Event: 29.750 Thread 0x00000270389b0bc0 flushing  nmethod 0x000002703c6f1e90
Event: 29.750 Thread 0x00000270389b0bc0 flushing  nmethod 0x000002703c708210
Event: 29.750 Thread 0x00000270389b0bc0 flushing  nmethod 0x000002703c70ba10
Event: 29.750 Thread 0x00000270389b0bc0 flushing  nmethod 0x000002703c755910

Events (20 events):
Event: 701.843 Thread 0x00000270978aa850 Thread added: 0x00000270977733c0
Event: 761.855 Thread 0x00000270977733c0 Thread exited: 0x00000270977733c0
Event: 1000.073 Thread 0x00000270978aa850 Thread added: 0x00000270977726a0
Event: 1000.074 Thread 0x00000270977726a0 Thread exited: 0x00000270977726a0
Event: 1000.078 Thread 0x00000270978aa850 Thread added: 0x00000270977726a0
Event: 1000.079 Thread 0x00000270977726a0 Thread exited: 0x00000270977726a0
Event: 1095.535 Thread 0x0000027096008810 Thread added: 0x000002709c50a8e0
Event: 1095.826 Thread 0x000002709c50a8e0 Thread exited: 0x000002709c50a8e0
Event: 1096.020 Thread 0x00000270978aa850 Thread added: 0x00000270977726a0
Event: 1096.046 Thread 0x0000027096008810 Thread added: 0x000002709c50a210
Event: 1096.065 Thread 0x00000270978aa850 Thread added: 0x00000270977733c0
Event: 1098.151 Thread 0x000002709c50a210 Thread exited: 0x000002709c50a210
Event: 1100.231 Thread 0x0000027096008810 Thread added: 0x000002709c5086d0
Event: 1101.033 Thread 0x000002709c5086d0 Thread exited: 0x000002709c5086d0
Event: 1102.062 Thread 0x00000270978aa850 Thread added: 0x00000270972584f0
Event: 1102.074 Thread 0x00000270978aa850 Thread added: 0x0000027097255070
Event: 1102.074 Thread 0x00000270978aa850 Thread added: 0x000002709725c000
Event: 1102.095 Thread 0x0000027096008810 Thread added: 0x000002709c50a210
Event: 1102.116 Thread 0x000002709c50a210 Thread added: 0x000002709c508da0
Event: 1103.316 Thread 0x00000270978abc00 Thread added: 0x0000027097258b80


Dynamic libraries:
0x00007ff66f740000 - 0x00007ff66f74e000 	c:\Users\Kadjo\.vscode\extensions\redhat.java-1.53.0-win32-x64\jre\21.0.10-win32-x86_64\bin\java.exe
0x00007ffe71000000 - 0x00007ffe71267000 	C:\WINDOWS\SYSTEM32\ntdll.dll
0x00007ffe6fb80000 - 0x00007ffe6fc49000 	C:\WINDOWS\System32\KERNEL32.DLL
0x00007ffe6e9a0000 - 0x00007ffe6ed91000 	C:\WINDOWS\System32\KERNELBASE.dll
0x00007ffe6e6e0000 - 0x00007ffe6e82b000 	C:\WINDOWS\System32\ucrtbase.dll
0x00007ffe26b70000 - 0x00007ffe26b8e000 	c:\Users\Kadjo\.vscode\extensions\redhat.java-1.53.0-win32-x64\jre\21.0.10-win32-x86_64\bin\VCRUNTIME140.dll
0x00007ffe26b50000 - 0x00007ffe26b68000 	c:\Users\Kadjo\.vscode\extensions\redhat.java-1.53.0-win32-x64\jre\21.0.10-win32-x86_64\bin\jli.dll
0x00007ffe6eeb0000 - 0x00007ffe6f075000 	C:\WINDOWS\System32\USER32.dll
0x00007ffe52b70000 - 0x00007ffe52e03000 	C:\WINDOWS\WinSxS\amd64_microsoft.windows.common-controls_6595b64144ccf1df_6.0.26100.8037_none_3e092faae333b53b\COMCTL32.dll
0x00007ffe6e830000 - 0x00007ffe6e857000 	C:\WINDOWS\System32\win32u.dll
0x00007ffe6f9c0000 - 0x00007ffe6fa69000 	C:\WINDOWS\System32\msvcrt.dll
0x00007ffe70b20000 - 0x00007ffe70b4b000 	C:\WINDOWS\System32\GDI32.dll
0x00007ffe6da60000 - 0x00007ffe6db8b000 	C:\WINDOWS\System32\gdi32full.dll
0x00007ffe6e630000 - 0x00007ffe6e6d3000 	C:\WINDOWS\System32\msvcp_win.dll
0x00007ffe70130000 - 0x00007ffe70161000 	C:\WINDOWS\System32\IMM32.DLL
0x00007ffe2d120000 - 0x00007ffe2d12c000 	c:\Users\Kadjo\.vscode\extensions\redhat.java-1.53.0-win32-x64\jre\21.0.10-win32-x86_64\bin\vcruntime140_1.dll
0x00007ffdca800000 - 0x00007ffdca88d000 	c:\Users\Kadjo\.vscode\extensions\redhat.java-1.53.0-win32-x64\jre\21.0.10-win32-x86_64\bin\msvcp140.dll
0x00007ffdc39a0000 - 0x00007ffdc4741000 	c:\Users\Kadjo\.vscode\extensions\redhat.java-1.53.0-win32-x64\jre\21.0.10-win32-x86_64\bin\server\jvm.dll
0x00007ffe6f180000 - 0x00007ffe6f23b000 	C:\WINDOWS\System32\ADVAPI32.dll
0x00007ffe70500000 - 0x00007ffe705a7000 	C:\WINDOWS\System32\sechost.dll
0x00007ffe70b50000 - 0x00007ffe70c68000 	C:\WINDOWS\System32\RPCRT4.dll
0x00007ffe70f10000 - 0x00007ffe70f84000 	C:\WINDOWS\System32\WS2_32.dll
0x00007ffe6d740000 - 0x00007ffe6d79e000 	C:\WINDOWS\SYSTEM32\POWRPROF.dll
0x00007ffe61050000 - 0x00007ffe61085000 	C:\WINDOWS\SYSTEM32\WINMM.dll
0x00007ffe5a3b0000 - 0x00007ffe5a3bb000 	C:\WINDOWS\SYSTEM32\VERSION.dll
0x00007ffe6d720000 - 0x00007ffe6d734000 	C:\WINDOWS\SYSTEM32\UMPDC.dll
0x00007ffe6c670000 - 0x00007ffe6c68b000 	C:\WINDOWS\SYSTEM32\kernel.appcore.dll
0x00007ffe28e60000 - 0x00007ffe28e6a000 	c:\Users\Kadjo\.vscode\extensions\redhat.java-1.53.0-win32-x64\jre\21.0.10-win32-x86_64\bin\jimage.dll
0x00007ffe6b790000 - 0x00007ffe6b9d2000 	C:\WINDOWS\SYSTEM32\DBGHELP.DLL
0x00007ffe70170000 - 0x00007ffe704f2000 	C:\WINDOWS\System32\combase.dll
0x00007ffe70a40000 - 0x00007ffe70b17000 	C:\WINDOWS\System32\OLEAUT32.dll
0x00007ffe49100000 - 0x00007ffe4913b000 	C:\WINDOWS\SYSTEM32\dbgcore.DLL
0x00007ffe6e860000 - 0x00007ffe6e905000 	C:\WINDOWS\System32\bcryptPrimitives.dll
0x00007ffe288a0000 - 0x00007ffe288af000 	c:\Users\Kadjo\.vscode\extensions\redhat.java-1.53.0-win32-x64\jre\21.0.10-win32-x86_64\bin\instrument.dll
0x00007ffdd5ef0000 - 0x00007ffdd5f10000 	c:\Users\Kadjo\.vscode\extensions\redhat.java-1.53.0-win32-x64\jre\21.0.10-win32-x86_64\bin\java.dll
0x00007ffe6f250000 - 0x00007ffe6f9af000 	C:\WINDOWS\System32\SHELL32.dll
0x00007ffe6db90000 - 0x00007ffe6dcfa000 	C:\WINDOWS\System32\wintypes.dll
0x00007ffe6dd00000 - 0x00007ffe6e564000 	C:\WINDOWS\System32\windows.storage.dll
0x00007ffe6f080000 - 0x00007ffe6f177000 	C:\WINDOWS\System32\SHCORE.dll
0x00007ffe700c0000 - 0x00007ffe70127000 	C:\WINDOWS\System32\shlwapi.dll
0x00007ffe6d800000 - 0x00007ffe6d829000 	C:\WINDOWS\SYSTEM32\profapi.dll
0x00007ffdd4880000 - 0x00007ffdd4898000 	c:\Users\Kadjo\.vscode\extensions\redhat.java-1.53.0-win32-x64\jre\21.0.10-win32-x86_64\bin\zip.dll
0x00007ffe0fc20000 - 0x00007ffe0fc30000 	C:\Users\Kadjo\.vscode\extensions\redhat.java-1.53.0-win32-x64\jre\21.0.10-win32-x86_64\bin\net.dll
0x00007ffe64fc0000 - 0x00007ffe650e7000 	C:\WINDOWS\SYSTEM32\WINHTTP.dll
0x00007ffe6cbe0000 - 0x00007ffe6cc4b000 	C:\WINDOWS\system32\mswsock.dll
0x00007ffdd3d50000 - 0x00007ffdd3d66000 	C:\Users\Kadjo\.vscode\extensions\redhat.java-1.53.0-win32-x64\jre\21.0.10-win32-x86_64\bin\nio.dll
0x00007ffe0f430000 - 0x00007ffe0f440000 	c:\Users\Kadjo\.vscode\extensions\redhat.java-1.53.0-win32-x64\jre\21.0.10-win32-x86_64\bin\verify.dll
0x00007ffdca720000 - 0x00007ffdca765000 	C:\Users\Kadjo\AppData\Roaming\Code\User\globalStorage\redhat.java\1.53.0\config_win\org.eclipse.equinox.launcher\org.eclipse.equinox.launcher.win32.win32.x86_64_1.3.0.v20260203-2149\eclipse_11919.dll
0x00007ffe70cf0000 - 0x00007ffe70e85000 	C:\WINDOWS\System32\ole32.dll
0x00007ffe6cec0000 - 0x00007ffe6cedb000 	C:\WINDOWS\SYSTEM32\CRYPTSP.dll
0x00007ffe6c5d0000 - 0x00007ffe6c609000 	C:\WINDOWS\system32\rsaenh.dll
0x00007ffe6cc90000 - 0x00007ffe6ccc2000 	C:\WINDOWS\SYSTEM32\USERENV.dll
0x00007ffe6d7d0000 - 0x00007ffe6d7fa000 	C:\WINDOWS\SYSTEM32\bcrypt.dll
0x00007ffe6cee0000 - 0x00007ffe6ceec000 	C:\WINDOWS\SYSTEM32\CRYPTBASE.dll
0x00007ffe6c190000 - 0x00007ffe6c1c3000 	C:\WINDOWS\SYSTEM32\IPHLPAPI.DLL
0x00007ffe6fc80000 - 0x00007ffe6fc8a000 	C:\WINDOWS\System32\NSI.dll
0x00007ffdca6d0000 - 0x00007ffdca719000 	C:\Users\Kadjo\AppData\Local\Temp\jna-72253299\jna5870251469263127749.dll
0x00007ffe6eea0000 - 0x00007ffe6eea8000 	C:\WINDOWS\System32\PSAPI.DLL
0x00007ffe65230000 - 0x00007ffe6524d000 	C:\WINDOWS\SYSTEM32\dhcpcsvc6.DLL
0x00007ffe651c0000 - 0x00007ffe651e3000 	C:\WINDOWS\SYSTEM32\dhcpcsvc.DLL
0x00007ffde7eb0000 - 0x00007ffde7ebe000 	C:\Users\Kadjo\.vscode\extensions\redhat.java-1.53.0-win32-x64\jre\21.0.10-win32-x86_64\bin\sunmscapi.dll
0x00007ffe6d8e0000 - 0x00007ffe6da57000 	C:\WINDOWS\System32\CRYPT32.dll
0x00007ffe6d0e0000 - 0x00007ffe6d110000 	C:\WINDOWS\SYSTEM32\ncrypt.dll
0x00007ffe6d090000 - 0x00007ffe6d0cf000 	C:\WINDOWS\SYSTEM32\NTASN1.dll
0x00007ffe6c1d0000 - 0x00007ffe6c2fa000 	C:\WINDOWS\SYSTEM32\DNSAPI.dll
0x00007ffe61000000 - 0x00007ffe6100b000 	C:\Windows\System32\rasadhlp.dll
0x00007ffe67cf0000 - 0x00007ffe67d76000 	C:\WINDOWS\System32\fwpuclnt.dll
0x00007ffdd5ee0000 - 0x00007ffdd5ee9000 	C:\Users\Kadjo\.vscode\extensions\redhat.java-1.53.0-win32-x64\jre\21.0.10-win32-x86_64\bin\extnet.dll
0x00007ffdca490000 - 0x00007ffdca4b7000 	C:\Users\Kadjo\.gradle\native\1def1411415f61bf3af743bc5b6707747c0891f09f0c88961ee8f79bc544acac\windows-amd64\native-platform.dll
0x00007ffdee520000 - 0x00007ffdee52a000 	C:\Users\Kadjo\.vscode\extensions\redhat.java-1.53.0-win32-x64\jre\21.0.10-win32-x86_64\bin\management.dll
0x00007ffdeca00000 - 0x00007ffdeca0c000 	C:\Users\Kadjo\.vscode\extensions\redhat.java-1.53.0-win32-x64\jre\21.0.10-win32-x86_64\bin\management_ext.dll
0x00007ffe64a70000 - 0x00007ffe64a78000 	C:\WINDOWS\system32\wshunix.dll

JVMTI agents:
c:\Users\Kadjo\.vscode\extensions\redhat.java-1.53.0-win32-x64\lombok\lombok-1.18.39-4050.jar path:c:\Users\Kadjo\.vscode\extensions\redhat.java-1.53.0-win32-x64\jre\21.0.10-win32-x86_64\bin\instrument.dll, loaded, initialized, instrumentlib options:none

dbghelp: loaded successfully - version: 4.0.5 - missing functions: none
symbol engine: initialized successfully - sym options: 0x614 - pdb path: .;c:\Users\Kadjo\.vscode\extensions\redhat.java-1.53.0-win32-x64\jre\21.0.10-win32-x86_64\bin;C:\WINDOWS\SYSTEM32;C:\WINDOWS\WinSxS\amd64_microsoft.windows.common-controls_6595b64144ccf1df_6.0.26100.8037_none_3e092faae333b53b;c:\Users\Kadjo\.vscode\extensions\redhat.java-1.53.0-win32-x64\jre\21.0.10-win32-x86_64\bin\server;C:\Users\Kadjo\AppData\Roaming\Code\User\globalStorage\redhat.java\1.53.0\config_win\org.eclipse.equinox.launcher\org.eclipse.equinox.launcher.win32.win32.x86_64_1.3.0.v20260203-2149;C:\Users\Kadjo\AppData\Local\Temp\jna-72253299;C:\Users\Kadjo\.gradle\native\1def1411415f61bf3af743bc5b6707747c0891f09f0c88961ee8f79bc544acac\windows-amd64

VM Arguments:
jvm_args: --add-modules=ALL-SYSTEM --add-opens=java.base/java.util=ALL-UNNAMED --add-opens=java.base/java.lang=ALL-UNNAMED --add-opens=java.base/sun.nio.fs=ALL-UNNAMED -Declipse.application=org.eclipse.jdt.ls.core.id1 -Dosgi.bundles.defaultStartLevel=4 -Declipse.product=org.eclipse.jdt.ls.core.product -Djava.import.generatesMetadataFilesAtProjectRoot=false -DDetectVMInstallationsJob.disabled=true -Dfile.encoding=utf8 -XX:+UseParallelGC -XX:GCTimeRatio=4 -XX:AdaptiveSizePolicyWeight=90 -Dsun.zip.disableMemoryMapping=true -Xmx2G -Xms100m -Xlog:disable -javaagent:c:\Users\Kadjo\.vscode\extensions\redhat.java-1.53.0-win32-x64\lombok\lombok-1.18.39-4050.jar -XX:+HeapDumpOnOutOfMemoryError -XX:HeapDumpPath=c:\Users\Kadjo\AppData\Roaming\Code\User\workspaceStorage\6b8ec2b7aee18834d27a0683ca39a516\redhat.java -Daether.dependencyCollector.impl=bf 
java_command: c:\Users\Kadjo\.vscode\extensions\redhat.java-1.53.0-win32-x64\server\plugins\org.eclipse.equinox.launcher_1.7.100.v20251111-0406.jar -configuration c:\Users\Kadjo\AppData\Roaming\Code\User\globalStorage\redhat.java\1.53.0\config_win -data c:\Users\Kadjo\AppData\Roaming\Code\User\workspaceStorage\6b8ec2b7aee18834d27a0683ca39a516\redhat.java\jdt_ws --pipe=\\.\pipe\lsp-0dba1d2d649f0640b769612de6938b0c-sock
java_class_path (initial): c:\Users\Kadjo\.vscode\extensions\redhat.java-1.53.0-win32-x64\server\plugins\org.eclipse.equinox.launcher_1.7.100.v20251111-0406.jar
Launcher Type: SUN_STANDARD

[Global flags]
    uintx AdaptiveSizePolicyWeight                 = 90                                        {product} {command line}
     intx CICompilerCount                          = 4                                         {product} {ergonomic}
    uintx GCTimeRatio                              = 4                                         {product} {command line}
     bool HeapDumpOnOutOfMemoryError               = true                                   {manageable} {command line}
    ccstr HeapDumpPath                             = c:\Users\Kadjo\AppData\Roaming\Code\User\workspaceStorage\6b8ec2b7aee18834d27a0683ca39a516\redhat.java         {manageable} {command line}
   size_t InitialHeapSize                          = 104857600                                 {product} {command line}
   size_t MaxHeapSize                              = 2147483648                                {product} {command line}
   size_t MaxNewSize                               = 715653120                                 {product} {ergonomic}
   size_t MinHeapDeltaBytes                        = 524288                                    {product} {ergonomic}
   size_t MinHeapSize                              = 104857600                                 {product} {command line}
   size_t NewSize                                  = 34603008                                  {product} {ergonomic}
    uintx NonNMethodCodeHeapSize                   = 5839372                                {pd product} {ergonomic}
    uintx NonProfiledCodeHeapSize                  = 122909434                              {pd product} {ergonomic}
   size_t OldSize                                  = 70254592                                  {product} {ergonomic}
    uintx ProfiledCodeHeapSize                     = 122909434                              {pd product} {ergonomic}
    uintx ReservedCodeCacheSize                    = 251658240                              {pd product} {ergonomic}
     bool SegmentedCodeCache                       = true                                      {product} {ergonomic}
   size_t SoftMaxHeapSize                          = 2147483648                             {manageable} {ergonomic}
     bool UseCompressedOops                        = true                           {product lp64_product} {ergonomic}
     bool UseLargePagesIndividualAllocation        = false                                  {pd product} {ergonomic}
     bool UseParallelGC                            = true                                      {product} {command line}

Logging:
Log output configuration:
 #0: stdout all=off uptime,level,tags foldmultilines=false
 #1: stderr all=off uptime,level,tags foldmultilines=false

Release file:
JAVA_VERSION="21.0.10" 
MODULES="java.base java.compiler java.datatransfer java.xml java.prefs java.desktop java.instrument java.logging java.management java.security.sasl java.naming java.rmi java.management.rmi java.net.http java.scripting java.security.jgss java.transaction.xa java.sql java.sql.rowset java.xml.crypto java.se java.smartcardio jdk.accessibility jdk.internal.jvmstat jdk.attach jdk.charsets jdk.internal.opt jdk.zipfs jdk.compiler jdk.crypto.ec jdk.crypto.cryptoki jdk.crypto.mscapi jdk.dynalink jdk.internal.ed jdk.editpad jdk.hotspot.agent jdk.httpserver jdk.internal.le jdk.internal.vm.ci jdk.internal.vm.compiler jdk.internal.vm.compiler.management jdk.jartool jdk.javadoc jdk.jcmd jdk.management jdk.management.agent jdk.jconsole jdk.jdeps jdk.jdwp.agent jdk.jdi jdk.jfr jdk.jshell jdk.jsobject jdk.jstatd jdk.localedata jdk.management.jfr jdk.naming.dns jdk.naming.rmi jdk.net jdk.nio.mapmode jdk.random jdk.sctp jdk.security.auth jdk.security.jgss jdk.unsupported jdk.unsupported.desktop jdk.xml.dom" 

Environment Variables:
JAVA_HOME=C:\Program Files\Java\jdk1.8.0_231\bin
PATH=C:\Users\Kadjo\AppData\Local\Programs\Microsoft VS Code;C:\Program Files\Common Files\Oracle\Java\javapath;C:\Program Files (x86)\VMware\VMware Workstation\bin\;C:\Program Files (x86)\Common Files\Oracle\Java\javapath;C:\WINDOWS\system32;C:\WINDOWS;C:\WINDOWS\System32\Wbem;C:\WINDOWS\System32\WindowsPowerShell\v1.0\;C:\WINDOWS\System32\OpenSSH\;C:\Program Files\Git\cmd;C:\Program Files\Docker\Docker\resources\bin;C:\glassfish4\bin;C:\Program Files\Java\jdk-17\bin;C:\Program Files\Java\jdk1.8.0_231\bin;C:\Program Files\Odoo 14.0.20230215\PostgreSQL\lib\plperl.dll;C:\Program Files\apache-tomcat-9.0.83\bin;C:\Program Files (x86)\Bitvise SSH Client;C:\Users\Kadjo\AppData\Local\Android\Sdk\platform-tools;C:\flutter\flutter_windows_3.29.2-stable\flutter\bin;C:\Program Files\Java\jdk-17\bin;C:\Program Files (x86)\nodejs;C:\Program Files\MySQL\MySQL Shell 8.0\bin\;C:\Users\Kadjo\AppData\Local\Microsoft\WindowsApps;C:\Program Files\JetBrains\IntelliJ IDEA Community Edition 2022.1.1\bin;;C:\Program Files\Heroku\bin;C:\Users\Kadjo\AppData\Local\GitHubDesktop\bin;C:\ProgramData\Kadjo\GitHubDesktop\bin;C:\MinGW\bin;C:\Program Files\JetBrains\PyCharm Community Edition 2022.3.2\bin;;C:\OpenSSL\bin;C:\Applications\Atlassian\atlassian-plugin-sdk-8.2.7\bin;C:\Users\Kadjo\AppData\Roaming\npm;C:\Users\Kadjo\AppData\Local\Programs\Microsoft VS Code\bin;C:\Program Files\Odoo 14.0.20230215\PostgreSQL\lib\plperl.dll;C:\Program Files\apache-tomcat-9.0.83\bin;C:\Program Files (x86)\node-v20.19.4-win-x64;
USERNAME=Kadjo
OS=Windows_NT
PROCESSOR_IDENTIFIER=Intel64 Family 6 Model 140 Stepping 2, GenuineIntel
TMP=C:\Users\Kadjo\AppData\Local\Temp
TEMP=C:\Users\Kadjo\AppData\Local\Temp




Periodic native trim disabled

---------------  S Y S T E M  ---------------

OS:
 Windows 11 , 64 bit Build 26100 (10.0.26100.7920)
OS uptime: 0 days 0:49 hours
Hyper-V role detected

CPU: total 8 (initial active 8) (4 cores per cpu, 2 threads per core) family 6 model 140 stepping 2 microcode 0x22, cx8, cmov, fxsr, ht, mmx, 3dnowpref, sse, sse2, sse3, ssse3, sse4.1, sse4.2, popcnt, lzcnt, tsc, tscinvbit, avx, avx2, aes, erms, clmul, bmi1, bmi2, adx, avx512f, avx512dq, avx512cd, avx512bw, avx512vl, sha, fma, vzeroupper, avx512_vpopcntdq, avx512_vpclmulqdq, avx512_vaes, avx512_vnni, clflush, clflushopt, clwb, avx512_vbmi2, avx512_vbmi, hv, rdtscp, rdpid, fsrm, gfni, avx512_bitalg, f16c, cet_ibt, cet_ss, avx512_ifma
Processor Information for processor 0
  Max Mhz: 2496, Current Mhz: 2496, Mhz Limit: 2496
Processor Information for processor 1
  Max Mhz: 2496, Current Mhz: 2496, Mhz Limit: 2496
Processor Information for processor 2
  Max Mhz: 2496, Current Mhz: 2496, Mhz Limit: 2496
Processor Information for processor 3
  Max Mhz: 2496, Current Mhz: 998, Mhz Limit: 2496
Processor Information for processor 4
  Max Mhz: 2496, Current Mhz: 998, Mhz Limit: 2496
Processor Information for processor 5
  Max Mhz: 2496, Current Mhz: 2496, Mhz Limit: 2496
Processor Information for processor 6
  Max Mhz: 2496, Current Mhz: 2496, Mhz Limit: 2496
Processor Information for processor 7
  Max Mhz: 2496, Current Mhz: 998, Mhz Limit: 2496

Memory: 4k page, system-wide physical 20247M (2183M free)
TotalPageFile size 22295M (AvailPageFile size 5M)
current process WorkingSet (physical memory assigned to process): 391M, peak: 391M
current process commit charge ("private bytes"): 467M, peak: 467M

vm_info: OpenJDK 64-Bit Server VM (21.0.10+7-LTS) for windows-amd64 JRE (21.0.10+7-LTS), built on 2026-01-20T00:00:00Z by "admin" with MS VC++ 17.12 (VS2022)

END.
