#
# There is insufficient memory for the Java Runtime Environment to continue.
# Native memory allocation (malloc) failed to allocate 1860496 bytes for Chunk::new
# Possible reasons:
#   The system is out of physical RAM or swap space
#   The process is running with CompressedOops enabled, and the Java Heap may be blocking the growth of the native heap
# Possible solutions:
#   Reduce memory load on the system
#   Increase physical memory or swap space
#   Check if swap backing store is full
#   Decrease Java heap size (-Xmx/-Xms)
#   Decrease number of Java threads
#   Decrease Java thread stack sizes (-Xss)
#   Set larger code cache with -XX:ReservedCodeCacheSize=
#   JVM is running with Unscaled Compressed Oops mode in which the Java heap is
#     placed in the first 4GB address space. The Java Heap base address is the
#     maximum limit for the native heap growth. Please use -XX:HeapBaseMinAddress
#     to set the Java Heap base and to place the Java Heap above 4GB virtual address.
# This output file may be truncated or incomplete.
#
#  Out of Memory Error (arena.cpp:189), pid=17728, tid=30736
#
# JRE version: Java(TM) SE Runtime Environment (17.0.7+8) (build 17.0.7+8-LTS-224)
# Java VM: Java HotSpot(TM) 64-Bit Server VM (17.0.7+8-LTS-224, mixed mode, sharing, tiered, compressed oops, compressed class ptrs, g1 gc, windows-amd64)
# No core dump will be written. Minidumps are not enabled by default on client versions of Windows
#

---------------  S U M M A R Y ------------

Command Line: --add-opens=java.base/java.lang=ALL-UNNAMED --add-opens=java.base/java.lang.invoke=ALL-UNNAMED --add-opens=java.base/java.util=ALL-UNNAMED --add-opens=java.prefs/java.util.prefs=ALL-UNNAMED --add-exports=jdk.compiler/com.sun.tools.javac.api=ALL-UNNAMED --add-exports=jdk.compiler/com.sun.tools.javac.util=ALL-UNNAMED --add-opens=java.base/java.util=ALL-UNNAMED --add-opens=java.prefs/java.util.prefs=ALL-UNNAMED --add-opens=java.base/java.nio.charset=ALL-UNNAMED --add-opens=java.base/java.net=ALL-UNNAMED --add-opens=java.base/java.util.concurrent.atomic=ALL-UNNAMED --add-opens=java.xml/javax.xml.namespace=ALL-UNNAMED -Xmx1536m -Dfile.encoding=UTF-8 -Duser.country=US -Duser.language=en -Duser.variant -javaagent:C:\Users\Kadjo\.gradle\wrapper\dists\gradle-8.14.3-all\10utluxaxniiv4wxiphsi49nj\gradle-8.14.3\lib\agents\gradle-instrumentation-agent-8.14.3.jar org.gradle.launcher.daemon.bootstrap.GradleDaemon 8.14.3

Host: 11th Gen Intel(R) Core(TM) i5-1155G7 @ 2.50GHz, 8 cores, 19G,  Windows 11 , 64 bit Build 26100 (10.0.26100.8521)
Time: Tue Jul  7 00:01:52 2026 W. Central Africa Standard Time elapsed time: 18.859611 seconds (0d 0h 0m 18s)

---------------  T H R E A D  ---------------

Current thread (0x00000266e9f33800):  JavaThread "C2 CompilerThread2" daemon [_thread_in_native, id=30736, stack(0x000000dda1d00000,0x000000dda1e00000)]


Current CompileTask:
C2:  18859 8068       4       java.util.zip.ZipFile$Source::initCEN (591 bytes)

Stack: [0x000000dda1d00000,0x000000dda1e00000]
Native frames: (J=compiled Java code, j=interpreted, Vv=VM code, C=native code)
V  [jvm.dll+0x676a4a]
V  [jvm.dll+0x7d74f4]
V  [jvm.dll+0x7d8c9e]
V  [jvm.dll+0x7d9303]
V  [jvm.dll+0x2452c5]
V  [jvm.dll+0xaaa2b]
V  [jvm.dll+0xaafcc]
V  [jvm.dll+0x3613cf]
V  [jvm.dll+0x32bba1]
V  [jvm.dll+0x32b03a]
V  [jvm.dll+0x217acf]
V  [jvm.dll+0x216f01]
V  [jvm.dll+0x1a35e0]
V  [jvm.dll+0x226a6e]
V  [jvm.dll+0x224e15]
V  [jvm.dll+0x78d05c]
V  [jvm.dll+0x78759a]
V  [jvm.dll+0x675875]
C  [ucrtbase.dll+0x2cd30]
C  [KERNEL32.DLL+0x2e957]
C  [ntdll.dll+0x87c1c]


---------------  P R O C E S S  ---------------

Threads class SMR info:
_java_thread_list=0x00000266e45f5290, length=66, elements={
0x00000266c4a152b0, 0x00000266e1940670, 0x00000266e1941ca0, 0x00000266e2404990,
0x00000266e2405250, 0x00000266e2405b10, 0x00000266e24073e0, 0x00000266e2407fd0,
0x00000266e240ab20, 0x00000266e240dfa0, 0x00000266e192c0d0, 0x00000266e268d1b0,
0x00000266e42b9470, 0x00000266e4443d90, 0x00000266e2637020, 0x00000266e3774280,
0x00000266e3774750, 0x00000266e2d49280, 0x00000266e2514a10, 0x00000266e247e940,
0x00000266e247f7b0, 0x00000266e247d130, 0x00000266e2480150, 0x00000266e2480620,
0x00000266e247cc60, 0x00000266e247fc80, 0x00000266e247d600, 0x00000266e247dfa0,
0x00000266e247e470, 0x00000266e7a2ca20, 0x00000266e7a2bbb0, 0x00000266e7a2c080,
0x00000266e7a2c550, 0x00000266e7a2cef0, 0x00000266e7a2a870, 0x00000266e7a2d3c0,
0x00000266e7a2dd60, 0x00000266e7a2a3a0, 0x00000266e7a2f0a0, 0x00000266e7a2fa40,
0x00000266e7a303e0, 0x00000266e7a308b0, 0x00000266e9f332f0, 0x00000266e7a2e230,
0x00000266e7a2e700, 0x00000266e7a2ff10, 0x00000266e7a2ebd0, 0x00000266e7a2f570,
0x00000266e63cb870, 0x00000266e63cd080, 0x00000266e9f33800, 0x00000266e63cd550,
0x00000266e63cda20, 0x00000266e63caa00, 0x00000266e63ca060, 0x00000266e63ca530,
0x00000266e63caed0, 0x00000266e63cb3a0, 0x00000266e63cbd40, 0x00000266e63cc210,
0x00000266e63ccbb0, 0x00000266e69bb880, 0x00000266e69bd560, 0x00000266e69bda30,
0x00000266e69baee0, 0x00000266e69bb3b0
}

Java Threads: ( => current thread )
  0x00000266c4a152b0 JavaThread "main" [_thread_blocked, id=27632, stack(0x000000dd9db00000,0x000000dd9dc00000)]
  0x00000266e1940670 JavaThread "Reference Handler" daemon [_thread_blocked, id=3564, stack(0x000000dd9e200000,0x000000dd9e300000)]
  0x00000266e1941ca0 JavaThread "Finalizer" daemon [_thread_blocked, id=22932, stack(0x000000dd9e300000,0x000000dd9e400000)]
  0x00000266e2404990 JavaThread "Signal Dispatcher" daemon [_thread_blocked, id=30020, stack(0x000000dd9e400000,0x000000dd9e500000)]
  0x00000266e2405250 JavaThread "Attach Listener" daemon [_thread_blocked, id=28796, stack(0x000000dd9e500000,0x000000dd9e600000)]
  0x00000266e2405b10 JavaThread "Service Thread" daemon [_thread_blocked, id=21352, stack(0x000000dd9e600000,0x000000dd9e700000)]
  0x00000266e24073e0 JavaThread "Monitor Deflation Thread" daemon [_thread_blocked, id=30632, stack(0x000000dd9e700000,0x000000dd9e800000)]
  0x00000266e2407fd0 JavaThread "C2 CompilerThread0" daemon [_thread_blocked, id=11932, stack(0x000000dd9e800000,0x000000dd9e900000)]
  0x00000266e240ab20 JavaThread "C1 CompilerThread0" daemon [_thread_blocked, id=30160, stack(0x000000dd9e900000,0x000000dd9ea00000)]
  0x00000266e240dfa0 JavaThread "Sweeper thread" daemon [_thread_blocked, id=27880, stack(0x000000dd9ea00000,0x000000dd9eb00000)]
  0x00000266e192c0d0 JavaThread "Common-Cleaner" daemon [_thread_blocked, id=28124, stack(0x000000dd9eb00000,0x000000dd9ec00000)]
  0x00000266e268d1b0 JavaThread "Notification Thread" daemon [_thread_blocked, id=14092, stack(0x000000dd9ec00000,0x000000dd9ed00000)]
  0x00000266e42b9470 JavaThread "Daemon health stats" [_thread_blocked, id=28216, stack(0x000000dd9ee00000,0x000000dd9ef00000)]
  0x00000266e4443d90 JavaThread "Incoming local TCP Connector on port 54083" [_thread_in_native, id=27996, stack(0x000000dd9ef00000,0x000000dd9f000000)]
  0x00000266e2637020 JavaThread "Daemon periodic checks" [_thread_blocked, id=28580, stack(0x000000dd9f600000,0x000000dd9f700000)]
  0x00000266e3774280 JavaThread "Daemon" [_thread_blocked, id=19528, stack(0x000000dd9f700000,0x000000dd9f800000)]
  0x00000266e3774750 JavaThread "Handler for socket connection from /127.0.0.1:54083 to /127.0.0.1:54084" [_thread_in_native, id=12408, stack(0x000000dd9f800000,0x000000dd9f900000)]
  0x00000266e2d49280 JavaThread "Cancel handler" [_thread_blocked, id=5100, stack(0x000000dd9f900000,0x000000dd9fa00000)]
  0x00000266e2514a10 JavaThread "Daemon worker" [_thread_in_native, id=15820, stack(0x000000dd9fa00000,0x000000dd9fb00000)]
  0x00000266e247e940 JavaThread "Asynchronous log dispatcher for DefaultDaemonConnection: socket connection from /127.0.0.1:54083 to /127.0.0.1:54084" [_thread_blocked, id=29268, stack(0x000000dd9fb00000,0x000000dd9fc00000)]
  0x00000266e247f7b0 JavaThread "Stdin handler" [_thread_blocked, id=10136, stack(0x000000dd9fc00000,0x000000dd9fd00000)]
  0x00000266e247d130 JavaThread "Daemon client event forwarder" [_thread_blocked, id=30068, stack(0x000000dd9fd00000,0x000000dd9fe00000)]
  0x00000266e2480150 JavaThread "Cache worker for journal cache (C:\Users\Kadjo\.gradle\caches\journal-1)" [_thread_blocked, id=11948, stack(0x000000dd9fe00000,0x000000dd9ff00000)]
  0x00000266e2480620 JavaThread "File lock request listener" [_thread_in_native, id=27692, stack(0x000000dd9ff00000,0x000000dda0000000)]
  0x00000266e247cc60 JavaThread "Cache worker for file hash cache (C:\Users\Kadjo\.gradle\caches\8.14.3\fileHashes)" [_thread_blocked, id=23844, stack(0x000000dda0100000,0x000000dda0200000)]
  0x00000266e247fc80 JavaThread "Cache worker for file hash cache (C:\Users\Kadjo\Documents\GitHub\Sante20\android\.gradle\8.14.3\fileHashes)" [_thread_blocked, id=22768, stack(0x000000dda0300000,0x000000dda0400000)]
  0x00000266e247d600 JavaThread "Cache worker for Build Output Cleanup Cache (C:\Users\Kadjo\Documents\GitHub\Sante20\android\.gradle\buildOutputCleanup)" [_thread_blocked, id=12428, stack(0x000000dda0400000,0x000000dda0500000)]
  0x00000266e247dfa0 JavaThread "File watcher server" daemon [_thread_in_native, id=20588, stack(0x000000dda0700000,0x000000dda0800000)]
  0x00000266e247e470 JavaThread "File watcher consumer" daemon [_thread_blocked, id=28592, stack(0x000000dda0800000,0x000000dda0900000)]
  0x00000266e7a2ca20 JavaThread "jar transforms" [_thread_blocked, id=27980, stack(0x000000dda0600000,0x000000dda0700000)]
  0x00000266e7a2bbb0 JavaThread "jar transforms Thread 2" [_thread_blocked, id=18692, stack(0x000000dda0900000,0x000000dda0a00000)]
  0x00000266e7a2c080 JavaThread "Cache worker for checksums cache (C:\Users\Kadjo\Documents\GitHub\Sante20\android\.gradle\8.14.3\checksums)" [_thread_blocked, id=31116, stack(0x000000dda0c00000,0x000000dda0d00000)]
  0x00000266e7a2c550 JavaThread "Cache worker for file content cache (C:\Users\Kadjo\.gradle\caches\8.14.3\fileContent)" [_thread_blocked, id=31120, stack(0x000000dda0d00000,0x000000dda0e00000)]
  0x00000266e7a2cef0 JavaThread "jar transforms Thread 3" [_thread_blocked, id=31256, stack(0x000000dda0e00000,0x000000dda0f00000)]
  0x00000266e7a2a870 JavaThread "jar transforms Thread 4" [_thread_blocked, id=31260, stack(0x000000dda0f00000,0x000000dda1000000)]
  0x00000266e7a2d3c0 JavaThread "jar transforms Thread 5" [_thread_blocked, id=31268, stack(0x000000dda1000000,0x000000dda1100000)]
  0x00000266e7a2dd60 JavaThread "jar transforms Thread 6" [_thread_blocked, id=31272, stack(0x000000dda1100000,0x000000dda1200000)]
  0x00000266e7a2a3a0 JavaThread "File lock release action executor" [_thread_blocked, id=31288, stack(0x000000dda0b00000,0x000000dda0c00000)]
  0x00000266e7a2f0a0 JavaThread "Cache worker for cache directory md-supplier (C:\Users\Kadjo\.gradle\caches\8.14.3\md-supplier)" [_thread_blocked, id=31292, stack(0x000000dda1200000,0x000000dda1300000)]
  0x00000266e7a2fa40 JavaThread "Cache worker for cache directory md-rule (C:\Users\Kadjo\.gradle\caches\8.14.3\md-rule)" [_thread_blocked, id=31316, stack(0x000000dda1300000,0x000000dda1400000)]
  0x00000266e7a303e0 JavaThread "Problems report writer" [_thread_blocked, id=31352, stack(0x000000dda0000000,0x000000dda0100000)]
  0x00000266e7a308b0 JavaThread "jar transforms Thread 7" [_thread_blocked, id=31396, stack(0x000000dda1600000,0x000000dda1700000)]
  0x00000266e9f332f0 JavaThread "C2 CompilerThread1" daemon [_thread_blocked, id=30520, stack(0x000000dda1400000,0x000000dda1500000)]
  0x00000266e7a2e230 JavaThread "Unconstrained build operations" [_thread_blocked, id=30636, stack(0x000000dda1500000,0x000000dda1600000)]
  0x00000266e7a2e700 JavaThread "Unconstrained build operations Thread 2" [_thread_blocked, id=14020, stack(0x000000dda1700000,0x000000dda1800000)]
  0x00000266e7a2ff10 JavaThread "Unconstrained build operations Thread 3" [_thread_blocked, id=20148, stack(0x000000dda1800000,0x000000dda1900000)]
  0x00000266e7a2ebd0 JavaThread "Unconstrained build operations Thread 4" [_thread_blocked, id=10552, stack(0x000000dda1900000,0x000000dda1a00000)]
  0x00000266e7a2f570 JavaThread "Unconstrained build operations Thread 5" [_thread_blocked, id=7304, stack(0x000000dda1a00000,0x000000dda1b00000)]
  0x00000266e63cb870 JavaThread "Unconstrained build operations Thread 6" [_thread_blocked, id=17228, stack(0x000000dda1b00000,0x000000dda1c00000)]
  0x00000266e63cd080 JavaThread "Unconstrained build operations Thread 7" [_thread_blocked, id=27908, stack(0x000000dda1c00000,0x000000dda1d00000)]
=>0x00000266e9f33800 JavaThread "C2 CompilerThread2" daemon [_thread_in_native, id=30736, stack(0x000000dda1d00000,0x000000dda1e00000)]
  0x00000266e63cd550 JavaThread "Unconstrained build operations Thread 8" [_thread_blocked, id=30916, stack(0x000000dda1e00000,0x000000dda1f00000)]
  0x00000266e63cda20 JavaThread "Unconstrained build operations Thread 9" [_thread_blocked, id=30908, stack(0x000000dda1f00000,0x000000dda2000000)]
  0x00000266e63caa00 JavaThread "Unconstrained build operations Thread 10" [_thread_blocked, id=30952, stack(0x000000dda2000000,0x000000dda2100000)]
  0x00000266e63ca060 JavaThread "Unconstrained build operations Thread 11" [_thread_blocked, id=30948, stack(0x000000dda2100000,0x000000dda2200000)]
  0x00000266e63ca530 JavaThread "Unconstrained build operations Thread 12" [_thread_blocked, id=30944, stack(0x000000dda2200000,0x000000dda2300000)]
  0x00000266e63caed0 JavaThread "Unconstrained build operations Thread 13" [_thread_blocked, id=30940, stack(0x000000dda2300000,0x000000dda2400000)]
  0x00000266e63cb3a0 JavaThread "Unconstrained build operations Thread 14" [_thread_blocked, id=30936, stack(0x000000dda2400000,0x000000dda2500000)]
  0x00000266e63cbd40 JavaThread "Unconstrained build operations Thread 15" [_thread_blocked, id=31020, stack(0x000000dda2500000,0x000000dda2600000)]
  0x00000266e63cc210 JavaThread "Unconstrained build operations Thread 16" [_thread_blocked, id=15384, stack(0x000000dda2600000,0x000000dda2700000)]
  0x00000266e63ccbb0 JavaThread "Unconstrained build operations Thread 17" [_thread_blocked, id=21856, stack(0x000000dda2700000,0x000000dda2800000)]
  0x00000266e69bb880 JavaThread "Unconstrained build operations Thread 18" [_thread_blocked, id=14376, stack(0x000000dda2800000,0x000000dda2900000)]
  0x00000266e69bd560 JavaThread "Unconstrained build operations Thread 19" [_thread_blocked, id=28596, stack(0x000000dda2900000,0x000000dda2a00000)]
  0x00000266e69bda30 JavaThread "Unconstrained build operations Thread 20" [_thread_blocked, id=29172, stack(0x000000dda2a00000,0x000000dda2b00000)]
  0x00000266e69baee0 JavaThread "Unconstrained build operations Thread 21" [_thread_blocked, id=30956, stack(0x000000dda2b00000,0x000000dda2c00000)]
  0x00000266e69bb3b0 JavaThread "jar transforms Thread 8" [_thread_blocked, id=23152, stack(0x000000dda2c00000,0x000000dda2d00000)]

Other Threads:
  0x00000266e193c4c0 VMThread "VM Thread" [stack: 0x000000dd9e100000,0x000000dd9e200000] [id=28356]
  0x00000266c4a7d860 WatcherThread [stack: 0x000000dd9ed00000,0x000000dd9ee00000] [id=28100]
  0x00000266c4a61e90 GCTaskThread "GC Thread#0" [stack: 0x000000dd9dc00000,0x000000dd9dd00000] [id=2424]
  0x00000266e2b2fc90 GCTaskThread "GC Thread#1" [stack: 0x000000dd9f000000,0x000000dd9f100000] [id=9152]
  0x00000266e2c81310 GCTaskThread "GC Thread#2" [stack: 0x000000dd9f100000,0x000000dd9f200000] [id=13676]
  0x00000266e2c48670 GCTaskThread "GC Thread#3" [stack: 0x000000dd9f200000,0x000000dd9f300000] [id=28088]
  0x00000266e2d12b80 GCTaskThread "GC Thread#4" [stack: 0x000000dd9f300000,0x000000dd9f400000] [id=27876]
  0x00000266e2d12e30 GCTaskThread "GC Thread#5" [stack: 0x000000dd9f400000,0x000000dd9f500000] [id=13592]
  0x00000266e2994f50 GCTaskThread "GC Thread#6" [stack: 0x000000dd9f500000,0x000000dd9f600000] [id=27704]
  0x00000266e3c610c0 GCTaskThread "GC Thread#7" [stack: 0x000000dda0200000,0x000000dda0300000] [id=29868]
  0x00000266c4a6ece0 ConcurrentGCThread "G1 Main Marker" [stack: 0x000000dd9dd00000,0x000000dd9de00000] [id=29032]
  0x00000266c4a6f600 ConcurrentGCThread "G1 Conc#0" [stack: 0x000000dd9de00000,0x000000dd9df00000] [id=13864]
  0x00000266e3c60600 ConcurrentGCThread "G1 Conc#1" [stack: 0x000000dda0500000,0x000000dda0600000] [id=28732]
  0x00000266c4ade520 ConcurrentGCThread "G1 Refine#0" [stack: 0x000000dd9df00000,0x000000dd9e000000] [id=19076]
  0x00000266e81ec0e0 ConcurrentGCThread "G1 Refine#1" [stack: 0x000000dda0a00000,0x000000dda0b00000] [id=30772]
  0x00000266e17f31e0 ConcurrentGCThread "G1 Service" [stack: 0x000000dd9e000000,0x000000dd9e100000] [id=30276]

Threads with active compile tasks:
C2 CompilerThread0    18879 8099       4       sun.reflect.generics.factory.CoreReflectionFactory::getDeclsLoader (85 bytes)
C2 CompilerThread1    18879 8098   !   4       sun.reflect.generics.factory.CoreReflectionFactory::makeNamedType (21 bytes)
C2 CompilerThread2    18879 8068       4       java.util.zip.ZipFile$Source::initCEN (591 bytes)

VM state: not at safepoint (normal execution)

VM Mutex/Monitor currently owned by a thread: None

Heap address: 0x00000000a0000000, size: 1536 MB, Compressed Oops mode: 32-bit

CDS archive(s) mapped at: [0x0000000800000000-0x0000000800bd0000-0x0000000800bd0000), size 12386304, SharedBaseAddress: 0x0000000800000000, ArchiveRelocationMode: 0.
Compressed class space mapped at: 0x0000000800c00000-0x0000000840c00000, reserved size: 1073741824
Narrow klass base: 0x0000000800000000, Narrow klass shift: 0, Narrow klass range: 0x100000000

GC Precious Log:
 CPUs: 8 total, 8 available
 Memory: 20247M
 Large Page Support: Disabled
 NUMA Support: Disabled
 Compressed Oops: Enabled (32-bit)
 Heap Region Size: 1M
 Heap Min Capacity: 8M
 Heap Initial Capacity: 318M
 Heap Max Capacity: 1536M
 Pre-touch: Disabled
 Parallel Workers: 8
 Concurrent Workers: 2
 Concurrent Refinement Workers: 8
 Periodic GC: Disabled

Heap:
 garbage-first heap   total 101376K, used 70680K [0x00000000a0000000, 0x0000000100000000)
  region size 1024K, 14 young (14336K), 1 survivors (1024K)
 Metaspace       used 50771K, committed 51328K, reserved 1097728K
  class space    used 7002K, committed 7232K, reserved 1048576K

Heap Regions: E=young(eden), S=young(survivor), O=old, HS=humongous(starts), HC=humongous(continues), CS=collection set, F=free, OA=open archive, CA=closed archive, TAMS=top-at-mark-start (previous, next)
|   0|0x00000000a0000000, 0x00000000a0100000, 0x00000000a0100000|100%|HS|  |TAMS 0x00000000a0100000, 0x00000000a0000000| Complete 
|   1|0x00000000a0100000, 0x00000000a0200000, 0x00000000a0200000|100%|HC|  |TAMS 0x00000000a0200000, 0x00000000a0100000| Complete 
|   2|0x00000000a0200000, 0x00000000a0300000, 0x00000000a0300000|100%|HC|  |TAMS 0x00000000a0300000, 0x00000000a0200000| Complete 
|   3|0x00000000a0300000, 0x00000000a0400000, 0x00000000a0400000|100%| O|  |TAMS 0x00000000a0400000, 0x00000000a0300000| Untracked 
|   4|0x00000000a0400000, 0x00000000a0500000, 0x00000000a0500000|100%| O|  |TAMS 0x00000000a0500000, 0x00000000a0400000| Untracked 
|   5|0x00000000a0500000, 0x00000000a0600000, 0x00000000a0600000|100%| O|  |TAMS 0x00000000a0600000, 0x00000000a0500000| Untracked 
|   6|0x00000000a0600000, 0x00000000a0700000, 0x00000000a0700000|100%|HS|  |TAMS 0x00000000a0700000, 0x00000000a0600000| Complete 
|   7|0x00000000a0700000, 0x00000000a0800000, 0x00000000a0800000|100%| O|  |TAMS 0x00000000a0800000, 0x00000000a0700000| Untracked 
|   8|0x00000000a0800000, 0x00000000a0900000, 0x00000000a0900000|100%| O|  |TAMS 0x00000000a0900000, 0x00000000a0800000| Untracked 
|   9|0x00000000a0900000, 0x00000000a0a00000, 0x00000000a0a00000|100%| O|  |TAMS 0x00000000a0a00000, 0x00000000a0900000| Untracked 
|  10|0x00000000a0a00000, 0x00000000a0b00000, 0x00000000a0b00000|100%| O|  |TAMS 0x00000000a0b00000, 0x00000000a0a00000| Untracked 
|  11|0x00000000a0b00000, 0x00000000a0c00000, 0x00000000a0c00000|100%| O|  |TAMS 0x00000000a0c00000, 0x00000000a0b00000| Untracked 
|  12|0x00000000a0c00000, 0x00000000a0d00000, 0x00000000a0d00000|100%| O|  |TAMS 0x00000000a0d00000, 0x00000000a0c00000| Untracked 
|  13|0x00000000a0d00000, 0x00000000a0e00000, 0x00000000a0e00000|100%|HS|  |TAMS 0x00000000a0e00000, 0x00000000a0d00000| Complete 
|  14|0x00000000a0e00000, 0x00000000a0f00000, 0x00000000a0f00000|100%| O|  |TAMS 0x00000000a0f00000, 0x00000000a0e00000| Untracked 
|  15|0x00000000a0f00000, 0x00000000a1000000, 0x00000000a1000000|100%| O|  |TAMS 0x00000000a1000000, 0x00000000a0f00000| Untracked 
|  16|0x00000000a1000000, 0x00000000a1100000, 0x00000000a1100000|100%| O|  |TAMS 0x00000000a1100000, 0x00000000a1000000| Untracked 
|  17|0x00000000a1100000, 0x00000000a1200000, 0x00000000a1200000|100%| O|  |TAMS 0x00000000a1200000, 0x00000000a1100000| Untracked 
|  18|0x00000000a1200000, 0x00000000a1300000, 0x00000000a1300000|100%| O|  |TAMS 0x00000000a1300000, 0x00000000a1200000| Untracked 
|  19|0x00000000a1300000, 0x00000000a1400000, 0x00000000a1400000|100%| O|  |TAMS 0x00000000a1400000, 0x00000000a1300000| Untracked 
|  20|0x00000000a1400000, 0x00000000a1500000, 0x00000000a1500000|100%| O|  |TAMS 0x00000000a1500000, 0x00000000a1400000| Untracked 
|  21|0x00000000a1500000, 0x00000000a1600000, 0x00000000a1600000|100%| O|  |TAMS 0x00000000a1600000, 0x00000000a1500000| Untracked 
|  22|0x00000000a1600000, 0x00000000a1700000, 0x00000000a1700000|100%| O|  |TAMS 0x00000000a1700000, 0x00000000a1600000| Untracked 
|  23|0x00000000a1700000, 0x00000000a1800000, 0x00000000a1800000|100%| O|  |TAMS 0x00000000a1800000, 0x00000000a1700000| Untracked 
|  24|0x00000000a1800000, 0x00000000a1900000, 0x00000000a1900000|100%| O|  |TAMS 0x00000000a1900000, 0x00000000a1800000| Untracked 
|  25|0x00000000a1900000, 0x00000000a1a00000, 0x00000000a1a00000|100%|HS|  |TAMS 0x00000000a1900000, 0x00000000a1900000| Complete 
|  26|0x00000000a1a00000, 0x00000000a1b00000, 0x00000000a1b00000|100%| O|  |TAMS 0x00000000a1b00000, 0x00000000a1a00000| Untracked 
|  27|0x00000000a1b00000, 0x00000000a1c00000, 0x00000000a1c00000|100%| O|  |TAMS 0x00000000a1c00000, 0x00000000a1b00000| Untracked 
|  28|0x00000000a1c00000, 0x00000000a1d00000, 0x00000000a1d00000|100%| O|  |TAMS 0x00000000a1d00000, 0x00000000a1c00000| Untracked 
|  29|0x00000000a1d00000, 0x00000000a1e00000, 0x00000000a1e00000|100%| O|  |TAMS 0x00000000a1e00000, 0x00000000a1d00000| Complete 
|  30|0x00000000a1e00000, 0x00000000a1f00000, 0x00000000a1f00000|100%| O|  |TAMS 0x00000000a1f00000, 0x00000000a1e00000| Untracked 
|  31|0x00000000a1f00000, 0x00000000a2000000, 0x00000000a2000000|100%| O|  |TAMS 0x00000000a2000000, 0x00000000a1f00000| Untracked 
|  32|0x00000000a2000000, 0x00000000a2100000, 0x00000000a2100000|100%| O|  |TAMS 0x00000000a2100000, 0x00000000a2000000| Untracked 
|  33|0x00000000a2100000, 0x00000000a2200000, 0x00000000a2200000|100%| O|  |TAMS 0x00000000a2200000, 0x00000000a2100000| Untracked 
|  34|0x00000000a2200000, 0x00000000a2300000, 0x00000000a2300000|100%| O|  |TAMS 0x00000000a2300000, 0x00000000a2200000| Untracked 
|  35|0x00000000a2300000, 0x00000000a2400000, 0x00000000a2400000|100%| O|  |TAMS 0x00000000a2400000, 0x00000000a2300000| Untracked 
|  36|0x00000000a2400000, 0x00000000a2500000, 0x00000000a2500000|100%| O|  |TAMS 0x00000000a2500000, 0x00000000a2400000| Untracked 
|  37|0x00000000a2500000, 0x00000000a2600000, 0x00000000a2600000|100%| O|  |TAMS 0x00000000a2600000, 0x00000000a2500000| Untracked 
|  38|0x00000000a2600000, 0x00000000a2700000, 0x00000000a2700000|100%| O|  |TAMS 0x00000000a2700000, 0x00000000a2600000| Untracked 
|  39|0x00000000a2700000, 0x00000000a2800000, 0x00000000a2800000|100%| O|  |TAMS 0x00000000a2800000, 0x00000000a2700000| Untracked 
|  40|0x00000000a2800000, 0x00000000a2900000, 0x00000000a2900000|100%| O|  |TAMS 0x00000000a2900000, 0x00000000a2800000| Untracked 
|  41|0x00000000a2900000, 0x00000000a2a00000, 0x00000000a2a00000|100%| O|  |TAMS 0x00000000a2a00000, 0x00000000a2900000| Untracked 
|  42|0x00000000a2a00000, 0x00000000a2b00000, 0x00000000a2b00000|100%| O|  |TAMS 0x00000000a2b00000, 0x00000000a2a00000| Untracked 
|  43|0x00000000a2b00000, 0x00000000a2c00000, 0x00000000a2c00000|100%| O|  |TAMS 0x00000000a2c00000, 0x00000000a2b00000| Untracked 
|  44|0x00000000a2c00000, 0x00000000a2d00000, 0x00000000a2d00000|100%| O|  |TAMS 0x00000000a2d00000, 0x00000000a2c00000| Untracked 
|  45|0x00000000a2d00000, 0x00000000a2e00000, 0x00000000a2e00000|100%| O|  |TAMS 0x00000000a2e00000, 0x00000000a2d00000| Untracked 
|  46|0x00000000a2e00000, 0x00000000a2f00000, 0x00000000a2f00000|100%|HS|  |TAMS 0x00000000a2f00000, 0x00000000a2e00000| Complete 
|  47|0x00000000a2f00000, 0x00000000a3000000, 0x00000000a3000000|100%|HS|  |TAMS 0x00000000a3000000, 0x00000000a2f00000| Complete 
|  48|0x00000000a3000000, 0x00000000a3100000, 0x00000000a3100000|100%|HS|  |TAMS 0x00000000a3100000, 0x00000000a3000000| Complete 
|  49|0x00000000a3100000, 0x00000000a3200000, 0x00000000a3200000|100%| O|  |TAMS 0x00000000a3200000, 0x00000000a3100000| Untracked 
|  50|0x00000000a3200000, 0x00000000a3300000, 0x00000000a3300000|100%| O|  |TAMS 0x00000000a3300000, 0x00000000a3200000| Untracked 
|  51|0x00000000a3300000, 0x00000000a3400000, 0x00000000a3400000|100%| O|  |TAMS 0x00000000a3400000, 0x00000000a3300000| Untracked 
|  52|0x00000000a3400000, 0x00000000a3500000, 0x00000000a3500000|100%| O|  |TAMS 0x00000000a3500000, 0x00000000a3400000| Untracked 
|  53|0x00000000a3500000, 0x00000000a3600000, 0x00000000a3600000|100%| O|  |TAMS 0x00000000a3600000, 0x00000000a3500000| Untracked 
|  54|0x00000000a3600000, 0x00000000a3700000, 0x00000000a3700000|100%| O|  |TAMS 0x00000000a3700000, 0x00000000a3600000| Untracked 
|  55|0x00000000a3700000, 0x00000000a3800000, 0x00000000a3800000|100%|HS|  |TAMS 0x00000000a3700000, 0x00000000a3700000| Complete 
|  56|0x00000000a3800000, 0x00000000a3800000, 0x00000000a3900000|  0%| F|  |TAMS 0x00000000a3800000, 0x00000000a3800000| Untracked 
|  57|0x00000000a3900000, 0x00000000a3900000, 0x00000000a3a00000|  0%| F|  |TAMS 0x00000000a3900000, 0x00000000a3900000| Untracked 
|  58|0x00000000a3a00000, 0x00000000a3b00000, 0x00000000a3b00000|100%| O|  |TAMS 0x00000000a3b00000, 0x00000000a3a00000| Untracked 
|  59|0x00000000a3b00000, 0x00000000a3b00000, 0x00000000a3c00000|  0%| F|  |TAMS 0x00000000a3b00000, 0x00000000a3b00000| Untracked 
|  60|0x00000000a3c00000, 0x00000000a3c72200, 0x00000000a3d00000| 44%| O|  |TAMS 0x00000000a3c72200, 0x00000000a3c00000| Untracked 
|  61|0x00000000a3d00000, 0x00000000a3d00000, 0x00000000a3e00000|  0%| F|  |TAMS 0x00000000a3d00000, 0x00000000a3d00000| Untracked 
|  62|0x00000000a3e00000, 0x00000000a3e00000, 0x00000000a3f00000|  0%| F|  |TAMS 0x00000000a3e00000, 0x00000000a3e00000| Untracked 
|  63|0x00000000a3f00000, 0x00000000a3f00000, 0x00000000a4000000|  0%| F|  |TAMS 0x00000000a3f00000, 0x00000000a3f00000| Untracked 
|  64|0x00000000a4000000, 0x00000000a4000000, 0x00000000a4100000|  0%| F|  |TAMS 0x00000000a4000000, 0x00000000a4000000| Untracked 
|  65|0x00000000a4100000, 0x00000000a4100000, 0x00000000a4200000|  0%| F|  |TAMS 0x00000000a4100000, 0x00000000a4100000| Untracked 
|  66|0x00000000a4200000, 0x00000000a4200000, 0x00000000a4300000|  0%| F|  |TAMS 0x00000000a4200000, 0x00000000a4200000| Untracked 
|  67|0x00000000a4300000, 0x00000000a4300000, 0x00000000a4400000|  0%| F|  |TAMS 0x00000000a4300000, 0x00000000a4300000| Untracked 
|  68|0x00000000a4400000, 0x00000000a4400000, 0x00000000a4500000|  0%| F|  |TAMS 0x00000000a4400000, 0x00000000a4400000| Untracked 
|  69|0x00000000a4500000, 0x00000000a4500000, 0x00000000a4600000|  0%| F|  |TAMS 0x00000000a4500000, 0x00000000a4500000| Untracked 
|  70|0x00000000a4600000, 0x00000000a4600000, 0x00000000a4700000|  0%| F|  |TAMS 0x00000000a4600000, 0x00000000a4600000| Untracked 
|  71|0x00000000a4700000, 0x00000000a4700000, 0x00000000a4800000|  0%| F|  |TAMS 0x00000000a4700000, 0x00000000a4700000| Untracked 
|  72|0x00000000a4800000, 0x00000000a4800000, 0x00000000a4900000|  0%| F|  |TAMS 0x00000000a4800000, 0x00000000a4800000| Untracked 
|  73|0x00000000a4900000, 0x00000000a4900000, 0x00000000a4a00000|  0%| F|  |TAMS 0x00000000a4900000, 0x00000000a4900000| Untracked 
|  74|0x00000000a4a00000, 0x00000000a4a00000, 0x00000000a4b00000|  0%| F|  |TAMS 0x00000000a4a00000, 0x00000000a4a00000| Untracked 
|  75|0x00000000a4b00000, 0x00000000a4b00000, 0x00000000a4c00000|  0%| F|  |TAMS 0x00000000a4b00000, 0x00000000a4b00000| Untracked 
|  76|0x00000000a4c00000, 0x00000000a4c00000, 0x00000000a4d00000|  0%| F|  |TAMS 0x00000000a4c00000, 0x00000000a4c00000| Untracked 
|  77|0x00000000a4d00000, 0x00000000a4d00000, 0x00000000a4e00000|  0%| F|  |TAMS 0x00000000a4d00000, 0x00000000a4d00000| Untracked 
|  78|0x00000000a4e00000, 0x00000000a4e00000, 0x00000000a4f00000|  0%| F|  |TAMS 0x00000000a4e00000, 0x00000000a4e00000| Untracked 
|  79|0x00000000a4f00000, 0x00000000a4f00000, 0x00000000a5000000|  0%| F|  |TAMS 0x00000000a4f00000, 0x00000000a4f00000| Untracked 
|  80|0x00000000a5000000, 0x00000000a5000000, 0x00000000a5100000|  0%| F|  |TAMS 0x00000000a5000000, 0x00000000a5000000| Untracked 
|  81|0x00000000a5100000, 0x00000000a5100000, 0x00000000a5200000|  0%| F|  |TAMS 0x00000000a5100000, 0x00000000a5100000| Untracked 
|  82|0x00000000a5200000, 0x00000000a5200000, 0x00000000a5300000|  0%| F|  |TAMS 0x00000000a5200000, 0x00000000a5200000| Untracked 
|  83|0x00000000a5300000, 0x00000000a5300000, 0x00000000a5400000|  0%| F|  |TAMS 0x00000000a5300000, 0x00000000a5300000| Untracked 
|  84|0x00000000a5400000, 0x00000000a5432978, 0x00000000a5500000| 19%| E|  |TAMS 0x00000000a5400000, 0x00000000a5400000| Complete 
|  85|0x00000000a5500000, 0x00000000a5600000, 0x00000000a5600000|100%| E|CS|TAMS 0x00000000a5500000, 0x00000000a5500000| Complete 
| 196|0x00000000ac400000, 0x00000000ac500000, 0x00000000ac500000|100%| E|CS|TAMS 0x00000000ac400000, 0x00000000ac400000| Complete 
| 197|0x00000000ac500000, 0x00000000ac600000, 0x00000000ac600000|100%| E|CS|TAMS 0x00000000ac500000, 0x00000000ac500000| Complete 
| 198|0x00000000ac600000, 0x00000000ac700000, 0x00000000ac700000|100%| E|CS|TAMS 0x00000000ac600000, 0x00000000ac600000| Complete 
| 199|0x00000000ac700000, 0x00000000ac800000, 0x00000000ac800000|100%| E|CS|TAMS 0x00000000ac700000, 0x00000000ac700000| Complete 
| 200|0x00000000ac800000, 0x00000000ac900000, 0x00000000ac900000|100%| E|CS|TAMS 0x00000000ac800000, 0x00000000ac800000| Complete 
| 201|0x00000000ac900000, 0x00000000aca00000, 0x00000000aca00000|100%| E|CS|TAMS 0x00000000ac900000, 0x00000000ac900000| Complete 
| 202|0x00000000aca00000, 0x00000000acb00000, 0x00000000acb00000|100%| E|CS|TAMS 0x00000000aca00000, 0x00000000aca00000| Complete 
| 203|0x00000000acb00000, 0x00000000acb940a0, 0x00000000acc00000| 57%| S|CS|TAMS 0x00000000acb00000, 0x00000000acb00000| Complete 
| 204|0x00000000acc00000, 0x00000000acd00000, 0x00000000acd00000|100%| E|  |TAMS 0x00000000acc00000, 0x00000000acc00000| Complete 
| 205|0x00000000acd00000, 0x00000000ace00000, 0x00000000ace00000|100%| E|CS|TAMS 0x00000000acd00000, 0x00000000acd00000| Complete 
| 206|0x00000000ace00000, 0x00000000acf00000, 0x00000000acf00000|100%| E|CS|TAMS 0x00000000ace00000, 0x00000000ace00000| Complete 
| 207|0x00000000acf00000, 0x00000000ad000000, 0x00000000ad000000|100%| E|CS|TAMS 0x00000000acf00000, 0x00000000acf00000| Complete 
| 317|0x00000000b3d00000, 0x00000000b3e00000, 0x00000000b3e00000|100%| E|CS|TAMS 0x00000000b3d00000, 0x00000000b3d00000| Complete 

Card table byte_map: [0x00000266db8d0000,0x00000266dbbd0000] _byte_map_base: 0x00000266db3d0000

Marking Bits (Prev, Next): (CMBitMap*) 0x00000266c4a623f0, (CMBitMap*) 0x00000266c4a623b0
 Prev Bits: [0x00000266dd6d0000, 0x00000266deed0000)
 Next Bits: [0x00000266dbed0000, 0x00000266dd6d0000)

Polling page: 0x00000266c2950000

Metaspace:

Usage:
  Non-class:     42.74 MB used.
      Class:      6.84 MB used.
       Both:     49.58 MB used.

Virtual space:
  Non-class space:       48.00 MB reserved,      43.06 MB ( 90%) committed,  6 nodes.
      Class space:        1.00 GB reserved,       7.06 MB ( <1%) committed,  1 nodes.
             Both:        1.05 GB reserved,      50.12 MB (  5%) committed. 

Chunk freelists:
   Non-Class:  224.00 KB
       Class:  784.00 KB
        Both:  1008.00 KB

MaxMetaspaceSize: unlimited
CompressedClassSpaceSize: 1.00 GB
Initial GC threshold: 21.00 MB
Current GC threshold: 82.12 MB
CDS: on
MetaspaceReclaimPolicy: balanced
 - commit_granule_bytes: 65536.
 - commit_granule_words: 8192.
 - virtual_space_node_default_size: 1048576.
 - enlarge_chunks_in_place: 1.
 - new_chunks_are_fully_committed: 0.
 - uncommit_free_chunks: 1.
 - use_allocation_guard: 0.
 - handle_deallocations: 1.


Internal statistics:

num_allocs_failed_limit: 6.
num_arena_births: 630.
num_arena_deaths: 0.
num_vsnodes_births: 7.
num_vsnodes_deaths: 0.
num_space_committed: 802.
num_space_uncommitted: 0.
num_chunks_returned_to_freelist: 6.
num_chunks_taken_from_freelist: 2721.
num_chunk_merges: 6.
num_chunk_splits: 1756.
num_chunks_enlarged: 1172.
num_purges: 0.
num_inconsistent_stats: 0.

CodeHeap 'non-profiled nmethods': size=120000Kb used=4469Kb max_used=4469Kb free=115530Kb
 bounds [0x00000266d3d60000, 0x00000266d41c0000, 0x00000266db290000]
CodeHeap 'profiled nmethods': size=120000Kb used=14139Kb max_used=14139Kb free=105860Kb
 bounds [0x00000266cc290000, 0x00000266cd060000, 0x00000266d37c0000]
CodeHeap 'non-nmethods': size=5760Kb used=2340Kb max_used=2450Kb free=3419Kb
 bounds [0x00000266d37c0000, 0x00000266d3a30000, 0x00000266d3d60000]
 total_blobs=8165 nmethods=7318 adapters=759
 compilation: enabled
              stopped_count=0, restarted_count=0
 full_count=0

Compilation events (20 events):
Event: 18.503 Thread 0x00000266e240ab20 8078       3       com.google.common.collect.MapMakerInternalMap$StrongKeyWeakValueEntry::<init> (14 bytes)
Event: 18.503 Thread 0x00000266e240ab20 nmethod 8078 0x00000266cd056710 code [0x00000266cd0568c0, 0x00000266cd056bb8]
Event: 18.509 Thread 0x00000266e240ab20 8079       3       org.gradle.internal.io.StreamByteBuffer::prepareRead (102 bytes)
Event: 18.509 Thread 0x00000266e240ab20 nmethod 8079 0x00000266cd056d10 code [0x00000266cd056f20, 0x00000266cd057798]
Event: 18.552 Thread 0x00000266e240ab20 8080       3       com.google.common.collect.MapMakerInternalMap$StrongKeyWeakValueSegment::maybeDrainReferenceQueues (9 bytes)
Event: 18.552 Thread 0x00000266e240ab20 nmethod 8080 0x00000266cd057a10 code [0x00000266cd057ba0, 0x00000266cd057d68]
Event: 18.552 Thread 0x00000266e240ab20 8081       3       com.google.common.collect.MapMakerInternalMap$StrongKeyWeakValueEntry$Helper::newEntry (16 bytes)
Event: 18.552 Thread 0x00000266e240ab20 nmethod 8081 0x00000266cd057e10 code [0x00000266cd057fc0, 0x00000266cd0582e8]
Event: 18.552 Thread 0x00000266e240ab20 8082       3       com.google.common.collect.MapMakerInternalMap$StrongKeyWeakValueEntry$Helper::setValue (14 bytes)
Event: 18.553 Thread 0x00000266e240ab20 nmethod 8082 0x00000266cd058410 code [0x00000266cd0585c0, 0x00000266cd0588e8]
Event: 18.555 Thread 0x00000266e240ab20 8083   !   3       org.gradle.internal.classloader.FilteringClassLoader::loadClass (62 bytes)
Event: 18.556 Thread 0x00000266e240ab20 nmethod 8083 0x00000266cd058a10 code [0x00000266cd058cc0, 0x00000266cd059928]
Event: 18.840 Thread 0x00000266e240ab20 8084       3       java.util.HashMap::values (25 bytes)
Event: 18.840 Thread 0x00000266e240ab20 nmethod 8084 0x00000266cd059d90 code [0x00000266cd059f40, 0x00000266cd05a2b8]
Event: 18.840 Thread 0x00000266e240ab20 8085       3       java.lang.invoke.DirectMethodHandle$Holder::invokeStatic (14 bytes)
Event: 18.841 Thread 0x00000266e240ab20 nmethod 8085 0x00000266cd05a410 code [0x00000266cd05a5e0, 0x00000266cd05aaf8]
Event: 18.841 Thread 0x00000266e240ab20 8086       3       java.lang.invoke.DirectMethodHandle$Holder::invokeStatic (17 bytes)
Event: 18.841 Thread 0x00000266e240ab20 nmethod 8086 0x00000266cd05ac10 code [0x00000266cd05ade0, 0x00000266cd05b298]
Event: 18.841 Thread 0x00000266e240ab20 8087       1       javax.management.ObjectName::getCanonicalName (5 bytes)
Event: 18.841 Thread 0x00000266e240ab20 nmethod 8087 0x00000266d41bbb90 code [0x00000266d41bbd20, 0x00000266d41bbdf8]

GC Heap History (20 events):
Event: 14.703 GC heap before
{Heap before GC invocations=12 (full 0):
 garbage-first heap   total 89088K, used 68582K [0x00000000a0000000, 0x0000000100000000)
  region size 1024K, 33 young (33792K), 4 survivors (4096K)
 Metaspace       used 44956K, committed 45440K, reserved 1089536K
  class space    used 6264K, committed 6464K, reserved 1048576K
}
Event: 14.708 GC heap after
{Heap after GC invocations=13 (full 0):
 garbage-first heap   total 89088K, used 40667K [0x00000000a0000000, 0x0000000100000000)
  region size 1024K, 2 young (2048K), 2 survivors (2048K)
 Metaspace       used 44956K, committed 45440K, reserved 1089536K
  class space    used 6264K, committed 6464K, reserved 1048576K
}
Event: 15.534 GC heap before
{Heap before GC invocations=13 (full 0):
 garbage-first heap   total 89088K, used 70363K [0x00000000a0000000, 0x0000000100000000)
  region size 1024K, 31 young (31744K), 2 survivors (2048K)
 Metaspace       used 47484K, committed 47936K, reserved 1097728K
  class space    used 6619K, committed 6848K, reserved 1048576K
}
Event: 15.538 GC heap after
{Heap after GC invocations=14 (full 0):
 garbage-first heap   total 89088K, used 42923K [0x00000000a0000000, 0x0000000100000000)
  region size 1024K, 4 young (4096K), 4 survivors (4096K)
 Metaspace       used 47484K, committed 47936K, reserved 1097728K
  class space    used 6619K, committed 6848K, reserved 1048576K
}
Event: 16.463 GC heap before
{Heap before GC invocations=14 (full 0):
 garbage-first heap   total 89088K, used 69547K [0x00000000a0000000, 0x0000000100000000)
  region size 1024K, 31 young (31744K), 4 survivors (4096K)
 Metaspace       used 48422K, committed 48960K, reserved 1097728K
  class space    used 6735K, committed 6976K, reserved 1048576K
}
Event: 16.469 GC heap after
{Heap after GC invocations=15 (full 0):
 garbage-first heap   total 89088K, used 44812K [0x00000000a0000000, 0x0000000100000000)
  region size 1024K, 2 young (2048K), 2 survivors (2048K)
 Metaspace       used 48422K, committed 48960K, reserved 1097728K
  class space    used 6735K, committed 6976K, reserved 1048576K
}
Event: 17.043 GC heap before
{Heap before GC invocations=15 (full 0):
 garbage-first heap   total 89088K, used 70412K [0x00000000a0000000, 0x0000000100000000)
  region size 1024K, 28 young (28672K), 2 survivors (2048K)
 Metaspace       used 48836K, committed 49344K, reserved 1097728K
  class space    used 6760K, committed 6976K, reserved 1048576K
}
Event: 17.047 GC heap after
{Heap after GC invocations=16 (full 0):
 garbage-first heap   total 89088K, used 45336K [0x00000000a0000000, 0x0000000100000000)
  region size 1024K, 3 young (3072K), 3 survivors (3072K)
 Metaspace       used 48836K, committed 49344K, reserved 1097728K
  class space    used 6760K, committed 6976K, reserved 1048576K
}
Event: 17.310 GC heap before
{Heap before GC invocations=17 (full 0):
 garbage-first heap   total 89088K, used 70936K [0x00000000a0000000, 0x0000000100000000)
  region size 1024K, 29 young (29696K), 3 survivors (3072K)
 Metaspace       used 48890K, committed 49344K, reserved 1097728K
  class space    used 6760K, committed 6976K, reserved 1048576K
}
Event: 17.315 GC heap after
{Heap after GC invocations=18 (full 0):
 garbage-first heap   total 89088K, used 46154K [0x00000000a0000000, 0x0000000100000000)
  region size 1024K, 2 young (2048K), 2 survivors (2048K)
 Metaspace       used 48890K, committed 49344K, reserved 1097728K
  class space    used 6760K, committed 6976K, reserved 1048576K
}
Event: 17.334 GC heap before
{Heap before GC invocations=18 (full 0):
 garbage-first heap   total 89088K, used 48202K [0x00000000a0000000, 0x0000000100000000)
  region size 1024K, 4 young (4096K), 2 survivors (2048K)
 Metaspace       used 48890K, committed 49344K, reserved 1097728K
  class space    used 6760K, committed 6976K, reserved 1048576K
}
Event: 17.336 GC heap after
{Heap after GC invocations=19 (full 0):
 garbage-first heap   total 89088K, used 46323K [0x00000000a0000000, 0x0000000100000000)
  region size 1024K, 1 young (1024K), 1 survivors (1024K)
 Metaspace       used 48890K, committed 49344K, reserved 1097728K
  class space    used 6760K, committed 6976K, reserved 1048576K
}
Event: 17.529 GC heap before
{Heap before GC invocations=19 (full 0):
 garbage-first heap   total 89088K, used 72947K [0x00000000a0000000, 0x0000000100000000)
  region size 1024K, 28 young (28672K), 1 survivors (1024K)
 Metaspace       used 48936K, committed 49408K, reserved 1097728K
  class space    used 6762K, committed 6976K, reserved 1048576K
}
Event: 17.531 GC heap after
{Heap after GC invocations=20 (full 0):
 garbage-first heap   total 89088K, used 46806K [0x00000000a0000000, 0x0000000100000000)
  region size 1024K, 1 young (1024K), 1 survivors (1024K)
 Metaspace       used 48936K, committed 49408K, reserved 1097728K
  class space    used 6762K, committed 6976K, reserved 1048576K
}
Event: 18.223 GC heap before
{Heap before GC invocations=21 (full 0):
 garbage-first heap   total 89088K, used 78550K [0x00000000a0000000, 0x0000000100000000)
  region size 1024K, 28 young (28672K), 1 survivors (1024K)
 Metaspace       used 49610K, committed 50176K, reserved 1097728K
  class space    used 6873K, committed 7104K, reserved 1048576K
}
Event: 18.226 GC heap after
{Heap after GC invocations=22 (full 0):
 garbage-first heap   total 89088K, used 57149K [0x00000000a0000000, 0x0000000100000000)
  region size 1024K, 4 young (4096K), 4 survivors (4096K)
 Metaspace       used 49610K, committed 50176K, reserved 1097728K
  class space    used 6873K, committed 7104K, reserved 1048576K
}
Event: 18.236 GC heap before
{Heap before GC invocations=22 (full 0):
 garbage-first heap   total 89088K, used 58173K [0x00000000a0000000, 0x0000000100000000)
  region size 1024K, 5 young (5120K), 4 survivors (4096K)
 Metaspace       used 49610K, committed 50176K, reserved 1097728K
  class space    used 6873K, committed 7104K, reserved 1048576K
}
Event: 18.240 GC heap after
{Heap after GC invocations=23 (full 0):
 garbage-first heap   total 89088K, used 56997K [0x00000000a0000000, 0x0000000100000000)
  region size 1024K, 1 young (1024K), 1 survivors (1024K)
 Metaspace       used 49610K, committed 50176K, reserved 1097728K
  class space    used 6873K, committed 7104K, reserved 1048576K
}
Event: 18.382 GC heap before
{Heap before GC invocations=23 (full 0):
 garbage-first heap   total 89088K, used 60069K [0x00000000a0000000, 0x0000000100000000)
  region size 1024K, 5 young (5120K), 1 survivors (1024K)
 Metaspace       used 49836K, committed 50432K, reserved 1097728K
  class space    used 6902K, committed 7168K, reserved 1048576K
}
Event: 18.384 GC heap after
{Heap after GC invocations=24 (full 0):
 garbage-first heap   total 89088K, used 57368K [0x00000000a0000000, 0x0000000100000000)
  region size 1024K, 1 young (1024K), 1 survivors (1024K)
 Metaspace       used 49836K, committed 50432K, reserved 1097728K
  class space    used 6902K, committed 7168K, reserved 1048576K
}

Deoptimization events (20 events):
Event: 18.458 Thread 0x00000266e2514a10 Uncommon trap: trap_request=0xffffffde fr.pc=0x00000266d3f52c38 relative=0x0000000000000a38
Event: 18.458 Thread 0x00000266e2514a10 Uncommon trap: reason=class_check action=maybe_recompile pc=0x00000266d3f52c38 method=java.io.BufferedInputStream.read1([BII)I @ 39 c2
Event: 18.458 Thread 0x00000266e2514a10 DEOPT PACKING pc=0x00000266d3f52c38 sp=0x000000dd9faf6d90
Event: 18.458 Thread 0x00000266e2514a10 DEOPT UNPACKING pc=0x00000266d3815ba3 sp=0x000000dd9faf6ca8 mode 2
Event: 18.458 Thread 0x00000266e2514a10 Uncommon trap: trap_request=0xffffffde fr.pc=0x00000266d3f52c38 relative=0x0000000000000a38
Event: 18.458 Thread 0x00000266e2514a10 Uncommon trap: reason=class_check action=maybe_recompile pc=0x00000266d3f52c38 method=java.io.BufferedInputStream.read1([BII)I @ 39 c2
Event: 18.458 Thread 0x00000266e2514a10 DEOPT PACKING pc=0x00000266d3f52c38 sp=0x000000dd9faf6d90
Event: 18.458 Thread 0x00000266e2514a10 DEOPT UNPACKING pc=0x00000266d3815ba3 sp=0x000000dd9faf6ca8 mode 2
Event: 18.458 Thread 0x00000266e2514a10 Uncommon trap: trap_request=0xffffffde fr.pc=0x00000266d3f52c38 relative=0x0000000000000a38
Event: 18.458 Thread 0x00000266e2514a10 Uncommon trap: reason=class_check action=maybe_recompile pc=0x00000266d3f52c38 method=java.io.BufferedInputStream.read1([BII)I @ 39 c2
Event: 18.458 Thread 0x00000266e2514a10 DEOPT PACKING pc=0x00000266d3f52c38 sp=0x000000dd9faf6d90
Event: 18.459 Thread 0x00000266e2514a10 DEOPT UNPACKING pc=0x00000266d3815ba3 sp=0x000000dd9faf6ca8 mode 2
Event: 18.524 Thread 0x00000266e2514a10 Uncommon trap: trap_request=0xffffffde fr.pc=0x00000266d3f6f7d0 relative=0x0000000000006990
Event: 18.524 Thread 0x00000266e2514a10 Uncommon trap: reason=class_check action=maybe_recompile pc=0x00000266d3f6f7d0 method=java.util.jar.JarFile.getManifestFromReference()Ljava/util/jar/Manifest; @ 152 c2
Event: 18.524 Thread 0x00000266e2514a10 DEOPT PACKING pc=0x00000266d3f6f7d0 sp=0x000000dd9faf6290
Event: 18.524 Thread 0x00000266e2514a10 DEOPT UNPACKING pc=0x00000266d3815ba3 sp=0x000000dd9faf5f50 mode 2
Event: 18.547 Thread 0x00000266e2514a10 DEOPT PACKING pc=0x00000266cc623fd9 sp=0x000000dd9faf1680
Event: 18.547 Thread 0x00000266e2514a10 DEOPT UNPACKING pc=0x00000266d38166e3 sp=0x000000dd9faf0b78 mode 0
Event: 18.549 Thread 0x00000266e2514a10 DEOPT PACKING pc=0x00000266cc51a1e1 sp=0x000000dd9faf14a0
Event: 18.549 Thread 0x00000266e2514a10 DEOPT UNPACKING pc=0x00000266d38166e3 sp=0x000000dd9faf0a20 mode 0

Classes unloaded (0 events):
No events

Classes redefined (0 events):
No events

Internal exceptions (20 events):
Event: 18.228 Thread 0x00000266e2514a10 Exception <a 'java/lang/ClassNotFoundException'{0x00000000b3d5ff78}: org/gradle/api/internal/plugins/DefaultPluginContainerBeanInfo> (0x00000000b3d5ff78) 
thrown [s\open\src\hotspot\share\classfile\systemDictionary.cpp, line 256]
Event: 18.228 Thread 0x00000266e2514a10 Exception <a 'java/lang/ClassNotFoundException'{0x00000000b3d6d930}: org/gradle/api/internal/plugins/DefaultPluginCollectionBeanInfo> (0x00000000b3d6d930) 
thrown [s\open\src\hotspot\share\classfile\systemDictionary.cpp, line 256]
Event: 18.229 Thread 0x00000266e2514a10 Exception <a 'java/lang/ClassNotFoundException'{0x00000000b3d7aac0}: org/gradle/api/internal/DefaultDomainObjectSetBeanInfo> (0x00000000b3d7aac0) 
thrown [s\open\src\hotspot\share\classfile\systemDictionary.cpp, line 256]
Event: 18.229 Thread 0x00000266e2514a10 Exception <a 'java/lang/ClassNotFoundException'{0x00000000b3d87fd8}: org/gradle/api/internal/DefaultDomainObjectSetCustomizer> (0x00000000b3d87fd8) 
thrown [s\open\src\hotspot\share\classfile\systemDictionary.cpp, line 256]
Event: 18.232 Thread 0x00000266e2514a10 Exception <a 'java/lang/ClassNotFoundException'{0x00000000b3da3f18}: org/gradle/api/internal/plugins/DefaultPluginCollectionCustomizer> (0x00000000b3da3f18) 
thrown [s\open\src\hotspot\share\classfile\systemDictionary.cpp, line 256]
Event: 18.234 Thread 0x00000266e2514a10 Exception <a 'java/lang/ClassNotFoundException'{0x00000000b3dda510}: org/gradle/api/internal/plugins/DefaultPluginContainerCustomizer> (0x00000000b3dda510) 
thrown [s\open\src\hotspot\share\classfile\systemDictionary.cpp, line 256]
Event: 18.271 Thread 0x00000266e2514a10 Exception <a 'java/lang/ClassNotFoundException'{0x00000000b3d5cb60}: GradleAnnotationProcessorPatchPluginBeanInfo> (0x00000000b3d5cb60) 
thrown [s\open\src\hotspot\share\classfile\systemDictionary.cpp, line 256]
Event: 18.271 Thread 0x00000266e2514a10 Exception <a 'java/lang/ClassNotFoundException'{0x00000000b3d68518}: GradleAnnotationProcessorPatchPluginCustomizer> (0x00000000b3d68518) 
thrown [s\open\src\hotspot\share\classfile\systemDictionary.cpp, line 256]
Event: 18.275 Thread 0x00000266e2514a10 Exception <a 'java/lang/ClassNotFoundException'{0x00000000b3d961f8}: GradleAnnotationProcessorPatchPlugin$AnnotationProcessorModelBuilderBeanInfo> (0x00000000b3d961f8) 
thrown [s\open\src\hotspot\share\classfile\systemDictionary.cpp, line 256]
Event: 18.275 Thread 0x00000266e2514a10 Exception <a 'java/lang/ClassNotFoundException'{0x00000000b3da1df0}: GradleAnnotationProcessorPatchPlugin$AnnotationProcessorModelBuilderCustomizer> (0x00000000b3da1df0) 
thrown [s\open\src\hotspot\share\classfile\systemDictionary.cpp, line 256]
Event: 18.284 Thread 0x00000266e2514a10 Exception <a 'java/lang/ClassNotFoundException'{0x00000000ace08ff0}: org/gradle/tooling/provider/model/internal/DefaultToolingModelBuilderRegistryBeanInfo> (0x00000000ace08ff0) 
thrown [s\open\src\hotspot\share\classfile\systemDictionary.cpp, line 256]
Event: 18.285 Thread 0x00000266e2514a10 Exception <a 'java/lang/ClassNotFoundException'{0x00000000ace1fb90}: org/gradle/tooling/provider/model/internal/DefaultToolingModelBuilderRegistryCustomizer> (0x00000000ace1fb90) 
thrown [s\open\src\hotspot\share\classfile\systemDictionary.cpp, line 256]
Event: 18.291 Thread 0x00000266e2514a10 Exception <a 'java/lang/NoSuchMethodError'{0x00000000ace482e8}: 'long java.lang.invoke.DirectMethodHandle$Holder.invokeVirtual(java.lang.Object, java.lang.Object)'> (0x00000000ace482e8) 
thrown [s\open\src\hotspot\share\interpreter\linkResolver.cpp, line 759]
Event: 18.301 Thread 0x00000266e247d130 Exception <a 'java/lang/NoSuchMethodError'{0x00000000ace94448}: static Lorg/gradle/internal/build/event/types/DefaultProjectConfigurationSuccessResult;.<clinit>()V> (0x00000000ace94448) 
thrown [s\open\src\hotspot\share\prims\jni.cpp, line 1107]
Event: 18.301 Thread 0x00000266e247d130 Exception <a 'java/lang/NoSuchMethodError'{0x00000000ace95518}: static Lorg/gradle/internal/build/event/types/AbstractProjectConfigurationResult;.<clinit>()V> (0x00000000ace95518) 
thrown [s\open\src\hotspot\share\prims\jni.cpp, line 1107]
Event: 18.303 Thread 0x00000266e247d130 Exception <a 'java/lang/NoSuchMethodError'{0x00000000aceaab68}: static Lorg/gradle/internal/build/event/types/DefaultPluginApplicationResult;.<clinit>()V> (0x00000000aceaab68) 
thrown [s\open\src\hotspot\share\prims\jni.cpp, line 1107]
Event: 18.304 Thread 0x00000266e247d130 Exception <a 'java/lang/NoSuchMethodError'{0x00000000aceb5730}: static Lorg/gradle/internal/build/event/types/DefaultBinaryPluginIdentifier;.<clinit>()V> (0x00000000aceb5730) 
thrown [s\open\src\hotspot\share\prims\jni.cpp, line 1107]
Event: 18.307 Thread 0x00000266e247d130 Exception <a 'java/lang/NoSuchMethodError'{0x00000000acd00fb8}: static Lorg/gradle/internal/build/event/types/DefaultScriptPluginIdentifier;.<clinit>()V> (0x00000000acd00fb8) 
thrown [s\open\src\hotspot\share\prims\jni.cpp, line 1107]
Event: 18.359 Thread 0x00000266e2514a10 Exception <a 'java/lang/ClassNotFoundException'{0x00000000acddc1b0}: build_5ni558aie0jrjwu0a4nuxkzhoBeanInfo> (0x00000000acddc1b0) 
thrown [s\open\src\hotspot\share\classfile\systemDictionary.cpp, line 256]
Event: 18.359 Thread 0x00000266e2514a10 Exception <a 'java/lang/ClassNotFoundException'{0x00000000acde36f0}: build_5ni558aie0jrjwu0a4nuxkzhoCustomizer> (0x00000000acde36f0) 
thrown [s\open\src\hotspot\share\classfile\systemDictionary.cpp, line 256]

VM Operations (20 events):
Event: 17.708 Executing VM operation: HandshakeAllThreads
Event: 17.708 Executing VM operation: HandshakeAllThreads done
Event: 17.793 Executing VM operation: HandshakeAllThreads
Event: 17.793 Executing VM operation: HandshakeAllThreads done
Event: 18.047 Executing VM operation: HandshakeAllThreads
Event: 18.047 Executing VM operation: HandshakeAllThreads done
Event: 18.209 Executing VM operation: HandshakeAllThreads
Event: 18.209 Executing VM operation: HandshakeAllThreads done
Event: 18.220 Executing VM operation: ICBufferFull
Event: 18.221 Executing VM operation: ICBufferFull done
Event: 18.223 Executing VM operation: G1CollectForAllocation
Event: 18.226 Executing VM operation: G1CollectForAllocation done
Event: 18.236 Executing VM operation: G1CollectForAllocation
Event: 18.240 Executing VM operation: G1CollectForAllocation done
Event: 18.382 Executing VM operation: G1TryInitiateConcMark
Event: 18.384 Executing VM operation: G1TryInitiateConcMark done
Event: 18.433 Executing VM operation: G1Concurrent
Event: 18.437 Executing VM operation: G1Concurrent done
Event: 18.459 Executing VM operation: G1Concurrent
Event: 18.460 Executing VM operation: G1Concurrent done

Events (20 events):
Event: 17.904 loading class sun/misc/SharedSecrets
Event: 17.904 loading class sun/misc/SharedSecrets done
Event: 18.128 loading class java/util/stream/ReduceOps$5
Event: 18.137 loading class java/util/stream/ReduceOps$5 done
Event: 18.137 loading class java/util/stream/ReduceOps$CountingSink$OfRef
Event: 18.138 loading class java/util/stream/ReduceOps$CountingSink
Event: 18.138 loading class java/util/stream/ReduceOps$CountingSink done
Event: 18.138 loading class java/util/stream/ReduceOps$CountingSink$OfRef done
Event: 18.203 loading class java/util/AbstractList$RandomAccessSubList
Event: 18.207 loading class java/util/AbstractList$SubList
Event: 18.207 loading class java/util/AbstractList$SubList done
Event: 18.208 loading class java/util/AbstractList$RandomAccessSubList done
Event: 18.208 loading class java/util/AbstractList$SubList$1
Event: 18.208 loading class java/util/AbstractList$SubList$1 done
Event: 18.208 loading class java/util/AbstractList$ListItr
Event: 18.208 loading class java/util/AbstractList$ListItr done
Event: 18.292 loading class java/util/stream/SortedOps$RefSortingSink
Event: 18.298 loading class java/util/stream/SortedOps$RefSortingSink done
Event: 18.305 loading class java/time/Ser
Event: 18.306 loading class java/time/Ser done


Dynamic libraries:
0x00007ff6d2a90000 - 0x00007ff6d2aa0000 	C:\Program Files\Java\jdk-17\bin\java.exe
0x00007ff88c140000 - 0x00007ff88c3a6000 	C:\WINDOWS\SYSTEM32\ntdll.dll
0x00007ff88b8b0000 - 0x00007ff88b979000 	C:\WINDOWS\System32\KERNEL32.DLL
0x00007ff889ab0000 - 0x00007ff889eaa000 	C:\WINDOWS\System32\KERNELBASE.dll
0x00007ff889960000 - 0x00007ff889aac000 	C:\WINDOWS\System32\ucrtbase.dll
0x00007ff844e80000 - 0x00007ff844e9b000 	C:\Program Files\Java\jdk-17\bin\VCRUNTIME140.dll
0x00007ff844e60000 - 0x00007ff844e79000 	C:\Program Files\Java\jdk-17\bin\jli.dll
0x00007ff88a330000 - 0x00007ff88a3e6000 	C:\WINDOWS\System32\ADVAPI32.dll
0x00007ff88bb70000 - 0x00007ff88bc19000 	C:\WINDOWS\System32\msvcrt.dll
0x00007ff88ae60000 - 0x00007ff88af0a000 	C:\WINDOWS\System32\sechost.dll
0x00007ff88ba50000 - 0x00007ff88bb68000 	C:\WINDOWS\System32\RPCRT4.dll
0x00007ff88a010000 - 0x00007ff88a1d7000 	C:\WINDOWS\System32\USER32.dll
0x00007ff889930000 - 0x00007ff889957000 	C:\WINDOWS\System32\win32u.dll
0x00007ff88b6a0000 - 0x00007ff88b6cb000 	C:\WINDOWS\System32\GDI32.dll
0x00007ff8659d0000 - 0x00007ff865c62000 	C:\WINDOWS\WinSxS\amd64_microsoft.windows.common-controls_6595b64144ccf1df_6.0.26100.8521_none_3e08b75ce33403b3\COMCTL32.dll
0x00007ff889460000 - 0x00007ff88958b000 	C:\WINDOWS\System32\gdi32full.dll
0x00007ff889710000 - 0x00007ff8897b3000 	C:\WINDOWS\System32\msvcp_win.dll
0x00007ff87dd20000 - 0x00007ff87dd2b000 	C:\WINDOWS\SYSTEM32\VERSION.dll
0x00007ff88a7d0000 - 0x00007ff88a802000 	C:\WINDOWS\System32\IMM32.DLL
0x00007ff8464d0000 - 0x00007ff8464dc000 	C:\Program Files\Java\jdk-17\bin\vcruntime140_1.dll
0x00007ff844dd0000 - 0x00007ff844e5e000 	C:\Program Files\Java\jdk-17\bin\msvcp140.dll
0x00007ff8603b0000 - 0x00007ff860f8d000 	C:\Program Files\Java\jdk-17\bin\server\jvm.dll
0x00007ff88ae50000 - 0x00007ff88ae58000 	C:\WINDOWS\System32\PSAPI.DLL
0x00007ff87b560000 - 0x00007ff87b596000 	C:\WINDOWS\SYSTEM32\WINMM.dll
0x00007ff86ad80000 - 0x00007ff86ad8a000 	C:\WINDOWS\SYSTEM32\WSOCK32.dll
0x00007ff88bc30000 - 0x00007ff88bcb0000 	C:\WINDOWS\System32\WS2_32.dll
0x00007ff888160000 - 0x00007ff88817b000 	C:\WINDOWS\SYSTEM32\kernel.appcore.dll
0x00007ff85ef20000 - 0x00007ff85ef2a000 	C:\Program Files\Java\jdk-17\bin\jimage.dll
0x00007ff886a90000 - 0x00007ff886cd2000 	C:\WINDOWS\SYSTEM32\DBGHELP.DLL
0x00007ff88bd70000 - 0x00007ff88c0f3000 	C:\WINDOWS\System32\combase.dll
0x00007ff88a880000 - 0x00007ff88a959000 	C:\WINDOWS\System32\OLEAUT32.dll
0x00007ff867d00000 - 0x00007ff867d3b000 	C:\WINDOWS\SYSTEM32\dbgcore.DLL
0x00007ff8897c0000 - 0x00007ff889868000 	C:\WINDOWS\System32\bcryptPrimitives.dll
0x00007ff859dd0000 - 0x00007ff859dde000 	C:\Program Files\Java\jdk-17\bin\instrument.dll
0x00007ff85d960000 - 0x00007ff85d985000 	C:\Program Files\Java\jdk-17\bin\java.dll
0x00007ff85b490000 - 0x00007ff85b567000 	C:\Program Files\Java\jdk-17\bin\jsvml.dll
0x00007ff88af10000 - 0x00007ff88b694000 	C:\WINDOWS\System32\SHELL32.dll
0x00007ff886f60000 - 0x00007ff8877e0000 	C:\WINDOWS\SYSTEM32\windows.storage.dll
0x00007ff88a200000 - 0x00007ff88a2f6000 	C:\WINDOWS\System32\SHCORE.dll
0x00007ff88a810000 - 0x00007ff88a877000 	C:\WINDOWS\System32\shlwapi.dll
0x00007ff8892f0000 - 0x00007ff889319000 	C:\WINDOWS\SYSTEM32\profapi.dll
0x00007ff85a010000 - 0x00007ff85a028000 	C:\Program Files\Java\jdk-17\bin\zip.dll
0x00007ff85a130000 - 0x00007ff85a149000 	C:\Program Files\Java\jdk-17\bin\net.dll
0x00007ff881090000 - 0x00007ff8811b9000 	C:\WINDOWS\SYSTEM32\WINHTTP.dll
0x00007ff8886d0000 - 0x00007ff88873c000 	C:\WINDOWS\system32\mswsock.dll
0x00007ff85a030000 - 0x00007ff85a046000 	C:\Program Files\Java\jdk-17\bin\nio.dll
0x00007ff82b140000 - 0x00007ff82b150000 	C:\Program Files\Java\jdk-17\bin\verify.dll
0x00007ff86e560000 - 0x00007ff86e587000 	C:\Users\Kadjo\.gradle\native\1def1411415f61bf3af743bc5b6707747c0891f09f0c88961ee8f79bc544acac\windows-amd64\native-platform.dll
0x00007fffe30d0000 - 0x00007fffe3148000 	C:\Users\Kadjo\.gradle\native\0.2.7\x86_64-windows-gnu\gradle-fileevents.dll
0x00007ff865c70000 - 0x00007ff865c7a000 	C:\Program Files\Java\jdk-17\bin\management.dll
0x00007ff852c40000 - 0x00007ff852c4b000 	C:\Program Files\Java\jdk-17\bin\management_ext.dll
0x00007ff887c60000 - 0x00007ff887c93000 	C:\WINDOWS\SYSTEM32\IPHLPAPI.DLL
0x00007ff88bcc0000 - 0x00007ff88bcca000 	C:\WINDOWS\System32\NSI.dll
0x00007ff881270000 - 0x00007ff88128d000 	C:\WINDOWS\SYSTEM32\dhcpcsvc6.DLL
0x00007ff881230000 - 0x00007ff881255000 	C:\WINDOWS\SYSTEM32\dhcpcsvc.DLL
0x00007ff887ca0000 - 0x00007ff887dea000 	C:\WINDOWS\SYSTEM32\DNSAPI.dll
0x00007ff8884f0000 - 0x00007ff8884fd000 	C:\WINDOWS\SYSTEM32\DSPARSE.dll
0x00007ff8889b0000 - 0x00007ff8889cb000 	C:\WINDOWS\SYSTEM32\CRYPTSP.dll
0x00007ff8880c0000 - 0x00007ff8880f9000 	C:\WINDOWS\system32\rsaenh.dll
0x00007ff888780000 - 0x00007ff8887b3000 	C:\WINDOWS\SYSTEM32\USERENV.dll
0x00007ff8892c0000 - 0x00007ff8892ea000 	C:\WINDOWS\SYSTEM32\bcrypt.dll
0x00007ff8889d0000 - 0x00007ff8889dc000 	C:\WINDOWS\SYSTEM32\CRYPTBASE.dll
0x00007ff82b150000 - 0x00007ff82b15d000 	C:\Program Files\Java\jdk-17\bin\sunmscapi.dll
0x00007ff889590000 - 0x00007ff889708000 	C:\WINDOWS\System32\CRYPT32.dll
0x00007ff888bd0000 - 0x00007ff888c00000 	C:\WINDOWS\SYSTEM32\ncrypt.dll
0x00007ff888b80000 - 0x00007ff888bbf000 	C:\WINDOWS\SYSTEM32\NTASN1.dll
0x00007ff836320000 - 0x00007ff836328000 	C:\WINDOWS\system32\wshunix.dll

dbghelp: loaded successfully - version: 4.0.5 - missing functions: none
symbol engine: initialized successfully - sym options: 0x614 - pdb path: .;C:\Program Files\Java\jdk-17\bin;C:\WINDOWS\SYSTEM32;C:\WINDOWS\WinSxS\amd64_microsoft.windows.common-controls_6595b64144ccf1df_6.0.26100.8521_none_3e08b75ce33403b3;C:\Program Files\Java\jdk-17\bin\server;C:\Users\Kadjo\.gradle\native\1def1411415f61bf3af743bc5b6707747c0891f09f0c88961ee8f79bc544acac\windows-amd64;C:\Users\Kadjo\.gradle\native\0.2.7\x86_64-windows-gnu

VM Arguments:
jvm_args: --add-opens=java.base/java.lang=ALL-UNNAMED --add-opens=java.base/java.lang.invoke=ALL-UNNAMED --add-opens=java.base/java.util=ALL-UNNAMED --add-opens=java.prefs/java.util.prefs=ALL-UNNAMED --add-exports=jdk.compiler/com.sun.tools.javac.api=ALL-UNNAMED --add-exports=jdk.compiler/com.sun.tools.javac.util=ALL-UNNAMED --add-opens=java.base/java.util=ALL-UNNAMED --add-opens=java.prefs/java.util.prefs=ALL-UNNAMED --add-opens=java.base/java.nio.charset=ALL-UNNAMED --add-opens=java.base/java.net=ALL-UNNAMED --add-opens=java.base/java.util.concurrent.atomic=ALL-UNNAMED --add-opens=java.xml/javax.xml.namespace=ALL-UNNAMED -Xmx1536m -Dfile.encoding=UTF-8 -Duser.country=US -Duser.language=en -Duser.variant -javaagent:C:\Users\Kadjo\.gradle\wrapper\dists\gradle-8.14.3-all\10utluxaxniiv4wxiphsi49nj\gradle-8.14.3\lib\agents\gradle-instrumentation-agent-8.14.3.jar 
java_command: org.gradle.launcher.daemon.bootstrap.GradleDaemon 8.14.3
java_class_path (initial): C:\Users\Kadjo\.gradle\wrapper\dists\gradle-8.14.3-all\10utluxaxniiv4wxiphsi49nj\gradle-8.14.3\lib\gradle-daemon-main-8.14.3.jar
Launcher Type: SUN_STANDARD

[Global flags]
     intx CICompilerCount                          = 4                                         {product} {ergonomic}
     uint ConcGCThreads                            = 2                                         {product} {ergonomic}
     uint G1ConcRefinementThreads                  = 8                                         {product} {ergonomic}
   size_t G1HeapRegionSize                         = 1048576                                   {product} {ergonomic}
    uintx GCDrainStackTargetSize                   = 64                                        {product} {ergonomic}
   size_t InitialHeapSize                          = 333447168                                 {product} {ergonomic}
   size_t MarkStackSize                            = 4194304                                   {product} {ergonomic}
   size_t MaxHeapSize                              = 1610612736                                {product} {command line}
   size_t MaxNewSize                               = 965738496                                 {product} {ergonomic}
   size_t MinHeapDeltaBytes                        = 1048576                                   {product} {ergonomic}
   size_t MinHeapSize                              = 8388608                                   {product} {ergonomic}
    uintx NonNMethodCodeHeapSize                   = 5839372                                {pd product} {ergonomic}
    uintx NonProfiledCodeHeapSize                  = 122909434                              {pd product} {ergonomic}
    uintx ProfiledCodeHeapSize                     = 122909434                              {pd product} {ergonomic}
    uintx ReservedCodeCacheSize                    = 251658240                              {pd product} {ergonomic}
     bool SegmentedCodeCache                       = true                                      {product} {ergonomic}
   size_t SoftMaxHeapSize                          = 1610612736                             {manageable} {ergonomic}
     bool UseCompressedClassPointers               = true                           {product lp64_product} {ergonomic}
     bool UseCompressedOops                        = true                           {product lp64_product} {ergonomic}
     bool UseG1GC                                  = true                                      {product} {ergonomic}
     bool UseLargePagesIndividualAllocation        = false                                  {pd product} {ergonomic}

Logging:
Log output configuration:
 #0: stdout all=warning uptime,level,tags
 #1: stderr all=off uptime,level,tags

Environment Variables:
JAVA_HOME=C:\Program Files\Java\jdk1.8.0_231\bin
PATH=C:\Program Files\Common Files\Oracle\Java\javapath;C:\Program Files (x86)\VMware\VMware Workstation\bin\;C:\Program Files (x86)\Common Files\Oracle\Java\javapath;C:\WINDOWS\system32;C:\WINDOWS;C:\WINDOWS\System32\Wbem;C:\WINDOWS\System32\WindowsPowerShell\v1.0\;C:\WINDOWS\System32\OpenSSH\;C:\Program Files\Git\cmd;C:\glassfish4\bin;C:\Program Files\Java\jdk-17\bin;C:\Program Files\Java\jdk1.8.0_231\bin;C:\Program Files\Odoo 14.0.20230215\PostgreSQL\lib\plperl.dll;C:\Program Files\apache-tomcat-9.0.83\bin;C:\Program Files (x86)\Bitvise SSH Client;C:\Users\Kadjo\AppData\Local\Android\Sdk\platform-tools;C:\flutter\flutter_windows_3.29.2-stable\flutter\bin;C:\Program Files\Java\jdk-17\bin;C:\Program Files (x86)\nodejs;C:\Program Files\MySQL\MySQL Shell 8.0\bin\;C:\Users\Kadjo\AppData\Local\Microsoft\WindowsApps;C:\Program Files\JetBrains\IntelliJ IDEA Community Edition 2022.1.1\bin;;C:\Program Files\Heroku\bin;C:\Users\Kadjo\AppData\Local\GitHubDesktop\bin;C:\ProgramData\Kadjo\GitHubDesktop\bin;C:\MinGW\bin;C:\Program Files\JetBrains\PyCharm Community Edition 2022.3.2\bin;;C:\OpenSSL\bin;C:\Applications\Atlassian\atlassian-plugin-sdk-8.2.7\bin;C:\Users\Kadjo\AppData\Roaming\npm;C:\Users\Kadjo\AppData\Local\Programs\Microsoft VS Code\bin;C:\Program Files\Odoo 14.0.20230215\PostgreSQL\lib\plperl.dll;C:\Program Files\apache-tomcat-9.0.83\bin;C:\Program Files (x86)\node-v20.19.4-win-x64;
USERNAME=Kadjo
OS=Windows_NT
PROCESSOR_IDENTIFIER=Intel64 Family 6 Model 140 Stepping 2, GenuineIntel



---------------  S Y S T E M  ---------------

OS:
 Windows 11 , 64 bit Build 26100 (10.0.26100.8521)
OS uptime: 0 days 3:46 hours
Hyper-V role detected

CPU: total 8 (initial active 8) (4 cores per cpu, 2 threads per core) family 6 model 140 stepping 2 microcode 0x22, cx8, cmov, fxsr, ht, mmx, 3dnowpref, sse, sse2, sse3, ssse3, sse4.1, sse4.2, popcnt, lzcnt, tsc, tscinvbit, avx, avx2, aes, erms, clmul, bmi1, bmi2, adx, avx512f, avx512dq, avx512cd, avx512bw, avx512vl, sha, fma, vzeroupper, avx512_vpopcntdq, avx512_vpclmulqdq, avx512_vaes, avx512_vnni, clflush, clflushopt, clwb, avx512_vbmi2, avx512_vbmi, hv

Memory: 4k page, system-wide physical 20247M (3843M free)
TotalPageFile size 22295M (AvailPageFile size 0M)
current process WorkingSet (physical memory assigned to process): 292M, peak: 292M
current process commit charge ("private bytes"): 343M, peak: 510M

vm_info: Java HotSpot(TM) 64-Bit Server VM (17.0.7+8-LTS-224) for windows-amd64 JRE (17.0.7+8-LTS-224), built on Feb 28 2023 23:03:02 by "mach5one" with MS VC++ 17.1 (VS2022)

END.
