#
# There is insufficient memory for the Java Runtime Environment to continue.
# Native memory allocation (malloc) failed to allocate 1736080 bytes for Chunk::new
# Possible reasons:
#   The system is out of physical RAM or swap space
#   The process is running with CompressedOops enabled, and the Java Heap may be blocking the growth of the native heap
# Possible solutions:
#   Reduce memory load on the system
#   Increase physical memory or swap space
#   Check if swap backing store is full
#   Decrease Java heap size (-Xmx/-Xms)
#   Decrease number of Java threads
#   Decrease Java thread stack sizes (-Xss)
#   Set larger code cache with -XX:ReservedCodeCacheSize=
#   JVM is running with Unscaled Compressed Oops mode in which the Java heap is
#     placed in the first 4GB address space. The Java Heap base address is the
#     maximum limit for the native heap growth. Please use -XX:HeapBaseMinAddress
#     to set the Java Heap base and to place the Java Heap above 4GB virtual address.
# This output file may be truncated or incomplete.
#
#  Out of Memory Error (arena.cpp:189), pid=1548, tid=17996
#
# JRE version: Java(TM) SE Runtime Environment (17.0.7+8) (build 17.0.7+8-LTS-224)
# Java VM: Java HotSpot(TM) 64-Bit Server VM (17.0.7+8-LTS-224, mixed mode, sharing, tiered, compressed oops, compressed class ptrs, g1 gc, windows-amd64)
# No core dump will be written. Minidumps are not enabled by default on client versions of Windows
#

---------------  S U M M A R Y ------------

Command Line: --add-opens=java.base/java.lang=ALL-UNNAMED --add-opens=java.base/java.lang.invoke=ALL-UNNAMED --add-opens=java.base/java.util=ALL-UNNAMED --add-opens=java.prefs/java.util.prefs=ALL-UNNAMED --add-exports=jdk.compiler/com.sun.tools.javac.api=ALL-UNNAMED --add-exports=jdk.compiler/com.sun.tools.javac.util=ALL-UNNAMED --add-opens=java.base/java.util=ALL-UNNAMED --add-opens=java.prefs/java.util.prefs=ALL-UNNAMED --add-opens=java.base/java.nio.charset=ALL-UNNAMED --add-opens=java.base/java.net=ALL-UNNAMED --add-opens=java.base/java.util.concurrent.atomic=ALL-UNNAMED --add-opens=java.xml/javax.xml.namespace=ALL-UNNAMED -Xmx1536m -Dfile.encoding=UTF-8 -Duser.country=US -Duser.language=en -Duser.variant -javaagent:C:\Users\Kadjo\.gradle\wrapper\dists\gradle-8.14.3-all\10utluxaxniiv4wxiphsi49nj\gradle-8.14.3\lib\agents\gradle-instrumentation-agent-8.14.3.jar org.gradle.launcher.daemon.bootstrap.GradleDaemon 8.14.3

Host: 11th Gen Intel(R) Core(TM) i5-1155G7 @ 2.50GHz, 8 cores, 19G,  Windows 11 , 64 bit Build 26100 (10.0.26100.8246)
Time: Thu Apr 30 23:56:39 2026 W. Central Africa Standard Time elapsed time: 167551.757481 seconds (1d 22h 32m 31s)

---------------  T H R E A D  ---------------

Current thread (0x000002db5e87f6c0):  JavaThread "C2 CompilerThread1" daemon [_thread_in_native, id=17996, stack(0x000000dc45900000,0x000000dc45a00000)]


Current CompileTask:
C2:167551757 11253       4       org.gradle.internal.service.DefaultServiceRegistry$ClassInspector::getDetailsForClass (50 bytes)

Stack: [0x000000dc45900000,0x000000dc45a00000]
Native frames: (J=compiled Java code, j=interpreted, Vv=VM code, C=native code)
V  [jvm.dll+0x676a4a]
V  [jvm.dll+0x7d74f4]
V  [jvm.dll+0x7d8c9e]
V  [jvm.dll+0x7d9303]
V  [jvm.dll+0x2452c5]
V  [jvm.dll+0xaaa2b]
V  [jvm.dll+0xaafcc]
V  [jvm.dll+0x36141e]
V  [jvm.dll+0x1bb36a]
V  [jvm.dll+0x217c27]
V  [jvm.dll+0x216f01]
V  [jvm.dll+0x1a35e0]
V  [jvm.dll+0x226a6e]
V  [jvm.dll+0x224e15]
V  [jvm.dll+0x78d05c]
V  [jvm.dll+0x78759a]
V  [jvm.dll+0x675875]
C  [ucrtbase.dll+0x37b0]
C  [KERNEL32.DLL+0x2e8d7]
C  [ntdll.dll+0x8c3fc]


---------------  P R O C E S S  ---------------

Threads class SMR info:
_java_thread_list=0x000002db61fbf160, length=46, elements={
0x000002db3b886f40, 0x000002db587482b0, 0x000002db58748d70, 0x000002db5875a150,
0x000002db5875aa10, 0x000002db5875b2d0, 0x000002db5875bb90, 0x000002db5875df30,
0x000002db5875e8e0, 0x000002db58776160, 0x000002db588fbd20, 0x000002db589dde20,
0x000002db5add3cd0, 0x000002db5b477030, 0x000002db5a68d630, 0x000002db5b59e040,
0x000002db59b86d80, 0x000002db5a4e5d40, 0x000002db5a4e66e0, 0x000002db5a4e4ed0,
0x000002db5a4e31f0, 0x000002db5a4e6210, 0x000002db5a4e3b90, 0x000002db5ba1d580,
0x000002db5ba1da50, 0x000002db5ba1c240, 0x000002db5ba1df20, 0x000002db5ba1e3f0,
0x000002db5ba1af00, 0x000002db5ba1ed90, 0x000002db5ba1b3d0, 0x000002db6136aa90,
0x000002db613653f0, 0x000002db5a4e36c0, 0x000002db5a4e53a0, 0x000002db5e87f6c0,
0x000002db5a4e4530, 0x000002db5a4e4060, 0x000002db5a4e5870, 0x000002db5a4e4a00,
0x000002db61364f20, 0x000002db61364580, 0x000002db5e87e790, 0x000002db61363240,
0x000002db613670d0, 0x000002db61365d90
}

Java Threads: ( => current thread )
  0x000002db3b886f40 JavaThread "main" [_thread_blocked, id=33540, stack(0x000000dc43800000,0x000000dc43900000)]
  0x000002db587482b0 JavaThread "Reference Handler" daemon [_thread_blocked, id=10860, stack(0x000000dc43f00000,0x000000dc44000000)]
  0x000002db58748d70 JavaThread "Finalizer" daemon [_thread_blocked, id=29740, stack(0x000000dc44000000,0x000000dc44100000)]
  0x000002db5875a150 JavaThread "Signal Dispatcher" daemon [_thread_blocked, id=27872, stack(0x000000dc44100000,0x000000dc44200000)]
  0x000002db5875aa10 JavaThread "Attach Listener" daemon [_thread_blocked, id=27828, stack(0x000000dc44200000,0x000000dc44300000)]
  0x000002db5875b2d0 JavaThread "Service Thread" daemon [_thread_blocked, id=5968, stack(0x000000dc44300000,0x000000dc44400000)]
  0x000002db5875bb90 JavaThread "Monitor Deflation Thread" daemon [_thread_blocked, id=33844, stack(0x000000dc44400000,0x000000dc44500000)]
  0x000002db5875df30 JavaThread "C2 CompilerThread0" daemon [_thread_in_native, id=30384, stack(0x000000dc44500000,0x000000dc44600000)]
  0x000002db5875e8e0 JavaThread "C1 CompilerThread0" daemon [_thread_blocked, id=27676, stack(0x000000dc44600000,0x000000dc44700000)]
  0x000002db58776160 JavaThread "Sweeper thread" daemon [_thread_blocked, id=31700, stack(0x000000dc44700000,0x000000dc44800000)]
  0x000002db588fbd20 JavaThread "Common-Cleaner" daemon [_thread_blocked, id=21560, stack(0x000000dc44800000,0x000000dc44900000)]
  0x000002db589dde20 JavaThread "Notification Thread" daemon [_thread_blocked, id=34332, stack(0x000000dc44a00000,0x000000dc44b00000)]
  0x000002db5add3cd0 JavaThread "Daemon health stats" [_thread_blocked, id=12688, stack(0x000000dc44c00000,0x000000dc44d00000)]
  0x000002db5b477030 JavaThread "Incoming local TCP Connector on port 65426" [_thread_in_native, id=23424, stack(0x000000dc44900000,0x000000dc44a00000)]
  0x000002db5a68d630 JavaThread "Daemon periodic checks" [_thread_in_native, id=27396, stack(0x000000dc45400000,0x000000dc45500000)]
  0x000002db5b59e040 JavaThread "Daemon" [_thread_blocked, id=27788, stack(0x000000dc45500000,0x000000dc45600000)]
  0x000002db59b86d80 JavaThread "Daemon worker" [_thread_in_Java, id=34536, stack(0x000000dc45800000,0x000000dc45900000)]
  0x000002db5a4e5d40 JavaThread "Cache worker for journal cache (C:\Users\Kadjo\.gradle\caches\journal-1)" [_thread_blocked, id=21816, stack(0x000000dc45c00000,0x000000dc45d00000)]
  0x000002db5a4e66e0 JavaThread "File lock request listener" [_thread_in_native, id=15076, stack(0x000000dc45d00000,0x000000dc45e00000)]
  0x000002db5a4e4ed0 JavaThread "Cache worker for file hash cache (C:\Users\Kadjo\.gradle\caches\8.14.3\fileHashes)" [_thread_blocked, id=12932, stack(0x000000dc45e00000,0x000000dc45f00000)]
  0x000002db5a4e31f0 JavaThread "File watcher server" daemon [_thread_in_native, id=16608, stack(0x000000dc46500000,0x000000dc46600000)]
  0x000002db5a4e6210 JavaThread "File watcher consumer" daemon [_thread_blocked, id=8260, stack(0x000000dc46600000,0x000000dc46700000)]
  0x000002db5a4e3b90 JavaThread "jar transforms" [_thread_blocked, id=28372, stack(0x000000dc46700000,0x000000dc46800000)]
  0x000002db5ba1d580 JavaThread "jar transforms Thread 2" [_thread_blocked, id=25644, stack(0x000000dc46800000,0x000000dc46900000)]
  0x000002db5ba1da50 JavaThread "jar transforms Thread 3" [_thread_blocked, id=18720, stack(0x000000dc46900000,0x000000dc46a00000)]
  0x000002db5ba1c240 JavaThread "jar transforms Thread 4" [_thread_blocked, id=3460, stack(0x000000dc46a00000,0x000000dc46b00000)]
  0x000002db5ba1df20 JavaThread "jar transforms Thread 5" [_thread_blocked, id=19184, stack(0x000000dc46b00000,0x000000dc46c00000)]
  0x000002db5ba1e3f0 JavaThread "Cache worker for file content cache (C:\Users\Kadjo\.gradle\caches\8.14.3\fileContent)" [_thread_blocked, id=16912, stack(0x000000dc46d00000,0x000000dc46e00000)]
  0x000002db5ba1af00 JavaThread "jar transforms Thread 6" [_thread_blocked, id=7180, stack(0x000000dc46e00000,0x000000dc46f00000)]
  0x000002db5ba1ed90 JavaThread "jar transforms Thread 7" [_thread_blocked, id=22780, stack(0x000000dc46f00000,0x000000dc47000000)]
  0x000002db5ba1b3d0 JavaThread "jar transforms Thread 8" [_thread_blocked, id=30788, stack(0x000000dc47000000,0x000000dc47100000)]
  0x000002db6136aa90 JavaThread "Memory manager" [_thread_blocked, id=14224, stack(0x000000dc48900000,0x000000dc48a00000)]
  0x000002db613653f0 JavaThread "VFS cleanup" [_thread_blocked, id=33916, stack(0x000000dc43600000,0x000000dc43700000)]
  0x000002db5a4e36c0 JavaThread "Handler for socket connection from /127.0.0.1:65426 to /127.0.0.1:50368" [_thread_in_native, id=35512, stack(0x000000dc43500000,0x000000dc43600000)]
  0x000002db5a4e53a0 JavaThread "Cancel handler" [_thread_blocked, id=20872, stack(0x000000dc45700000,0x000000dc45800000)]
=>0x000002db5e87f6c0 JavaThread "C2 CompilerThread1" daemon [_thread_in_native, id=17996, stack(0x000000dc45900000,0x000000dc45a00000)]
  0x000002db5a4e4530 JavaThread "Asynchronous log dispatcher for DefaultDaemonConnection: socket connection from /127.0.0.1:65426 to /127.0.0.1:50368" [_thread_blocked, id=31912, stack(0x000000dc45a00000,0x000000dc45b00000)]
  0x000002db5a4e4060 JavaThread "Stdin handler" [_thread_blocked, id=31552, stack(0x000000dc45b00000,0x000000dc45c00000)]
  0x000002db5a4e5870 JavaThread "Daemon client event forwarder" [_thread_blocked, id=4676, stack(0x000000dc45f00000,0x000000dc46000000)]
  0x000002db5a4e4a00 JavaThread "Cache worker for file hash cache (C:\Users\Kadjo\Documents\GitHub\Sante20\android\.gradle\8.14.3\fileHashes)" [_thread_blocked, id=3408, stack(0x000000dc46000000,0x000000dc46100000)]
  0x000002db61364f20 JavaThread "Cache worker for Build Output Cleanup Cache (C:\Users\Kadjo\Documents\GitHub\Sante20\android\.gradle\buildOutputCleanup)" [_thread_blocked, id=34508, stack(0x000000dc46100000,0x000000dc46200000)]
  0x000002db61364580 JavaThread "Cache worker for checksums cache (C:\Users\Kadjo\Documents\GitHub\Sante20\android\.gradle\8.14.3\checksums)" [_thread_blocked, id=27644, stack(0x000000dc46400000,0x000000dc46500000)]
  0x000002db5e87e790 JavaThread "C2 CompilerThread2" daemon [_thread_in_native, id=18328, stack(0x000000dc46c00000,0x000000dc46d00000)]
  0x000002db61363240 JavaThread "Cache worker for cache directory md-supplier (C:\Users\Kadjo\.gradle\caches\8.14.3\md-supplier)" [_thread_blocked, id=18788, stack(0x000000dc47100000,0x000000dc47200000)]
  0x000002db613670d0 JavaThread "Cache worker for cache directory md-rule (C:\Users\Kadjo\.gradle\caches\8.14.3\md-rule)" [_thread_blocked, id=26368, stack(0x000000dc47200000,0x000000dc47300000)]
  0x000002db61365d90 JavaThread "Problems report writer" [_thread_blocked, id=13780, stack(0x000000dc47300000,0x000000dc47400000)]

Other Threads:
  0x000002db587464e0 VMThread "VM Thread" [stack: 0x000000dc43e00000,0x000000dc43f00000] [id=17824]
  0x000002db3b887a60 WatcherThread [stack: 0x000000dc44b00000,0x000000dc44c00000] [id=25752]
  0x000002db3b8d1ea0 GCTaskThread "GC Thread#0" [stack: 0x000000dc43900000,0x000000dc43a00000] [id=34144]
  0x000002db598965f0 GCTaskThread "GC Thread#1" [stack: 0x000000dc44d00000,0x000000dc44e00000] [id=31488]
  0x000002db59895880 GCTaskThread "GC Thread#2" [stack: 0x000000dc44e00000,0x000000dc44f00000] [id=34696]
  0x000002db59896090 GCTaskThread "GC Thread#3" [stack: 0x000000dc44f00000,0x000000dc45000000] [id=28344]
  0x000002db598968a0 GCTaskThread "GC Thread#4" [stack: 0x000000dc45000000,0x000000dc45100000] [id=17416]
  0x000002db59896340 GCTaskThread "GC Thread#5" [stack: 0x000000dc45100000,0x000000dc45200000] [id=8752]
  0x000002db59895de0 GCTaskThread "GC Thread#6" [stack: 0x000000dc45200000,0x000000dc45300000] [id=32004]
  0x000002db5cff2690 GCTaskThread "GC Thread#7" [stack: 0x000000dc46200000,0x000000dc46300000] [id=8432]
  0x000002db3b8decf0 ConcurrentGCThread "G1 Main Marker" [stack: 0x000000dc43a00000,0x000000dc43b00000] [id=25680]
  0x000002db3b8df610 ConcurrentGCThread "G1 Conc#0" [stack: 0x000000dc43b00000,0x000000dc43c00000] [id=13844]
  0x000002db5cff2ea0 ConcurrentGCThread "G1 Conc#1" [stack: 0x000000dc46300000,0x000000dc46400000] [id=19312]
  0x000002db3b94ea70 ConcurrentGCThread "G1 Refine#0" [stack: 0x000000dc43c00000,0x000000dc43d00000] [id=29796]
  0x000002db58aea2f0 ConcurrentGCThread "G1 Refine#1" [stack: 0x000000dc45300000,0x000000dc45400000] [id=30692]
  0x000002db58675a00 ConcurrentGCThread "G1 Service" [stack: 0x000000dc43d00000,0x000000dc43e00000] [id=16032]

Threads with active compile tasks:
C2 CompilerThread0  167551792 11252       4       org.gradle.internal.service.DefaultServiceRegistry$OwnServices::anyTypeHasAnnotation (50 bytes)
C1 CompilerThread0  167551792 11383       3       org.gradle.internal.logging.sink.OutputEventTransformer::onOutput (369 bytes)
C2 CompilerThread1  167551792 11253       4       org.gradle.internal.service.DefaultServiceRegistry$ClassInspector::getDetailsForClass (50 bytes)
C2 CompilerThread2  167551792 11359       4       java.util.StringJoiner::<init> (10 bytes)

VM state: not at safepoint (normal execution)

VM Mutex/Monitor currently owned by a thread: None

Heap address: 0x00000000a0000000, size: 1536 MB, Compressed Oops mode: 32-bit

CDS archive(s) mapped at: [0x0000000800000000-0x0000000800bd0000-0x0000000800bd0000), size 12386304, SharedBaseAddress: 0x0000000800000000, ArchiveRelocationMode: 0.
Compressed class space mapped at: 0x0000000800c00000-0x0000000840c00000, reserved size: 1073741824
Narrow klass base: 0x0000000800000000, Narrow klass shift: 0, Narrow klass range: 0x100000000

GC Precious Log:
 CPUs: 8 total, 8 available
 Memory: 20247M
 Large Page Support: Disabled
 NUMA Support: Disabled
 Compressed Oops: Enabled (32-bit)
 Heap Region Size: 1M
 Heap Min Capacity: 8M
 Heap Initial Capacity: 318M
 Heap Max Capacity: 1536M
 Pre-touch: Disabled
 Parallel Workers: 8
 Concurrent Workers: 2
 Concurrent Refinement Workers: 8
 Periodic GC: Disabled

Heap:
 garbage-first heap   total 140288K, used 104818K [0x00000000a0000000, 0x0000000100000000)
  region size 1024K, 27 young (27648K), 1 survivors (1024K)
 Metaspace       used 66988K, committed 67776K, reserved 1114112K
  class space    used 9069K, committed 9472K, reserved 1048576K

Heap Regions: E=young(eden), S=young(survivor), O=old, HS=humongous(starts), HC=humongous(continues), CS=collection set, F=free, OA=open archive, CA=closed archive, TAMS=top-at-mark-start (previous, next)
|   0|0x00000000a0000000, 0x00000000a0100000, 0x00000000a0100000|100%|HS|  |TAMS 0x00000000a0100000, 0x00000000a0000000| Complete 
|   1|0x00000000a0100000, 0x00000000a0200000, 0x00000000a0200000|100%|HC|  |TAMS 0x00000000a0200000, 0x00000000a0100000| Complete 
|   2|0x00000000a0200000, 0x00000000a0300000, 0x00000000a0300000|100%|HC|  |TAMS 0x00000000a0300000, 0x00000000a0200000| Complete 
|   3|0x00000000a0300000, 0x00000000a0400000, 0x00000000a0400000|100%|HS|  |TAMS 0x00000000a0400000, 0x00000000a0300000| Complete 
|   4|0x00000000a0400000, 0x00000000a0500000, 0x00000000a0500000|100%| O|  |TAMS 0x00000000a0500000, 0x00000000a0400000| Untracked 
|   5|0x00000000a0500000, 0x00000000a0600000, 0x00000000a0600000|100%| O|  |TAMS 0x00000000a0600000, 0x00000000a0500000| Untracked 
|   6|0x00000000a0600000, 0x00000000a0700000, 0x00000000a0700000|100%| O|  |TAMS 0x00000000a0700000, 0x00000000a0600000| Untracked 
|   7|0x00000000a0700000, 0x00000000a0800000, 0x00000000a0800000|100%|HS|  |TAMS 0x00000000a0800000, 0x00000000a0700000| Complete 
|   8|0x00000000a0800000, 0x00000000a0900000, 0x00000000a0900000|100%| O|  |TAMS 0x00000000a0900000, 0x00000000a0800000| Untracked 
|   9|0x00000000a0900000, 0x00000000a0a00000, 0x00000000a0a00000|100%| O|  |TAMS 0x00000000a0a00000, 0x00000000a0900000| Untracked 
|  10|0x00000000a0a00000, 0x00000000a0b00000, 0x00000000a0b00000|100%| O|  |TAMS 0x00000000a0b00000, 0x00000000a0a00000| Untracked 
|  11|0x00000000a0b00000, 0x00000000a0c00000, 0x00000000a0c00000|100%| O|  |TAMS 0x00000000a0c00000, 0x00000000a0b00000| Untracked 
|  12|0x00000000a0c00000, 0x00000000a0d00000, 0x00000000a0d00000|100%| O|  |TAMS 0x00000000a0d00000, 0x00000000a0c00000| Untracked 
|  13|0x00000000a0d00000, 0x00000000a0e00000, 0x00000000a0e00000|100%| O|  |TAMS 0x00000000a0e00000, 0x00000000a0d00000| Untracked 
|  14|0x00000000a0e00000, 0x00000000a0f00000, 0x00000000a0f00000|100%| O|  |TAMS 0x00000000a0f00000, 0x00000000a0e00000| Untracked 
|  15|0x00000000a0f00000, 0x00000000a1000000, 0x00000000a1000000|100%| O|  |TAMS 0x00000000a1000000, 0x00000000a0f00000| Untracked 
|  16|0x00000000a1000000, 0x00000000a1100000, 0x00000000a1100000|100%| O|  |TAMS 0x00000000a1100000, 0x00000000a1000000| Untracked 
|  17|0x00000000a1100000, 0x00000000a1200000, 0x00000000a1200000|100%| O|  |TAMS 0x00000000a1200000, 0x00000000a1100000| Untracked 
|  18|0x00000000a1200000, 0x00000000a1300000, 0x00000000a1300000|100%| O|  |TAMS 0x00000000a1300000, 0x00000000a1200000| Untracked 
|  19|0x00000000a1300000, 0x00000000a1400000, 0x00000000a1400000|100%| O|  |TAMS 0x00000000a1400000, 0x00000000a1300000| Untracked 
|  20|0x00000000a1400000, 0x00000000a1500000, 0x00000000a1500000|100%| O|  |TAMS 0x00000000a1500000, 0x00000000a1400000| Untracked 
|  21|0x00000000a1500000, 0x00000000a1600000, 0x00000000a1600000|100%| O|  |TAMS 0x00000000a1600000, 0x00000000a1500000| Untracked 
|  22|0x00000000a1600000, 0x00000000a1700000, 0x00000000a1700000|100%| O|  |TAMS 0x00000000a1700000, 0x00000000a1600000| Untracked 
|  23|0x00000000a1700000, 0x00000000a1800000, 0x00000000a1800000|100%| O|  |TAMS 0x00000000a1800000, 0x00000000a1700000| Untracked 
|  24|0x00000000a1800000, 0x00000000a1900000, 0x00000000a1900000|100%| O|  |TAMS 0x00000000a1900000, 0x00000000a1800000| Untracked 
|  25|0x00000000a1900000, 0x00000000a1a00000, 0x00000000a1a00000|100%| O|  |TAMS 0x00000000a1a00000, 0x00000000a1900000| Untracked 
|  26|0x00000000a1a00000, 0x00000000a1b00000, 0x00000000a1b00000|100%| O|  |TAMS 0x00000000a1b00000, 0x00000000a1a00000| Untracked 
|  27|0x00000000a1b00000, 0x00000000a1c00000, 0x00000000a1c00000|100%| O|  |TAMS 0x00000000a1c00000, 0x00000000a1b00000| Untracked 
|  28|0x00000000a1c00000, 0x00000000a1d00000, 0x00000000a1d00000|100%| O|  |TAMS 0x00000000a1d00000, 0x00000000a1c00000| Untracked 
|  29|0x00000000a1d00000, 0x00000000a1e00000, 0x00000000a1e00000|100%| O|  |TAMS 0x00000000a1e00000, 0x00000000a1d00000| Untracked 
|  30|0x00000000a1e00000, 0x00000000a1f00000, 0x00000000a1f00000|100%| O|  |TAMS 0x00000000a1f00000, 0x00000000a1e00000| Untracked 
|  31|0x00000000a1f00000, 0x00000000a1f00000, 0x00000000a2000000|  0%| F|  |TAMS 0x00000000a1f00000, 0x00000000a1f00000| Untracked 
|  32|0x00000000a2000000, 0x00000000a2100000, 0x00000000a2100000|100%| O|  |TAMS 0x00000000a2000000, 0x00000000a2000000| Untracked 
|  33|0x00000000a2100000, 0x00000000a2200000, 0x00000000a2200000|100%| O|  |TAMS 0x00000000a2200000, 0x00000000a2100000| Untracked 
|  34|0x00000000a2200000, 0x00000000a2300000, 0x00000000a2300000|100%| O|  |TAMS 0x00000000a2300000, 0x00000000a2200000| Untracked 
|  35|0x00000000a2300000, 0x00000000a23f2c00, 0x00000000a2400000| 94%| O|  |TAMS 0x00000000a2300000, 0x00000000a2300000| Untracked 
|  36|0x00000000a2400000, 0x00000000a2500000, 0x00000000a2500000|100%| O|  |TAMS 0x00000000a2500000, 0x00000000a2400000| Untracked 
|  37|0x00000000a2500000, 0x00000000a2600000, 0x00000000a2600000|100%| O|  |TAMS 0x00000000a2600000, 0x00000000a2500000| Untracked 
|  38|0x00000000a2600000, 0x00000000a2700000, 0x00000000a2700000|100%| O|  |TAMS 0x00000000a2700000, 0x00000000a2600000| Untracked 
|  39|0x00000000a2700000, 0x00000000a2800000, 0x00000000a2800000|100%|HS|  |TAMS 0x00000000a2800000, 0x00000000a2700000| Complete 
|  40|0x00000000a2800000, 0x00000000a2900000, 0x00000000a2900000|100%| O|  |TAMS 0x00000000a2900000, 0x00000000a2800000| Untracked 
|  41|0x00000000a2900000, 0x00000000a2a00000, 0x00000000a2a00000|100%| O|  |TAMS 0x00000000a2a00000, 0x00000000a2900000| Untracked 
|  42|0x00000000a2a00000, 0x00000000a2b00000, 0x00000000a2b00000|100%| O|  |TAMS 0x00000000a2b00000, 0x00000000a2a00000| Untracked 
|  43|0x00000000a2b00000, 0x00000000a2b00000, 0x00000000a2c00000|  0%| F|  |TAMS 0x00000000a2b00000, 0x00000000a2b00000| Untracked 
|  44|0x00000000a2c00000, 0x00000000a2d00000, 0x00000000a2d00000|100%| O|  |TAMS 0x00000000a2d00000, 0x00000000a2c00000| Untracked 
|  45|0x00000000a2d00000, 0x00000000a2e00000, 0x00000000a2e00000|100%|HS|  |TAMS 0x00000000a2e00000, 0x00000000a2d00000| Complete 
|  46|0x00000000a2e00000, 0x00000000a2f00000, 0x00000000a2f00000|100%|HS|  |TAMS 0x00000000a2f00000, 0x00000000a2e00000| Complete 
|  47|0x00000000a2f00000, 0x00000000a3000000, 0x00000000a3000000|100%| O|  |TAMS 0x00000000a3000000, 0x00000000a2f00000| Untracked 
|  48|0x00000000a3000000, 0x00000000a3100000, 0x00000000a3100000|100%| O|  |TAMS 0x00000000a3100000, 0x00000000a3000000| Untracked 
|  49|0x00000000a3100000, 0x00000000a3200000, 0x00000000a3200000|100%|HS|  |TAMS 0x00000000a3200000, 0x00000000a3100000| Complete 
|  50|0x00000000a3200000, 0x00000000a3300000, 0x00000000a3300000|100%| O|  |TAMS 0x00000000a3300000, 0x00000000a3200000| Untracked 
|  51|0x00000000a3300000, 0x00000000a3400000, 0x00000000a3400000|100%| O|  |TAMS 0x00000000a3400000, 0x00000000a3300000| Untracked 
|  52|0x00000000a3400000, 0x00000000a3500000, 0x00000000a3500000|100%| O|  |TAMS 0x00000000a3500000, 0x00000000a3400000| Untracked 
|  53|0x00000000a3500000, 0x00000000a3600000, 0x00000000a3600000|100%| O|  |TAMS 0x00000000a3600000, 0x00000000a3500000| Untracked 
|  54|0x00000000a3600000, 0x00000000a3700000, 0x00000000a3700000|100%| O|  |TAMS 0x00000000a3700000, 0x00000000a3600000| Untracked 
|  55|0x00000000a3700000, 0x00000000a3800000, 0x00000000a3800000|100%| O|  |TAMS 0x00000000a3800000, 0x00000000a3700000| Untracked 
|  56|0x00000000a3800000, 0x00000000a3900000, 0x00000000a3900000|100%|HS|  |TAMS 0x00000000a3900000, 0x00000000a3800000| Complete 
|  57|0x00000000a3900000, 0x00000000a3a00000, 0x00000000a3a00000|100%| O|  |TAMS 0x00000000a3a00000, 0x00000000a3900000| Untracked 
|  58|0x00000000a3a00000, 0x00000000a3b00000, 0x00000000a3b00000|100%| O|  |TAMS 0x00000000a3b00000, 0x00000000a3a00000| Untracked 
|  59|0x00000000a3b00000, 0x00000000a3c00000, 0x00000000a3c00000|100%| O|  |TAMS 0x00000000a3c00000, 0x00000000a3b00000| Untracked 
|  60|0x00000000a3c00000, 0x00000000a3d00000, 0x00000000a3d00000|100%| O|  |TAMS 0x00000000a3d00000, 0x00000000a3c00000| Untracked 
|  61|0x00000000a3d00000, 0x00000000a3e00000, 0x00000000a3e00000|100%| O|  |TAMS 0x00000000a3e00000, 0x00000000a3d00000| Untracked 
|  62|0x00000000a3e00000, 0x00000000a3f00000, 0x00000000a3f00000|100%| O|  |TAMS 0x00000000a3f00000, 0x00000000a3e00000| Untracked 
|  63|0x00000000a3f00000, 0x00000000a4000000, 0x00000000a4000000|100%| O|  |TAMS 0x00000000a4000000, 0x00000000a3f00000| Untracked 
|  64|0x00000000a4000000, 0x00000000a4100000, 0x00000000a4100000|100%| O|  |TAMS 0x00000000a4100000, 0x00000000a4000000| Untracked 
|  65|0x00000000a4100000, 0x00000000a4200000, 0x00000000a4200000|100%| O|  |TAMS 0x00000000a4200000, 0x00000000a4100000| Untracked 
|  66|0x00000000a4200000, 0x00000000a4300000, 0x00000000a4300000|100%| O|  |TAMS 0x00000000a4300000, 0x00000000a4200000| Untracked 
|  67|0x00000000a4300000, 0x00000000a4400000, 0x00000000a4400000|100%|HS|  |TAMS 0x00000000a4400000, 0x00000000a4300000| Complete 
|  68|0x00000000a4400000, 0x00000000a4500000, 0x00000000a4500000|100%| O|  |TAMS 0x00000000a4500000, 0x00000000a4400000| Untracked 
|  69|0x00000000a4500000, 0x00000000a4600000, 0x00000000a4600000|100%| O|  |TAMS 0x00000000a4600000, 0x00000000a4500000| Untracked 
|  70|0x00000000a4600000, 0x00000000a4700000, 0x00000000a4700000|100%| O|  |TAMS 0x00000000a4700000, 0x00000000a4600000| Untracked 
|  71|0x00000000a4700000, 0x00000000a4800000, 0x00000000a4800000|100%| O|  |TAMS 0x00000000a4800000, 0x00000000a4700000| Untracked 
|  72|0x00000000a4800000, 0x00000000a4900000, 0x00000000a4900000|100%| O|  |TAMS 0x00000000a4900000, 0x00000000a4800000| Untracked 
|  73|0x00000000a4900000, 0x00000000a4a00000, 0x00000000a4a00000|100%| O|  |TAMS 0x00000000a4a00000, 0x00000000a4900000| Untracked 
|  74|0x00000000a4a00000, 0x00000000a4b00000, 0x00000000a4b00000|100%| O|  |TAMS 0x00000000a4b00000, 0x00000000a4a00000| Untracked 
|  75|0x00000000a4b00000, 0x00000000a4c00000, 0x00000000a4c00000|100%| O|  |TAMS 0x00000000a4c00000, 0x00000000a4b00000| Untracked 
|  76|0x00000000a4c00000, 0x00000000a4d00000, 0x00000000a4d00000|100%| O|  |TAMS 0x00000000a4d00000, 0x00000000a4c00000| Untracked 
|  77|0x00000000a4d00000, 0x00000000a4e00000, 0x00000000a4e00000|100%| O|  |TAMS 0x00000000a4e00000, 0x00000000a4d00000| Untracked 
|  78|0x00000000a4e00000, 0x00000000a4f00000, 0x00000000a4f00000|100%| O|  |TAMS 0x00000000a4ecb200, 0x00000000a4e00000| Untracked 
|  79|0x00000000a4f00000, 0x00000000a4f00000, 0x00000000a5000000|  0%| F|  |TAMS 0x00000000a4f00000, 0x00000000a4f00000| Untracked 
|  80|0x00000000a5000000, 0x00000000a5000000, 0x00000000a5100000|  0%| F|  |TAMS 0x00000000a5000000, 0x00000000a5000000| Untracked 
|  81|0x00000000a5100000, 0x00000000a5100000, 0x00000000a5200000|  0%| F|  |TAMS 0x00000000a5100000, 0x00000000a5100000| Untracked 
|  82|0x00000000a5200000, 0x00000000a5200000, 0x00000000a5300000|  0%| F|  |TAMS 0x00000000a5200000, 0x00000000a5200000| Untracked 
|  83|0x00000000a5300000, 0x00000000a5300000, 0x00000000a5400000|  0%| F|  |TAMS 0x00000000a5300000, 0x00000000a5300000| Untracked 
|  84|0x00000000a5400000, 0x00000000a5400000, 0x00000000a5500000|  0%| F|  |TAMS 0x00000000a5400000, 0x00000000a5400000| Untracked 
|  85|0x00000000a5500000, 0x00000000a5500000, 0x00000000a5600000|  0%| F|  |TAMS 0x00000000a5500000, 0x00000000a5500000| Untracked 
|  86|0x00000000a5600000, 0x00000000a5600000, 0x00000000a5700000|  0%| F|  |TAMS 0x00000000a5600000, 0x00000000a5600000| Untracked 
|  87|0x00000000a5700000, 0x00000000a5700000, 0x00000000a5800000|  0%| F|  |TAMS 0x00000000a5700000, 0x00000000a5700000| Untracked 
|  88|0x00000000a5800000, 0x00000000a5800000, 0x00000000a5900000|  0%| F|  |TAMS 0x00000000a5800000, 0x00000000a5800000| Untracked 
|  89|0x00000000a5900000, 0x00000000a5900000, 0x00000000a5a00000|  0%| F|  |TAMS 0x00000000a5900000, 0x00000000a5900000| Untracked 
|  90|0x00000000a5a00000, 0x00000000a5a00000, 0x00000000a5b00000|  0%| F|  |TAMS 0x00000000a5a00000, 0x00000000a5a00000| Untracked 
|  91|0x00000000a5b00000, 0x00000000a5b00000, 0x00000000a5c00000|  0%| F|  |TAMS 0x00000000a5b00000, 0x00000000a5b00000| Untracked 
|  92|0x00000000a5c00000, 0x00000000a5c00000, 0x00000000a5d00000|  0%| F|  |TAMS 0x00000000a5c00000, 0x00000000a5c00000| Untracked 
|  93|0x00000000a5d00000, 0x00000000a5d00000, 0x00000000a5e00000|  0%| F|  |TAMS 0x00000000a5d00000, 0x00000000a5d00000| Untracked 
|  94|0x00000000a5e00000, 0x00000000a5e00000, 0x00000000a5f00000|  0%| F|  |TAMS 0x00000000a5e00000, 0x00000000a5e00000| Untracked 
|  95|0x00000000a5f00000, 0x00000000a5f00000, 0x00000000a6000000|  0%| F|  |TAMS 0x00000000a5f00000, 0x00000000a5f00000| Untracked 
|  96|0x00000000a6000000, 0x00000000a6000000, 0x00000000a6100000|  0%| F|  |TAMS 0x00000000a6000000, 0x00000000a6000000| Untracked 
|  97|0x00000000a6100000, 0x00000000a6100000, 0x00000000a6200000|  0%| F|  |TAMS 0x00000000a6100000, 0x00000000a6100000| Untracked 
|  98|0x00000000a6200000, 0x00000000a6200000, 0x00000000a6300000|  0%| F|  |TAMS 0x00000000a6200000, 0x00000000a6200000| Untracked 
|  99|0x00000000a6300000, 0x00000000a6300000, 0x00000000a6400000|  0%| F|  |TAMS 0x00000000a6300000, 0x00000000a6300000| Untracked 
| 100|0x00000000a6400000, 0x00000000a6400000, 0x00000000a6500000|  0%| F|  |TAMS 0x00000000a6400000, 0x00000000a6400000| Untracked 
| 101|0x00000000a6500000, 0x00000000a6500000, 0x00000000a6600000|  0%| F|  |TAMS 0x00000000a6500000, 0x00000000a6500000| Untracked 
| 102|0x00000000a6600000, 0x00000000a6600000, 0x00000000a6700000|  0%| F|  |TAMS 0x00000000a6600000, 0x00000000a6600000| Untracked 
| 103|0x00000000a6700000, 0x00000000a6700000, 0x00000000a6800000|  0%| F|  |TAMS 0x00000000a6700000, 0x00000000a6700000| Untracked 
| 104|0x00000000a6800000, 0x00000000a6800000, 0x00000000a6900000|  0%| F|  |TAMS 0x00000000a6800000, 0x00000000a6800000| Untracked 
| 105|0x00000000a6900000, 0x00000000a6900000, 0x00000000a6a00000|  0%| F|  |TAMS 0x00000000a6900000, 0x00000000a6900000| Untracked 
| 106|0x00000000a6a00000, 0x00000000a6a00000, 0x00000000a6b00000|  0%| F|  |TAMS 0x00000000a6a00000, 0x00000000a6a00000| Untracked 
| 107|0x00000000a6b00000, 0x00000000a6b00000, 0x00000000a6c00000|  0%| F|  |TAMS 0x00000000a6b00000, 0x00000000a6b00000| Untracked 
| 108|0x00000000a6c00000, 0x00000000a6c00000, 0x00000000a6d00000|  0%| F|  |TAMS 0x00000000a6c00000, 0x00000000a6c00000| Untracked 
| 109|0x00000000a6d00000, 0x00000000a6d00000, 0x00000000a6e00000|  0%| F|  |TAMS 0x00000000a6d00000, 0x00000000a6d00000| Untracked 
| 110|0x00000000a6e00000, 0x00000000a6f00000, 0x00000000a6f00000|100%| E|  |TAMS 0x00000000a6e00000, 0x00000000a6e00000| Complete 
| 111|0x00000000a6f00000, 0x00000000a7000000, 0x00000000a7000000|100%| E|CS|TAMS 0x00000000a6f00000, 0x00000000a6f00000| Complete 
| 112|0x00000000a7000000, 0x00000000a7100000, 0x00000000a7100000|100%| E|CS|TAMS 0x00000000a7000000, 0x00000000a7000000| Complete 
| 113|0x00000000a7100000, 0x00000000a7200000, 0x00000000a7200000|100%| E|CS|TAMS 0x00000000a7100000, 0x00000000a7100000| Complete 
| 114|0x00000000a7200000, 0x00000000a7300000, 0x00000000a7300000|100%| E|CS|TAMS 0x00000000a7200000, 0x00000000a7200000| Complete 
| 115|0x00000000a7300000, 0x00000000a7400000, 0x00000000a7400000|100%| E|CS|TAMS 0x00000000a7300000, 0x00000000a7300000| Complete 
| 116|0x00000000a7400000, 0x00000000a7500000, 0x00000000a7500000|100%| E|CS|TAMS 0x00000000a7400000, 0x00000000a7400000| Complete 
| 117|0x00000000a7500000, 0x00000000a7600000, 0x00000000a7600000|100%| E|CS|TAMS 0x00000000a7500000, 0x00000000a7500000| Complete 
| 118|0x00000000a7600000, 0x00000000a7700000, 0x00000000a7700000|100%| E|CS|TAMS 0x00000000a7600000, 0x00000000a7600000| Complete 
| 119|0x00000000a7700000, 0x00000000a7800000, 0x00000000a7800000|100%| E|CS|TAMS 0x00000000a7700000, 0x00000000a7700000| Complete 
| 120|0x00000000a7800000, 0x00000000a7900000, 0x00000000a7900000|100%| E|CS|TAMS 0x00000000a7800000, 0x00000000a7800000| Complete 
| 121|0x00000000a7900000, 0x00000000a7a00000, 0x00000000a7a00000|100%| E|CS|TAMS 0x00000000a7900000, 0x00000000a7900000| Complete 
| 122|0x00000000a7a00000, 0x00000000a7b00000, 0x00000000a7b00000|100%| E|CS|TAMS 0x00000000a7a00000, 0x00000000a7a00000| Complete 
| 123|0x00000000a7b00000, 0x00000000a7c00000, 0x00000000a7c00000|100%| E|CS|TAMS 0x00000000a7b00000, 0x00000000a7b00000| Complete 
| 193|0x00000000ac100000, 0x00000000ac200000, 0x00000000ac200000|100%| E|CS|TAMS 0x00000000ac100000, 0x00000000ac100000| Complete 
| 194|0x00000000ac200000, 0x00000000ac300000, 0x00000000ac300000|100%| E|CS|TAMS 0x00000000ac200000, 0x00000000ac200000| Complete 
| 195|0x00000000ac300000, 0x00000000ac400000, 0x00000000ac400000|100%| E|CS|TAMS 0x00000000ac300000, 0x00000000ac300000| Complete 
| 196|0x00000000ac400000, 0x00000000ac500000, 0x00000000ac500000|100%| E|CS|TAMS 0x00000000ac400000, 0x00000000ac400000| Complete 
| 197|0x00000000ac500000, 0x00000000ac600000, 0x00000000ac600000|100%| E|CS|TAMS 0x00000000ac500000, 0x00000000ac500000| Complete 
| 198|0x00000000ac600000, 0x00000000ac700000, 0x00000000ac700000|100%| E|CS|TAMS 0x00000000ac600000, 0x00000000ac600000| Complete 
| 199|0x00000000ac700000, 0x00000000ac800000, 0x00000000ac800000|100%| E|CS|TAMS 0x00000000ac700000, 0x00000000ac700000| Complete 
| 200|0x00000000ac800000, 0x00000000ac900000, 0x00000000ac900000|100%| E|CS|TAMS 0x00000000ac800000, 0x00000000ac800000| Complete 
| 201|0x00000000ac900000, 0x00000000ac969e38, 0x00000000aca00000| 41%| S|CS|TAMS 0x00000000ac900000, 0x00000000ac900000| Complete 
| 202|0x00000000aca00000, 0x00000000acb00000, 0x00000000acb00000|100%| E|CS|TAMS 0x00000000aca00000, 0x00000000aca00000| Complete 
| 203|0x00000000acb00000, 0x00000000acc00000, 0x00000000acc00000|100%| E|CS|TAMS 0x00000000acb00000, 0x00000000acb00000| Complete 
| 204|0x00000000acc00000, 0x00000000acd00000, 0x00000000acd00000|100%| E|CS|TAMS 0x00000000acc00000, 0x00000000acc00000| Complete 
| 317|0x00000000b3d00000, 0x00000000b3e00000, 0x00000000b3e00000|100%| E|CS|TAMS 0x00000000b3d00000, 0x00000000b3d00000| Complete 

Card table byte_map: [0x000002db52730000,0x000002db52a30000] _byte_map_base: 0x000002db52230000

Marking Bits (Prev, Next): (CMBitMap*) 0x000002db3b8d23c0, (CMBitMap*) 0x000002db3b8d2400
 Prev Bits: [0x000002db52d30000, 0x000002db54530000)
 Next Bits: [0x000002db54530000, 0x000002db55d30000)

Polling page: 0x000002db397f0000

Metaspace:

Usage:
  Non-class:     56.57 MB used.
      Class:      8.86 MB used.
       Both:     65.42 MB used.

Virtual space:
  Non-class space:       64.00 MB reserved,      57.00 MB ( 89%) committed,  8 nodes.
      Class space:        1.00 GB reserved,       9.25 MB ( <1%) committed,  1 nodes.
             Both:        1.06 GB reserved,      66.25 MB (  6%) committed. 

Chunk freelists:
   Non-Class:  2.87 MB
       Class:  2.59 MB
        Both:  5.46 MB

MaxMetaspaceSize: unlimited
CompressedClassSpaceSize: 1.00 GB
Initial GC threshold: 21.00 MB
Current GC threshold: 109.94 MB
CDS: on
MetaspaceReclaimPolicy: balanced
 - commit_granule_bytes: 65536.
 - commit_granule_words: 8192.
 - virtual_space_node_default_size: 1048576.
 - enlarge_chunks_in_place: 1.
 - new_chunks_are_fully_committed: 0.
 - uncommit_free_chunks: 1.
 - use_allocation_guard: 0.
 - handle_deallocations: 1.


Internal statistics:

num_allocs_failed_limit: 6.
num_arena_births: 1264.
num_arena_deaths: 224.
num_vsnodes_births: 9.
num_vsnodes_deaths: 0.
num_space_committed: 1060.
num_space_uncommitted: 0.
num_chunks_returned_to_freelist: 288.
num_chunks_taken_from_freelist: 4385.
num_chunk_merges: 89.
num_chunk_splits: 2625.
num_chunks_enlarged: 1560.
num_purges: 2.
num_inconsistent_stats: 0.

CodeHeap 'non-profiled nmethods': size=120000Kb used=7968Kb max_used=7968Kb free=112031Kb
 bounds [0x000002db4abd0000, 0x000002db4b3a0000, 0x000002db52100000]
CodeHeap 'profiled nmethods': size=120000Kb used=18814Kb max_used=18814Kb free=101185Kb
 bounds [0x000002db43100000, 0x000002db44360000, 0x000002db4a630000]
CodeHeap 'non-nmethods': size=5760Kb used=2370Kb max_used=2484Kb free=3389Kb
 bounds [0x000002db4a630000, 0x000002db4a8a0000, 0x000002db4abd0000]
 total_blobs=10670 nmethods=9787 adapters=795
 compilation: enabled
              stopped_count=0, restarted_count=0
 full_count=0

Compilation events (20 events):
Event: 167550.739 Thread 0x000002db5875e8e0 11350       1       it.unimi.dsi.fastutil.objects.AbstractObject2IntFunction::defaultReturnValue (5 bytes)
Event: 167550.739 Thread 0x000002db5875e8e0 nmethod 11350 0x000002db4b391b10 code [0x000002db4b391ca0, 0x000002db4b391d78]
Event: 167550.740 Thread 0x000002db5e87e790 nmethod 11289 0x000002db4b391e10 code [0x000002db4b3920a0, 0x000002db4b3942b0]
Event: 167550.740 Thread 0x000002db5e87e790 11315       4       java.lang.AbstractStringBuilder::appendChars (130 bytes)
Event: 167550.741 Thread 0x000002db5875e8e0 11354       1       org.gradle.plugins.ide.internal.configurer.HierarchicalElementDeduplicator::access$200 (5 bytes)
Event: 167550.741 Thread 0x000002db5875e8e0 nmethod 11354 0x000002db4b394f10 code [0x000002db4b3950a0, 0x000002db4b395158]
Event: 167550.742 Thread 0x000002db5875e8e0 11355       3       org.gradle.internal.typeconversion.TypeInfo::<init> (34 bytes)
Event: 167550.742 Thread 0x000002db5875e8e0 nmethod 11355 0x000002db4434f390 code [0x000002db4434f540, 0x000002db4434f778]
Event: 167550.742 Thread 0x000002db5875e8e0 11356       3       org.gradle.internal.typeconversion.NotationParserBuilder::<init> (31 bytes)
Event: 167550.743 Thread 0x000002db5875e8e0 nmethod 11356 0x000002db4434f890 code [0x000002db4434fa60, 0x000002db4434ff18]
Event: 167550.743 Thread 0x000002db5875e8e0 11357       3       org.gradle.internal.typeconversion.NotationParserBuilder::create (93 bytes)
Event: 167550.743 Thread 0x000002db5875e8e0 nmethod 11357 0x000002db44350090 code [0x000002db443502e0, 0x000002db44350d48]
Event: 167550.747 Thread 0x000002db5e87e790 nmethod 11315 0x000002db4b395210 code [0x000002db4b3953c0, 0x000002db4b395788]
Event: 167550.747 Thread 0x000002db5e87e790 11317 %     4       java.lang.StringUTF16::putChars @ 0 (24 bytes)
Event: 167550.749 Thread 0x000002db5875e8e0 11358       2       java.lang.reflect.Executable::isVarArgs (17 bytes)
Event: 167550.749 Thread 0x000002db5875e8e0 nmethod 11358 0x000002db44351010 code [0x000002db443511a0, 0x000002db443512e8]
Event: 167550.750 Thread 0x000002db5875e8e0 11360       3       org.codehaus.groovy.reflection.ClassInfo::replaceWeakMetaClassRef (19 bytes)
Event: 167550.750 Thread 0x000002db5875e8e0 nmethod 11360 0x000002db44351390 code [0x000002db44351560, 0x000002db44351918]
Event: 167550.853 Thread 0x000002db5875e8e0 11362       2       java.util.concurrent.Executors$RunnableAdapter::call (14 bytes)
Event: 167550.854 Thread 0x000002db5875e8e0 nmethod 11362 0x000002db44351a90 code [0x000002db44351c20, 0x000002db44351d68]

GC Heap History (20 events):
Event: 167540.418 GC heap before
{Heap before GC invocations=64 (full 0):
 garbage-first heap   total 133120K, used 73309K [0x00000000a0000000, 0x0000000100000000)
  region size 1024K, 6 young (6144K), 3 survivors (3072K)
 Metaspace       used 62197K, committed 62848K, reserved 1105920K
  class space    used 8473K, committed 8768K, reserved 1048576K
}
Event: 167540.422 GC heap after
{Heap after GC invocations=65 (full 0):
 garbage-first heap   total 133120K, used 69666K [0x00000000a0000000, 0x0000000100000000)
  region size 1024K, 1 young (1024K), 1 survivors (1024K)
 Metaspace       used 62197K, committed 62848K, reserved 1105920K
  class space    used 8473K, committed 8768K, reserved 1048576K
}
Event: 167541.741 GC heap before
{Heap before GC invocations=65 (full 0):
 garbage-first heap   total 133120K, used 111650K [0x00000000a0000000, 0x0000000100000000)
  region size 1024K, 43 young (44032K), 1 survivors (1024K)
 Metaspace       used 64226K, committed 64832K, reserved 1105920K
  class space    used 8738K, committed 9024K, reserved 1048576K
}
Event: 167541.744 GC heap after
{Heap after GC invocations=66 (full 0):
 garbage-first heap   total 133120K, used 71141K [0x00000000a0000000, 0x0000000100000000)
  region size 1024K, 2 young (2048K), 2 survivors (2048K)
 Metaspace       used 64226K, committed 64832K, reserved 1105920K
  class space    used 8738K, committed 9024K, reserved 1048576K
}
Event: 167542.343 GC heap before
{Heap before GC invocations=67 (full 0):
 garbage-first heap   total 133120K, used 113125K [0x00000000a0000000, 0x0000000100000000)
  region size 1024K, 43 young (44032K), 2 survivors (2048K)
 Metaspace       used 64513K, committed 65088K, reserved 1105920K
  class space    used 8782K, committed 9024K, reserved 1048576K
}
Event: 167542.349 GC heap after
{Heap after GC invocations=68 (full 0):
 garbage-first heap   total 133120K, used 74173K [0x00000000a0000000, 0x0000000100000000)
  region size 1024K, 5 young (5120K), 5 survivors (5120K)
 Metaspace       used 64513K, committed 65088K, reserved 1105920K
  class space    used 8782K, committed 9024K, reserved 1048576K
}
Event: 167542.370 GC heap before
{Heap before GC invocations=68 (full 0):
 garbage-first heap   total 133120K, used 75197K [0x00000000a0000000, 0x0000000100000000)
  region size 1024K, 6 young (6144K), 5 survivors (5120K)
 Metaspace       used 64513K, committed 65088K, reserved 1105920K
  class space    used 8782K, committed 9024K, reserved 1048576K
}
Event: 167542.375 GC heap after
{Heap after GC invocations=69 (full 0):
 garbage-first heap   total 133120K, used 74507K [0x00000000a0000000, 0x0000000100000000)
  region size 1024K, 1 young (1024K), 1 survivors (1024K)
 Metaspace       used 64513K, committed 65088K, reserved 1105920K
  class space    used 8782K, committed 9024K, reserved 1048576K
}
Event: 167544.653 GC heap before
{Heap before GC invocations=69 (full 0):
 garbage-first heap   total 133120K, used 112395K [0x00000000a0000000, 0x0000000100000000)
  region size 1024K, 39 young (39936K), 1 survivors (1024K)
 Metaspace       used 65739K, committed 66368K, reserved 1114112K
  class space    used 8962K, committed 9216K, reserved 1048576K
}
Event: 167544.656 GC heap after
{Heap after GC invocations=70 (full 0):
 garbage-first heap   total 133120K, used 75292K [0x00000000a0000000, 0x0000000100000000)
  region size 1024K, 2 young (2048K), 2 survivors (2048K)
 Metaspace       used 65739K, committed 66368K, reserved 1114112K
  class space    used 8962K, committed 9216K, reserved 1048576K
}
Event: 167546.513 GC heap before
{Heap before GC invocations=71 (full 0):
 garbage-first heap   total 133120K, used 112156K [0x00000000a0000000, 0x0000000100000000)
  region size 1024K, 39 young (39936K), 2 survivors (2048K)
 Metaspace       used 66477K, committed 67264K, reserved 1114112K
  class space    used 9026K, committed 9408K, reserved 1048576K
}
Event: 167546.519 GC heap after
{Heap after GC invocations=72 (full 0):
 garbage-first heap   total 133120K, used 79462K [0x00000000a0000000, 0x0000000100000000)
  region size 1024K, 5 young (5120K), 5 survivors (5120K)
 Metaspace       used 66477K, committed 67264K, reserved 1114112K
  class space    used 9026K, committed 9408K, reserved 1048576K
}
Event: 167546.557 GC heap before
{Heap before GC invocations=72 (full 0):
 garbage-first heap   total 133120K, used 80486K [0x00000000a0000000, 0x0000000100000000)
  region size 1024K, 6 young (6144K), 5 survivors (5120K)
 Metaspace       used 66478K, committed 67264K, reserved 1114112K
  class space    used 9026K, committed 9408K, reserved 1048576K
}
Event: 167546.564 GC heap after
{Heap after GC invocations=73 (full 0):
 garbage-first heap   total 133120K, used 79344K [0x00000000a0000000, 0x0000000100000000)
  region size 1024K, 1 young (1024K), 1 survivors (1024K)
 Metaspace       used 66478K, committed 67264K, reserved 1114112K
  class space    used 9026K, committed 9408K, reserved 1048576K
}
Event: 167547.112 GC heap before
{Heap before GC invocations=73 (full 0):
 garbage-first heap   total 133120K, used 112112K [0x00000000a0000000, 0x0000000100000000)
  region size 1024K, 33 young (33792K), 1 survivors (1024K)
 Metaspace       used 66749K, committed 67520K, reserved 1114112K
  class space    used 9041K, committed 9408K, reserved 1048576K
}
Event: 167547.115 GC heap after
{Heap after GC invocations=74 (full 0):
 garbage-first heap   total 133120K, used 81281K [0x00000000a0000000, 0x0000000100000000)
  region size 1024K, 3 young (3072K), 3 survivors (3072K)
 Metaspace       used 66749K, committed 67520K, reserved 1114112K
  class space    used 9041K, committed 9408K, reserved 1048576K
}
Event: 167550.051 GC heap before
{Heap before GC invocations=75 (full 0):
 garbage-first heap   total 140288K, used 110977K [0x00000000a0000000, 0x0000000100000000)
  region size 1024K, 33 young (33792K), 3 survivors (3072K)
 Metaspace       used 66799K, committed 67584K, reserved 1114112K
  class space    used 9046K, committed 9408K, reserved 1048576K
}
Event: 167550.054 GC heap after
{Heap after GC invocations=76 (full 0):
 garbage-first heap   total 140288K, used 80530K [0x00000000a0000000, 0x0000000100000000)
  region size 1024K, 2 young (2048K), 2 survivors (2048K)
 Metaspace       used 66799K, committed 67584K, reserved 1114112K
  class space    used 9046K, committed 9408K, reserved 1048576K
}
Event: 167550.444 GC heap before
{Heap before GC invocations=76 (full 0):
 garbage-first heap   total 140288K, used 83602K [0x00000000a0000000, 0x0000000100000000)
  region size 1024K, 6 young (6144K), 2 survivors (2048K)
 Metaspace       used 66826K, committed 67584K, reserved 1114112K
  class space    used 9049K, committed 9408K, reserved 1048576K
}
Event: 167550.448 GC heap after
{Heap after GC invocations=77 (full 0):
 garbage-first heap   total 140288K, used 79218K [0x00000000a0000000, 0x0000000100000000)
  region size 1024K, 1 young (1024K), 1 survivors (1024K)
 Metaspace       used 66826K, committed 67584K, reserved 1114112K
  class space    used 9049K, committed 9408K, reserved 1048576K
}

Deoptimization events (20 events):
Event: 167550.686 Thread 0x000002db59b86d80 DEOPT PACKING pc=0x000002db43be7acb sp=0x000000dc458f9aa0
Event: 167550.686 Thread 0x000002db59b86d80 DEOPT UNPACKING pc=0x000002db4a6866e3 sp=0x000000dc458f8f50 mode 0
Event: 167550.687 Thread 0x000002db59b86d80 DEOPT PACKING pc=0x000002db43be7acb sp=0x000000dc458f9aa0
Event: 167550.687 Thread 0x000002db59b86d80 DEOPT UNPACKING pc=0x000002db4a6866e3 sp=0x000000dc458f8f50 mode 0
Event: 167550.687 Thread 0x000002db59b86d80 DEOPT PACKING pc=0x000002db43be7acb sp=0x000000dc458f9aa0
Event: 167550.687 Thread 0x000002db59b86d80 DEOPT UNPACKING pc=0x000002db4a6866e3 sp=0x000000dc458f8f50 mode 0
Event: 167550.692 Thread 0x000002db61365d90 Uncommon trap: trap_request=0xffffffde fr.pc=0x000002db4b084f50 relative=0x0000000000000bb0
Event: 167550.692 Thread 0x000002db61365d90 Uncommon trap: reason=class_check action=maybe_recompile pc=0x000002db4b084f50 method=java.util.concurrent.Executors$RunnableAdapter.call()Ljava/lang/Object; @ 4 c2
Event: 167550.692 Thread 0x000002db61365d90 DEOPT PACKING pc=0x000002db4b084f50 sp=0x000000dc473ff2e0
Event: 167550.692 Thread 0x000002db61365d90 DEOPT UNPACKING pc=0x000002db4a685ba3 sp=0x000000dc473ff2e8 mode 2
Event: 167550.693 Thread 0x000002db61365d90 Uncommon trap: trap_request=0xffffffde fr.pc=0x000002db4b084f50 relative=0x0000000000000bb0
Event: 167550.693 Thread 0x000002db61365d90 Uncommon trap: reason=class_check action=maybe_recompile pc=0x000002db4b084f50 method=java.util.concurrent.Executors$RunnableAdapter.call()Ljava/lang/Object; @ 4 c2
Event: 167550.693 Thread 0x000002db61365d90 DEOPT PACKING pc=0x000002db4b084f50 sp=0x000000dc473ff2e0
Event: 167550.693 Thread 0x000002db61365d90 DEOPT UNPACKING pc=0x000002db4a685ba3 sp=0x000000dc473ff2e8 mode 2
Event: 167550.693 Thread 0x000002db59b86d80 Uncommon trap: trap_request=0xffffff45 fr.pc=0x000002db4b2b71e8 relative=0x0000000000001048
Event: 167550.693 Thread 0x000002db59b86d80 Uncommon trap: reason=unstable_if action=reinterpret pc=0x000002db4b2b71e8 method=org.gradle.internal.logging.sink.OutputEventTransformer.onOutput(Lorg/gradle/internal/logging/events/OutputEvent;)V @ 109 c2
Event: 167550.693 Thread 0x000002db59b86d80 DEOPT PACKING pc=0x000002db4b2b71e8 sp=0x000000dc458fab10
Event: 167550.693 Thread 0x000002db59b86d80 DEOPT UNPACKING pc=0x000002db4a685ba3 sp=0x000000dc458fab10 mode 2
Event: 167550.747 Thread 0x000002db59b86d80 DEOPT PACKING pc=0x000002db43f3cfee sp=0x000000dc458f36c0
Event: 167550.747 Thread 0x000002db59b86d80 DEOPT UNPACKING pc=0x000002db4a6866e3 sp=0x000000dc458f2b70 mode 0

Classes unloaded (20 events):
Event: 167529.746 Thread 0x000002db587464e0 Unloading class 0x0000000800d35c00 'jdk/internal/reflect/GeneratedSerializationConstructorAccessor7'
Event: 167529.746 Thread 0x000002db587464e0 Unloading class 0x0000000800d35800 'jdk/internal/reflect/GeneratedSerializationConstructorAccessor6'
Event: 167529.746 Thread 0x000002db587464e0 Unloading class 0x0000000800d35400 'jdk/internal/reflect/GeneratedSerializationConstructorAccessor5'
Event: 167529.746 Thread 0x000002db587464e0 Unloading class 0x0000000800d35000 'jdk/internal/reflect/GeneratedSerializationConstructorAccessor4'
Event: 167529.746 Thread 0x000002db587464e0 Unloading class 0x0000000800d34c00 'jdk/internal/reflect/GeneratedSerializationConstructorAccessor3'
Event: 167529.746 Thread 0x000002db587464e0 Unloading class 0x0000000800d34800 'jdk/internal/reflect/GeneratedSerializationConstructorAccessor2'
Event: 167529.746 Thread 0x000002db587464e0 Unloading class 0x0000000800d34400 'jdk/internal/reflect/GeneratedSerializationConstructorAccessor1'
Event: 167529.746 Thread 0x000002db587464e0 Unloading class 0x0000000800d0c800 'java/lang/invoke/LambdaForm$DMH+0x0000000800d0c800'
Event: 167529.746 Thread 0x000002db587464e0 Unloading class 0x0000000800d0c000 'java/lang/invoke/LambdaForm$DMH+0x0000000800d0c000'
Event: 167529.746 Thread 0x000002db587464e0 Unloading class 0x0000000800ce2000 'java/lang/invoke/LambdaForm$MH+0x0000000800ce2000'
Event: 167529.746 Thread 0x000002db587464e0 Unloading class 0x0000000800ce1800 'java/lang/invoke/LambdaForm$MH+0x0000000800ce1800'
Event: 167529.746 Thread 0x000002db587464e0 Unloading class 0x0000000800ce1400 'java/lang/invoke/LambdaForm$MH+0x0000000800ce1400'
Event: 167529.746 Thread 0x000002db587464e0 Unloading class 0x0000000800ce1000 'java/lang/invoke/LambdaForm$MH+0x0000000800ce1000'
Event: 167529.747 Thread 0x000002db587464e0 Unloading class 0x0000000800ce0c00 'java/lang/invoke/LambdaForm$MH+0x0000000800ce0c00'
Event: 167529.747 Thread 0x000002db587464e0 Unloading class 0x0000000800ce0400 'java/lang/invoke/LambdaForm$MH+0x0000000800ce0400'
Event: 167529.747 Thread 0x000002db587464e0 Unloading class 0x0000000800c3c400 'java/lang/invoke/LambdaForm$DMH+0x0000000800c3c400'
Event: 167529.747 Thread 0x000002db587464e0 Unloading class 0x0000000800c36800 'java/lang/invoke/LambdaForm$MH+0x0000000800c36800'
Event: 167529.747 Thread 0x000002db587464e0 Unloading class 0x0000000800c36400 'java/lang/invoke/LambdaForm$MH+0x0000000800c36400'
Event: 167529.747 Thread 0x000002db587464e0 Unloading class 0x0000000800c35c00 'java/lang/invoke/LambdaForm$MH+0x0000000800c35c00'
Event: 167529.747 Thread 0x000002db587464e0 Unloading class 0x0000000800c34000 'java/lang/invoke/LambdaForm$MH+0x0000000800c34000'

Classes redefined (0 events):
No events

Internal exceptions (20 events):
Event: 167547.350 Thread 0x000002db59b86d80 Implicit null exception at 0x000002db4b07d7b4 to 0x000002db4b07dc90
Event: 167547.355 Thread 0x000002db59b86d80 Implicit null exception at 0x000002db4b07b3f0 to 0x000002db4b07b7d4
Event: 167547.410 Thread 0x000002db59b86d80 Implicit null exception at 0x000002db4b07be12 to 0x000002db4b07c260
Event: 167548.190 Thread 0x000002db5a68d630 Implicit null exception at 0x000002db4ac1ca72 to 0x000002db4ac1d0cc
Event: 167550.425 Thread 0x000002db5a4e36c0 Exception <a 'java/lang/NoSuchMethodError'{0x00000000acaab820}: static Lorg/gradle/tooling/internal/provider/serialization/ClientOwnedClassLoaderSpec;.<clinit>()V> (0x00000000acaab820) 
thrown [s\open\src\hotspot\share\prims\jni.cpp, line 1107]
Event: 167550.498 Thread 0x000002db59b86d80 Exception <a 'java/lang/NoSuchMethodError'{0x00000000acb06fc8}: static Lorg/gradle/tooling/internal/consumer/connection/InternalPhasedActionAdapter;.<clinit>()V> (0x00000000acb06fc8) 
thrown [s\open\src\hotspot\share\prims\jni.cpp, line 1107]
Event: 167550.502 Thread 0x000002db59b86d80 Exception <a 'java/lang/NoSuchMethodError'{0x00000000acb160b8}: static Lorg/gradle/tooling/internal/consumer/connection/InternalBuildActionAdapter;.<clinit>()V> (0x00000000acb160b8) 
thrown [s\open\src\hotspot\share\prims\jni.cpp, line 1107]
Event: 167550.523 Thread 0x000002db59b86d80 Exception <a 'java/lang/NoSuchMethodError'{0x00000000aca2e598}: static Lorg/gradle/tooling/internal/consumer/versioning/VersionDetails;.<clinit>()V> (0x00000000aca2e598) 
thrown [s\open\src\hotspot\share\prims\jni.cpp, line 1107]
Event: 167550.523 Thread 0x000002db59b86d80 Exception <a 'java/lang/NoSuchMethodError'{0x00000000aca30f40}: static Lorg/gradle/tooling/internal/consumer/versioning/VersionDetails$R26VersionDetails;.<clinit>()V> (0x00000000aca30f40) 
thrown [s\open\src\hotspot\share\prims\jni.cpp, line 1107]
Event: 167550.523 Thread 0x000002db59b86d80 Exception <a 'java/lang/NoSuchMethodError'{0x00000000aca324b8}: static Lorg/gradle/tooling/internal/consumer/versioning/VersionDetails$R28VersionDetails;.<clinit>()V> (0x00000000aca324b8) 
thrown [s\open\src\hotspot\share\prims\jni.cpp, line 1107]
Event: 167550.523 Thread 0x000002db59b86d80 Exception <a 'java/lang/NoSuchMethodError'{0x00000000aca339c0}: static Lorg/gradle/tooling/internal/consumer/versioning/VersionDetails$R35VersionDetails;.<clinit>()V> (0x00000000aca339c0) 
thrown [s\open\src\hotspot\share\prims\jni.cpp, line 1107]
Event: 167550.523 Thread 0x000002db59b86d80 Exception <a 'java/lang/NoSuchMethodError'{0x00000000aca35090}: static Lorg/gradle/tooling/internal/consumer/versioning/VersionDetails$R44VersionDetails;.<clinit>()V> (0x00000000aca35090) 
thrown [s\open\src\hotspot\share\prims\jni.cpp, line 1107]
Event: 167550.523 Thread 0x000002db59b86d80 Exception <a 'java/lang/NoSuchMethodError'{0x00000000aca36698}: static Lorg/gradle/tooling/internal/consumer/versioning/VersionDetails$R48VersionDetails;.<clinit>()V> (0x00000000aca36698) 
thrown [s\open\src\hotspot\share\prims\jni.cpp, line 1107]
Event: 167550.523 Thread 0x000002db59b86d80 Exception <a 'java/lang/NoSuchMethodError'{0x00000000aca37898}: static Lorg/gradle/tooling/internal/consumer/versioning/VersionDetails$R51VersionDetails;.<clinit>()V> (0x00000000aca37898) 
thrown [s\open\src\hotspot\share\prims\jni.cpp, line 1107]
Event: 167550.525 Thread 0x000002db59b86d80 Exception <a 'java/lang/NoSuchMethodError'{0x00000000aca45790}: static [Lorg/gradle/tooling/BuildAction;.<clinit>()V> (0x00000000aca45790) 
thrown [s\open\src\hotspot\share\prims\jni.cpp, line 1107]
Event: 167550.526 Thread 0x000002db59b86d80 Exception <a 'java/lang/NoSuchMethodError'{0x00000000aca522b0}: static Lorg/eclipse/buildship/core/internal/workspace/TellGradleToRunSynchronizationTasks;.<clinit>()V> (0x00000000aca522b0) 
thrown [s\open\src\hotspot\share\prims\jni.cpp, line 1107]
Event: 167550.630 Thread 0x000002db59b86d80 Exception <a 'sun/nio/fs/WindowsException'{0x00000000ac64d140}> (0x00000000ac64d140) 
thrown [s\open\src\hotspot\share\prims\jni.cpp, line 516]
Event: 167550.630 Thread 0x000002db59b86d80 Exception <a 'sun/nio/fs/WindowsException'{0x00000000ac64e960}> (0x00000000ac64e960) 
thrown [s\open\src\hotspot\share\prims\jni.cpp, line 516]
Event: 167550.631 Thread 0x000002db59b86d80 Exception <a 'sun/nio/fs/WindowsException'{0x00000000ac650180}> (0x00000000ac650180) 
thrown [s\open\src\hotspot\share\prims\jni.cpp, line 516]
Event: 167550.632 Thread 0x000002db59b86d80 Exception <a 'sun/nio/fs/WindowsException'{0x00000000ac651980}> (0x00000000ac651980) 
thrown [s\open\src\hotspot\share\prims\jni.cpp, line 516]

VM Operations (20 events):
Event: 167546.948 Executing VM operation: ICBufferFull done
Event: 167547.112 Executing VM operation: G1CollectForAllocation
Event: 167547.115 Executing VM operation: G1CollectForAllocation done
Event: 167547.189 Executing VM operation: G1Concurrent
Event: 167547.214 Executing VM operation: G1Concurrent done
Event: 167547.223 Executing VM operation: HandshakeAllThreads
Event: 167547.238 Executing VM operation: HandshakeAllThreads done
Event: 167547.247 Executing VM operation: G1Concurrent
Event: 167547.247 Executing VM operation: G1Concurrent done
Event: 167548.253 Executing VM operation: Cleanup
Event: 167548.253 Executing VM operation: Cleanup done
Event: 167549.265 Executing VM operation: Cleanup
Event: 167549.266 Executing VM operation: Cleanup done
Event: 167550.051 Executing VM operation: G1CollectForAllocation
Event: 167550.055 Executing VM operation: G1CollectForAllocation done
Event: 167550.201 Executing VM operation: HandshakeAllThreads
Event: 167550.201 Executing VM operation: HandshakeAllThreads done
Event: 167550.444 Executing VM operation: G1CollectForAllocation
Event: 167550.448 Executing VM operation: G1CollectForAllocation done
Event: 167551.459 Executing VM operation: Cleanup

Events (20 events):
Event: 167547.428 Thread 0x000002db61366260 Thread exited: 0x000002db61366260
Event: 167547.431 Thread 0x000002db61364f20 Thread exited: 0x000002db61364f20
Event: 167547.443 Thread 0x000002db61364580 Thread exited: 0x000002db61364580
Event: 167547.473 Thread 0x000002db61365d90 Thread exited: 0x000002db61365d90
Event: 167547.477 Thread 0x000002db61364a50 Thread exited: 0x000002db61364a50
Event: 167548.584 Thread 0x000002db5e8800e0 Thread exited: 0x000002db5e8800e0
Event: 167548.722 Thread 0x000002db5e8805f0 Thread exited: 0x000002db5e8805f0
Event: 167550.413 Thread 0x000002db5a4e36c0 Thread added: 0x000002db5a4e36c0
Event: 167550.429 Thread 0x000002db5a4e53a0 Thread added: 0x000002db5a4e53a0
Event: 167550.448 Thread 0x000002db5e87f6c0 Thread added: 0x000002db5e87f6c0
Event: 167550.460 Thread 0x000002db5a4e4530 Thread added: 0x000002db5a4e4530
Event: 167550.461 Thread 0x000002db5a4e4060 Thread added: 0x000002db5a4e4060
Event: 167550.461 Thread 0x000002db5a4e5870 Thread added: 0x000002db5a4e5870
Event: 167550.477 Thread 0x000002db5a4e4a00 Thread added: 0x000002db5a4e4a00
Event: 167550.481 Thread 0x000002db61364f20 Thread added: 0x000002db61364f20
Event: 167550.543 Thread 0x000002db61364580 Thread added: 0x000002db61364580
Event: 167550.567 Thread 0x000002db5e87e790 Thread added: 0x000002db5e87e790
Event: 167550.660 Thread 0x000002db61363240 Thread added: 0x000002db61363240
Event: 167550.662 Thread 0x000002db613670d0 Thread added: 0x000002db613670d0
Event: 167550.691 Thread 0x000002db61365d90 Thread added: 0x000002db61365d90


Dynamic libraries:
0x00007ff7f9340000 - 0x00007ff7f9350000 	C:\Program Files\Java\jdk-17\bin\java.exe
0x00007ffa5ada0000 - 0x00007ffa5b007000 	C:\WINDOWS\SYSTEM32\ntdll.dll
0x00007ffa5a060000 - 0x00007ffa5a129000 	C:\WINDOWS\System32\KERNEL32.DLL
0x00007ffa583d0000 - 0x00007ffa587c4000 	C:\WINDOWS\System32\KERNELBASE.dll
0x00007ffa58900000 - 0x00007ffa58a4b000 	C:\WINDOWS\System32\ucrtbase.dll
0x00007ffa22ae0000 - 0x00007ffa22afb000 	C:\Program Files\Java\jdk-17\bin\VCRUNTIME140.dll
0x00007ffa33790000 - 0x00007ffa337a9000 	C:\Program Files\Java\jdk-17\bin\jli.dll
0x00007ffa58ca0000 - 0x00007ffa58d56000 	C:\WINDOWS\System32\ADVAPI32.dll
0x00007ffa5a1c0000 - 0x00007ffa5a269000 	C:\WINDOWS\System32\msvcrt.dll
0x00007ffa5aba0000 - 0x00007ffa5ac47000 	C:\WINDOWS\System32\sechost.dll
0x00007ffa5a280000 - 0x00007ffa5a398000 	C:\WINDOWS\System32\RPCRT4.dll
0x00007ffa5a3e0000 - 0x00007ffa5a5a5000 	C:\WINDOWS\System32\USER32.dll
0x00007ffa37180000 - 0x00007ffa37413000 	C:\WINDOWS\WinSxS\amd64_microsoft.windows.common-controls_6595b64144ccf1df_6.0.26100.8115_none_3e075c82e3354f9c\COMCTL32.dll
0x00007ffa58a50000 - 0x00007ffa58a77000 	C:\WINDOWS\System32\win32u.dll
0x00007ffa5ad30000 - 0x00007ffa5ad5b000 	C:\WINDOWS\System32\GDI32.dll
0x00007ffa587d0000 - 0x00007ffa588fb000 	C:\WINDOWS\System32\gdi32full.dll
0x00007ffa58a80000 - 0x00007ffa58b23000 	C:\WINDOWS\System32\msvcp_win.dll
0x00007ffa43590000 - 0x00007ffa4359b000 	C:\WINDOWS\SYSTEM32\VERSION.dll
0x00007ffa5a3a0000 - 0x00007ffa5a3d2000 	C:\WINDOWS\System32\IMM32.DLL
0x00007ffa4eee0000 - 0x00007ffa4eeec000 	C:\Program Files\Java\jdk-17\bin\vcruntime140_1.dll
0x00007ff9ddb30000 - 0x00007ff9ddbbe000 	C:\Program Files\Java\jdk-17\bin\msvcp140.dll
0x00007ffa2f850000 - 0x00007ffa3042d000 	C:\Program Files\Java\jdk-17\bin\server\jvm.dll
0x00007ffa58c00000 - 0x00007ffa58c08000 	C:\WINDOWS\System32\PSAPI.DLL
0x00007ffa4b7f0000 - 0x00007ffa4b826000 	C:\WINDOWS\SYSTEM32\WINMM.dll
0x00007ffa36cc0000 - 0x00007ffa36cca000 	C:\WINDOWS\SYSTEM32\WSOCK32.dll
0x00007ffa58c10000 - 0x00007ffa58c90000 	C:\WINDOWS\System32\WS2_32.dll
0x00007ffa56400000 - 0x00007ffa5641b000 	C:\WINDOWS\SYSTEM32\kernel.appcore.dll
0x00007ffa37780000 - 0x00007ffa3778a000 	C:\Program Files\Java\jdk-17\bin\jimage.dll
0x00007ffa55570000 - 0x00007ffa557b2000 	C:\WINDOWS\SYSTEM32\DBGHELP.DLL
0x00007ffa59840000 - 0x00007ffa59bc2000 	C:\WINDOWS\System32\combase.dll
0x00007ffa5ac50000 - 0x00007ffa5ad28000 	C:\WINDOWS\System32\OLEAUT32.dll
0x00007ffa35430000 - 0x00007ffa3546b000 	C:\WINDOWS\SYSTEM32\dbgcore.DLL
0x00007ffa58260000 - 0x00007ffa58305000 	C:\WINDOWS\System32\bcryptPrimitives.dll
0x00007ffa4ef80000 - 0x00007ffa4ef8e000 	C:\Program Files\Java\jdk-17\bin\instrument.dll
0x00007ffa2d9a0000 - 0x00007ffa2d9c5000 	C:\Program Files\Java\jdk-17\bin\java.dll
0x00007ffa3b600000 - 0x00007ffa3b6d7000 	C:\Program Files\Java\jdk-17\bin\jsvml.dll
0x00007ffa58f00000 - 0x00007ffa59667000 	C:\WINDOWS\System32\SHELL32.dll
0x00007ffa57670000 - 0x00007ffa577da000 	C:\WINDOWS\System32\wintypes.dll
0x00007ffa57870000 - 0x00007ffa580d8000 	C:\WINDOWS\System32\windows.storage.dll
0x00007ffa58de0000 - 0x00007ffa58ed8000 	C:\WINDOWS\System32\SHCORE.dll
0x00007ffa5aa30000 - 0x00007ffa5aa96000 	C:\WINDOWS\System32\shlwapi.dll
0x00007ffa57590000 - 0x00007ffa575b9000 	C:\WINDOWS\SYSTEM32\profapi.dll
0x00007ffa2ab60000 - 0x00007ffa2ab78000 	C:\Program Files\Java\jdk-17\bin\zip.dll
0x00007ffa2abb0000 - 0x00007ffa2abc9000 	C:\Program Files\Java\jdk-17\bin\net.dll
0x00007ffa4edb0000 - 0x00007ffa4eedd000 	C:\WINDOWS\SYSTEM32\WINHTTP.dll
0x00007ffa56970000 - 0x00007ffa569dc000 	C:\WINDOWS\system32\mswsock.dll
0x00007ffa2ab90000 - 0x00007ffa2aba6000 	C:\Program Files\Java\jdk-17\bin\nio.dll
0x00007ffa12dc0000 - 0x00007ffa12dd0000 	C:\Program Files\Java\jdk-17\bin\verify.dll
0x00007ff9dce90000 - 0x00007ff9dceb7000 	C:\Users\Kadjo\.gradle\native\1def1411415f61bf3af743bc5b6707747c0891f09f0c88961ee8f79bc544acac\windows-amd64\native-platform.dll
0x00007ff9db650000 - 0x00007ff9db6c8000 	C:\Users\Kadjo\.gradle\native\0.2.7\x86_64-windows-gnu\gradle-fileevents.dll
0x00007ffa28680000 - 0x00007ffa2868a000 	C:\Program Files\Java\jdk-17\bin\management.dll
0x00007ffa28670000 - 0x00007ffa2867b000 	C:\Program Files\Java\jdk-17\bin\management_ext.dll
0x00007ffa55dc0000 - 0x00007ffa55df2000 	C:\WINDOWS\SYSTEM32\IPHLPAPI.DLL
0x00007ffa5a270000 - 0x00007ffa5a27a000 	C:\WINDOWS\System32\NSI.dll
0x00007ffa4f0f0000 - 0x00007ffa4f10d000 	C:\WINDOWS\SYSTEM32\dhcpcsvc6.DLL
0x00007ffa4f040000 - 0x00007ffa4f065000 	C:\WINDOWS\SYSTEM32\dhcpcsvc.DLL
0x00007ffa55e70000 - 0x00007ffa55fa2000 	C:\WINDOWS\SYSTEM32\DNSAPI.dll
0x00007ffa56c50000 - 0x00007ffa56c6b000 	C:\WINDOWS\SYSTEM32\CRYPTSP.dll
0x00007ffa56360000 - 0x00007ffa56399000 	C:\WINDOWS\system32\rsaenh.dll
0x00007ffa56a20000 - 0x00007ffa56a53000 	C:\WINDOWS\SYSTEM32\USERENV.dll
0x00007ffa57560000 - 0x00007ffa5758a000 	C:\WINDOWS\SYSTEM32\bcrypt.dll
0x00007ffa56c70000 - 0x00007ffa56c7c000 	C:\WINDOWS\SYSTEM32\CRYPTBASE.dll
0x00007ffa23550000 - 0x00007ffa2355d000 	C:\Program Files\Java\jdk-17\bin\sunmscapi.dll
0x00007ffa580e0000 - 0x00007ffa58257000 	C:\WINDOWS\System32\CRYPT32.dll
0x00007ffa56e70000 - 0x00007ffa56ea0000 	C:\WINDOWS\SYSTEM32\ncrypt.dll
0x00007ffa56e20000 - 0x00007ffa56e5f000 	C:\WINDOWS\SYSTEM32\NTASN1.dll
0x00007ff9d3010000 - 0x00007ff9d3018000 	C:\WINDOWS\system32\wshunix.dll

dbghelp: loaded successfully - version: 4.0.5 - missing functions: none
symbol engine: initialized successfully - sym options: 0x614 - pdb path: .;C:\Program Files\Java\jdk-17\bin;C:\WINDOWS\SYSTEM32;C:\WINDOWS\WinSxS\amd64_microsoft.windows.common-controls_6595b64144ccf1df_6.0.26100.8115_none_3e075c82e3354f9c;C:\Program Files\Java\jdk-17\bin\server;C:\Users\Kadjo\.gradle\native\1def1411415f61bf3af743bc5b6707747c0891f09f0c88961ee8f79bc544acac\windows-amd64;C:\Users\Kadjo\.gradle\native\0.2.7\x86_64-windows-gnu

VM Arguments:
jvm_args: --add-opens=java.base/java.lang=ALL-UNNAMED --add-opens=java.base/java.lang.invoke=ALL-UNNAMED --add-opens=java.base/java.util=ALL-UNNAMED --add-opens=java.prefs/java.util.prefs=ALL-UNNAMED --add-exports=jdk.compiler/com.sun.tools.javac.api=ALL-UNNAMED --add-exports=jdk.compiler/com.sun.tools.javac.util=ALL-UNNAMED --add-opens=java.base/java.util=ALL-UNNAMED --add-opens=java.prefs/java.util.prefs=ALL-UNNAMED --add-opens=java.base/java.nio.charset=ALL-UNNAMED --add-opens=java.base/java.net=ALL-UNNAMED --add-opens=java.base/java.util.concurrent.atomic=ALL-UNNAMED --add-opens=java.xml/javax.xml.namespace=ALL-UNNAMED -Xmx1536m -Dfile.encoding=UTF-8 -Duser.country=US -Duser.language=en -Duser.variant -javaagent:C:\Users\Kadjo\.gradle\wrapper\dists\gradle-8.14.3-all\10utluxaxniiv4wxiphsi49nj\gradle-8.14.3\lib\agents\gradle-instrumentation-agent-8.14.3.jar 
java_command: org.gradle.launcher.daemon.bootstrap.GradleDaemon 8.14.3
java_class_path (initial): C:\Users\Kadjo\.gradle\wrapper\dists\gradle-8.14.3-all\10utluxaxniiv4wxiphsi49nj\gradle-8.14.3\lib\gradle-daemon-main-8.14.3.jar
Launcher Type: SUN_STANDARD

[Global flags]
     intx CICompilerCount                          = 4                                         {product} {ergonomic}
     uint ConcGCThreads                            = 2                                         {product} {ergonomic}
     uint G1ConcRefinementThreads                  = 8                                         {product} {ergonomic}
   size_t G1HeapRegionSize                         = 1048576                                   {product} {ergonomic}
    uintx GCDrainStackTargetSize                   = 64                                        {product} {ergonomic}
   size_t InitialHeapSize                          = 333447168                                 {product} {ergonomic}
   size_t MarkStackSize                            = 4194304                                   {product} {ergonomic}
   size_t MaxHeapSize                              = 1610612736                                {product} {command line}
   size_t MaxNewSize                               = 965738496                                 {product} {ergonomic}
   size_t MinHeapDeltaBytes                        = 1048576                                   {product} {ergonomic}
   size_t MinHeapSize                              = 8388608                                   {product} {ergonomic}
    uintx NonNMethodCodeHeapSize                   = 5839372                                {pd product} {ergonomic}
    uintx NonProfiledCodeHeapSize                  = 122909434                              {pd product} {ergonomic}
    uintx ProfiledCodeHeapSize                     = 122909434                              {pd product} {ergonomic}
    uintx ReservedCodeCacheSize                    = 251658240                              {pd product} {ergonomic}
     bool SegmentedCodeCache                       = true                                      {product} {ergonomic}
   size_t SoftMaxHeapSize                          = 1610612736                             {manageable} {ergonomic}
     bool UseCompressedClassPointers               = true                           {product lp64_product} {ergonomic}
     bool UseCompressedOops                        = true                           {product lp64_product} {ergonomic}
     bool UseG1GC                                  = true                                      {product} {ergonomic}
     bool UseLargePagesIndividualAllocation        = false                                  {pd product} {ergonomic}

Logging:
Log output configuration:
 #0: stdout all=warning uptime,level,tags
 #1: stderr all=off uptime,level,tags

Environment Variables:
JAVA_HOME=C:\Program Files\Java\jdk1.8.0_231\bin
PATH=C:\Users\Kadjo\AppData\Local\Programs\Microsoft VS Code;C:\Program Files\Common Files\Oracle\Java\javapath;C:\Program Files (x86)\VMware\VMware Workstation\bin\;C:\Program Files (x86)\Common Files\Oracle\Java\javapath;C:\WINDOWS\system32;C:\WINDOWS;C:\WINDOWS\System32\Wbem;C:\WINDOWS\System32\WindowsPowerShell\v1.0\;C:\WINDOWS\System32\OpenSSH\;C:\Program Files\Git\cmd;C:\Program Files\Docker\Docker\resources\bin;C:\glassfish4\bin;C:\Program Files\Java\jdk-17\bin;C:\Program Files\Java\jdk1.8.0_231\bin;C:\Program Files\Odoo 14.0.20230215\PostgreSQL\lib\plperl.dll;C:\Program Files\apache-tomcat-9.0.83\bin;C:\Program Files (x86)\Bitvise SSH Client;C:\Users\Kadjo\AppData\Local\Android\Sdk\platform-tools;C:\flutter\flutter_windows_3.29.2-stable\flutter\bin;C:\Program Files\Java\jdk-17\bin;C:\Program Files (x86)\nodejs;C:\Program Files\MySQL\MySQL Shell 8.0\bin\;C:\Users\Kadjo\AppData\Local\Microsoft\WindowsApps;C:\Program Files\JetBrains\IntelliJ IDEA Community Edition 2022.1.1\bin;;C:\Program Files\Heroku\bin;C:\Users\Kadjo\AppData\Local\GitHubDesktop\bin;C:\ProgramData\Kadjo\GitHubDesktop\bin;C:\MinGW\bin;C:\Program Files\JetBrains\PyCharm Community Edition 2022.3.2\bin;;C:\OpenSSL\bin;C:\Applications\Atlassian\atlassian-plugin-sdk-8.2.7\bin;C:\Users\Kadjo\AppData\Roaming\npm;C:\Users\Kadjo\AppData\Local\Programs\Microsoft VS Code\bin;C:\Program Files\Odoo 14.0.20230215\PostgreSQL\lib\plperl.dll;C:\Program Files\apache-tomcat-9.0.83\bin;C:\Program Files (x86)\node-v20.19.4-win-x64;
USERNAME=Kadjo
OS=Windows_NT
PROCESSOR_IDENTIFIER=Intel64 Family 6 Model 140 Stepping 2, GenuineIntel



---------------  S Y S T E M  ---------------

OS:
 Windows 11 , 64 bit Build 26100 (10.0.26100.8246)
OS uptime: 5 days 20:19 hours
Hyper-V role detected

CPU: total 8 (initial active 8) (4 cores per cpu, 2 threads per core) family 6 model 140 stepping 2 microcode 0x22, cx8, cmov, fxsr, ht, mmx, 3dnowpref, sse, sse2, sse3, ssse3, sse4.1, sse4.2, popcnt, lzcnt, tsc, tscinvbit, avx, avx2, aes, erms, clmul, bmi1, bmi2, adx, avx512f, avx512dq, avx512cd, avx512bw, avx512vl, sha, fma, vzeroupper, avx512_vpopcntdq, avx512_vpclmulqdq, avx512_vaes, avx512_vnni, clflush, clflushopt, clwb, avx512_vbmi2, avx512_vbmi, hv

Memory: 4k page, system-wide physical 20247M (5228M free)
TotalPageFile size 22295M (AvailPageFile size 6M)
current process WorkingSet (physical memory assigned to process): 380M, peak: 383M
current process commit charge ("private bytes"): 422M, peak: 499M

vm_info: Java HotSpot(TM) 64-Bit Server VM (17.0.7+8-LTS-224) for windows-amd64 JRE (17.0.7+8-LTS-224), built on Feb 28 2023 23:03:02 by "mach5one" with MS VC++ 17.1 (VS2022)

END.
