#
# There is insufficient memory for the Java Runtime Environment to continue.
# Native memory allocation (malloc) failed to allocate 1048576 bytes. Error detail: AllocateHeap
# Possible reasons:
#   The system is out of physical RAM or swap space
#   This process is running with CompressedOops enabled, and the Java Heap may be blocking the growth of the native heap
# Possible solutions:
#   Reduce memory load on the system
#   Increase physical memory or swap space
#   Check if swap backing store is full
#   Decrease Java heap size (-Xmx/-Xms)
#   Decrease number of Java threads
#   Decrease Java thread stack sizes (-Xss)
#   Set larger code cache with -XX:ReservedCodeCacheSize=
#   JVM is running with Unscaled Compressed Oops mode in which the Java heap is
#     placed in the first 4GB address space. The Java Heap base address is the
#     maximum limit for the native heap growth. Please use -XX:HeapBaseMinAddress
#     to set the Java Heap base and to place the Java Heap above 4GB virtual address.
# This output file may be truncated or incomplete.
#
#  Out of Memory Error (allocation.cpp:44), pid=21820, tid=10520
#
# JRE version: OpenJDK Runtime Environment Temurin-21.0.11+10 (21.0.11+10) (build 21.0.11+10-LTS)
# Java VM: OpenJDK 64-Bit Server VM Temurin-21.0.11+10 (21.0.11+10-LTS, mixed mode, sharing, tiered, compressed oops, compressed class ptrs, parallel gc, windows-amd64)
# No core dump will be written. Minidumps are not enabled by default on client versions of Windows
#

---------------  S U M M A R Y ------------

Command Line: --add-modules=ALL-SYSTEM --add-opens=java.base/java.util=ALL-UNNAMED --add-opens=java.base/java.lang=ALL-UNNAMED --add-opens=java.base/sun.nio.fs=ALL-UNNAMED -Declipse.application=org.eclipse.jdt.ls.core.id1 -Dosgi.bundles.defaultStartLevel=4 -Declipse.product=org.eclipse.jdt.ls.core.product -Djava.import.generatesMetadataFilesAtProjectRoot=false -DDetectVMInstallationsJob.disabled=true -Dfile.encoding=utf8 -XX:+UseParallelGC -XX:GCTimeRatio=4 -XX:AdaptiveSizePolicyWeight=90 -Dsun.zip.disableMemoryMapping=true -Xmx2G -Xms100m -Xlog:disable -javaagent:c:\Users\Kadjo\.vscode\extensions\redhat.java-1.55.0-win32-x64\lombok\lombok-1.18.39-4050.jar -XX:+HeapDumpOnOutOfMemoryError -XX:HeapDumpPath=c:\Users\Kadjo\AppData\Roaming\Code\User\workspaceStorage\6b8ec2b7aee18834d27a0683ca39a516\redhat.java -Daether.dependencyCollector.impl=bf c:\Users\Kadjo\.vscode\extensions\redhat.java-1.55.0-win32-x64\server\plugins\org.eclipse.equinox.launcher_1.7.200.v20260619-2039.jar -configuration c:\Users\Kadjo\AppData\Roaming\Code\User\globalStorage\redhat.java\1.55.0\config_win -data c:\Users\Kadjo\AppData\Roaming\Code\User\workspaceStorage\6b8ec2b7aee18834d27a0683ca39a516\redhat.java\jdt_ws --pipe=\\.\pipe\lsp-e67d73e87352a3347f46b5a82f88c9c7-sock

Host: 11th Gen Intel(R) Core(TM) i5-1155G7 @ 2.50GHz, 8 cores, 19G,  Windows 11 , 64 bit Build 26100 (10.0.26100.8521)
Time: Tue Jul  7 13:51:02 2026 W. Central Africa Standard Time elapsed time: 20955.747334 seconds (0d 5h 49m 15s)

---------------  T H R E A D  ---------------

Current thread (0x0000022c161c53c0):  JavaThread "Attach Listener" daemon [_thread_in_vm, id=10520, stack(0x0000005950500000,0x0000005950600000) (1024K)]

Stack: [0x0000005950500000,0x0000005950600000]
Native frames: (J=compiled Java code, j=interpreted, Vv=VM code, C=native code)
V  [jvm.dll+0x6d7e19]
V  [jvm.dll+0x8b5096]
V  [jvm.dll+0x8b764e]
V  [jvm.dll+0x8b7d33]
V  [jvm.dll+0x284596]
V  [jvm.dll+0xc13c7]
V  [jvm.dll+0x6d86c9]
V  [jvm.dll+0x133616]
V  [jvm.dll+0x3f868e]
V  [jvm.dll+0x85fb0d]
V  [jvm.dll+0x6d664d]
C  [ucrtbase.dll+0x2cd30]
C  [KERNEL32.DLL+0x2e957]
C  [ntdll.dll+0x87c1c]


---------------  P R O C E S S  ---------------

Threads class SMR info:
_java_thread_list=0x0000022c1ce88a50, length=46, elements={
0x0000022bbc3cabe0, 0x0000022bbe7d9740, 0x0000022bbe7dbfb0, 0x0000022c161c4960,
0x0000022c161c53c0, 0x0000022c161c7e30, 0x0000022c161c8890, 0x0000022c161cb6e0,
0x0000022c17af37b0, 0x0000022c17c83fc0, 0x0000022c17de0c90, 0x0000022c1c8a0ee0,
0x0000022c1c81e8a0, 0x0000022c1c179480, 0x0000022c1c89f6b0, 0x0000022c1cbaa180,
0x0000022c1c355490, 0x0000022c17db8880, 0x0000022c1c44a9f0, 0x0000022c1c44a360,
0x0000022c1c448920, 0x0000022c1c44b080, 0x0000022c1c448fb0, 0x0000022c1ed9a930,
0x0000022c1ed98860, 0x0000022c1ed99c10, 0x0000022c1ed99580, 0x0000022c1ed98ef0,
0x0000022c1ed9afc0, 0x0000022c1ed981d0, 0x0000022c1ed9b650, 0x0000022c1ed9d090,
0x0000022c1ed9a2a0, 0x0000022c1ed9bce0, 0x0000022c1ed9c370, 0x0000022c1ed9f160,
0x0000022c1efc5cf0, 0x0000022c1d365050, 0x0000022c1d364330, 0x0000022c1d3628f0,
0x0000022c1d366400, 0x0000022c1d3656e0, 0x0000022c1d363ca0, 0x0000022c299e1190,
0x0000022c299e2bd0, 0x0000022c299e3f80
}

Java Threads: ( => current thread )
  0x0000022bbc3cabe0 JavaThread "main"                              [_thread_blocked, id=21900, stack(0x000000594fe00000,0x000000594ff00000) (1024K)]
  0x0000022bbe7d9740 JavaThread "Reference Handler"          daemon [_thread_blocked, id=3340, stack(0x0000005950200000,0x0000005950300000) (1024K)]
  0x0000022bbe7dbfb0 JavaThread "Finalizer"                  daemon [_thread_blocked, id=15660, stack(0x0000005950300000,0x0000005950400000) (1024K)]
  0x0000022c161c4960 JavaThread "Signal Dispatcher"          daemon [_thread_blocked, id=18052, stack(0x0000005950400000,0x0000005950500000) (1024K)]
=>0x0000022c161c53c0 JavaThread "Attach Listener"            daemon [_thread_in_vm, id=10520, stack(0x0000005950500000,0x0000005950600000) (1024K)]
  0x0000022c161c7e30 JavaThread "Service Thread"             daemon [_thread_blocked, id=22196, stack(0x0000005950600000,0x0000005950700000) (1024K)]
  0x0000022c161c8890 JavaThread "Monitor Deflation Thread"   daemon [_thread_blocked, id=2848, stack(0x0000005950700000,0x0000005950800000) (1024K)]
  0x0000022c161cb6e0 JavaThread "C2 CompilerThread0"         daemon [_thread_blocked, id=11840, stack(0x0000005950800000,0x0000005950900000) (1024K)]
  0x0000022c17af37b0 JavaThread "C1 CompilerThread0"         daemon [_thread_blocked, id=13808, stack(0x0000005950900000,0x0000005950a00000) (1024K)]
  0x0000022c17c83fc0 JavaThread "Common-Cleaner"             daemon [_thread_blocked, id=22232, stack(0x0000005950a00000,0x0000005950b00000) (1024K)]
  0x0000022c17de0c90 JavaThread "Notification Thread"        daemon [_thread_blocked, id=16768, stack(0x0000005950b00000,0x0000005950c00000) (1024K)]
  0x0000022c1c8a0ee0 JavaThread "Active Thread: Equinox Container: 5db6fd7d-896f-4e8d-b356-b441e2979594"        [_thread_blocked, id=22356, stack(0x0000005950c00000,0x0000005950d00000) (1024K)]
  0x0000022c1c81e8a0 JavaThread "Refresh Thread: Equinox Container: 5db6fd7d-896f-4e8d-b356-b441e2979594" daemon [_thread_blocked, id=21640, stack(0x0000005951500000,0x0000005951600000) (1024K)]
  0x0000022c1c179480 JavaThread "Framework Event Dispatcher: Equinox Container: 5db6fd7d-896f-4e8d-b356-b441e2979594" daemon [_thread_blocked, id=22156, stack(0x0000005951300000,0x0000005951400000) (1024K)]
  0x0000022c1c89f6b0 JavaThread "Start Level: Equinox Container: 5db6fd7d-896f-4e8d-b356-b441e2979594" daemon [_thread_blocked, id=16128, stack(0x0000005951600000,0x0000005951700000) (1024K)]
  0x0000022c1cbaa180 JavaThread "Bundle File Closer"         daemon [_thread_blocked, id=15216, stack(0x0000005951700000,0x0000005951800000) (1024K)]
  0x0000022c1c355490 JavaThread "SCR Component Actor"        daemon [_thread_blocked, id=21912, stack(0x0000005951800000,0x0000005951900000) (1024K)]
  0x0000022c17db8880 JavaThread "Worker-JM"                         [_thread_blocked, id=22280, stack(0x0000005951a00000,0x0000005951b00000) (1024K)]
  0x0000022c1c44a9f0 JavaThread "JNA Cleaner"                daemon [_thread_blocked, id=22324, stack(0x0000005951900000,0x0000005951a00000) (1024K)]
  0x0000022c1c44a360 JavaThread "Worker-2"                          [_thread_blocked, id=22508, stack(0x0000005951d00000,0x0000005951e00000) (1024K)]
  0x0000022c1c448920 JavaThread "Worker-3"                          [_thread_blocked, id=19032, stack(0x0000005952000000,0x0000005952100000) (1024K)]
  0x0000022c1c44b080 JavaThread "Java indexing"              daemon [_thread_blocked, id=20596, stack(0x0000005952100000,0x0000005952200000) (1024K)]
  0x0000022c1c448fb0 JavaThread "Thread-1"                   daemon [_thread_in_native, id=20420, stack(0x0000005952500000,0x0000005952600000) (1024K)]
  0x0000022c1ed9a930 JavaThread "Thread-2"                   daemon [_thread_in_native, id=8836, stack(0x0000005952600000,0x0000005952700000) (1024K)]
  0x0000022c1ed98860 JavaThread "Thread-3"                   daemon [_thread_in_native, id=9828, stack(0x0000005952700000,0x0000005952800000) (1024K)]
  0x0000022c1ed99c10 JavaThread "Thread-4"                   daemon [_thread_in_native, id=21740, stack(0x0000005952800000,0x0000005952900000) (1024K)]
  0x0000022c1ed99580 JavaThread "Thread-5"                   daemon [_thread_in_native, id=2960, stack(0x0000005952900000,0x0000005952a00000) (1024K)]
  0x0000022c1ed98ef0 JavaThread "Thread-6"                   daemon [_thread_in_native, id=20028, stack(0x0000005952a00000,0x0000005952b00000) (1024K)]
  0x0000022c1ed9afc0 JavaThread "Thread-7"                   daemon [_thread_in_native, id=21964, stack(0x0000005952b00000,0x0000005952c00000) (1024K)]
  0x0000022c1ed981d0 JavaThread "Thread-8"                   daemon [_thread_in_native, id=4776, stack(0x0000005952c00000,0x0000005952d00000) (1024K)]
  0x0000022c1ed9b650 JavaThread "Thread-9"                   daemon [_thread_in_native, id=19548, stack(0x0000005952d00000,0x0000005952e00000) (1024K)]
  0x0000022c1ed9d090 JavaThread "pool-2-thread-1"                   [_thread_blocked, id=22020, stack(0x0000005952f00000,0x0000005953000000) (1024K)]
  0x0000022c1ed9a2a0 JavaThread "WorkspaceEventsHandler"            [_thread_blocked, id=4036, stack(0x0000005953100000,0x0000005953200000) (1024K)]
  0x0000022c1ed9bce0 JavaThread "pool-1-thread-1"                   [_thread_blocked, id=22092, stack(0x0000005953200000,0x0000005953300000) (1024K)]
  0x0000022c1ed9c370 JavaThread "Timer-0"                           [_thread_blocked, id=8684, stack(0x0000005953300000,0x0000005953400000) (1024K)]
  0x0000022c1ed9f160 JavaThread "Timer-1"                           [_thread_blocked, id=17144, stack(0x0000005953400000,0x0000005953500000) (1024K)]
  0x0000022c1efc5cf0 JavaThread "Timer-2"                           [_thread_blocked, id=11056, stack(0x0000005953500000,0x0000005953600000) (1024K)]
  0x0000022c1d365050 JavaThread "Timer-3"                           [_thread_blocked, id=4312, stack(0x0000005954d00000,0x0000005954e00000) (1024K)]
  0x0000022c1d364330 JavaThread "Timer-4"                           [_thread_blocked, id=16164, stack(0x0000005954e00000,0x0000005954f00000) (1024K)]
  0x0000022c1d3628f0 JavaThread "Timer-5"                           [_thread_blocked, id=7548, stack(0x000000594fc00000,0x000000594fd00000) (1024K)]
  0x0000022c1d366400 JavaThread "Timer-6"                           [_thread_blocked, id=21408, stack(0x0000005954500000,0x0000005954600000) (1024K)]
  0x0000022c1d3656e0 JavaThread "Timer-7"                           [_thread_blocked, id=14012, stack(0x0000005955300000,0x0000005955400000) (1024K)]
  0x0000022c1d363ca0 JavaThread "Timer-8"                           [_thread_blocked, id=10744, stack(0x0000005955400000,0x0000005955500000) (1024K)]
  0x0000022c299e1190 JavaThread "Timer-9"                           [_thread_blocked, id=20308, stack(0x0000005955600000,0x0000005955700000) (1024K)]
  0x0000022c299e2bd0 JavaThread "Timer-10"                          [_thread_blocked, id=9736, stack(0x0000005955700000,0x0000005955800000) (1024K)]
  0x0000022c299e3f80 JavaThread "Timer-11"                          [_thread_blocked, id=7368, stack(0x0000005955900000,0x0000005955a00000) (1024K)]
Total: 46

Other Threads:
  0x0000022bbe7bea10 VMThread "VM Thread"                           [id=13948, stack(0x0000005950100000,0x0000005950200000) (1024K)]
  0x0000022bbe787e40 WatcherThread "VM Periodic Task Thread"        [id=19740, stack(0x0000005950000000,0x0000005950100000) (1024K)]
  0x0000022bbe73a250 WorkerThread "GC Thread#0"                     [id=9832, stack(0x000000594ff00000,0x0000005950000000) (1024K)]
  0x0000022c1c5d90c0 WorkerThread "GC Thread#1"                     [id=22192, stack(0x0000005950d00000,0x0000005950e00000) (1024K)]
  0x0000022c17e09e30 WorkerThread "GC Thread#2"                     [id=21968, stack(0x0000005950e00000,0x0000005950f00000) (1024K)]
  0x0000022c17e0a1e0 WorkerThread "GC Thread#3"                     [id=22204, stack(0x0000005950f00000,0x0000005951000000) (1024K)]
  0x0000022c17e0a590 WorkerThread "GC Thread#4"                     [id=21940, stack(0x0000005951000000,0x0000005951100000) (1024K)]
  0x0000022c1c5aebc0 WorkerThread "GC Thread#5"                     [id=7384, stack(0x0000005951100000,0x0000005951200000) (1024K)]
  0x0000022c1c5aef70 WorkerThread "GC Thread#6"                     [id=21996, stack(0x0000005951200000,0x0000005951300000) (1024K)]
  0x0000022c1c4918a0 WorkerThread "GC Thread#7"                     [id=21648, stack(0x0000005951400000,0x0000005951500000) (1024K)]
Total: 10

Threads with active compile tasks:
Total: 0

VM state: not at safepoint (normal execution)

VM Mutex/Monitor currently owned by a thread: None

Heap address: 0x0000000080000000, size: 2048 MB, Compressed Oops mode: 32-bit

CDS archive(s) mapped at: [0x0000022bd5000000-0x0000022bd5ba0000-0x0000022bd5ba0000), size 12189696, SharedBaseAddress: 0x0000022bd5000000, ArchiveRelocationMode: 1.
Compressed class space mapped at: 0x0000022bd6000000-0x0000022c16000000, reserved size: 1073741824
Narrow klass base: 0x0000022bd5000000, Narrow klass shift: 0, Narrow klass range: 0x100000000

GC Precious Log:
 CardTable entry size: 512
 CPUs: 8 total, 8 available
 Memory: 20247M
 Large Page Support: Disabled
 NUMA Support: Disabled
 Compressed Oops: Enabled (32-bit)
 Alignments: Space 512K, Generation 512K, Heap 2M
 Heap Min Capacity: 100M
 Heap Initial Capacity: 100M
 Heap Max Capacity: 2G
 Pre-touch: Disabled
 Parallel Workers: 8

Heap:
 PSYoungGen      total 13312K, used 5654K [0x00000000d5580000, 0x00000000d6600000, 0x0000000100000000)
  eden space 12288K, 37% used [0x00000000d5580000,0x00000000d5a05ae0,0x00000000d6180000)
  from space 1024K, 100% used [0x00000000d6400000,0x00000000d6500000,0x00000000d6500000)
  to   space 1024K, 0% used [0x00000000d6500000,0x00000000d6500000,0x00000000d6600000)
 ParOldGen       total 87040K, used 86796K [0x0000000080000000, 0x0000000085500000, 0x00000000d5580000)
  object space 87040K, 99% used [0x0000000080000000,0x00000000854c33d0,0x0000000085500000)
 Metaspace       used 82683K, committed 84416K, reserved 1179648K
  class space    used 9965K, committed 10752K, reserved 1048576K

Card table byte_map: [0x0000022bbe0f0000,0x0000022bbe500000] _byte_map_base: 0x0000022bbdcf0000

Marking Bits: (ParMarkBitMap*) 0x00007ffdac404460
 Begin Bits: [0x0000022bd0bd0000, 0x0000022bd2bd0000)
 End Bits:   [0x0000022bd2bd0000, 0x0000022bd4bd0000)

Polling page: 0x0000022bbdee0000

Metaspace:

Usage:
  Non-class:     71.01 MB used.
      Class:      9.73 MB used.
       Both:     80.75 MB used.

Virtual space:
  Non-class space:      128.00 MB reserved,      71.94 MB ( 56%) committed,  2 nodes.
      Class space:        1.00 GB reserved,      10.50 MB (  1%) committed,  1 nodes.
             Both:        1.12 GB reserved,      82.44 MB (  7%) committed. 

Chunk freelists:
   Non-Class:  7.66 MB
       Class:  5.54 MB
        Both:  13.19 MB

MaxMetaspaceSize: unlimited
CompressedClassSpaceSize: 1.00 GB
Initial GC threshold: 21.00 MB
Current GC threshold: 97.31 MB
CDS: on
 - commit_granule_bytes: 65536.
 - commit_granule_words: 8192.
 - virtual_space_node_default_size: 8388608.
 - enlarge_chunks_in_place: 1.
 - use_allocation_guard: 0.


Internal statistics:

num_allocs_failed_limit: 9.
num_arena_births: 1576.
num_arena_deaths: 20.
num_vsnodes_births: 3.
num_vsnodes_deaths: 0.
num_space_committed: 1319.
num_space_uncommitted: 0.
num_chunks_returned_to_freelist: 29.
num_chunks_taken_from_freelist: 5423.
num_chunk_merges: 14.
num_chunk_splits: 3266.
num_chunks_enlarged: 1746.
num_inconsistent_stats: 0.

CodeHeap 'non-profiled nmethods': size=120000Kb used=9710Kb max_used=9710Kb free=110289Kb
 bounds [0x0000022bc93f0000, 0x0000022bc9d70000, 0x0000022bd0920000]
CodeHeap 'profiled nmethods': size=120000Kb used=27408Kb max_used=27408Kb free=92591Kb
 bounds [0x0000022bc1920000, 0x0000022bc33f0000, 0x0000022bc8e50000]
CodeHeap 'non-nmethods': size=5760Kb used=1490Kb max_used=1528Kb free=4269Kb
 bounds [0x0000022bc8e50000, 0x0000022bc90c0000, 0x0000022bc93f0000]
CodeCache: size=245760Kb, used=38608Kb, max_used=38646Kb, free=207149Kb
 total_blobs=12629, nmethods=11832, adapters=701, full_count=0
Compilation: enabled, stopped_count=0, restarted_count=0

Compilation events (20 events):
Event: 19585.729 Thread 0x0000022c161cb6e0 12584       4       org.eclipse.core.runtime.Path::isAbsolute (13 bytes)
Event: 19585.730 Thread 0x0000022c161cb6e0 nmethod 12584 0x0000022bc9d62f10 code [0x0000022bc9d630a0, 0x0000022bc9d63130]
Event: 19644.590 Thread 0x0000022c17af37b0 12585   !   3       org.eclipse.osgi.internal.framework.StorageSaver$StorageSaverTask::run (31 bytes)
Event: 19644.597 Thread 0x0000022c17af37b0 nmethod 12585 0x0000022bc33e1990 code [0x0000022bc33e1b60, 0x0000022bc33e1e00]
Event: 19644.597 Thread 0x0000022c17af37b0 12586   !   3       org.eclipse.osgi.storage.Storage::save (62 bytes)
Event: 19644.598 Thread 0x0000022c17af37b0 nmethod 12586 0x0000022bc33e1f90 code [0x0000022bc33e2180, 0x0000022bc33e24f0]
Event: 19704.190 Thread 0x0000022c17af37b0 12587       3       com.google.gson.internal.bind.ReflectiveTypeAdapterFactory$FieldReflectionAdapter::readField (7 bytes)
Event: 19704.191 Thread 0x0000022c17af37b0 nmethod 12587 0x0000022bc33e2690 code [0x0000022bc33e2840, 0x0000022bc33e2a28]
Event: 19704.191 Thread 0x0000022c17af37b0 12588       3       com.google.gson.internal.bind.ReflectiveTypeAdapterFactory$2::readIntoField (93 bytes)
Event: 19704.191 Thread 0x0000022c161cb6e0 12589       4       sun.nio.fs.WindowsPathParser::normalize (233 bytes)
Event: 19704.193 Thread 0x0000022c17af37b0 nmethod 12588 0x0000022bc33e2b10 code [0x0000022bc33e2e20, 0x0000022bc33e3b80]
Event: 19704.232 Thread 0x0000022c161cb6e0 nmethod 12589 0x0000022bc9d63210 code [0x0000022bc9d635e0, 0x0000022bc9d656c0]
Event: 19704.233 Thread 0x0000022c161cb6e0 12590 %     4       java.net.URI::needsNormalization @ 48 (184 bytes)
Event: 19704.237 Thread 0x0000022c161cb6e0 nmethod 12590% 0x0000022bc9d66f90 code [0x0000022bc9d671a0, 0x0000022bc9d67888]
Event: 19758.568 Thread 0x0000022c161cb6e0 12591       4       java.util.concurrent.ThreadPoolExecutor::runStateAtLeast (11 bytes)
Event: 19758.569 Thread 0x0000022c161cb6e0 nmethod 12591 0x0000022bc9d67e90 code [0x0000022bc9d68000, 0x0000022bc9d68078]
Event: 20943.125 Thread 0x0000022c161cb6e0 12592       4       java.net.URI::isOpaque (13 bytes)
Event: 20943.125 Thread 0x0000022c161cb6e0 nmethod 12592 0x0000022bc9d68190 code [0x0000022bc9d68320, 0x0000022bc9d683c8]
Event: 20943.126 Thread 0x0000022c161cb6e0 12593       4       org.eclipse.core.runtime.Path::<init> (161 bytes)
Event: 20943.166 Thread 0x0000022c161cb6e0 nmethod 12593 0x0000022bc9d68490 code [0x0000022bc9d687e0, 0x0000022bc9d6a588]

GC Heap History (20 events):
Event: 71.190 GC heap before
{Heap before GC invocations=93 (full 3):
 PSYoungGen      total 13312K, used 13312K [0x00000000d5580000, 0x00000000d6a80000, 0x0000000100000000)
  eden space 12288K, 100% used [0x00000000d5580000,0x00000000d6180000,0x00000000d6180000)
  from space 1024K, 100% used [0x00000000d6180000,0x00000000d6280000,0x00000000d6280000)
  to   space 4608K, 0% used [0x00000000d6600000,0x00000000d6600000,0x00000000d6a80000)
 ParOldGen       total 83456K, used 83214K [0x0000000080000000, 0x0000000085180000, 0x00000000d5580000)
  object space 83456K, 99% used [0x0000000080000000,0x0000000085143ad8,0x0000000085180000)
 Metaspace       used 79160K, committed 80768K, reserved 1179648K
  class space    used 9549K, committed 10240K, reserved 1048576K
}
Event: 71.193 GC heap after
{Heap after GC invocations=93 (full 3):
 PSYoungGen      total 13824K, used 1260K [0x00000000d5580000, 0x00000000d6780000, 0x0000000100000000)
  eden space 12288K, 0% used [0x00000000d5580000,0x00000000d5580000,0x00000000d6180000)
  from space 1536K, 82% used [0x00000000d6600000,0x00000000d673b358,0x00000000d6780000)
  to   space 2560K, 0% used [0x00000000d6280000,0x00000000d6280000,0x00000000d6500000)
 ParOldGen       total 84480K, used 84248K [0x0000000080000000, 0x0000000085280000, 0x00000000d5580000)
  object space 84480K, 99% used [0x0000000080000000,0x0000000085246178,0x0000000085280000)
 Metaspace       used 79160K, committed 80768K, reserved 1179648K
  class space    used 9549K, committed 10240K, reserved 1048576K
}
Event: 71.450 GC heap before
{Heap before GC invocations=94 (full 3):
 PSYoungGen      total 13824K, used 13548K [0x00000000d5580000, 0x00000000d6780000, 0x0000000100000000)
  eden space 12288K, 100% used [0x00000000d5580000,0x00000000d6180000,0x00000000d6180000)
  from space 1536K, 82% used [0x00000000d6600000,0x00000000d673b358,0x00000000d6780000)
  to   space 2560K, 0% used [0x00000000d6280000,0x00000000d6280000,0x00000000d6500000)
 ParOldGen       total 84480K, used 84248K [0x0000000080000000, 0x0000000085280000, 0x00000000d5580000)
  object space 84480K, 99% used [0x0000000080000000,0x0000000085246178,0x0000000085280000)
 Metaspace       used 79893K, committed 81472K, reserved 1179648K
  class space    used 9668K, committed 10368K, reserved 1048576K
}
Event: 71.453 GC heap after
{Heap after GC invocations=94 (full 3):
 PSYoungGen      total 14848K, used 224K [0x00000000d5580000, 0x00000000d6680000, 0x0000000100000000)
  eden space 12288K, 0% used [0x00000000d5580000,0x00000000d5580000,0x00000000d6180000)
  from space 2560K, 8% used [0x00000000d6280000,0x00000000d62b8000,0x00000000d6500000)
  to   space 1024K, 0% used [0x00000000d6580000,0x00000000d6580000,0x00000000d6680000)
 ParOldGen       total 85504K, used 85403K [0x0000000080000000, 0x0000000085380000, 0x00000000d5580000)
  object space 85504K, 99% used [0x0000000080000000,0x0000000085366cd0,0x0000000085380000)
 Metaspace       used 79893K, committed 81472K, reserved 1179648K
  class space    used 9668K, committed 10368K, reserved 1048576K
}
Event: 71.639 GC heap before
{Heap before GC invocations=95 (full 3):
 PSYoungGen      total 14848K, used 12512K [0x00000000d5580000, 0x00000000d6680000, 0x0000000100000000)
  eden space 12288K, 100% used [0x00000000d5580000,0x00000000d6180000,0x00000000d6180000)
  from space 2560K, 8% used [0x00000000d6280000,0x00000000d62b8000,0x00000000d6500000)
  to   space 1024K, 0% used [0x00000000d6580000,0x00000000d6580000,0x00000000d6680000)
 ParOldGen       total 85504K, used 85403K [0x0000000080000000, 0x0000000085380000, 0x00000000d5580000)
  object space 85504K, 99% used [0x0000000080000000,0x0000000085366cd0,0x0000000085380000)
 Metaspace       used 80054K, committed 81728K, reserved 1179648K
  class space    used 9682K, committed 10432K, reserved 1048576K
}
Event: 71.642 GC heap after
{Heap after GC invocations=95 (full 3):
 PSYoungGen      total 12800K, used 256K [0x00000000d5580000, 0x00000000d6600000, 0x0000000100000000)
  eden space 12288K, 0% used [0x00000000d5580000,0x00000000d5580000,0x00000000d6180000)
  from space 512K, 50% used [0x00000000d6580000,0x00000000d65c0000,0x00000000d6600000)
  to   space 512K, 0% used [0x00000000d6500000,0x00000000d6500000,0x00000000d6580000)
 ParOldGen       total 86016K, used 85507K [0x0000000080000000, 0x0000000085400000, 0x00000000d5580000)
  object space 86016K, 99% used [0x0000000080000000,0x0000000085380cd0,0x0000000085400000)
 Metaspace       used 80054K, committed 81728K, reserved 1179648K
  class space    used 9682K, committed 10432K, reserved 1048576K
}
Event: 71.915 GC heap before
{Heap before GC invocations=96 (full 3):
 PSYoungGen      total 12800K, used 12526K [0x00000000d5580000, 0x00000000d6600000, 0x0000000100000000)
  eden space 12288K, 99% used [0x00000000d5580000,0x00000000d617b980,0x00000000d6180000)
  from space 512K, 50% used [0x00000000d6580000,0x00000000d65c0000,0x00000000d6600000)
  to   space 512K, 0% used [0x00000000d6500000,0x00000000d6500000,0x00000000d6580000)
 ParOldGen       total 86016K, used 85507K [0x0000000080000000, 0x0000000085400000, 0x00000000d5580000)
  object space 86016K, 99% used [0x0000000080000000,0x0000000085380cd0,0x0000000085400000)
 Metaspace       used 80069K, committed 81728K, reserved 1179648K
  class space    used 9684K, committed 10432K, reserved 1048576K
}
Event: 71.917 GC heap after
{Heap after GC invocations=96 (full 3):
 PSYoungGen      total 12800K, used 88K [0x00000000d5580000, 0x00000000d6600000, 0x0000000100000000)
  eden space 12288K, 0% used [0x00000000d5580000,0x00000000d5580000,0x00000000d6180000)
  from space 512K, 17% used [0x00000000d6500000,0x00000000d65163e0,0x00000000d6580000)
  to   space 512K, 0% used [0x00000000d6580000,0x00000000d6580000,0x00000000d6600000)
 ParOldGen       total 86016K, used 85555K [0x0000000080000000, 0x0000000085400000, 0x00000000d5580000)
  object space 86016K, 99% used [0x0000000080000000,0x000000008538ccd0,0x0000000085400000)
 Metaspace       used 80069K, committed 81728K, reserved 1179648K
  class space    used 9684K, committed 10432K, reserved 1048576K
}
Event: 72.645 GC heap before
{Heap before GC invocations=97 (full 3):
 PSYoungGen      total 12800K, used 12376K [0x00000000d5580000, 0x00000000d6600000, 0x0000000100000000)
  eden space 12288K, 100% used [0x00000000d5580000,0x00000000d6180000,0x00000000d6180000)
  from space 512K, 17% used [0x00000000d6500000,0x00000000d65163e0,0x00000000d6580000)
  to   space 512K, 0% used [0x00000000d6580000,0x00000000d6580000,0x00000000d6600000)
 ParOldGen       total 86016K, used 85555K [0x0000000080000000, 0x0000000085400000, 0x00000000d5580000)
  object space 86016K, 99% used [0x0000000080000000,0x000000008538ccd0,0x0000000085400000)
 Metaspace       used 80822K, committed 82432K, reserved 1179648K
  class space    used 9749K, committed 10496K, reserved 1048576K
}
Event: 72.651 GC heap after
{Heap after GC invocations=97 (full 3):
 PSYoungGen      total 12800K, used 416K [0x00000000d5580000, 0x00000000d6600000, 0x0000000100000000)
  eden space 12288K, 0% used [0x00000000d5580000,0x00000000d5580000,0x00000000d6180000)
  from space 512K, 81% used [0x00000000d6580000,0x00000000d65e8000,0x00000000d6600000)
  to   space 512K, 0% used [0x00000000d6500000,0x00000000d6500000,0x00000000d6580000)
 ParOldGen       total 86016K, used 85603K [0x0000000080000000, 0x0000000085400000, 0x00000000d5580000)
  object space 86016K, 99% used [0x0000000080000000,0x0000000085398cd0,0x0000000085400000)
 Metaspace       used 80822K, committed 82432K, reserved 1179648K
  class space    used 9749K, committed 10496K, reserved 1048576K
}
Event: 72.992 GC heap before
{Heap before GC invocations=98 (full 3):
 PSYoungGen      total 12800K, used 12704K [0x00000000d5580000, 0x00000000d6600000, 0x0000000100000000)
  eden space 12288K, 100% used [0x00000000d5580000,0x00000000d6180000,0x00000000d6180000)
  from space 512K, 81% used [0x00000000d6580000,0x00000000d65e8000,0x00000000d6600000)
  to   space 512K, 0% used [0x00000000d6500000,0x00000000d6500000,0x00000000d6580000)
 ParOldGen       total 86016K, used 85603K [0x0000000080000000, 0x0000000085400000, 0x00000000d5580000)
  object space 86016K, 99% used [0x0000000080000000,0x0000000085398cd0,0x0000000085400000)
 Metaspace       used 81200K, committed 82880K, reserved 1179648K
  class space    used 9807K, committed 10560K, reserved 1048576K
}
Event: 72.995 GC heap after
{Heap after GC invocations=98 (full 3):
 PSYoungGen      total 12800K, used 288K [0x00000000d5580000, 0x00000000d6600000, 0x0000000100000000)
  eden space 12288K, 0% used [0x00000000d5580000,0x00000000d5580000,0x00000000d6180000)
  from space 512K, 56% used [0x00000000d6500000,0x00000000d6548000,0x00000000d6580000)
  to   space 512K, 0% used [0x00000000d6580000,0x00000000d6580000,0x00000000d6600000)
 ParOldGen       total 86016K, used 85899K [0x0000000080000000, 0x0000000085400000, 0x00000000d5580000)
  object space 86016K, 99% used [0x0000000080000000,0x00000000853e2cd0,0x0000000085400000)
 Metaspace       used 81200K, committed 82880K, reserved 1179648K
  class space    used 9807K, committed 10560K, reserved 1048576K
}
Event: 73.340 GC heap before
{Heap before GC invocations=99 (full 3):
 PSYoungGen      total 12800K, used 12576K [0x00000000d5580000, 0x00000000d6600000, 0x0000000100000000)
  eden space 12288K, 100% used [0x00000000d5580000,0x00000000d6180000,0x00000000d6180000)
  from space 512K, 56% used [0x00000000d6500000,0x00000000d6548000,0x00000000d6580000)
  to   space 512K, 0% used [0x00000000d6580000,0x00000000d6580000,0x00000000d6600000)
 ParOldGen       total 86016K, used 85899K [0x0000000080000000, 0x0000000085400000, 0x00000000d5580000)
  object space 86016K, 99% used [0x0000000080000000,0x00000000853e2cd0,0x0000000085400000)
 Metaspace       used 81260K, committed 82944K, reserved 1179648K
  class space    used 9816K, committed 10560K, reserved 1048576K
}
Event: 73.342 GC heap after
{Heap after GC invocations=99 (full 3):
 PSYoungGen      total 12800K, used 192K [0x00000000d5580000, 0x00000000d6600000, 0x0000000100000000)
  eden space 12288K, 0% used [0x00000000d5580000,0x00000000d5580000,0x00000000d6180000)
  from space 512K, 37% used [0x00000000d6580000,0x00000000d65b0000,0x00000000d6600000)
  to   space 512K, 0% used [0x00000000d6500000,0x00000000d6500000,0x00000000d6580000)
 ParOldGen       total 86016K, used 86011K [0x0000000080000000, 0x0000000085400000, 0x00000000d5580000)
  object space 86016K, 99% used [0x0000000080000000,0x00000000853fed00,0x0000000085400000)
 Metaspace       used 81260K, committed 82944K, reserved 1179648K
  class space    used 9816K, committed 10560K, reserved 1048576K
}
Event: 73.835 GC heap before
{Heap before GC invocations=100 (full 3):
 PSYoungGen      total 12800K, used 12480K [0x00000000d5580000, 0x00000000d6600000, 0x0000000100000000)
  eden space 12288K, 100% used [0x00000000d5580000,0x00000000d6180000,0x00000000d6180000)
  from space 512K, 37% used [0x00000000d6580000,0x00000000d65b0000,0x00000000d6600000)
  to   space 512K, 0% used [0x00000000d6500000,0x00000000d6500000,0x00000000d6580000)
 ParOldGen       total 86016K, used 86011K [0x0000000080000000, 0x0000000085400000, 0x00000000d5580000)
  object space 86016K, 99% used [0x0000000080000000,0x00000000853fed00,0x0000000085400000)
 Metaspace       used 81272K, committed 82944K, reserved 1179648K
  class space    used 9816K, committed 10560K, reserved 1048576K
}
Event: 73.836 GC heap after
{Heap after GC invocations=100 (full 3):
 PSYoungGen      total 12800K, used 240K [0x00000000d5580000, 0x00000000d6600000, 0x0000000100000000)
  eden space 12288K, 0% used [0x00000000d5580000,0x00000000d5580000,0x00000000d6180000)
  from space 512K, 46% used [0x00000000d6500000,0x00000000d653c010,0x00000000d6580000)
  to   space 512K, 0% used [0x00000000d6580000,0x00000000d6580000,0x00000000d6600000)
 ParOldGen       total 86528K, used 86075K [0x0000000080000000, 0x0000000085480000, 0x00000000d5580000)
  object space 86528K, 99% used [0x0000000080000000,0x000000008540ed00,0x0000000085480000)
 Metaspace       used 81272K, committed 82944K, reserved 1179648K
  class space    used 9816K, committed 10560K, reserved 1048576K
}
Event: 74.276 GC heap before
{Heap before GC invocations=101 (full 3):
 PSYoungGen      total 12800K, used 12528K [0x00000000d5580000, 0x00000000d6600000, 0x0000000100000000)
  eden space 12288K, 100% used [0x00000000d5580000,0x00000000d6180000,0x00000000d6180000)
  from space 512K, 46% used [0x00000000d6500000,0x00000000d653c010,0x00000000d6580000)
  to   space 512K, 0% used [0x00000000d6580000,0x00000000d6580000,0x00000000d6600000)
 ParOldGen       total 86528K, used 86075K [0x0000000080000000, 0x0000000085480000, 0x00000000d5580000)
  object space 86528K, 99% used [0x0000000080000000,0x000000008540ed00,0x0000000085480000)
 Metaspace       used 82010K, committed 83712K, reserved 1179648K
  class space    used 9900K, committed 10688K, reserved 1048576K
}
Event: 74.278 GC heap after
{Heap after GC invocations=101 (full 3):
 PSYoungGen      total 12800K, used 495K [0x00000000d5580000, 0x00000000d6600000, 0x0000000100000000)
  eden space 12288K, 0% used [0x00000000d5580000,0x00000000d5580000,0x00000000d6180000)
  from space 512K, 96% used [0x00000000d6580000,0x00000000d65fbc10,0x00000000d6600000)
  to   space 1024K, 0% used [0x00000000d6400000,0x00000000d6400000,0x00000000d6500000)
 ParOldGen       total 86528K, used 86458K [0x0000000080000000, 0x0000000085480000, 0x00000000d5580000)
  object space 86528K, 99% used [0x0000000080000000,0x000000008546e930,0x0000000085480000)
 Metaspace       used 82010K, committed 83712K, reserved 1179648K
  class space    used 9900K, committed 10688K, reserved 1048576K
}
Event: 312.124 GC heap before
{Heap before GC invocations=102 (full 3):
 PSYoungGen      total 12800K, used 12782K [0x00000000d5580000, 0x00000000d6600000, 0x0000000100000000)
  eden space 12288K, 99% used [0x00000000d5580000,0x00000000d617ffe8,0x00000000d6180000)
  from space 512K, 96% used [0x00000000d6580000,0x00000000d65fbc10,0x00000000d6600000)
  to   space 1024K, 0% used [0x00000000d6400000,0x00000000d6400000,0x00000000d6500000)
 ParOldGen       total 86528K, used 86458K [0x0000000080000000, 0x0000000085480000, 0x00000000d5580000)
  object space 86528K, 99% used [0x0000000080000000,0x000000008546e930,0x0000000085480000)
 Metaspace       used 82452K, committed 84160K, reserved 1179648K
  class space    used 9943K, committed 10752K, reserved 1048576K
}
Event: 312.128 GC heap after
{Heap after GC invocations=102 (full 3):
 PSYoungGen      total 13312K, used 1024K [0x00000000d5580000, 0x00000000d6600000, 0x0000000100000000)
  eden space 12288K, 0% used [0x00000000d5580000,0x00000000d5580000,0x00000000d6180000)
  from space 1024K, 100% used [0x00000000d6400000,0x00000000d6500000,0x00000000d6500000)
  to   space 1024K, 0% used [0x00000000d6500000,0x00000000d6500000,0x00000000d6600000)
 ParOldGen       total 87040K, used 86796K [0x0000000080000000, 0x0000000085500000, 0x00000000d5580000)
  object space 87040K, 99% used [0x0000000080000000,0x00000000854c33d0,0x0000000085500000)
 Metaspace       used 82452K, committed 84160K, reserved 1179648K
  class space    used 9943K, committed 10752K, reserved 1048576K
}

Dll operation events (15 events):
Event: 0.902 Loaded shared library c:\Users\Kadjo\.vscode\extensions\redhat.java-1.55.0-win32-x64\jre\21.0.11-win32-x86_64\bin\java.dll
Event: 1.084 Loaded shared library c:\Users\Kadjo\.vscode\extensions\redhat.java-1.55.0-win32-x64\jre\21.0.11-win32-x86_64\bin\zip.dll
Event: 1.146 Loaded shared library C:\Users\Kadjo\.vscode\extensions\redhat.java-1.55.0-win32-x64\jre\21.0.11-win32-x86_64\bin\instrument.dll
Event: 1.209 Loaded shared library C:\Users\Kadjo\.vscode\extensions\redhat.java-1.55.0-win32-x64\jre\21.0.11-win32-x86_64\bin\net.dll
Event: 1.212 Loaded shared library C:\Users\Kadjo\.vscode\extensions\redhat.java-1.55.0-win32-x64\jre\21.0.11-win32-x86_64\bin\nio.dll
Event: 1.218 Loaded shared library C:\Users\Kadjo\.vscode\extensions\redhat.java-1.55.0-win32-x64\jre\21.0.11-win32-x86_64\bin\zip.dll
Event: 1.290 Loaded shared library C:\Users\Kadjo\.vscode\extensions\redhat.java-1.55.0-win32-x64\jre\21.0.11-win32-x86_64\bin\jimage.dll
Event: 1.448 Loaded shared library c:\Users\Kadjo\.vscode\extensions\redhat.java-1.55.0-win32-x64\jre\21.0.11-win32-x86_64\bin\verify.dll
Event: 5.229 Loaded shared library C:\Users\Kadjo\AppData\Roaming\Code\User\globalStorage\redhat.java\1.55.0\config_win\org.eclipse.equinox.launcher\org.eclipse.equinox.launcher.win32.win32.x86_64_1.3.100.v20260613-0559\eclipse_11924.dll
Event: 11.591 Loaded shared library C:\Users\Kadjo\AppData\Local\Temp\jna-72253299\jna15440540476126142847.dll
Event: 18.260 Loaded shared library C:\Users\Kadjo\.gradle\native\1def1411415f61bf3af743bc5b6707747c0891f09f0c88961ee8f79bc544acac\windows-amd64\native-platform.dll
Event: 22.378 Loaded shared library C:\Users\Kadjo\.vscode\extensions\redhat.java-1.55.0-win32-x64\jre\21.0.11-win32-x86_64\bin\management.dll
Event: 22.384 Loaded shared library C:\Users\Kadjo\.vscode\extensions\redhat.java-1.55.0-win32-x64\jre\21.0.11-win32-x86_64\bin\management_ext.dll
Event: 30.837 Loaded shared library C:\Users\Kadjo\.vscode\extensions\redhat.java-1.55.0-win32-x64\jre\21.0.11-win32-x86_64\bin\extnet.dll
Event: 40.134 Loaded shared library C:\Users\Kadjo\.vscode\extensions\redhat.java-1.55.0-win32-x64\jre\21.0.11-win32-x86_64\bin\sunmscapi.dll

Deoptimization events (20 events):
Event: 2846.377 Thread 0x0000022c1ed9a2a0 DEOPT PACKING pc=0x0000022bc336ef4e sp=0x00000059531fe790
Event: 2846.377 Thread 0x0000022c1ed9a2a0 DEOPT UNPACKING pc=0x0000022bc8ea78e2 sp=0x00000059531fdd10 mode 0
Event: 2969.207 Thread 0x0000022c299e2bd0 DEOPT PACKING pc=0x0000022bc33bef2b sp=0x00000059557ff600
Event: 2969.207 Thread 0x0000022c299e2bd0 DEOPT UNPACKING pc=0x0000022bc8ea78e2 sp=0x00000059557feae8 mode 0
Event: 3220.076 Thread 0x0000022c299e1190 DEOPT PACKING pc=0x0000022bc33bef2b sp=0x00000059556ff1a0
Event: 3220.076 Thread 0x0000022c299e1190 DEOPT UNPACKING pc=0x0000022bc8ea78e2 sp=0x00000059556fe688 mode 0
Event: 3482.957 Thread 0x0000022c1d3656e0 DEOPT PACKING pc=0x0000022bc33bef2b sp=0x00000059553fef80
Event: 3482.957 Thread 0x0000022c1d3656e0 DEOPT UNPACKING pc=0x0000022bc8ea78e2 sp=0x00000059553fe468 mode 0
Event: 3875.149 Thread 0x0000022c1d365050 DEOPT PACKING pc=0x0000022bc33bef2b sp=0x0000005954dff620
Event: 3875.149 Thread 0x0000022c1d365050 DEOPT UNPACKING pc=0x0000022bc8ea78e2 sp=0x0000005954dfeb08 mode 0
Event: 4330.431 Thread 0x0000022c1ed9f160 DEOPT PACKING pc=0x0000022bc33bef2b sp=0x00000059534ff600
Event: 4330.431 Thread 0x0000022c1ed9f160 DEOPT UNPACKING pc=0x0000022bc8ea78e2 sp=0x00000059534feae8 mode 0
Event: 4970.401 Thread 0x0000022c1ed9c370 DEOPT PACKING pc=0x0000022bc33bef2b sp=0x00000059533ff020
Event: 4970.402 Thread 0x0000022c1ed9c370 DEOPT UNPACKING pc=0x0000022bc8ea78e2 sp=0x00000059533fe508 mode 0
Event: 5866.306 Thread 0x0000022c1efc5cf0 DEOPT PACKING pc=0x0000022bc33bef2b sp=0x00000059535ff630
Event: 5866.306 Thread 0x0000022c1efc5cf0 DEOPT UNPACKING pc=0x0000022bc8ea78e2 sp=0x00000059535feb18 mode 0
Event: 12687.245 Thread 0x0000022c1d366400 DEOPT PACKING pc=0x0000022bc33bef2b sp=0x00000059545ff230
Event: 12687.245 Thread 0x0000022c1d366400 DEOPT UNPACKING pc=0x0000022bc8ea78e2 sp=0x00000059545fe718 mode 0
Event: 19704.191 Thread 0x0000022c1ed9a2a0 DEOPT PACKING pc=0x0000022bc336ef4e sp=0x00000059531fe8b0
Event: 19704.191 Thread 0x0000022c1ed9a2a0 DEOPT UNPACKING pc=0x0000022bc8ea78e2 sp=0x00000059531fde30 mode 0

Classes loaded (20 events):
Event: 74.355 Loading class sun/net/www/protocol/http/HttpURLConnection$HttpInputStream
Event: 74.355 Loading class sun/net/www/protocol/http/HttpURLConnection$HttpInputStream done
Event: 75.746 Loading class java/security/DigestInputStream
Event: 75.747 Loading class java/security/DigestInputStream done
Event: 83.837 Loading class java/util/stream/DistinctOps
Event: 83.837 Loading class java/util/stream/DistinctOps done
Event: 83.837 Loading class java/util/stream/DistinctOps$1
Event: 83.838 Loading class java/util/stream/DistinctOps$1 done
Event: 83.838 Loading class java/util/stream/DistinctOps$1$2
Event: 83.839 Loading class java/util/stream/DistinctOps$1$2 done
Event: 314.328 Loading class java/util/stream/Nodes$CollectorTask$OfRef
Event: 314.329 Loading class java/util/stream/Nodes$CollectorTask
Event: 314.329 Loading class java/util/stream/Nodes$CollectorTask done
Event: 314.329 Loading class java/util/stream/Nodes$CollectorTask$OfRef done
Event: 314.330 Loading class java/util/function/LongFunction
Event: 314.330 Loading class java/util/function/LongFunction done
Event: 314.330 Loading class java/util/stream/Nodes$ConcNode
Event: 314.330 Loading class java/util/stream/Nodes$AbstractConcNode
Event: 314.330 Loading class java/util/stream/Nodes$AbstractConcNode done
Event: 314.330 Loading class java/util/stream/Nodes$ConcNode done

Classes unloaded (10 events):
Event: 13.483 Thread 0x0000022bbe7bea10 Unloading class 0x0000022bd61a4c00 'java/lang/invoke/LambdaForm$MH+0x0000022bd61a4c00'
Event: 13.483 Thread 0x0000022bbe7bea10 Unloading class 0x0000022bd61a4800 'java/lang/invoke/LambdaForm$MH+0x0000022bd61a4800'
Event: 13.483 Thread 0x0000022bbe7bea10 Unloading class 0x0000022bd61a4400 'java/lang/invoke/LambdaForm$MH+0x0000022bd61a4400'
Event: 13.483 Thread 0x0000022bbe7bea10 Unloading class 0x0000022bd61a4000 'java/lang/invoke/LambdaForm$MH+0x0000022bd61a4000'
Event: 13.483 Thread 0x0000022bbe7bea10 Unloading class 0x0000022bd61a3c00 'java/lang/invoke/LambdaForm$BMH+0x0000022bd61a3c00'
Event: 13.483 Thread 0x0000022bbe7bea10 Unloading class 0x0000022bd61a3800 'java/lang/invoke/LambdaForm$DMH+0x0000022bd61a3800'
Event: 13.483 Thread 0x0000022bbe7bea10 Unloading class 0x0000022bd61a2400 'java/lang/invoke/LambdaForm$DMH+0x0000022bd61a2400'
Event: 15.796 Thread 0x0000022bbe7bea10 Unloading class 0x0000022bd6310000 'java/lang/invoke/LambdaForm$MH+0x0000022bd6310000'
Event: 15.796 Thread 0x0000022bbe7bea10 Unloading class 0x0000022bd630a400 'java/lang/invoke/LambdaForm$MH+0x0000022bd630a400'
Event: 15.796 Thread 0x0000022bbe7bea10 Unloading class 0x0000022bd630a000 'java/lang/invoke/LambdaForm$MH+0x0000022bd630a000'

Classes redefined (0 events):
No events

Internal exceptions (20 events):
Event: 74.024 Thread 0x0000022c1ed9bce0 Exception <a 'sun/nio/fs/WindowsException'{0x00000000d5a36898}> (0x00000000d5a36898) 
thrown [s\src\hotspot\share\prims\jni.cpp, line 520]
Event: 74.024 Thread 0x0000022c1ed9bce0 Exception <a 'sun/nio/fs/WindowsException'{0x00000000d5a37158}> (0x00000000d5a37158) 
thrown [s\src\hotspot\share\prims\jni.cpp, line 520]
Event: 74.025 Thread 0x0000022c1ed9bce0 Exception <a 'sun/nio/fs/WindowsException'{0x00000000d5a3ae68}> (0x00000000d5a3ae68) 
thrown [s\src\hotspot\share\prims\jni.cpp, line 520]
Event: 74.025 Thread 0x0000022c1ed9bce0 Exception <a 'sun/nio/fs/WindowsException'{0x00000000d5a3b6f8}> (0x00000000d5a3b6f8) 
thrown [s\src\hotspot\share\prims\jni.cpp, line 520]
Event: 74.075 Thread 0x0000022c1ed9bce0 Exception <a 'sun/nio/fs/WindowsException'{0x00000000d5bfe400}> (0x00000000d5bfe400) 
thrown [s\src\hotspot\share\prims\jni.cpp, line 520]
Event: 74.075 Thread 0x0000022c1ed9bce0 Exception <a 'sun/nio/fs/WindowsException'{0x00000000d5bfef68}> (0x00000000d5bfef68) 
thrown [s\src\hotspot\share\prims\jni.cpp, line 520]
Event: 74.076 Thread 0x0000022c1ed9bce0 Exception <a 'sun/nio/fs/WindowsException'{0x00000000d5c08e80}> (0x00000000d5c08e80) 
thrown [s\src\hotspot\share\prims\jni.cpp, line 520]
Event: 74.076 Thread 0x0000022c1ed9bce0 Exception <a 'sun/nio/fs/WindowsException'{0x00000000d5c099e8}> (0x00000000d5c099e8) 
thrown [s\src\hotspot\share\prims\jni.cpp, line 520]
Event: 74.080 Thread 0x0000022c1ed9bce0 Exception <a 'sun/nio/fs/WindowsException'{0x00000000d5c233e8}> (0x00000000d5c233e8) 
thrown [s\src\hotspot\share\prims\jni.cpp, line 520]
Event: 74.080 Thread 0x0000022c1ed9bce0 Exception <a 'sun/nio/fs/WindowsException'{0x00000000d5c23c80}> (0x00000000d5c23c80) 
thrown [s\src\hotspot\share\prims\jni.cpp, line 520]
Event: 74.081 Thread 0x0000022c1ed9bce0 Exception <a 'sun/nio/fs/WindowsException'{0x00000000d5c24a48}> (0x00000000d5c24a48) 
thrown [s\src\hotspot\share\prims\jni.cpp, line 520]
Event: 74.081 Thread 0x0000022c1ed9bce0 Exception <a 'sun/nio/fs/WindowsException'{0x00000000d5c252c0}> (0x00000000d5c252c0) 
thrown [s\src\hotspot\share\prims\jni.cpp, line 520]
Event: 74.083 Thread 0x0000022c1ed9bce0 Exception <a 'java/lang/IncompatibleClassChangeError'{0x00000000d5c49830}: Found class java.lang.Object, but interface was expected> (0x00000000d5c49830) 
thrown [s\src\hotspot\share\interpreter\linkResolver.cpp, line 840]
Event: 76.338 Thread 0x0000022c299e5330 Exception <a 'java/lang/NoSuchMethodError'{0x00000000d5d28928}: static Lorg/gradle/api/GradleException;.<clinit>()V> (0x00000000d5d28928) 
thrown [s\src\hotspot\share\prims\jni.cpp, line 1111]
Event: 76.338 Thread 0x0000022c299e5330 Exception <a 'java/lang/NoSuchMethodError'{0x00000000d5d29f80}: static Lorg/gradle/api/resources/ResourceException;.<clinit>()V> (0x00000000d5d29f80) 
thrown [s\src\hotspot\share\prims\jni.cpp, line 1111]
Event: 76.338 Thread 0x0000022c299e5330 Exception <a 'java/lang/NoSuchMethodError'{0x00000000d5d2c178}: static Lorg/gradle/api/resources/MissingResourceException;.<clinit>()V> (0x00000000d5d2c178) 
thrown [s\src\hotspot\share\prims\jni.cpp, line 1111]
Event: 76.342 Thread 0x0000022c299e5330 Exception <a 'java/lang/NoSuchMethodError'{0x00000000d5d61d50}: static Lorg/gradle/api/GradleScriptException;.<clinit>()V> (0x00000000d5d61d50) 
thrown [s\src\hotspot\share\prims\jni.cpp, line 1111]
Event: 76.360 Thread 0x0000022c299e5330 Exception <a 'java/lang/NoSuchMethodError'{0x00000000d5e1dcc8}: static Lorg/gradle/internal/exceptions/ContextAwareException;.<clinit>()V> (0x00000000d5e1dcc8) 
thrown [s\src\hotspot\share\prims\jni.cpp, line 1111]
Event: 76.361 Thread 0x0000022c299e5330 Exception <a 'java/lang/NoSuchMethodError'{0x00000000d5e20148}: static Lorg/gradle/internal/exceptions/LocationAwareException;.<clinit>()V> (0x00000000d5e20148) 
thrown [s\src\hotspot\share\prims\jni.cpp, line 1111]
Event: 314.349 Thread 0x0000022c1c44a360 Exception <a 'java/lang/NoSuchMethodError'{0x00000000d5711bb8}: 'java.lang.Object java.lang.invoke.DirectMethodHandle$Holder.newInvokeSpecial(java.lang.Object, java.lang.Object, java.lang.Object, java.lang.Object, java.lang.Object, java.lang.Object, java.lang.Object, java.lang.Object)'> (0x00000000d5711bb8) 
thrown [s\src\hotspot\share\interpreter\linkResolver.cpp, line 773]

ZGC Phase Switch (0 events):
No events

VM Operations (20 events):
Event: 20450.397 Executing non-safepoint VM operation: HandshakeAllThreads (HandshakeForDeflation)
Event: 20450.397 Executing non-safepoint VM operation: HandshakeAllThreads (HandshakeForDeflation) done
Event: 20450.397 Executing non-safepoint VM operation: RendezvousGCThreads
Event: 20450.397 Executing non-safepoint VM operation: RendezvousGCThreads done
Event: 20570.582 Executing non-safepoint VM operation: HandshakeAllThreads (HandshakeForDeflation)
Event: 20570.582 Executing non-safepoint VM operation: HandshakeAllThreads (HandshakeForDeflation) done
Event: 20570.582 Executing non-safepoint VM operation: RendezvousGCThreads
Event: 20570.582 Executing non-safepoint VM operation: RendezvousGCThreads done
Event: 20630.794 Executing non-safepoint VM operation: HandshakeAllThreads (HandshakeForDeflation)
Event: 20630.794 Executing non-safepoint VM operation: HandshakeAllThreads (HandshakeForDeflation) done
Event: 20630.794 Executing non-safepoint VM operation: RendezvousGCThreads
Event: 20630.794 Executing non-safepoint VM operation: RendezvousGCThreads done
Event: 20690.994 Executing non-safepoint VM operation: HandshakeAllThreads (HandshakeForDeflation)
Event: 20690.994 Executing non-safepoint VM operation: HandshakeAllThreads (HandshakeForDeflation) done
Event: 20690.994 Executing non-safepoint VM operation: RendezvousGCThreads
Event: 20690.994 Executing non-safepoint VM operation: RendezvousGCThreads done
Event: 20931.719 Executing non-safepoint VM operation: HandshakeAllThreads (HandshakeForDeflation)
Event: 20931.719 Executing non-safepoint VM operation: HandshakeAllThreads (HandshakeForDeflation) done
Event: 20931.720 Executing non-safepoint VM operation: RendezvousGCThreads
Event: 20931.720 Executing non-safepoint VM operation: RendezvousGCThreads done

Memory protections (0 events):
No events

Nmethod flushes (20 events):
Event: 22.128 Thread 0x0000022bbe7bea10 flushing  nmethod 0x0000022bc212ea90
Event: 22.128 Thread 0x0000022bbe7bea10 flushing  nmethod 0x0000022bc2161290
Event: 22.128 Thread 0x0000022bbe7bea10 flushing  nmethod 0x0000022bc2163510
Event: 22.128 Thread 0x0000022bbe7bea10 flushing  nmethod 0x0000022bc216b810
Event: 22.128 Thread 0x0000022bbe7bea10 flushing  nmethod 0x0000022bc2223390
Event: 22.128 Thread 0x0000022bbe7bea10 flushing  nmethod 0x0000022bc2229310
Event: 22.128 Thread 0x0000022bbe7bea10 flushing  nmethod 0x0000022bc2229790
Event: 22.128 Thread 0x0000022bbe7bea10 flushing  nmethod 0x0000022bc2229e90
Event: 22.128 Thread 0x0000022bbe7bea10 flushing  nmethod 0x0000022bc222ad90
Event: 22.128 Thread 0x0000022bbe7bea10 flushing  nmethod 0x0000022bc222b490
Event: 22.128 Thread 0x0000022bbe7bea10 flushing  nmethod 0x0000022bc225e690
Event: 22.128 Thread 0x0000022bbe7bea10 flushing  nmethod 0x0000022bc226cb10
Event: 22.128 Thread 0x0000022bbe7bea10 flushing  nmethod 0x0000022bc226e390
Event: 22.128 Thread 0x0000022bbe7bea10 flushing  nmethod 0x0000022bc226e990
Event: 22.128 Thread 0x0000022bbe7bea10 flushing  nmethod 0x0000022bc226f810
Event: 22.128 Thread 0x0000022bbe7bea10 flushing  nmethod 0x0000022bc2270d10
Event: 22.128 Thread 0x0000022bbe7bea10 flushing  nmethod 0x0000022bc227b190
Event: 22.128 Thread 0x0000022bbe7bea10 flushing  nmethod 0x0000022bc2280210
Event: 22.128 Thread 0x0000022bbe7bea10 flushing  nmethod 0x0000022bc228c890
Event: 22.128 Thread 0x0000022bbe7bea10 flushing  nmethod 0x0000022bc22bd890

Events (20 events):
Event: 314.718 Thread 0x0000022c299e4610 Thread exited: 0x0000022c299e4610
Event: 322.029 Thread 0x0000022c1efc4940 Thread exited: 0x0000022c1efc4940
Event: 322.940 Thread 0x0000022c1efc5660 Thread exited: 0x0000022c1efc5660
Event: 322.940 Thread 0x0000022c1efc4fd0 Thread exited: 0x0000022c1efc4fd0
Event: 322.942 Thread 0x0000022c1efc6380 Thread exited: 0x0000022c1efc6380
Event: 322.943 Thread 0x0000022c1efc7dc0 Thread exited: 0x0000022c1efc7dc0
Event: 322.951 Thread 0x0000022c1ed9e440 Thread exited: 0x0000022c1ed9e440
Event: 322.975 Thread 0x0000022c1efc70a0 Thread exited: 0x0000022c1efc70a0
Event: 325.422 Thread 0x0000022c1d360190 Thread exited: 0x0000022c1d360190
Event: 325.439 Thread 0x0000022c1d35fb00 Thread exited: 0x0000022c1d35fb00
Event: 325.487 Thread 0x0000022c1d362260 Thread exited: 0x0000022c1d362260
Event: 325.503 Thread 0x0000022c1d360eb0 Thread exited: 0x0000022c1d360eb0
Event: 325.503 Thread 0x0000022c1d361540 Thread exited: 0x0000022c1d361540
Event: 325.503 Thread 0x0000022c1d35ede0 Thread exited: 0x0000022c1d35ede0
Event: 374.355 Thread 0x0000022c1efc1b50 Thread exited: 0x0000022c1efc1b50
Event: 374.723 Thread 0x0000022c299e0b00 Thread exited: 0x0000022c299e0b00
Event: 382.038 Thread 0x0000022c1efc2870 Thread exited: 0x0000022c1efc2870
Event: 442.039 Thread 0x0000022c1efc07a0 Thread exited: 0x0000022c1efc07a0
Event: 502.050 Thread 0x0000022c1efc0e30 Thread exited: 0x0000022c1efc0e30
Event: 674.361 Thread 0x0000022c1efc3590 Thread exited: 0x0000022c1efc3590


Dynamic libraries:
0x00007ff6bc500000 - 0x00007ff6bc50e000 	c:\Users\Kadjo\.vscode\extensions\redhat.java-1.55.0-win32-x64\jre\21.0.11-win32-x86_64\bin\java.exe
0x00007ffea3fe0000 - 0x00007ffea4246000 	C:\WINDOWS\SYSTEM32\ntdll.dll
0x00007ffea2ad0000 - 0x00007ffea2b99000 	C:\WINDOWS\System32\KERNEL32.DLL
0x00007ffea1620000 - 0x00007ffea1a1a000 	C:\WINDOWS\System32\KERNELBASE.dll
0x00007ffea1a20000 - 0x00007ffea1b6c000 	C:\WINDOWS\System32\ucrtbase.dll
0x00007ffe033e0000 - 0x00007ffe033f8000 	c:\Users\Kadjo\.vscode\extensions\redhat.java-1.55.0-win32-x64\jre\21.0.11-win32-x86_64\bin\jli.dll
0x00007ffea2790000 - 0x00007ffea2957000 	C:\WINDOWS\System32\USER32.dll
0x00007ffea15f0000 - 0x00007ffea1617000 	C:\WINDOWS\System32\win32u.dll
0x00007ffea3140000 - 0x00007ffea316b000 	C:\WINDOWS\System32\GDI32.dll
0x00007ffea1c20000 - 0x00007ffea1d4b000 	C:\WINDOWS\System32\gdi32full.dll
0x00007ffe059e0000 - 0x00007ffe059fe000 	c:\Users\Kadjo\.vscode\extensions\redhat.java-1.55.0-win32-x64\jre\21.0.11-win32-x86_64\bin\VCRUNTIME140.dll
0x00007ffe7b900000 - 0x00007ffe7bb92000 	C:\WINDOWS\WinSxS\amd64_microsoft.windows.common-controls_6595b64144ccf1df_6.0.26100.8521_none_3e08b75ce33403b3\COMCTL32.dll
0x00007ffea13f0000 - 0x00007ffea1493000 	C:\WINDOWS\System32\msvcp_win.dll
0x00007ffea1f00000 - 0x00007ffea1fa9000 	C:\WINDOWS\System32\msvcrt.dll
0x00007ffea3600000 - 0x00007ffea3632000 	C:\WINDOWS\System32\IMM32.DLL
0x00007ffe847a0000 - 0x00007ffe847ac000 	c:\Users\Kadjo\.vscode\extensions\redhat.java-1.55.0-win32-x64\jre\21.0.11-win32-x86_64\bin\vcruntime140_1.dll
0x00007ffdf6cd0000 - 0x00007ffdf6d5d000 	c:\Users\Kadjo\.vscode\extensions\redhat.java-1.55.0-win32-x64\jre\21.0.11-win32-x86_64\bin\msvcp140.dll
0x00007ffdab740000 - 0x00007ffdac4e2000 	c:\Users\Kadjo\.vscode\extensions\redhat.java-1.55.0-win32-x64\jre\21.0.11-win32-x86_64\bin\server\jvm.dll
0x00007ffea2f30000 - 0x00007ffea2fe6000 	C:\WINDOWS\System32\ADVAPI32.dll
0x00007ffea1e50000 - 0x00007ffea1efa000 	C:\WINDOWS\System32\sechost.dll
0x00007ffea29b0000 - 0x00007ffea2ac8000 	C:\WINDOWS\System32\RPCRT4.dll
0x00007ffea2ba0000 - 0x00007ffea2c20000 	C:\WINDOWS\System32\WS2_32.dll
0x00007ffea10d0000 - 0x00007ffea112e000 	C:\WINDOWS\SYSTEM32\POWRPROF.dll
0x00007ffe954f0000 - 0x00007ffe95526000 	C:\WINDOWS\SYSTEM32\WINMM.dll
0x00007ffe8de90000 - 0x00007ffe8de9b000 	C:\WINDOWS\SYSTEM32\VERSION.dll
0x00007ffea10b0000 - 0x00007ffea10c4000 	C:\WINDOWS\SYSTEM32\UMPDC.dll
0x00007ffea0000000 - 0x00007ffea001b000 	C:\WINDOWS\SYSTEM32\kernel.appcore.dll
0x00007ffe7cf10000 - 0x00007ffe7cf1a000 	c:\Users\Kadjo\.vscode\extensions\redhat.java-1.55.0-win32-x64\jre\21.0.11-win32-x86_64\bin\jimage.dll
0x00007ffe9e920000 - 0x00007ffe9eb62000 	C:\WINDOWS\SYSTEM32\DBGHELP.DLL
0x00007ffea23a0000 - 0x00007ffea2723000 	C:\WINDOWS\System32\combase.dll
0x00007ffea2e50000 - 0x00007ffea2f29000 	C:\WINDOWS\System32\OLEAUT32.dll
0x00007ffe7c1d0000 - 0x00007ffe7c20b000 	C:\WINDOWS\SYSTEM32\dbgcore.DLL
0x00007ffea1b70000 - 0x00007ffea1c18000 	C:\WINDOWS\System32\bcryptPrimitives.dll
0x00007ffe799f0000 - 0x00007ffe799ff000 	c:\Users\Kadjo\.vscode\extensions\redhat.java-1.55.0-win32-x64\jre\21.0.11-win32-x86_64\bin\instrument.dll
0x00007ffe03370000 - 0x00007ffe03390000 	c:\Users\Kadjo\.vscode\extensions\redhat.java-1.55.0-win32-x64\jre\21.0.11-win32-x86_64\bin\java.dll
0x00007ffea36c0000 - 0x00007ffea3e44000 	C:\WINDOWS\System32\SHELL32.dll
0x00007ffe9ee20000 - 0x00007ffe9f6a0000 	C:\WINDOWS\SYSTEM32\windows.storage.dll
0x00007ffea2ff0000 - 0x00007ffea30e6000 	C:\WINDOWS\System32\SHCORE.dll
0x00007ffea21d0000 - 0x00007ffea2237000 	C:\WINDOWS\System32\shlwapi.dll
0x00007ffea1190000 - 0x00007ffea11b9000 	C:\WINDOWS\SYSTEM32\profapi.dll
0x00007ffe01af0000 - 0x00007ffe01b08000 	c:\Users\Kadjo\.vscode\extensions\redhat.java-1.55.0-win32-x64\jre\21.0.11-win32-x86_64\bin\zip.dll
0x00007ffe796a0000 - 0x00007ffe796b0000 	C:\Users\Kadjo\.vscode\extensions\redhat.java-1.55.0-win32-x64\jre\21.0.11-win32-x86_64\bin\net.dll
0x00007ffe98f60000 - 0x00007ffe99089000 	C:\WINDOWS\SYSTEM32\WINHTTP.dll
0x00007ffea0570000 - 0x00007ffea05dc000 	C:\WINDOWS\system32\mswsock.dll
0x00007ffe01a90000 - 0x00007ffe01aa6000 	C:\Users\Kadjo\.vscode\extensions\redhat.java-1.55.0-win32-x64\jre\21.0.11-win32-x86_64\bin\nio.dll
0x00007ffe78b10000 - 0x00007ffe78b20000 	c:\Users\Kadjo\.vscode\extensions\redhat.java-1.55.0-win32-x64\jre\21.0.11-win32-x86_64\bin\verify.dll
0x00007ffdfa090000 - 0x00007ffdfa0d5000 	C:\Users\Kadjo\AppData\Roaming\Code\User\globalStorage\redhat.java\1.55.0\config_win\org.eclipse.equinox.launcher\org.eclipse.equinox.launcher.win32.win32.x86_64_1.3.100.v20260613-0559\eclipse_11924.dll
0x00007ffea1fb0000 - 0x00007ffea2148000 	C:\WINDOWS\System32\ole32.dll
0x00007ffea0850000 - 0x00007ffea086b000 	C:\WINDOWS\SYSTEM32\CRYPTSP.dll
0x00007ffe9ff60000 - 0x00007ffe9ff99000 	C:\WINDOWS\system32\rsaenh.dll
0x00007ffea0620000 - 0x00007ffea0653000 	C:\WINDOWS\SYSTEM32\USERENV.dll
0x00007ffea1160000 - 0x00007ffea118a000 	C:\WINDOWS\SYSTEM32\bcrypt.dll
0x00007ffea0870000 - 0x00007ffea087c000 	C:\WINDOWS\SYSTEM32\CRYPTBASE.dll
0x00007ffe9faa0000 - 0x00007ffe9fad3000 	C:\WINDOWS\SYSTEM32\IPHLPAPI.DLL
0x00007ffea30f0000 - 0x00007ffea30fa000 	C:\WINDOWS\System32\NSI.dll
0x00007ffdf6ea0000 - 0x00007ffdf6ee9000 	C:\Users\Kadjo\AppData\Local\Temp\jna-72253299\jna15440540476126142847.dll
0x00007ffea3100000 - 0x00007ffea3108000 	C:\WINDOWS\System32\PSAPI.DLL
0x00007ffe990d0000 - 0x00007ffe990ed000 	C:\WINDOWS\SYSTEM32\dhcpcsvc6.DLL
0x00007ffe990a0000 - 0x00007ffe990c5000 	C:\WINDOWS\SYSTEM32\dhcpcsvc.DLL
0x00007ffe00610000 - 0x00007ffe00637000 	C:\Users\Kadjo\.gradle\native\1def1411415f61bf3af743bc5b6707747c0891f09f0c88961ee8f79bc544acac\windows-amd64\native-platform.dll
0x00007ffe90050000 - 0x00007ffe9005a000 	C:\Users\Kadjo\.vscode\extensions\redhat.java-1.55.0-win32-x64\jre\21.0.11-win32-x86_64\bin\management.dll
0x00007ffe6cae0000 - 0x00007ffe6caec000 	C:\Users\Kadjo\.vscode\extensions\redhat.java-1.55.0-win32-x64\jre\21.0.11-win32-x86_64\bin\management_ext.dll
0x00007ffe6b330000 - 0x00007ffe6b339000 	C:\Users\Kadjo\.vscode\extensions\redhat.java-1.55.0-win32-x64\jre\21.0.11-win32-x86_64\bin\extnet.dll
0x00007ffe84870000 - 0x00007ffe8487e000 	C:\Users\Kadjo\.vscode\extensions\redhat.java-1.55.0-win32-x64\jre\21.0.11-win32-x86_64\bin\sunmscapi.dll
0x00007ffea1270000 - 0x00007ffea13e8000 	C:\WINDOWS\System32\CRYPT32.dll
0x00007ffea0a70000 - 0x00007ffea0aa0000 	C:\WINDOWS\SYSTEM32\ncrypt.dll
0x00007ffea0a20000 - 0x00007ffea0a5f000 	C:\WINDOWS\SYSTEM32\NTASN1.dll
0x00007ffe41460000 - 0x00007ffe41468000 	C:\WINDOWS\system32\wshunix.dll
0x00007ffe9fb70000 - 0x00007ffe9fcba000 	C:\WINDOWS\SYSTEM32\DNSAPI.dll
0x00007ffea0370000 - 0x00007ffea037d000 	C:\WINDOWS\SYSTEM32\DSPARSE.dll
0x00007ffe975e0000 - 0x00007ffe975eb000 	C:\Windows\System32\rasadhlp.dll
0x00007ffe9b8e0000 - 0x00007ffe9b966000 	C:\WINDOWS\System32\fwpuclnt.dll

JVMTI agents:
c:\Users\Kadjo\.vscode\extensions\redhat.java-1.55.0-win32-x64\lombok\lombok-1.18.39-4050.jar path:c:\Users\Kadjo\.vscode\extensions\redhat.java-1.55.0-win32-x64\jre\21.0.11-win32-x86_64\bin\instrument.dll, loaded, initialized, instrumentlib options:none

dbghelp: loaded successfully - version: 4.0.5 - missing functions: none
symbol engine: initialized successfully - sym options: 0x614 - pdb path: .;c:\Users\Kadjo\.vscode\extensions\redhat.java-1.55.0-win32-x64\jre\21.0.11-win32-x86_64\bin;C:\WINDOWS\SYSTEM32;C:\WINDOWS\WinSxS\amd64_microsoft.windows.common-controls_6595b64144ccf1df_6.0.26100.8521_none_3e08b75ce33403b3;c:\Users\Kadjo\.vscode\extensions\redhat.java-1.55.0-win32-x64\jre\21.0.11-win32-x86_64\bin\server;C:\Users\Kadjo\AppData\Roaming\Code\User\globalStorage\redhat.java\1.55.0\config_win\org.eclipse.equinox.launcher\org.eclipse.equinox.launcher.win32.win32.x86_64_1.3.100.v20260613-0559;C:\Users\Kadjo\AppData\Local\Temp\jna-72253299;C:\Users\Kadjo\.gradle\native\1def1411415f61bf3af743bc5b6707747c0891f09f0c88961ee8f79bc544acac\windows-amd64

VM Arguments:
jvm_args: --add-modules=ALL-SYSTEM --add-opens=java.base/java.util=ALL-UNNAMED --add-opens=java.base/java.lang=ALL-UNNAMED --add-opens=java.base/sun.nio.fs=ALL-UNNAMED -Declipse.application=org.eclipse.jdt.ls.core.id1 -Dosgi.bundles.defaultStartLevel=4 -Declipse.product=org.eclipse.jdt.ls.core.product -Djava.import.generatesMetadataFilesAtProjectRoot=false -DDetectVMInstallationsJob.disabled=true -Dfile.encoding=utf8 -XX:+UseParallelGC -XX:GCTimeRatio=4 -XX:AdaptiveSizePolicyWeight=90 -Dsun.zip.disableMemoryMapping=true -Xmx2G -Xms100m -Xlog:disable -javaagent:c:\Users\Kadjo\.vscode\extensions\redhat.java-1.55.0-win32-x64\lombok\lombok-1.18.39-4050.jar -XX:+HeapDumpOnOutOfMemoryError -XX:HeapDumpPath=c:\Users\Kadjo\AppData\Roaming\Code\User\workspaceStorage\6b8ec2b7aee18834d27a0683ca39a516\redhat.java -Daether.dependencyCollector.impl=bf 
java_command: c:\Users\Kadjo\.vscode\extensions\redhat.java-1.55.0-win32-x64\server\plugins\org.eclipse.equinox.launcher_1.7.200.v20260619-2039.jar -configuration c:\Users\Kadjo\AppData\Roaming\Code\User\globalStorage\redhat.java\1.55.0\config_win -data c:\Users\Kadjo\AppData\Roaming\Code\User\workspaceStorage\6b8ec2b7aee18834d27a0683ca39a516\redhat.java\jdt_ws --pipe=\\.\pipe\lsp-e67d73e87352a3347f46b5a82f88c9c7-sock
java_class_path (initial): c:\Users\Kadjo\.vscode\extensions\redhat.java-1.55.0-win32-x64\server\plugins\org.eclipse.equinox.launcher_1.7.200.v20260619-2039.jar
Launcher Type: SUN_STANDARD

[Global flags]
    uintx AdaptiveSizePolicyWeight                 = 90                                        {product} {command line}
     intx CICompilerCount                          = 4                                         {product} {ergonomic}
    uintx GCTimeRatio                              = 4                                         {product} {command line}
     bool HeapDumpOnOutOfMemoryError               = true                                   {manageable} {command line}
    ccstr HeapDumpPath                             = c:\Users\Kadjo\AppData\Roaming\Code\User\workspaceStorage\6b8ec2b7aee18834d27a0683ca39a516\redhat.java         {manageable} {command line}
   size_t InitialHeapSize                          = 104857600                                 {product} {command line}
   size_t MaxHeapSize                              = 2147483648                                {product} {command line}
   size_t MaxNewSize                               = 715653120                                 {product} {ergonomic}
   size_t MinHeapDeltaBytes                        = 524288                                    {product} {ergonomic}
   size_t MinHeapSize                              = 104857600                                 {product} {command line}
   size_t NewSize                                  = 34603008                                  {product} {ergonomic}
    uintx NonNMethodCodeHeapSize                   = 5839372                                {pd product} {ergonomic}
    uintx NonProfiledCodeHeapSize                  = 122909434                              {pd product} {ergonomic}
   size_t OldSize                                  = 70254592                                  {product} {ergonomic}
    uintx ProfiledCodeHeapSize                     = 122909434                              {pd product} {ergonomic}
    uintx ReservedCodeCacheSize                    = 251658240                              {pd product} {ergonomic}
     bool SegmentedCodeCache                       = true                                      {product} {ergonomic}
   size_t SoftMaxHeapSize                          = 2147483648                             {manageable} {ergonomic}
     bool UseCompressedOops                        = true                           {product lp64_product} {ergonomic}
     bool UseLargePagesIndividualAllocation        = false                                  {pd product} {ergonomic}
     bool UseParallelGC                            = true                                      {product} {command line}

Logging:
Log output configuration:
 #0: stdout all=off uptime,level,tags foldmultilines=false
 #1: stderr all=off uptime,level,tags foldmultilines=false

Release file:
JAVA_VERSION="21.0.11" 
MODULES="java.base java.compiler java.datatransfer java.xml java.prefs java.desktop java.instrument java.logging java.management java.security.sasl java.naming java.rmi java.management.rmi java.net.http java.scripting java.security.jgss java.transaction.xa java.sql java.sql.rowset java.xml.crypto java.se java.smartcardio jdk.accessibility jdk.internal.jvmstat jdk.attach jdk.charsets jdk.internal.opt jdk.zipfs jdk.compiler jdk.crypto.ec jdk.crypto.cryptoki jdk.crypto.mscapi jdk.dynalink jdk.internal.ed jdk.editpad jdk.hotspot.agent jdk.httpserver jdk.internal.le jdk.internal.vm.ci jdk.internal.vm.compiler jdk.internal.vm.compiler.management jdk.jartool jdk.javadoc jdk.jcmd jdk.management jdk.management.agent jdk.jconsole jdk.jdeps jdk.jdwp.agent jdk.jdi jdk.jfr jdk.jshell jdk.jsobject jdk.jstatd jdk.localedata jdk.management.jfr jdk.naming.dns jdk.naming.rmi jdk.net jdk.nio.mapmode jdk.random jdk.sctp jdk.security.auth jdk.security.jgss jdk.unsupported jdk.unsupported.desktop jdk.xml.dom" 

Environment Variables:
JAVA_HOME=C:\Program Files\Java\jdk1.8.0_231\bin
PATH=C:\Program Files\Common Files\Oracle\Java\javapath;C:\Program Files (x86)\VMware\VMware Workstation\bin\;C:\Program Files (x86)\Common Files\Oracle\Java\javapath;C:\WINDOWS\system32;C:\WINDOWS;C:\WINDOWS\System32\Wbem;C:\WINDOWS\System32\WindowsPowerShell\v1.0\;C:\WINDOWS\System32\OpenSSH\;C:\Program Files\Git\cmd;C:\glassfish4\bin;C:\Program Files\Java\jdk-17\bin;C:\Program Files\Java\jdk1.8.0_231\bin;C:\Program Files\Odoo 14.0.20230215\PostgreSQL\lib\plperl.dll;C:\Program Files\apache-tomcat-9.0.83\bin;C:\Program Files (x86)\Bitvise SSH Client;C:\Users\Kadjo\AppData\Local\Android\Sdk\platform-tools;C:\flutter\flutter_windows_3.29.2-stable\flutter\bin;C:\Program Files\Java\jdk-17\bin;C:\Program Files (x86)\nodejs;C:\Program Files\MySQL\MySQL Shell 8.0\bin\;C:\Users\Kadjo\AppData\Local\Microsoft\WindowsApps;C:\Program Files\JetBrains\IntelliJ IDEA Community Edition 2022.1.1\bin;;C:\Program Files\Heroku\bin;C:\Users\Kadjo\AppData\Local\GitHubDesktop\bin;C:\ProgramData\Kadjo\GitHubDesktop\bin;C:\MinGW\bin;C:\Program Files\JetBrains\PyCharm Community Edition 2022.3.2\bin;;C:\OpenSSL\bin;C:\Applications\Atlassian\atlassian-plugin-sdk-8.2.7\bin;C:\Users\Kadjo\AppData\Roaming\npm;C:\Users\Kadjo\AppData\Local\Programs\Microsoft VS Code\bin;C:\Program Files\Odoo 14.0.20230215\PostgreSQL\lib\plperl.dll;C:\Program Files\apache-tomcat-9.0.83\bin;C:\Program Files (x86)\node-v20.19.4-win-x64;
USERNAME=Kadjo
OS=Windows_NT
PROCESSOR_IDENTIFIER=Intel64 Family 6 Model 140 Stepping 2, GenuineIntel
TMP=C:\Users\Kadjo\AppData\Local\Temp
TEMP=C:\Users\Kadjo\AppData\Local\Temp




Periodic native trim disabled

---------------  S Y S T E M  ---------------

OS:
 Windows 11 , 64 bit Build 26100 (10.0.26100.8521)
OS uptime: 0 days 6:04 hours
Hyper-V role detected

CPU: total 8 (initial active 8) (4 cores per cpu, 2 threads per core) family 6 model 140 stepping 2 microcode 0x22, cx8, cmov, fxsr, ht, mmx, 3dnowpref, sse, sse2, sse3, ssse3, sse4.1, sse4.2, popcnt, lzcnt, tsc, tscinvbit, avx, avx2, aes, erms, clmul, bmi1, bmi2, adx, avx512f, avx512dq, avx512cd, avx512bw, avx512vl, sha, fma, vzeroupper, avx512_vpopcntdq, avx512_vpclmulqdq, avx512_vaes, avx512_vnni, clflush, clflushopt, clwb, avx512_vbmi2, avx512_vbmi, hv, rdtscp, rdpid, fsrm, gfni, avx512_bitalg, f16c, cet_ibt, cet_ss, avx512_ifma
Processor Information for the first 8 processors :
  Max Mhz: 2496, Current Mhz: 2496, Mhz Limit: 2496

Memory: 4k page, system-wide physical 20247M (3504M free)
TotalPageFile size 22295M (AvailPageFile size 224M)
current process WorkingSet (physical memory assigned to process): 72M, peak: 369M
current process commit charge ("private bytes"): 430M, peak: 440M

vm_info: OpenJDK 64-Bit Server VM (21.0.11+10-LTS) for windows-amd64 JRE (21.0.11+10-LTS), built on 2026-04-21T00:00:00Z by "admin" with MS VC++ 17.12 (VS2022)

END.
