#
# There is insufficient memory for the Java Runtime Environment to continue.
# Native memory allocation (malloc) failed to allocate 2512592 bytes. Error detail: Chunk::new
# Possible reasons:
#   The system is out of physical RAM or swap space
#   This process is running with CompressedOops enabled, and the Java Heap may be blocking the growth of the native heap
# Possible solutions:
#   Reduce memory load on the system
#   Increase physical memory or swap space
#   Check if swap backing store is full
#   Decrease Java heap size (-Xmx/-Xms)
#   Decrease number of Java threads
#   Decrease Java thread stack sizes (-Xss)
#   Set larger code cache with -XX:ReservedCodeCacheSize=
#   JVM is running with Unscaled Compressed Oops mode in which the Java heap is
#     placed in the first 4GB address space. The Java Heap base address is the
#     maximum limit for the native heap growth. Please use -XX:HeapBaseMinAddress
#     to set the Java Heap base and to place the Java Heap above 4GB virtual address.
# This output file may be truncated or incomplete.
#
#  Out of Memory Error (arena.cpp:168), pid=344, tid=16508
#
# JRE version: OpenJDK Runtime Environment Temurin-21.0.11+10 (21.0.11+10) (build 21.0.11+10-LTS)
# Java VM: OpenJDK 64-Bit Server VM Temurin-21.0.11+10 (21.0.11+10-LTS, mixed mode, sharing, tiered, compressed oops, compressed class ptrs, parallel gc, windows-amd64)
# No core dump will be written. Minidumps are not enabled by default on client versions of Windows
#

---------------  S U M M A R Y ------------

Command Line: --add-modules=ALL-SYSTEM --add-opens=java.base/java.util=ALL-UNNAMED --add-opens=java.base/java.lang=ALL-UNNAMED --add-opens=java.base/sun.nio.fs=ALL-UNNAMED -Declipse.application=org.eclipse.jdt.ls.core.id1 -Dosgi.bundles.defaultStartLevel=4 -Declipse.product=org.eclipse.jdt.ls.core.product -Djava.import.generatesMetadataFilesAtProjectRoot=false -DDetectVMInstallationsJob.disabled=true -Dfile.encoding=utf8 -XX:+UseParallelGC -XX:GCTimeRatio=4 -XX:AdaptiveSizePolicyWeight=90 -Dsun.zip.disableMemoryMapping=true -Xmx2G -Xms100m -Xlog:disable -javaagent:c:\Users\Kadjo\.vscode\extensions\redhat.java-1.55.0-win32-x64\lombok\lombok-1.18.39-4050.jar -XX:+HeapDumpOnOutOfMemoryError -XX:HeapDumpPath=c:\Users\Kadjo\AppData\Roaming\Code\User\workspaceStorage\6b8ec2b7aee18834d27a0683ca39a516\redhat.java -Daether.dependencyCollector.impl=bf c:\Users\Kadjo\.vscode\extensions\redhat.java-1.55.0-win32-x64\server\plugins\org.eclipse.equinox.launcher_1.7.200.v20260619-2039.jar -configuration c:\Users\Kadjo\AppData\Roaming\Code\User\globalStorage\redhat.java\1.55.0\config_win -data c:\Users\Kadjo\AppData\Roaming\Code\User\workspaceStorage\6b8ec2b7aee18834d27a0683ca39a516\redhat.java\jdt_ws --pipe=\\.\pipe\lsp-ed5f2b46729b7f07cdca17f1f9605ec4-sock

Host: 11th Gen Intel(R) Core(TM) i5-1155G7 @ 2.50GHz, 8 cores, 19G,  Windows 11 , 64 bit Build 26100 (10.0.26100.8521)
Time: Tue Jul  7 13:51:21 2026 W. Central Africa Standard Time elapsed time: 18.850287 seconds (0d 0h 0m 18s)

---------------  T H R E A D  ---------------

Current thread (0x00000149ff4d6530):  JavaThread "C2 CompilerThread1" daemon [_thread_in_native, id=16508, stack(0x00000040f5500000,0x00000040f5600000) (1024K)]


Current CompileTask:
C2:18850 8290       4       org.eclipse.jdt.internal.compiler.lookup.BinaryTypeBinding::createMethod (1666 bytes)

Stack: [0x00000040f5500000,0x00000040f5600000]
Native frames: (J=compiled Java code, j=interpreted, Vv=VM code, C=native code)
V  [jvm.dll+0x6d7e19]
V  [jvm.dll+0x8b5096]
V  [jvm.dll+0x8b764e]
V  [jvm.dll+0x8b7d33]
V  [jvm.dll+0x284596]
V  [jvm.dll+0xc685d]
V  [jvm.dll+0xc6da1]
V  [jvm.dll+0x3bed6b]
V  [jvm.dll+0x1e4149]
V  [jvm.dll+0x24c853]
V  [jvm.dll+0x24bce0]
V  [jvm.dll+0x1cb4ae]
V  [jvm.dll+0x25baad]
V  [jvm.dll+0x25a03a]
V  [jvm.dll+0x3f868e]
V  [jvm.dll+0x85fb0d]
V  [jvm.dll+0x6d664d]
C  [ucrtbase.dll+0x2cd30]
C  [KERNEL32.DLL+0x2e957]
C  [ntdll.dll+0x87c1c]


---------------  P R O C E S S  ---------------

Threads class SMR info:
_java_thread_list=0x00000149d4d77660, length=68, elements={
0x00000149e9f94530, 0x00000149ea04a660, 0x00000149ea04cda0, 0x00000149fca08f30,
0x00000149fca09b90, 0x00000149fca0f890, 0x00000149fca10a90, 0x00000149fca28660,
0x00000149fca2a4c0, 0x00000149fe4aafa0, 0x00000149fe5d9310, 0x00000149fed38f70,
0x00000149ff18ce40, 0x00000149fe961060, 0x00000149ff1adbd0, 0x00000149ff9d6c60,
0x00000149ffb20b70, 0x00000149ff4d6530, 0x00000149ff9749d0, 0x00000149ffb0bac0,
0x00000149ff483b60, 0x00000149ff533420, 0x00000149ff533ab0, 0x00000149ffadbe90,
0x00000149ff5354f0, 0x00000149ff535b80, 0x00000149ff5347d0, 0x00000149ff534140,
0x00000149ff536210, 0x00000149ff532d90, 0x00000149ff93d5b0, 0x00000149ff93c890,
0x00000149ff93ae50, 0x00000149ff93b4e0, 0x00000149ff93a130, 0x00000149ff93dc40,
0x00000149ff93a7c0, 0x00000149ff93e2d0, 0x00000149ff93e960, 0x00000149ff93eff0,
0x00000149ff93bb70, 0x00000149ff93f680, 0x00000149ff93c200, 0x00000149ff9403a0,
0x00000149ff93cf20, 0x00000149ff93fd10, 0x00000149ff940a30, 0x00000149ff9410c0,
0x00000149ff941750, 0x00000149cad7be80, 0x00000149cad79db0, 0x00000149cad7c510,
0x00000149cad7a440, 0x00000149cad79720, 0x00000149cad7b160, 0x00000149cad7b7f0,
0x00000149cad7d8c0, 0x00000149cad7e5e0, 0x00000149cad7df50, 0x00000149cad7ec70,
0x00000149cad7f300, 0x00000149cad7f990, 0x00000149cad7d230, 0x00000149cad80d40,
0x00000149cac9c7a0, 0x00000149cac9ba80, 0x00000149cac9ce30, 0x00000149cac9b3f0
}

Java Threads: ( => current thread )
  0x00000149e9f94530 JavaThread "main"                              [_thread_blocked, id=3016, stack(0x00000040f4600000,0x00000040f4700000) (1024K)]
  0x00000149ea04a660 JavaThread "Reference Handler"          daemon [_thread_blocked, id=23068, stack(0x00000040f4a00000,0x00000040f4b00000) (1024K)]
  0x00000149ea04cda0 JavaThread "Finalizer"                  daemon [_thread_blocked, id=23024, stack(0x00000040f4b00000,0x00000040f4c00000) (1024K)]
  0x00000149fca08f30 JavaThread "Signal Dispatcher"          daemon [_thread_blocked, id=9544, stack(0x00000040f4c00000,0x00000040f4d00000) (1024K)]
  0x00000149fca09b90 JavaThread "Attach Listener"            daemon [_thread_blocked, id=25820, stack(0x00000040f4d00000,0x00000040f4e00000) (1024K)]
  0x00000149fca0f890 JavaThread "Service Thread"             daemon [_thread_blocked, id=23900, stack(0x00000040f4e00000,0x00000040f4f00000) (1024K)]
  0x00000149fca10a90 JavaThread "Monitor Deflation Thread"   daemon [_thread_blocked, id=13600, stack(0x00000040f4f00000,0x00000040f5000000) (1024K)]
  0x00000149fca28660 JavaThread "C2 CompilerThread0"         daemon [_thread_blocked, id=15592, stack(0x00000040f5000000,0x00000040f5100000) (1024K)]
  0x00000149fca2a4c0 JavaThread "C1 CompilerThread0"         daemon [_thread_blocked, id=20296, stack(0x00000040f5100000,0x00000040f5200000) (1024K)]
  0x00000149fe4aafa0 JavaThread "Common-Cleaner"             daemon [_thread_blocked, id=9936, stack(0x00000040f5200000,0x00000040f5300000) (1024K)]
  0x00000149fe5d9310 JavaThread "Notification Thread"        daemon [_thread_blocked, id=25584, stack(0x00000040f5300000,0x00000040f5400000) (1024K)]
  0x00000149fed38f70 JavaThread "Active Thread: Equinox Container: ffc873db-1999-40fd-b164-b96b880ee5d1"        [_thread_blocked, id=3948, stack(0x00000040f5c00000,0x00000040f5d00000) (1024K)]
  0x00000149ff18ce40 JavaThread "Refresh Thread: Equinox Container: ffc873db-1999-40fd-b164-b96b880ee5d1" daemon [_thread_blocked, id=20360, stack(0x00000040f5e00000,0x00000040f5f00000) (1024K)]
  0x00000149fe961060 JavaThread "Framework Event Dispatcher: Equinox Container: ffc873db-1999-40fd-b164-b96b880ee5d1" daemon [_thread_blocked, id=9392, stack(0x00000040f5f00000,0x00000040f6000000) (1024K)]
  0x00000149ff1adbd0 JavaThread "Start Level: Equinox Container: ffc873db-1999-40fd-b164-b96b880ee5d1" daemon [_thread_blocked, id=7660, stack(0x00000040f6000000,0x00000040f6100000) (1024K)]
  0x00000149ff9d6c60 JavaThread "Bundle File Closer"         daemon [_thread_blocked, id=2348, stack(0x00000040f6100000,0x00000040f6200000) (1024K)]
  0x00000149ffb20b70 JavaThread "SCR Component Actor"        daemon [_thread_blocked, id=1132, stack(0x00000040f5400000,0x00000040f5500000) (1024K)]
=>0x00000149ff4d6530 JavaThread "C2 CompilerThread1"         daemon [_thread_in_native, id=16508, stack(0x00000040f5500000,0x00000040f5600000) (1024K)]
  0x00000149ff9749d0 JavaThread "Worker-JM"                         [_thread_blocked, id=20052, stack(0x00000040f6300000,0x00000040f6400000) (1024K)]
  0x00000149ffb0bac0 JavaThread "JNA Cleaner"                daemon [_thread_blocked, id=2600, stack(0x00000040f6400000,0x00000040f6500000) (1024K)]
  0x00000149ff483b60 JavaThread "Worker-0"                          [_thread_blocked, id=22216, stack(0x00000040f6500000,0x00000040f6600000) (1024K)]
  0x00000149ff533420 JavaThread "Worker-1: Building"                [_thread_blocked, id=25300, stack(0x00000040f6200000,0x00000040f6300000) (1024K)]
  0x00000149ff533ab0 JavaThread "Worker-2"                          [_thread_blocked, id=24768, stack(0x00000040f6600000,0x00000040f6700000) (1024K)]
  0x00000149ffadbe90 JavaThread "C2 CompilerThread2"         daemon [_thread_blocked, id=12444, stack(0x00000040f6700000,0x00000040f6800000) (1024K)]
  0x00000149ff5354f0 JavaThread "Worker-3"                          [_thread_blocked, id=152, stack(0x00000040f6800000,0x00000040f6900000) (1024K)]
  0x00000149ff535b80 JavaThread "Java indexing"              daemon [_thread_blocked, id=2576, stack(0x00000040f6900000,0x00000040f6a00000) (1024K)]
  0x00000149ff5347d0 JavaThread "Worker-4"                          [_thread_blocked, id=21764, stack(0x00000040f6a00000,0x00000040f6b00000) (1024K)]
  0x00000149ff534140 JavaThread "Worker-5"                          [_thread_blocked, id=13920, stack(0x00000040f6d00000,0x00000040f6e00000) (1024K)]
  0x00000149ff536210 JavaThread "Worker-6: Synchronize Gradle projects with workspace"        [_thread_blocked, id=24152, stack(0x00000040f6e00000,0x00000040f6f00000) (1024K)]
  0x00000149ff532d90 JavaThread "Thread-1"                   daemon [_thread_in_native, id=27216, stack(0x00000040f6f00000,0x00000040f7000000) (1024K)]
  0x00000149ff93d5b0 JavaThread "Thread-2"                   daemon [_thread_in_native, id=26956, stack(0x00000040f7000000,0x00000040f7100000) (1024K)]
  0x00000149ff93c890 JavaThread "Thread-3"                   daemon [_thread_in_native, id=25848, stack(0x00000040f7100000,0x00000040f7200000) (1024K)]
  0x00000149ff93ae50 JavaThread "Thread-4"                   daemon [_thread_in_native, id=21040, stack(0x00000040f7200000,0x00000040f7300000) (1024K)]
  0x00000149ff93b4e0 JavaThread "Thread-5"                   daemon [_thread_in_native, id=21624, stack(0x00000040f7300000,0x00000040f7400000) (1024K)]
  0x00000149ff93a130 JavaThread "Thread-6"                   daemon [_thread_in_native, id=19532, stack(0x00000040f7400000,0x00000040f7500000) (1024K)]
  0x00000149ff93dc40 JavaThread "Thread-7"                   daemon [_thread_in_native, id=7696, stack(0x00000040f7500000,0x00000040f7600000) (1024K)]
  0x00000149ff93a7c0 JavaThread "Thread-8"                   daemon [_thread_in_native, id=19780, stack(0x00000040f7600000,0x00000040f7700000) (1024K)]
  0x00000149ff93e2d0 JavaThread "Thread-9"                   daemon [_thread_in_native, id=2412, stack(0x00000040f7700000,0x00000040f7800000) (1024K)]
  0x00000149ff93e960 JavaThread "pool-2-thread-1"                   [_thread_blocked, id=24048, stack(0x00000040f7800000,0x00000040f7900000) (1024K)]
  0x00000149ff93eff0 JavaThread "Worker-7: Java indexing... "        [_thread_blocked, id=15320, stack(0x00000040f7900000,0x00000040f7a00000) (1024K)]
  0x00000149ff93bb70 JavaThread "Timer-0"                           [_thread_blocked, id=26644, stack(0x00000040f7a00000,0x00000040f7b00000) (1024K)]
  0x00000149ff93f680 JavaThread "Timer-1"                           [_thread_blocked, id=16528, stack(0x00000040f7b00000,0x00000040f7c00000) (1024K)]
  0x00000149ff93c200 JavaThread "Connection worker"                 [_thread_blocked, id=24828, stack(0x00000040f7c00000,0x00000040f7d00000) (1024K)]
  0x00000149ff9403a0 JavaThread "WorkspaceEventsHandler"            [_thread_blocked, id=11332, stack(0x00000040f7d00000,0x00000040f7e00000) (1024K)]
  0x00000149ff93cf20 JavaThread "pool-1-thread-1"                   [_thread_blocked, id=19624, stack(0x00000040f7e00000,0x00000040f7f00000) (1024K)]
  0x00000149ff93fd10 JavaThread "LocalFile Deleter"          daemon [_thread_blocked, id=27540, stack(0x00000040f7f00000,0x00000040f8000000) (1024K)]
  0x00000149ff940a30 JavaThread "LocalFile Deleter"          daemon [_thread_blocked, id=23856, stack(0x00000040f8000000,0x00000040f8100000) (1024K)]
  0x00000149ff9410c0 JavaThread "LocalFile Deleter"          daemon [_thread_blocked, id=20668, stack(0x00000040f8100000,0x00000040f8200000) (1024K)]
  0x00000149ff941750 JavaThread "LocalFile Deleter"          daemon [_thread_blocked, id=27300, stack(0x00000040f8200000,0x00000040f8300000) (1024K)]
  0x00000149cad7be80 JavaThread "LocalFile Deleter"          daemon [_thread_blocked, id=13756, stack(0x00000040f8300000,0x00000040f8400000) (1024K)]
  0x00000149cad79db0 JavaThread "LocalFile Deleter"          daemon [_thread_blocked, id=25332, stack(0x00000040f8400000,0x00000040f8500000) (1024K)]
  0x00000149cad7c510 JavaThread "LocalFile Deleter"          daemon [_thread_blocked, id=4508, stack(0x00000040f8500000,0x00000040f8600000) (1024K)]
  0x00000149cad7a440 JavaThread "LocalFile Deleter"          daemon [_thread_blocked, id=16892, stack(0x00000040f8600000,0x00000040f8700000) (1024K)]
  0x00000149cad79720 JavaThread "Compiler Source File Reader" daemon [_thread_blocked, id=21696, stack(0x00000040f8700000,0x00000040f8800000) (1024K)]
  0x00000149cad7b160 JavaThread "Compiler Source File Reader" daemon [_thread_blocked, id=9464, stack(0x00000040f8800000,0x00000040f8900000) (1024K)]
  0x00000149cad7b7f0 JavaThread "Compiler Source File Reader" daemon [_thread_blocked, id=18000, stack(0x00000040f8900000,0x00000040f8a00000) (1024K)]
  0x00000149cad7d8c0 JavaThread "Compiler Source File Reader" daemon [_thread_blocked, id=24080, stack(0x00000040f8a00000,0x00000040f8b00000) (1024K)]
  0x00000149cad7e5e0 JavaThread "Compiler Source File Reader" daemon [_thread_blocked, id=24928, stack(0x00000040f8b00000,0x00000040f8c00000) (1024K)]
  0x00000149cad7df50 JavaThread "Compiler Source File Reader" daemon [_thread_blocked, id=26856, stack(0x00000040f8c00000,0x00000040f8d00000) (1024K)]
  0x00000149cad7ec70 JavaThread "Worker-8"                          [_thread_blocked, id=23348, stack(0x00000040f8d00000,0x00000040f8e00000) (1024K)]
  0x00000149cad7f300 JavaThread "PatternSearchJob-worker-1"  daemon [_thread_blocked, id=24116, stack(0x00000040f8e00000,0x00000040f8f00000) (1024K)]
  0x00000149cad7f990 JavaThread "Compiler Processing Task"   daemon [_thread_blocked, id=27532, stack(0x00000040f8f00000,0x00000040f9000000) (1024K)]
  0x00000149cad7d230 JavaThread "Compiler Class File Writer" daemon [_thread_blocked, id=27236, stack(0x00000040f9000000,0x00000040f9100000) (1024K)]
  0x00000149cad80d40 JavaThread "Compiler Class File Writer" daemon [_thread_blocked, id=14580, stack(0x00000040f9100000,0x00000040f9200000) (1024K)]
  0x00000149cac9c7a0 JavaThread "Compiler Class File Writer" daemon [_thread_blocked, id=22920, stack(0x00000040f9200000,0x00000040f9300000) (1024K)]
  0x00000149cac9ba80 JavaThread "Compiler Class File Writer" daemon [_thread_blocked, id=23360, stack(0x00000040f9300000,0x00000040f9400000) (1024K)]
  0x00000149cac9ce30 JavaThread "Compiler Class File Writer" daemon [_thread_blocked, id=26764, stack(0x00000040f9400000,0x00000040f9500000) (1024K)]
  0x00000149cac9b3f0 JavaThread "Compiler Class File Writer" daemon [_thread_blocked, id=17964, stack(0x00000040f9500000,0x00000040f9600000) (1024K)]
Total: 68

Other Threads:
  0x00000149fca00a30 VMThread "VM Thread"                           [id=6924, stack(0x00000040f4900000,0x00000040f4a00000) (1024K)] _threads_hazard_ptr=0x00000149d4d77660
  0x00000149ea0000c0 WatcherThread "VM Periodic Task Thread"        [id=19000, stack(0x00000040f4800000,0x00000040f4900000) (1024K)]
  0x00000149e9fb27c0 WorkerThread "GC Thread#0"                     [id=22688, stack(0x00000040f4700000,0x00000040f4800000) (1024K)]
  0x00000149fe7b5630 WorkerThread "GC Thread#1"                     [id=22676, stack(0x00000040f5600000,0x00000040f5700000) (1024K)]
  0x00000149fe7b3c60 WorkerThread "GC Thread#2"                     [id=13088, stack(0x00000040f5700000,0x00000040f5800000) (1024K)]
  0x00000149fe7b4b20 WorkerThread "GC Thread#3"                     [id=19472, stack(0x00000040f5800000,0x00000040f5900000) (1024K)]
  0x00000149fe7b4770 WorkerThread "GC Thread#4"                     [id=26152, stack(0x00000040f5900000,0x00000040f5a00000) (1024K)]
  0x00000149fe7b4ed0 WorkerThread "GC Thread#5"                     [id=20876, stack(0x00000040f5a00000,0x00000040f5b00000) (1024K)]
  0x00000149fe7b4010 WorkerThread "GC Thread#6"                     [id=21548, stack(0x00000040f5b00000,0x00000040f5c00000) (1024K)]
  0x00000149ff2e8480 WorkerThread "GC Thread#7"                     [id=14872, stack(0x00000040f5d00000,0x00000040f5e00000) (1024K)]
Total: 10

Threads with active compile tasks:
C2 CompilerThread0  19861 8675       4       org.eclipse.jdt.internal.compiler.parser.Parser::consumeRule (7843 bytes)
C1 CompilerThread0  19861 8804       2       org.eclipse.jdt.internal.compiler.lookup.CompilationUnitScope::faultInImports (1223 bytes)
C2 CompilerThread1  19861 8290       4       org.eclipse.jdt.internal.compiler.lookup.BinaryTypeBinding::createMethod (1666 bytes)
C2 CompilerThread2  19862 8557       4       java.lang.reflect.Field::get (39 bytes)
Total: 4

VM state: synchronizing (normal execution)

VM Mutex/Monitor currently owned by a thread:  ([mutex/lock_event])
[0x00007ffdac3ff570] Threads_lock - owner thread: 0x00000149fca00a30

Heap address: 0x0000000080000000, size: 2048 MB, Compressed Oops mode: 32-bit

CDS archive(s) mapped at: [0x0000014984000000-0x0000014984ba0000-0x0000014984ba0000), size 12189696, SharedBaseAddress: 0x0000014984000000, ArchiveRelocationMode: 1.
Compressed class space mapped at: 0x0000014985000000-0x00000149c5000000, reserved size: 1073741824
Narrow klass base: 0x0000014984000000, Narrow klass shift: 0, Narrow klass range: 0x100000000

GC Precious Log:
 CardTable entry size: 512
 CPUs: 8 total, 8 available
 Memory: 20247M
 Large Page Support: Disabled
 NUMA Support: Disabled
 Compressed Oops: Enabled (32-bit)
 Alignments: Space 512K, Generation 512K, Heap 2M
 Heap Min Capacity: 100M
 Heap Initial Capacity: 100M
 Heap Max Capacity: 2G
 Pre-touch: Disabled
 Parallel Workers: 8

Heap:
 PSYoungGen      total 17408K, used 13203K [0x00000000d5580000, 0x00000000d6880000, 0x0000000100000000)
  eden space 15360K, 85% used [0x00000000d5580000,0x00000000d6264c98,0x00000000d6480000)
  from space 2048K, 0% used [0x00000000d6500000,0x00000000d6500000,0x00000000d6700000)
  to   space 1536K, 0% used [0x00000000d6700000,0x00000000d6700000,0x00000000d6880000)
 ParOldGen       total 68608K, used 52102K [0x0000000080000000, 0x0000000084300000, 0x00000000d5580000)
  object space 68608K, 75% used [0x0000000080000000,0x00000000832e1af0,0x0000000084300000)
 Metaspace       used 59802K, committed 61120K, reserved 1114112K
  class space    used 6696K, committed 7296K, reserved 1048576K

Card table byte_map: [0x00000149e9930000,0x00000149e9d40000] _byte_map_base: 0x00000149e9530000

Marking Bits: (ParMarkBitMap*) 0x00007ffdac404460
 Begin Bits: [0x0000014980000000, 0x0000014982000000)
 End Bits:   [0x0000014982000000, 0x0000014984000000)

Polling page: 0x00000149e7f50000

Metaspace:

Usage:
  Non-class:     51.86 MB used.
      Class:      6.54 MB used.
       Both:     58.40 MB used.

Virtual space:
  Non-class space:       64.00 MB reserved,      52.56 MB ( 82%) committed,  1 nodes.
      Class space:        1.00 GB reserved,       7.12 MB ( <1%) committed,  1 nodes.
             Both:        1.06 GB reserved,      59.69 MB (  5%) committed. 

Chunk freelists:
   Non-Class:  10.70 MB
       Class:  8.82 MB
        Both:  19.52 MB

MaxMetaspaceSize: unlimited
CompressedClassSpaceSize: 1.00 GB
Initial GC threshold: 21.00 MB
Current GC threshold: 98.88 MB
CDS: on
 - commit_granule_bytes: 65536.
 - commit_granule_words: 8192.
 - virtual_space_node_default_size: 8388608.
 - enlarge_chunks_in_place: 1.
 - use_allocation_guard: 0.


Internal statistics:

num_allocs_failed_limit: 13.
num_arena_births: 1048.
num_arena_deaths: 32.
num_vsnodes_births: 2.
num_vsnodes_deaths: 0.
num_space_committed: 955.
num_space_uncommitted: 0.
num_chunks_returned_to_freelist: 47.
num_chunks_taken_from_freelist: 4049.
num_chunk_merges: 19.
num_chunk_splits: 2371.
num_chunks_enlarged: 1169.
num_inconsistent_stats: 0.

CodeHeap 'non-profiled nmethods': size=120000Kb used=4879Kb max_used=4996Kb free=115120Kb
 bounds [0x00000149f4c60000, 0x00000149f5150000, 0x00000149fc190000]
CodeHeap 'profiled nmethods': size=120000Kb used=18303Kb max_used=18498Kb free=101696Kb
 bounds [0x00000149ed190000, 0x00000149ee3b0000, 0x00000149f46c0000]
CodeHeap 'non-nmethods': size=5760Kb used=1429Kb max_used=1472Kb free=4330Kb
 bounds [0x00000149f46c0000, 0x00000149f4930000, 0x00000149f4c60000]
CodeCache: size=245760Kb, used=24611Kb, max_used=24966Kb, free=221146Kb
 total_blobs=8732, nmethods=8004, adapters=633, full_count=0
Compilation: enabled, stopped_count=0, restarted_count=0

Compilation events (20 events):
Event: 16.835 Thread 0x00000149fca2a4c0 nmethod 8791 0x00000149ed7f6410 code [0x00000149ed7f65a0, 0x00000149ed7f66a8]
Event: 16.835 Thread 0x00000149fca2a4c0 8793       2       lombok.eclipse.EclipseASTAdapter::visitMethodArgument (1 bytes)
Event: 16.836 Thread 0x00000149fca2a4c0 nmethod 8793 0x00000149ed801a10 code [0x00000149ed801ba0, 0x00000149ed801ca8]
Event: 16.836 Thread 0x00000149fca2a4c0 8794       2       lombok.eclipse.EclipseASTAdapter::endVisitMethodArgument (1 bytes)
Event: 16.836 Thread 0x00000149fca2a4c0 nmethod 8794 0x00000149ed801690 code [0x00000149ed801820, 0x00000149ed801928]
Event: 16.836 Thread 0x00000149fca2a4c0 8792       2       lombok.eclipse.EclipseASTAdapter::endVisitField (1 bytes)
Event: 16.836 Thread 0x00000149fca2a4c0 nmethod 8792 0x00000149ed801390 code [0x00000149ed801520, 0x00000149ed801628]
Event: 16.837 Thread 0x00000149fca2a4c0 8795       2       org.eclipse.jdt.internal.compiler.ast.OperatorExpression::<init> (5 bytes)
Event: 16.837 Thread 0x00000149fca2a4c0 nmethod 8795 0x00000149ed801010 code [0x00000149ed8011a0, 0x00000149ed8012b0]
Event: 16.837 Thread 0x00000149fca2a4c0 8796       2       org.eclipse.jdt.internal.compiler.parser.Parser::getTypeReferenceForGenericType (442 bytes)
Event: 16.839 Thread 0x00000149fca2a4c0 nmethod 8796 0x00000149ed7eba90 code [0x00000149ed7ebd20, 0x00000149ed7ecdf0]
Event: 16.839 Thread 0x00000149fca2a4c0 8798       2       lombok.eclipse.handlers.EclipseHandlerUtil::typeMatches (124 bytes)
Event: 16.843 Thread 0x00000149fca2a4c0 nmethod 8798 0x00000149ed800110 code [0x00000149ed800360, 0x00000149ed800a18]
Event: 16.843 Thread 0x00000149fca2a4c0 8802       2       org.eclipse.jdt.internal.compiler.ast.ParameterizedSingleTypeReference::<init> (77 bytes)
Event: 16.844 Thread 0x00000149fca2a4c0 nmethod 8802 0x00000149ed7ffa10 code [0x00000149ed7ffbc0, 0x00000149ed7ffe20]
Event: 16.844 Thread 0x00000149fca2a4c0 8800       2       org.eclipse.jdt.internal.compiler.ast.Expression::setExpressionContext (1 bytes)
Event: 16.844 Thread 0x00000149fca2a4c0 nmethod 8800 0x00000149ed7eb790 code [0x00000149ed7eb920, 0x00000149ed7eba28]
Event: 16.844 Thread 0x00000149fca2a4c0 8803       2       org.eclipse.jdt.internal.compiler.ast.SingleNameReference::resolveType (411 bytes)
Event: 17.841 Thread 0x00000149fca2a4c0 nmethod 8803 0x00000149ed5cb990 code [0x00000149ed5cbc60, 0x00000149ed5cc698]
Event: 17.849 Thread 0x00000149fca2a4c0 8804       2       org.eclipse.jdt.internal.compiler.lookup.CompilationUnitScope::faultInImports (1223 bytes)

GC Heap History (20 events):
Event: 14.122 GC heap before
{Heap before GC invocations=31 (full 2):
 PSYoungGen      total 16896K, used 16474K [0x00000000d5580000, 0x00000000d6b00000, 0x0000000100000000)
  eden space 15360K, 100% used [0x00000000d5580000,0x00000000d6480000,0x00000000d6480000)
  from space 1536K, 72% used [0x00000000d6980000,0x00000000d6a96830,0x00000000d6b00000)
  to   space 2048K, 0% used [0x00000000d6700000,0x00000000d6700000,0x00000000d6900000)
 ParOldGen       total 68608K, used 45902K [0x0000000080000000, 0x0000000084300000, 0x00000000d5580000)
  object space 68608K, 66% used [0x0000000080000000,0x0000000082cd3b18,0x0000000084300000)
 Metaspace       used 51474K, committed 52736K, reserved 1114112K
  class space    used 5708K, committed 6272K, reserved 1048576K
}
Event: 14.126 GC heap after
{Heap after GC invocations=31 (full 2):
 PSYoungGen      total 17408K, used 832K [0x00000000d5580000, 0x00000000d6a00000, 0x0000000100000000)
  eden space 15360K, 0% used [0x00000000d5580000,0x00000000d5580000,0x00000000d6480000)
  from space 2048K, 40% used [0x00000000d6700000,0x00000000d67d0030,0x00000000d6900000)
  to   space 1024K, 0% used [0x00000000d6900000,0x00000000d6900000,0x00000000d6a00000)
 ParOldGen       total 68608K, used 46728K [0x0000000080000000, 0x0000000084300000, 0x00000000d5580000)
  object space 68608K, 68% used [0x0000000080000000,0x0000000082da21b0,0x0000000084300000)
 Metaspace       used 51474K, committed 52736K, reserved 1114112K
  class space    used 5708K, committed 6272K, reserved 1048576K
}
Event: 14.438 GC heap before
{Heap before GC invocations=32 (full 2):
 PSYoungGen      total 17408K, used 16150K [0x00000000d5580000, 0x00000000d6a00000, 0x0000000100000000)
  eden space 15360K, 99% used [0x00000000d5580000,0x00000000d6475998,0x00000000d6480000)
  from space 2048K, 40% used [0x00000000d6700000,0x00000000d67d0030,0x00000000d6900000)
  to   space 1024K, 0% used [0x00000000d6900000,0x00000000d6900000,0x00000000d6a00000)
 ParOldGen       total 68608K, used 46728K [0x0000000080000000, 0x0000000084300000, 0x00000000d5580000)
  object space 68608K, 68% used [0x0000000080000000,0x0000000082da21b0,0x0000000084300000)
 Metaspace       used 52618K, committed 53888K, reserved 1114112K
  class space    used 5887K, committed 6464K, reserved 1048576K
}
Event: 14.442 GC heap after
{Heap after GC invocations=32 (full 2):
 PSYoungGen      total 16384K, used 640K [0x00000000d5580000, 0x00000000d6a00000, 0x0000000100000000)
  eden space 15360K, 0% used [0x00000000d5580000,0x00000000d5580000,0x00000000d6480000)
  from space 1024K, 62% used [0x00000000d6900000,0x00000000d69a0000,0x00000000d6a00000)
  to   space 1024K, 0% used [0x00000000d6800000,0x00000000d6800000,0x00000000d6900000)
 ParOldGen       total 68608K, used 47348K [0x0000000080000000, 0x0000000084300000, 0x00000000d5580000)
  object space 68608K, 69% used [0x0000000080000000,0x0000000082e3d3d0,0x0000000084300000)
 Metaspace       used 52618K, committed 53888K, reserved 1114112K
  class space    used 5887K, committed 6464K, reserved 1048576K
}
Event: 14.681 GC heap before
{Heap before GC invocations=33 (full 2):
 PSYoungGen      total 16384K, used 16000K [0x00000000d5580000, 0x00000000d6a00000, 0x0000000100000000)
  eden space 15360K, 100% used [0x00000000d5580000,0x00000000d6480000,0x00000000d6480000)
  from space 1024K, 62% used [0x00000000d6900000,0x00000000d69a0000,0x00000000d6a00000)
  to   space 1024K, 0% used [0x00000000d6800000,0x00000000d6800000,0x00000000d6900000)
 ParOldGen       total 68608K, used 47352K [0x0000000080000000, 0x0000000084300000, 0x00000000d5580000)
  object space 68608K, 69% used [0x0000000080000000,0x0000000082e3e3e0,0x0000000084300000)
 Metaspace       used 54213K, committed 55552K, reserved 1114112K
  class space    used 6110K, committed 6720K, reserved 1048576K
}
Event: 14.684 GC heap after
{Heap after GC invocations=33 (full 2):
 PSYoungGen      total 16384K, used 832K [0x00000000d5580000, 0x00000000d6980000, 0x0000000100000000)
  eden space 15360K, 0% used [0x00000000d5580000,0x00000000d5580000,0x00000000d6480000)
  from space 1024K, 81% used [0x00000000d6800000,0x00000000d68d0000,0x00000000d6900000)
  to   space 512K, 0% used [0x00000000d6900000,0x00000000d6900000,0x00000000d6980000)
 ParOldGen       total 68608K, used 47768K [0x0000000080000000, 0x0000000084300000, 0x00000000d5580000)
  object space 68608K, 69% used [0x0000000080000000,0x0000000082ea63e0,0x0000000084300000)
 Metaspace       used 54213K, committed 55552K, reserved 1114112K
  class space    used 6110K, committed 6720K, reserved 1048576K
}
Event: 14.975 GC heap before
{Heap before GC invocations=34 (full 2):
 PSYoungGen      total 16384K, used 16191K [0x00000000d5580000, 0x00000000d6980000, 0x0000000100000000)
  eden space 15360K, 99% used [0x00000000d5580000,0x00000000d647fff8,0x00000000d6480000)
  from space 1024K, 81% used [0x00000000d6800000,0x00000000d68d0000,0x00000000d6900000)
  to   space 512K, 0% used [0x00000000d6900000,0x00000000d6900000,0x00000000d6980000)
 ParOldGen       total 68608K, used 47773K [0x0000000080000000, 0x0000000084300000, 0x00000000d5580000)
  object space 68608K, 69% used [0x0000000080000000,0x0000000082ea7690,0x0000000084300000)
 Metaspace       used 55676K, committed 56960K, reserved 1114112K
  class space    used 6288K, committed 6848K, reserved 1048576K
}
Event: 14.984 GC heap after
{Heap after GC invocations=34 (full 2):
 PSYoungGen      total 15872K, used 482K [0x00000000d5580000, 0x00000000d6b80000, 0x0000000100000000)
  eden space 15360K, 0% used [0x00000000d5580000,0x00000000d5580000,0x00000000d6480000)
  from space 512K, 94% used [0x00000000d6900000,0x00000000d6978a48,0x00000000d6980000)
  to   space 3584K, 0% used [0x00000000d6480000,0x00000000d6480000,0x00000000d6800000)
 ParOldGen       total 68608K, used 50380K [0x0000000080000000, 0x0000000084300000, 0x00000000d5580000)
  object space 68608K, 73% used [0x0000000080000000,0x0000000083133300,0x0000000084300000)
 Metaspace       used 55676K, committed 56960K, reserved 1114112K
  class space    used 6288K, committed 6848K, reserved 1048576K
}
Event: 15.288 GC heap before
{Heap before GC invocations=35 (full 2):
 PSYoungGen      total 15872K, used 15842K [0x00000000d5580000, 0x00000000d6b80000, 0x0000000100000000)
  eden space 15360K, 100% used [0x00000000d5580000,0x00000000d6480000,0x00000000d6480000)
  from space 512K, 94% used [0x00000000d6900000,0x00000000d6978a48,0x00000000d6980000)
  to   space 3584K, 0% used [0x00000000d6480000,0x00000000d6480000,0x00000000d6800000)
 ParOldGen       total 68608K, used 50380K [0x0000000080000000, 0x0000000084300000, 0x00000000d5580000)
  object space 68608K, 73% used [0x0000000080000000,0x0000000083133300,0x0000000084300000)
 Metaspace       used 56527K, committed 57792K, reserved 1114112K
  class space    used 6380K, committed 6976K, reserved 1048576K
}
Event: 15.296 GC heap after
{Heap after GC invocations=35 (full 2):
 PSYoungGen      total 17920K, used 2278K [0x00000000d5580000, 0x00000000d6980000, 0x0000000100000000)
  eden space 15360K, 0% used [0x00000000d5580000,0x00000000d5580000,0x00000000d6480000)
  from space 2560K, 89% used [0x00000000d6480000,0x00000000d66b9b60,0x00000000d6700000)
  to   space 2560K, 0% used [0x00000000d6700000,0x00000000d6700000,0x00000000d6980000)
 ParOldGen       total 68608K, used 50866K [0x0000000080000000, 0x0000000084300000, 0x00000000d5580000)
  object space 68608K, 74% used [0x0000000080000000,0x00000000831acbb0,0x0000000084300000)
 Metaspace       used 56527K, committed 57792K, reserved 1114112K
  class space    used 6380K, committed 6976K, reserved 1048576K
}
Event: 15.519 GC heap before
{Heap before GC invocations=36 (full 2):
 PSYoungGen      total 17920K, used 17630K [0x00000000d5580000, 0x00000000d6980000, 0x0000000100000000)
  eden space 15360K, 99% used [0x00000000d5580000,0x00000000d647dde8,0x00000000d6480000)
  from space 2560K, 89% used [0x00000000d6480000,0x00000000d66b9b60,0x00000000d6700000)
  to   space 2560K, 0% used [0x00000000d6700000,0x00000000d6700000,0x00000000d6980000)
 ParOldGen       total 68608K, used 50866K [0x0000000080000000, 0x0000000084300000, 0x00000000d5580000)
  object space 68608K, 74% used [0x0000000080000000,0x00000000831acbb0,0x0000000084300000)
 Metaspace       used 57832K, committed 59136K, reserved 1114112K
  class space    used 6524K, committed 7104K, reserved 1048576K
}
Event: 15.525 GC heap after
{Heap after GC invocations=36 (full 2):
 PSYoungGen      total 16384K, used 896K [0x00000000d5580000, 0x00000000d6800000, 0x0000000100000000)
  eden space 15360K, 0% used [0x00000000d5580000,0x00000000d5580000,0x00000000d6480000)
  from space 1024K, 87% used [0x00000000d6700000,0x00000000d67e0000,0x00000000d6800000)
  to   space 1536K, 0% used [0x00000000d6500000,0x00000000d6500000,0x00000000d6680000)
 ParOldGen       total 68608K, used 52974K [0x0000000080000000, 0x0000000084300000, 0x00000000d5580000)
  object space 68608K, 77% used [0x0000000080000000,0x00000000833bb830,0x0000000084300000)
 Metaspace       used 57832K, committed 59136K, reserved 1114112K
  class space    used 6524K, committed 7104K, reserved 1048576K
}
Event: 15.758 GC heap before
{Heap before GC invocations=37 (full 2):
 PSYoungGen      total 16384K, used 16256K [0x00000000d5580000, 0x00000000d6800000, 0x0000000100000000)
  eden space 15360K, 100% used [0x00000000d5580000,0x00000000d6480000,0x00000000d6480000)
  from space 1024K, 87% used [0x00000000d6700000,0x00000000d67e0000,0x00000000d6800000)
  to   space 1536K, 0% used [0x00000000d6500000,0x00000000d6500000,0x00000000d6680000)
 ParOldGen       total 68608K, used 52974K [0x0000000080000000, 0x0000000084300000, 0x00000000d5580000)
  object space 68608K, 77% used [0x0000000080000000,0x00000000833bb830,0x0000000084300000)
 Metaspace       used 58470K, committed 59840K, reserved 1114112K
  class space    used 6593K, committed 7168K, reserved 1048576K
}
Event: 15.763 GC heap after
{Heap after GC invocations=37 (full 2):
 PSYoungGen      total 16896K, used 1509K [0x00000000d5580000, 0x00000000d6a80000, 0x0000000100000000)
  eden space 15360K, 0% used [0x00000000d5580000,0x00000000d5580000,0x00000000d6480000)
  from space 1536K, 98% used [0x00000000d6500000,0x00000000d6679570,0x00000000d6680000)
  to   space 3072K, 0% used [0x00000000d6780000,0x00000000d6780000,0x00000000d6a80000)
 ParOldGen       total 68608K, used 53945K [0x0000000080000000, 0x0000000084300000, 0x00000000d5580000)
  object space 68608K, 78% used [0x0000000080000000,0x00000000834ae460,0x0000000084300000)
 Metaspace       used 58470K, committed 59840K, reserved 1114112K
  class space    used 6593K, committed 7168K, reserved 1048576K
}
Event: 15.997 GC heap before
{Heap before GC invocations=38 (full 2):
 PSYoungGen      total 16896K, used 16869K [0x00000000d5580000, 0x00000000d6a80000, 0x0000000100000000)
  eden space 15360K, 100% used [0x00000000d5580000,0x00000000d6480000,0x00000000d6480000)
  from space 1536K, 98% used [0x00000000d6500000,0x00000000d6679570,0x00000000d6680000)
  to   space 3072K, 0% used [0x00000000d6780000,0x00000000d6780000,0x00000000d6a80000)
 ParOldGen       total 68608K, used 53945K [0x0000000080000000, 0x0000000084300000, 0x00000000d5580000)
  object space 68608K, 78% used [0x0000000080000000,0x00000000834ae460,0x0000000084300000)
 Metaspace       used 58818K, committed 60224K, reserved 1114112K
  class space    used 6616K, committed 7232K, reserved 1048576K
}
Event: 16.003 GC heap after
{Heap after GC invocations=38 (full 2):
 PSYoungGen      total 17920K, used 2455K [0x00000000d5580000, 0x00000000d6a00000, 0x0000000100000000)
  eden space 15360K, 0% used [0x00000000d5580000,0x00000000d5580000,0x00000000d6480000)
  from space 2560K, 95% used [0x00000000d6780000,0x00000000d69e5e18,0x00000000d6a00000)
  to   space 2560K, 0% used [0x00000000d6500000,0x00000000d6500000,0x00000000d6780000)
 ParOldGen       total 68608K, used 55388K [0x0000000080000000, 0x0000000084300000, 0x00000000d5580000)
  object space 68608K, 80% used [0x0000000080000000,0x00000000836173f8,0x0000000084300000)
 Metaspace       used 58818K, committed 60224K, reserved 1114112K
  class space    used 6616K, committed 7232K, reserved 1048576K
}
Event: 16.382 GC heap before
{Heap before GC invocations=39 (full 2):
 PSYoungGen      total 17920K, used 13826K [0x00000000d5580000, 0x00000000d6a00000, 0x0000000100000000)
  eden space 15360K, 74% used [0x00000000d5580000,0x00000000d609aac0,0x00000000d6480000)
  from space 2560K, 95% used [0x00000000d6780000,0x00000000d69e5e18,0x00000000d6a00000)
  to   space 2560K, 0% used [0x00000000d6500000,0x00000000d6500000,0x00000000d6780000)
 ParOldGen       total 68608K, used 55388K [0x0000000080000000, 0x0000000084300000, 0x00000000d5580000)
  object space 68608K, 80% used [0x0000000080000000,0x00000000836173f8,0x0000000084300000)
 Metaspace       used 59381K, committed 60736K, reserved 1114112K
  class space    used 6666K, committed 7296K, reserved 1048576K
}
Event: 16.388 GC heap after
{Heap after GC invocations=39 (full 2):
 PSYoungGen      total 17408K, used 1668K [0x00000000d5580000, 0x00000000d6880000, 0x0000000100000000)
  eden space 15360K, 0% used [0x00000000d5580000,0x00000000d5580000,0x00000000d6480000)
  from space 2048K, 81% used [0x00000000d6500000,0x00000000d66a1368,0x00000000d6700000)
  to   space 1536K, 0% used [0x00000000d6700000,0x00000000d6700000,0x00000000d6880000)
 ParOldGen       total 68608K, used 57642K [0x0000000080000000, 0x0000000084300000, 0x00000000d5580000)
  object space 68608K, 84% used [0x0000000080000000,0x000000008384a990,0x0000000084300000)
 Metaspace       used 59381K, committed 60736K, reserved 1114112K
  class space    used 6666K, committed 7296K, reserved 1048576K
}
Event: 16.388 GC heap before
{Heap before GC invocations=40 (full 3):
 PSYoungGen      total 17408K, used 1668K [0x00000000d5580000, 0x00000000d6880000, 0x0000000100000000)
  eden space 15360K, 0% used [0x00000000d5580000,0x00000000d5580000,0x00000000d6480000)
  from space 2048K, 81% used [0x00000000d6500000,0x00000000d66a1368,0x00000000d6700000)
  to   space 1536K, 0% used [0x00000000d6700000,0x00000000d6700000,0x00000000d6880000)
 ParOldGen       total 68608K, used 57642K [0x0000000080000000, 0x0000000084300000, 0x00000000d5580000)
  object space 68608K, 84% used [0x0000000080000000,0x000000008384a990,0x0000000084300000)
 Metaspace       used 59381K, committed 60736K, reserved 1114112K
  class space    used 6666K, committed 7296K, reserved 1048576K
}
Event: 16.556 GC heap after
{Heap after GC invocations=40 (full 3):
 PSYoungGen      total 17408K, used 0K [0x00000000d5580000, 0x00000000d6880000, 0x0000000100000000)
  eden space 15360K, 0% used [0x00000000d5580000,0x00000000d5580000,0x00000000d6480000)
  from space 2048K, 0% used [0x00000000d6500000,0x00000000d6500000,0x00000000d6700000)
  to   space 1536K, 0% used [0x00000000d6700000,0x00000000d6700000,0x00000000d6880000)
 ParOldGen       total 68608K, used 52102K [0x0000000080000000, 0x0000000084300000, 0x00000000d5580000)
  object space 68608K, 75% used [0x0000000080000000,0x00000000832e1af0,0x0000000084300000)
 Metaspace       used 59381K, committed 60736K, reserved 1114112K
  class space    used 6666K, committed 7296K, reserved 1048576K
}

Dll operation events (11 events):
Event: 0.009 Loaded shared library c:\Users\Kadjo\.vscode\extensions\redhat.java-1.55.0-win32-x64\jre\21.0.11-win32-x86_64\bin\java.dll
Event: 0.075 Loaded shared library c:\Users\Kadjo\.vscode\extensions\redhat.java-1.55.0-win32-x64\jre\21.0.11-win32-x86_64\bin\zip.dll
Event: 0.102 Loaded shared library C:\Users\Kadjo\.vscode\extensions\redhat.java-1.55.0-win32-x64\jre\21.0.11-win32-x86_64\bin\instrument.dll
Event: 0.122 Loaded shared library C:\Users\Kadjo\.vscode\extensions\redhat.java-1.55.0-win32-x64\jre\21.0.11-win32-x86_64\bin\net.dll
Event: 0.125 Loaded shared library C:\Users\Kadjo\.vscode\extensions\redhat.java-1.55.0-win32-x64\jre\21.0.11-win32-x86_64\bin\nio.dll
Event: 0.128 Loaded shared library C:\Users\Kadjo\.vscode\extensions\redhat.java-1.55.0-win32-x64\jre\21.0.11-win32-x86_64\bin\zip.dll
Event: 0.152 Loaded shared library C:\Users\Kadjo\.vscode\extensions\redhat.java-1.55.0-win32-x64\jre\21.0.11-win32-x86_64\bin\jimage.dll
Event: 0.282 Loaded shared library c:\Users\Kadjo\.vscode\extensions\redhat.java-1.55.0-win32-x64\jre\21.0.11-win32-x86_64\bin\verify.dll
Event: 1.555 Loaded shared library C:\Users\Kadjo\AppData\Roaming\Code\User\globalStorage\redhat.java\1.55.0\config_win\org.eclipse.equinox.launcher\org.eclipse.equinox.launcher.win32.win32.x86_64_1.3.100.v20260613-0559\eclipse_11924.dll
Event: 5.233 Loaded shared library C:\Users\Kadjo\AppData\Local\Temp\jna-72253299\jna5106610598940334706.dll
Event: 14.287 Loaded shared library C:\Users\Kadjo\.gradle\native\1def1411415f61bf3af743bc5b6707747c0891f09f0c88961ee8f79bc544acac\windows-amd64\native-platform.dll

Deoptimization events (20 events):
Event: 16.672 Thread 0x00000149ff535b80 DEOPT PACKING pc=0x00000149ee14556e sp=0x00000040f69fefc0
Event: 16.672 Thread 0x00000149ff535b80 DEOPT UNPACKING pc=0x00000149f47178e2 sp=0x00000040f69fe520 mode 0
Event: 16.691 Thread 0x00000149cad7f990 Uncommon trap: trap_request=0xffffffc6 fr.pc=0x00000149f50bfbb8 relative=0x00000000000007f8
Event: 16.691 Thread 0x00000149cad7f990 Uncommon trap: reason=bimorphic_or_optimized_type_check action=maybe_recompile pc=0x00000149f50bfbb8 method=lombok.eclipse.EclipseNode.traverse(Llombok/eclipse/EclipseASTVisitor;)V @ 512 c2
Event: 16.691 Thread 0x00000149cad7f990 DEOPT PACKING pc=0x00000149f50bfbb8 sp=0x00000040f8ffe600
Event: 16.691 Thread 0x00000149cad7f990 DEOPT UNPACKING pc=0x00000149f4716da2 sp=0x00000040f8ffe590 mode 2
Event: 16.691 Thread 0x00000149cad7f990 Uncommon trap: trap_request=0xffffffc6 fr.pc=0x00000149f50bfd04 relative=0x0000000000000944
Event: 16.691 Thread 0x00000149cad7f990 Uncommon trap: reason=bimorphic_or_optimized_type_check action=maybe_recompile pc=0x00000149f50bfd04 method=lombok.eclipse.EclipseNode.traverse(Llombok/eclipse/EclipseASTVisitor;)V @ 591 c2
Event: 16.691 Thread 0x00000149cad7f990 DEOPT PACKING pc=0x00000149f50bfd04 sp=0x00000040f8ffe570
Event: 16.691 Thread 0x00000149cad7f990 DEOPT UNPACKING pc=0x00000149f4716da2 sp=0x00000040f8ffe4f8 mode 2
Event: 16.691 Thread 0x00000149cad7f990 Uncommon trap: trap_request=0xffffffc6 fr.pc=0x00000149f50bfd04 relative=0x0000000000000944
Event: 16.691 Thread 0x00000149cad7f990 Uncommon trap: reason=bimorphic_or_optimized_type_check action=maybe_recompile pc=0x00000149f50bfd04 method=lombok.eclipse.EclipseNode.traverse(Llombok/eclipse/EclipseASTVisitor;)V @ 591 c2
Event: 16.691 Thread 0x00000149cad7f990 DEOPT PACKING pc=0x00000149f50bfd04 sp=0x00000040f8ffe3b0
Event: 16.691 Thread 0x00000149cad7f990 DEOPT UNPACKING pc=0x00000149f4716da2 sp=0x00000040f8ffe338 mode 2
Event: 16.691 Thread 0x00000149cad7f990 Uncommon trap: trap_request=0xffffffc6 fr.pc=0x00000149f50bfd04 relative=0x0000000000000944
Event: 16.691 Thread 0x00000149cad7f990 Uncommon trap: reason=bimorphic_or_optimized_type_check action=maybe_recompile pc=0x00000149f50bfd04 method=lombok.eclipse.EclipseNode.traverse(Llombok/eclipse/EclipseASTVisitor;)V @ 591 c2
Event: 16.691 Thread 0x00000149cad7f990 DEOPT PACKING pc=0x00000149f50bfd04 sp=0x00000040f8ffe3b0
Event: 16.691 Thread 0x00000149cad7f990 DEOPT UNPACKING pc=0x00000149f4716da2 sp=0x00000040f8ffe338 mode 2
Event: 17.856 Thread 0x00000149ff533420 DEOPT PACKING pc=0x00000149ed5775d9 sp=0x00000040f62fd7b0
Event: 17.856 Thread 0x00000149ff533420 DEOPT UNPACKING pc=0x00000149f47178e2 sp=0x00000040f62fcc38 mode 0

Classes loaded (20 events):
Event: 14.824 Loading class java/util/stream/ReduceOps$4ReducingSink
Event: 14.824 Loading class java/util/stream/ReduceOps$4ReducingSink done
Event: 14.833 Loading class java/nio/file/Files$2
Event: 14.833 Loading class java/nio/file/Files$2 done
Event: 15.339 Loading class java/util/regex/Pattern$Pos
Event: 15.340 Loading class java/util/regex/Pattern$Pos done
Event: 15.425 Loading class java/util/Hashtable$ValueCollection
Event: 15.425 Loading class java/util/Hashtable$ValueCollection done
Event: 15.532 Loading class java/util/concurrent/CompletableFuture$AltResult
Event: 15.532 Loading class java/util/concurrent/CompletableFuture$AltResult done
Event: 15.533 Loading class java/util/concurrent/CompletableFuture$Completion
Event: 15.533 Loading class java/util/concurrent/CompletableFuture$AsynchronousCompletionTask
Event: 15.533 Loading class java/util/concurrent/CompletableFuture$AsynchronousCompletionTask done
Event: 15.533 Loading class java/util/concurrent/CompletableFuture$Completion done
Event: 15.557 Loading class jdk/internal/math/FormattedFPDecimal
Event: 15.557 Loading class jdk/internal/math/FormattedFPDecimal done
Event: 16.279 Loading class java/util/concurrent/ConcurrentHashMap$KeySpliterator
Event: 16.280 Loading class java/util/concurrent/ConcurrentHashMap$KeySpliterator done
Event: 16.303 Loading class sun/nio/ch/ChannelOutputStream
Event: 16.303 Loading class sun/nio/ch/ChannelOutputStream done

Classes unloaded (16 events):
Event: 6.263 Thread 0x00000149fca00a30 Unloading class 0x00000149851aac00 'java/lang/invoke/LambdaForm$MH+0x00000149851aac00'
Event: 6.263 Thread 0x00000149fca00a30 Unloading class 0x00000149851aa800 'java/lang/invoke/LambdaForm$MH+0x00000149851aa800'
Event: 6.263 Thread 0x00000149fca00a30 Unloading class 0x00000149851aa400 'java/lang/invoke/LambdaForm$MH+0x00000149851aa400'
Event: 6.263 Thread 0x00000149fca00a30 Unloading class 0x00000149851aa000 'java/lang/invoke/LambdaForm$MH+0x00000149851aa000'
Event: 6.263 Thread 0x00000149fca00a30 Unloading class 0x00000149851a9c00 'java/lang/invoke/LambdaForm$BMH+0x00000149851a9c00'
Event: 6.263 Thread 0x00000149fca00a30 Unloading class 0x00000149851a9800 'java/lang/invoke/LambdaForm$DMH+0x00000149851a9800'
Event: 6.263 Thread 0x00000149fca00a30 Unloading class 0x00000149851a8400 'java/lang/invoke/LambdaForm$DMH+0x00000149851a8400'
Event: 8.995 Thread 0x00000149fca00a30 Unloading class 0x0000014985321400 'java/lang/invoke/LambdaForm$MH+0x0000014985321400'
Event: 8.995 Thread 0x00000149fca00a30 Unloading class 0x0000014985320000 'java/lang/invoke/LambdaForm$MH+0x0000014985320000'
Event: 8.995 Thread 0x00000149fca00a30 Unloading class 0x000001498531f400 'java/lang/invoke/LambdaForm$MH+0x000001498531f400'
Event: 8.995 Thread 0x00000149fca00a30 Unloading class 0x000001498531b400 'java/lang/invoke/LambdaForm$MH+0x000001498531b400'
Event: 8.995 Thread 0x00000149fca00a30 Unloading class 0x000001498531a800 'java/lang/invoke/LambdaForm$MH+0x000001498531a800'
Event: 8.995 Thread 0x00000149fca00a30 Unloading class 0x000001498531a000 'java/lang/invoke/LambdaForm$MH+0x000001498531a000'
Event: 8.995 Thread 0x00000149fca00a30 Unloading class 0x0000014985319800 'java/lang/invoke/LambdaForm$MH+0x0000014985319800'
Event: 8.995 Thread 0x00000149fca00a30 Unloading class 0x0000014985319400 'java/lang/invoke/LambdaForm$MH+0x0000014985319400'
Event: 8.995 Thread 0x00000149fca00a30 Unloading class 0x0000014985318c00 'java/lang/invoke/LambdaForm$DMH+0x0000014985318c00'

Classes redefined (0 events):
No events

Internal exceptions (20 events):
Event: 17.864 Thread 0x00000149cad7f990 Implicit null exception at 0x00000149ee1d5e1b to 0x00000149ee1d63d5
Event: 17.864 Thread 0x00000149cad7f990 Exception <a 'java/lang/NullPointerException'{0x00000000d620a6e8}> (0x00000000d620a6e8) 
thrown [s\src\hotspot\share\runtime\sharedRuntime.cpp, line 625]
Event: 17.864 Thread 0x00000149cad7f990 Implicit null exception at 0x00000149ee1d5e1b to 0x00000149ee1d63d5
Event: 17.864 Thread 0x00000149cad7f990 Exception <a 'java/lang/NullPointerException'{0x00000000d620ace8}> (0x00000000d620ace8) 
thrown [s\src\hotspot\share\runtime\sharedRuntime.cpp, line 625]
Event: 17.864 Thread 0x00000149cad7f990 Implicit null exception at 0x00000149ee1d5e1b to 0x00000149ee1d63d5
Event: 17.864 Thread 0x00000149cad7f990 Exception <a 'java/lang/NullPointerException'{0x00000000d620b4b8}> (0x00000000d620b4b8) 
thrown [s\src\hotspot\share\runtime\sharedRuntime.cpp, line 625]
Event: 17.864 Thread 0x00000149cad7f990 Implicit null exception at 0x00000149ee1d5e1b to 0x00000149ee1d63d5
Event: 17.864 Thread 0x00000149cad7f990 Exception <a 'java/lang/NullPointerException'{0x00000000d620beb0}> (0x00000000d620beb0) 
thrown [s\src\hotspot\share\runtime\sharedRuntime.cpp, line 625]
Event: 17.865 Thread 0x00000149cad7f990 Implicit null exception at 0x00000149ee1d5e1b to 0x00000149ee1d63d5
Event: 17.865 Thread 0x00000149cad7f990 Exception <a 'java/lang/NullPointerException'{0x00000000d620cb68}> (0x00000000d620cb68) 
thrown [s\src\hotspot\share\runtime\sharedRuntime.cpp, line 625]
Event: 17.865 Thread 0x00000149cad7f990 Implicit null exception at 0x00000149ee1d5e1b to 0x00000149ee1d63d5
Event: 17.865 Thread 0x00000149cad7f990 Exception <a 'java/lang/NullPointerException'{0x00000000d620d208}> (0x00000000d620d208) 
thrown [s\src\hotspot\share\runtime\sharedRuntime.cpp, line 625]
Event: 17.865 Thread 0x00000149cad7f990 Implicit null exception at 0x00000149ee1d5e1b to 0x00000149ee1d63d5
Event: 17.865 Thread 0x00000149cad7f990 Exception <a 'java/lang/NullPointerException'{0x00000000d620d998}> (0x00000000d620d998) 
thrown [s\src\hotspot\share\runtime\sharedRuntime.cpp, line 625]
Event: 17.865 Thread 0x00000149cad7f990 Implicit null exception at 0x00000149ee1d5e1b to 0x00000149ee1d63d5
Event: 17.865 Thread 0x00000149cad7f990 Exception <a 'java/lang/NullPointerException'{0x00000000d620e7f0}> (0x00000000d620e7f0) 
thrown [s\src\hotspot\share\runtime\sharedRuntime.cpp, line 625]
Event: 17.865 Thread 0x00000149cad7f990 Implicit null exception at 0x00000149ee1d5e1b to 0x00000149ee1d63d5
Event: 17.865 Thread 0x00000149cad7f990 Exception <a 'java/lang/NullPointerException'{0x00000000d620f688}> (0x00000000d620f688) 
thrown [s\src\hotspot\share\runtime\sharedRuntime.cpp, line 625]
Event: 17.866 Thread 0x00000149cad7f990 Implicit null exception at 0x00000149ee1d5e1b to 0x00000149ee1d63d5
Event: 17.866 Thread 0x00000149cad7f990 Exception <a 'java/lang/NullPointerException'{0x00000000d6210668}> (0x00000000d6210668) 
thrown [s\src\hotspot\share\runtime\sharedRuntime.cpp, line 625]

ZGC Phase Switch (0 events):
No events

VM Operations (20 events):
Event: 15.288 Executing safepoint VM operation: ParallelGCFailedAllocation (Allocation Failure)
Event: 15.296 Executing safepoint VM operation: ParallelGCFailedAllocation (Allocation Failure) done
Event: 15.407 Executing safepoint VM operation: ICBufferFull
Event: 15.408 Executing safepoint VM operation: ICBufferFull done
Event: 15.469 Executing non-safepoint VM operation: HandshakeAllThreads (Deoptimize)
Event: 15.469 Executing non-safepoint VM operation: HandshakeAllThreads (Deoptimize) done
Event: 15.519 Executing safepoint VM operation: ParallelGCFailedAllocation (Allocation Failure)
Event: 15.525 Executing safepoint VM operation: ParallelGCFailedAllocation (Allocation Failure) done
Event: 15.752 Executing safepoint VM operation: ParallelGCFailedAllocation (Allocation Failure)
Event: 15.763 Executing safepoint VM operation: ParallelGCFailedAllocation (Allocation Failure) done
Event: 15.997 Executing safepoint VM operation: ParallelGCFailedAllocation (Allocation Failure)
Event: 16.003 Executing safepoint VM operation: ParallelGCFailedAllocation (Allocation Failure) done
Event: 16.345 Executing safepoint VM operation: ICBufferFull
Event: 16.359 Executing safepoint VM operation: ICBufferFull done
Event: 16.382 Executing safepoint VM operation: CollectForMetadataAllocation (Metadata GC Threshold)
Event: 16.556 Executing safepoint VM operation: CollectForMetadataAllocation (Metadata GC Threshold) done
Event: 16.802 Executing non-safepoint VM operation: HandshakeAllThreads (Deoptimize)
Event: 16.802 Executing non-safepoint VM operation: HandshakeAllThreads (Deoptimize) done
Event: 17.809 Executing safepoint VM operation: Cleanup
Event: 17.849 Executing safepoint VM operation: Cleanup done

Memory protections (0 events):
No events

Nmethod flushes (20 events):
Event: 16.448 Thread 0x00000149fca00a30 flushing  nmethod 0x00000149ed9cad10
Event: 16.448 Thread 0x00000149fca00a30 flushing  nmethod 0x00000149ed9cbd10
Event: 16.448 Thread 0x00000149fca00a30 flushing osr nmethod 0x00000149eda53a10
Event: 16.448 Thread 0x00000149fca00a30 flushing  nmethod 0x00000149eda60590
Event: 16.448 Thread 0x00000149fca00a30 flushing  nmethod 0x00000149eda74890
Event: 16.448 Thread 0x00000149fca00a30 flushing  nmethod 0x00000149eda74c10
Event: 16.448 Thread 0x00000149fca00a30 flushing  nmethod 0x00000149eda76210
Event: 16.448 Thread 0x00000149fca00a30 flushing  nmethod 0x00000149eda76d90
Event: 16.448 Thread 0x00000149fca00a30 flushing  nmethod 0x00000149eda8d210
Event: 16.448 Thread 0x00000149fca00a30 flushing  nmethod 0x00000149edaa3c10
Event: 16.448 Thread 0x00000149fca00a30 flushing  nmethod 0x00000149edad3110
Event: 16.448 Thread 0x00000149fca00a30 flushing  nmethod 0x00000149edad4090
Event: 16.448 Thread 0x00000149fca00a30 flushing  nmethod 0x00000149edad4690
Event: 16.448 Thread 0x00000149fca00a30 flushing  nmethod 0x00000149edad8810
Event: 16.448 Thread 0x00000149fca00a30 flushing  nmethod 0x00000149edadae90
Event: 16.448 Thread 0x00000149fca00a30 flushing  nmethod 0x00000149edae7910
Event: 16.448 Thread 0x00000149fca00a30 flushing  nmethod 0x00000149edaec590
Event: 16.448 Thread 0x00000149fca00a30 flushing  nmethod 0x00000149edb0f990
Event: 16.448 Thread 0x00000149fca00a30 flushing  nmethod 0x00000149edb13390
Event: 16.448 Thread 0x00000149fca00a30 flushing  nmethod 0x00000149edb46310

Events (20 events):
Event: 12.281 Thread 0x00000149ff9410c0 Thread added: 0x00000149ff941750
Event: 12.282 Thread 0x00000149ff941750 Thread added: 0x00000149cad7be80
Event: 12.283 Thread 0x00000149ff940a30 Thread added: 0x00000149cad79db0
Event: 12.284 Thread 0x00000149ff9410c0 Thread added: 0x00000149cad7c510
Event: 12.284 Thread 0x00000149ff93fd10 Thread added: 0x00000149cad7a440
Event: 12.625 Thread 0x00000149ff533420 Thread added: 0x00000149cad79720
Event: 12.625 Thread 0x00000149ff533420 Thread added: 0x00000149cad7b160
Event: 12.625 Thread 0x00000149ff533420 Thread added: 0x00000149cad7b7f0
Event: 12.625 Thread 0x00000149ff533420 Thread added: 0x00000149cad7d8c0
Event: 12.625 Thread 0x00000149ff533420 Thread added: 0x00000149cad7e5e0
Event: 12.625 Thread 0x00000149ff533420 Thread added: 0x00000149cad7df50
Event: 13.907 Thread 0x00000149ff93eff0 Thread added: 0x00000149cad7ec70
Event: 14.793 Thread 0x00000149ff535b80 Thread added: 0x00000149cad7f300
Event: 15.224 Thread 0x00000149ff533420 Thread added: 0x00000149cad7f990
Event: 16.288 Thread 0x00000149ff533420 Thread added: 0x00000149cad7d230
Event: 16.325 Thread 0x00000149ff533420 Thread added: 0x00000149cad80d40
Event: 16.343 Thread 0x00000149ff533420 Thread added: 0x00000149cac9c7a0
Event: 16.649 Thread 0x00000149ff533420 Thread added: 0x00000149cac9ba80
Event: 16.668 Thread 0x00000149ff533420 Thread added: 0x00000149cac9ce30
Event: 16.697 Thread 0x00000149ff533420 Thread added: 0x00000149cac9b3f0


Dynamic libraries:
0x00007ff6bc500000 - 0x00007ff6bc50e000 	c:\Users\Kadjo\.vscode\extensions\redhat.java-1.55.0-win32-x64\jre\21.0.11-win32-x86_64\bin\java.exe
0x00007ffea3fe0000 - 0x00007ffea4246000 	C:\WINDOWS\SYSTEM32\ntdll.dll
0x00007ffea2ad0000 - 0x00007ffea2b99000 	C:\WINDOWS\System32\KERNEL32.DLL
0x00007ffea1620000 - 0x00007ffea1a1a000 	C:\WINDOWS\System32\KERNELBASE.dll
0x00007ffea1a20000 - 0x00007ffea1b6c000 	C:\WINDOWS\System32\ucrtbase.dll
0x00007ffe033e0000 - 0x00007ffe033f8000 	c:\Users\Kadjo\.vscode\extensions\redhat.java-1.55.0-win32-x64\jre\21.0.11-win32-x86_64\bin\jli.dll
0x00007ffe059e0000 - 0x00007ffe059fe000 	c:\Users\Kadjo\.vscode\extensions\redhat.java-1.55.0-win32-x64\jre\21.0.11-win32-x86_64\bin\VCRUNTIME140.dll
0x00007ffea2790000 - 0x00007ffea2957000 	C:\WINDOWS\System32\USER32.dll
0x00007ffea15f0000 - 0x00007ffea1617000 	C:\WINDOWS\System32\win32u.dll
0x00007ffea3140000 - 0x00007ffea316b000 	C:\WINDOWS\System32\GDI32.dll
0x00007ffea1c20000 - 0x00007ffea1d4b000 	C:\WINDOWS\System32\gdi32full.dll
0x00007ffe7b900000 - 0x00007ffe7bb92000 	C:\WINDOWS\WinSxS\amd64_microsoft.windows.common-controls_6595b64144ccf1df_6.0.26100.8521_none_3e08b75ce33403b3\COMCTL32.dll
0x00007ffea13f0000 - 0x00007ffea1493000 	C:\WINDOWS\System32\msvcp_win.dll
0x00007ffea1f00000 - 0x00007ffea1fa9000 	C:\WINDOWS\System32\msvcrt.dll
0x00007ffea3600000 - 0x00007ffea3632000 	C:\WINDOWS\System32\IMM32.DLL
0x00007ffe847a0000 - 0x00007ffe847ac000 	c:\Users\Kadjo\.vscode\extensions\redhat.java-1.55.0-win32-x64\jre\21.0.11-win32-x86_64\bin\vcruntime140_1.dll
0x00007ffdf6cd0000 - 0x00007ffdf6d5d000 	c:\Users\Kadjo\.vscode\extensions\redhat.java-1.55.0-win32-x64\jre\21.0.11-win32-x86_64\bin\msvcp140.dll
0x00007ffdab740000 - 0x00007ffdac4e2000 	c:\Users\Kadjo\.vscode\extensions\redhat.java-1.55.0-win32-x64\jre\21.0.11-win32-x86_64\bin\server\jvm.dll
0x00007ffea2f30000 - 0x00007ffea2fe6000 	C:\WINDOWS\System32\ADVAPI32.dll
0x00007ffea1e50000 - 0x00007ffea1efa000 	C:\WINDOWS\System32\sechost.dll
0x00007ffea29b0000 - 0x00007ffea2ac8000 	C:\WINDOWS\System32\RPCRT4.dll
0x00007ffea2ba0000 - 0x00007ffea2c20000 	C:\WINDOWS\System32\WS2_32.dll
0x00007ffe954f0000 - 0x00007ffe95526000 	C:\WINDOWS\SYSTEM32\WINMM.dll
0x00007ffe8de90000 - 0x00007ffe8de9b000 	C:\WINDOWS\SYSTEM32\VERSION.dll
0x00007ffea10d0000 - 0x00007ffea112e000 	C:\WINDOWS\SYSTEM32\POWRPROF.dll
0x00007ffea10b0000 - 0x00007ffea10c4000 	C:\WINDOWS\SYSTEM32\UMPDC.dll
0x00007ffea0000000 - 0x00007ffea001b000 	C:\WINDOWS\SYSTEM32\kernel.appcore.dll
0x00007ffe7cf10000 - 0x00007ffe7cf1a000 	c:\Users\Kadjo\.vscode\extensions\redhat.java-1.55.0-win32-x64\jre\21.0.11-win32-x86_64\bin\jimage.dll
0x00007ffe9e920000 - 0x00007ffe9eb62000 	C:\WINDOWS\SYSTEM32\DBGHELP.DLL
0x00007ffea23a0000 - 0x00007ffea2723000 	C:\WINDOWS\System32\combase.dll
0x00007ffea2e50000 - 0x00007ffea2f29000 	C:\WINDOWS\System32\OLEAUT32.dll
0x00007ffe7c1d0000 - 0x00007ffe7c20b000 	C:\WINDOWS\SYSTEM32\dbgcore.DLL
0x00007ffea1b70000 - 0x00007ffea1c18000 	C:\WINDOWS\System32\bcryptPrimitives.dll
0x00007ffe8ac70000 - 0x00007ffe8ac7f000 	c:\Users\Kadjo\.vscode\extensions\redhat.java-1.55.0-win32-x64\jre\21.0.11-win32-x86_64\bin\instrument.dll
0x00007ffe03370000 - 0x00007ffe03390000 	c:\Users\Kadjo\.vscode\extensions\redhat.java-1.55.0-win32-x64\jre\21.0.11-win32-x86_64\bin\java.dll
0x00007ffea36c0000 - 0x00007ffea3e44000 	C:\WINDOWS\System32\SHELL32.dll
0x00007ffe9ee20000 - 0x00007ffe9f6a0000 	C:\WINDOWS\SYSTEM32\windows.storage.dll
0x00007ffea2ff0000 - 0x00007ffea30e6000 	C:\WINDOWS\System32\SHCORE.dll
0x00007ffea21d0000 - 0x00007ffea2237000 	C:\WINDOWS\System32\shlwapi.dll
0x00007ffea1190000 - 0x00007ffea11b9000 	C:\WINDOWS\SYSTEM32\profapi.dll
0x00007ffe01af0000 - 0x00007ffe01b08000 	c:\Users\Kadjo\.vscode\extensions\redhat.java-1.55.0-win32-x64\jre\21.0.11-win32-x86_64\bin\zip.dll
0x00007ffe796a0000 - 0x00007ffe796b0000 	C:\Users\Kadjo\.vscode\extensions\redhat.java-1.55.0-win32-x64\jre\21.0.11-win32-x86_64\bin\net.dll
0x00007ffe98f60000 - 0x00007ffe99089000 	C:\WINDOWS\SYSTEM32\WINHTTP.dll
0x00007ffea0570000 - 0x00007ffea05dc000 	C:\WINDOWS\system32\mswsock.dll
0x00007ffe01a90000 - 0x00007ffe01aa6000 	C:\Users\Kadjo\.vscode\extensions\redhat.java-1.55.0-win32-x64\jre\21.0.11-win32-x86_64\bin\nio.dll
0x00007ffe78b10000 - 0x00007ffe78b20000 	c:\Users\Kadjo\.vscode\extensions\redhat.java-1.55.0-win32-x64\jre\21.0.11-win32-x86_64\bin\verify.dll
0x00007ffe79bb0000 - 0x00007ffe79bf5000 	C:\Users\Kadjo\AppData\Roaming\Code\User\globalStorage\redhat.java\1.55.0\config_win\org.eclipse.equinox.launcher\org.eclipse.equinox.launcher.win32.win32.x86_64_1.3.100.v20260613-0559\eclipse_11924.dll
0x00007ffea1fb0000 - 0x00007ffea2148000 	C:\WINDOWS\System32\ole32.dll
0x00007ffea0850000 - 0x00007ffea086b000 	C:\WINDOWS\SYSTEM32\CRYPTSP.dll
0x00007ffe9ff60000 - 0x00007ffe9ff99000 	C:\WINDOWS\system32\rsaenh.dll
0x00007ffea0620000 - 0x00007ffea0653000 	C:\WINDOWS\SYSTEM32\USERENV.dll
0x00007ffea1160000 - 0x00007ffea118a000 	C:\WINDOWS\SYSTEM32\bcrypt.dll
0x00007ffea0870000 - 0x00007ffea087c000 	C:\WINDOWS\SYSTEM32\CRYPTBASE.dll
0x00007ffe9faa0000 - 0x00007ffe9fad3000 	C:\WINDOWS\SYSTEM32\IPHLPAPI.DLL
0x00007ffea30f0000 - 0x00007ffea30fa000 	C:\WINDOWS\System32\NSI.dll
0x00007ffe462e0000 - 0x00007ffe46329000 	C:\Users\Kadjo\AppData\Local\Temp\jna-72253299\jna5106610598940334706.dll
0x00007ffea3100000 - 0x00007ffea3108000 	C:\WINDOWS\System32\PSAPI.DLL
0x00007ffe990d0000 - 0x00007ffe990ed000 	C:\WINDOWS\SYSTEM32\dhcpcsvc6.DLL
0x00007ffe990a0000 - 0x00007ffe990c5000 	C:\WINDOWS\SYSTEM32\dhcpcsvc.DLL
0x00007ffe00610000 - 0x00007ffe00637000 	C:\Users\Kadjo\.gradle\native\1def1411415f61bf3af743bc5b6707747c0891f09f0c88961ee8f79bc544acac\windows-amd64\native-platform.dll

JVMTI agents:
c:\Users\Kadjo\.vscode\extensions\redhat.java-1.55.0-win32-x64\lombok\lombok-1.18.39-4050.jar path:c:\Users\Kadjo\.vscode\extensions\redhat.java-1.55.0-win32-x64\jre\21.0.11-win32-x86_64\bin\instrument.dll, loaded, initialized, instrumentlib options:none

dbghelp: loaded successfully - version: 4.0.5 - missing functions: none
symbol engine: initialized successfully - sym options: 0x614 - pdb path: .;c:\Users\Kadjo\.vscode\extensions\redhat.java-1.55.0-win32-x64\jre\21.0.11-win32-x86_64\bin;C:\WINDOWS\SYSTEM32;C:\WINDOWS\WinSxS\amd64_microsoft.windows.common-controls_6595b64144ccf1df_6.0.26100.8521_none_3e08b75ce33403b3;c:\Users\Kadjo\.vscode\extensions\redhat.java-1.55.0-win32-x64\jre\21.0.11-win32-x86_64\bin\server;C:\Users\Kadjo\AppData\Roaming\Code\User\globalStorage\redhat.java\1.55.0\config_win\org.eclipse.equinox.launcher\org.eclipse.equinox.launcher.win32.win32.x86_64_1.3.100.v20260613-0559;C:\Users\Kadjo\AppData\Local\Temp\jna-72253299;C:\Users\Kadjo\.gradle\native\1def1411415f61bf3af743bc5b6707747c0891f09f0c88961ee8f79bc544acac\windows-amd64

VM Arguments:
jvm_args: --add-modules=ALL-SYSTEM --add-opens=java.base/java.util=ALL-UNNAMED --add-opens=java.base/java.lang=ALL-UNNAMED --add-opens=java.base/sun.nio.fs=ALL-UNNAMED -Declipse.application=org.eclipse.jdt.ls.core.id1 -Dosgi.bundles.defaultStartLevel=4 -Declipse.product=org.eclipse.jdt.ls.core.product -Djava.import.generatesMetadataFilesAtProjectRoot=false -DDetectVMInstallationsJob.disabled=true -Dfile.encoding=utf8 -XX:+UseParallelGC -XX:GCTimeRatio=4 -XX:AdaptiveSizePolicyWeight=90 -Dsun.zip.disableMemoryMapping=true -Xmx2G -Xms100m -Xlog:disable -javaagent:c:\Users\Kadjo\.vscode\extensions\redhat.java-1.55.0-win32-x64\lombok\lombok-1.18.39-4050.jar -XX:+HeapDumpOnOutOfMemoryError -XX:HeapDumpPath=c:\Users\Kadjo\AppData\Roaming\Code\User\workspaceStorage\6b8ec2b7aee18834d27a0683ca39a516\redhat.java -Daether.dependencyCollector.impl=bf 
java_command: c:\Users\Kadjo\.vscode\extensions\redhat.java-1.55.0-win32-x64\server\plugins\org.eclipse.equinox.launcher_1.7.200.v20260619-2039.jar -configuration c:\Users\Kadjo\AppData\Roaming\Code\User\globalStorage\redhat.java\1.55.0\config_win -data c:\Users\Kadjo\AppData\Roaming\Code\User\workspaceStorage\6b8ec2b7aee18834d27a0683ca39a516\redhat.java\jdt_ws --pipe=\\.\pipe\lsp-ed5f2b46729b7f07cdca17f1f9605ec4-sock
java_class_path (initial): c:\Users\Kadjo\.vscode\extensions\redhat.java-1.55.0-win32-x64\server\plugins\org.eclipse.equinox.launcher_1.7.200.v20260619-2039.jar
Launcher Type: SUN_STANDARD

[Global flags]
    uintx AdaptiveSizePolicyWeight                 = 90                                        {product} {command line}
     intx CICompilerCount                          = 4                                         {product} {ergonomic}
    uintx GCTimeRatio                              = 4                                         {product} {command line}
     bool HeapDumpOnOutOfMemoryError               = true                                   {manageable} {command line}
    ccstr HeapDumpPath                             = c:\Users\Kadjo\AppData\Roaming\Code\User\workspaceStorage\6b8ec2b7aee18834d27a0683ca39a516\redhat.java         {manageable} {command line}
   size_t InitialHeapSize                          = 104857600                                 {product} {command line}
   size_t MaxHeapSize                              = 2147483648                                {product} {command line}
   size_t MaxNewSize                               = 715653120                                 {product} {ergonomic}
   size_t MinHeapDeltaBytes                        = 524288                                    {product} {ergonomic}
   size_t MinHeapSize                              = 104857600                                 {product} {command line}
   size_t NewSize                                  = 34603008                                  {product} {ergonomic}
    uintx NonNMethodCodeHeapSize                   = 5839372                                {pd product} {ergonomic}
    uintx NonProfiledCodeHeapSize                  = 122909434                              {pd product} {ergonomic}
   size_t OldSize                                  = 70254592                                  {product} {ergonomic}
    uintx ProfiledCodeHeapSize                     = 122909434                              {pd product} {ergonomic}
    uintx ReservedCodeCacheSize                    = 251658240                              {pd product} {ergonomic}
     bool SegmentedCodeCache                       = true                                      {product} {ergonomic}
   size_t SoftMaxHeapSize                          = 2147483648                             {manageable} {ergonomic}
     bool UseCompressedOops                        = true                           {product lp64_product} {ergonomic}
     bool UseLargePagesIndividualAllocation        = false                                  {pd product} {ergonomic}
     bool UseParallelGC                            = true                                      {product} {command line}

Logging:
Log output configuration:
 #0: stdout all=off uptime,level,tags foldmultilines=false
 #1: stderr all=off uptime,level,tags foldmultilines=false

Release file:
JAVA_VERSION="21.0.11" 
MODULES="java.base java.compiler java.datatransfer java.xml java.prefs java.desktop java.instrument java.logging java.management java.security.sasl java.naming java.rmi java.management.rmi java.net.http java.scripting java.security.jgss java.transaction.xa java.sql java.sql.rowset java.xml.crypto java.se java.smartcardio jdk.accessibility jdk.internal.jvmstat jdk.attach jdk.charsets jdk.internal.opt jdk.zipfs jdk.compiler jdk.crypto.ec jdk.crypto.cryptoki jdk.crypto.mscapi jdk.dynalink jdk.internal.ed jdk.editpad jdk.hotspot.agent jdk.httpserver jdk.internal.le jdk.internal.vm.ci jdk.internal.vm.compiler jdk.internal.vm.compiler.management jdk.jartool jdk.javadoc jdk.jcmd jdk.management jdk.management.agent jdk.jconsole jdk.jdeps jdk.jdwp.agent jdk.jdi jdk.jfr jdk.jshell jdk.jsobject jdk.jstatd jdk.localedata jdk.management.jfr jdk.naming.dns jdk.naming.rmi jdk.net jdk.nio.mapmode jdk.random jdk.sctp jdk.security.auth jdk.security.jgss jdk.unsupported jdk.unsupported.desktop jdk.xml.dom" 

Environment Variables:
JAVA_HOME=C:\Program Files\Java\jdk1.8.0_231\bin
PATH=C:\Program Files\Common Files\Oracle\Java\javapath;C:\Program Files (x86)\VMware\VMware Workstation\bin\;C:\Program Files (x86)\Common Files\Oracle\Java\javapath;C:\WINDOWS\system32;C:\WINDOWS;C:\WINDOWS\System32\Wbem;C:\WINDOWS\System32\WindowsPowerShell\v1.0\;C:\WINDOWS\System32\OpenSSH\;C:\Program Files\Git\cmd;C:\glassfish4\bin;C:\Program Files\Java\jdk-17\bin;C:\Program Files\Java\jdk1.8.0_231\bin;C:\Program Files\Odoo 14.0.20230215\PostgreSQL\lib\plperl.dll;C:\Program Files\apache-tomcat-9.0.83\bin;C:\Program Files (x86)\Bitvise SSH Client;C:\Users\Kadjo\AppData\Local\Android\Sdk\platform-tools;C:\flutter\flutter_windows_3.29.2-stable\flutter\bin;C:\Program Files\Java\jdk-17\bin;C:\Program Files (x86)\nodejs;C:\Program Files\MySQL\MySQL Shell 8.0\bin\;C:\Users\Kadjo\AppData\Local\Microsoft\WindowsApps;C:\Program Files\JetBrains\IntelliJ IDEA Community Edition 2022.1.1\bin;;C:\Program Files\Heroku\bin;C:\Users\Kadjo\AppData\Local\GitHubDesktop\bin;C:\ProgramData\Kadjo\GitHubDesktop\bin;C:\MinGW\bin;C:\Program Files\JetBrains\PyCharm Community Edition 2022.3.2\bin;;C:\OpenSSL\bin;C:\Applications\Atlassian\atlassian-plugin-sdk-8.2.7\bin;C:\Users\Kadjo\AppData\Roaming\npm;C:\Users\Kadjo\AppData\Local\Programs\Microsoft VS Code\bin;C:\Program Files\Odoo 14.0.20230215\PostgreSQL\lib\plperl.dll;C:\Program Files\apache-tomcat-9.0.83\bin;C:\Program Files (x86)\node-v20.19.4-win-x64;
USERNAME=Kadjo
OS=Windows_NT
PROCESSOR_IDENTIFIER=Intel64 Family 6 Model 140 Stepping 2, GenuineIntel
TMP=C:\Users\Kadjo\AppData\Local\Temp
TEMP=C:\Users\Kadjo\AppData\Local\Temp




Periodic native trim disabled

---------------  S Y S T E M  ---------------

OS:
 Windows 11 , 64 bit Build 26100 (10.0.26100.8521)
OS uptime: 0 days 6:05 hours
Hyper-V role detected

CPU: total 8 (initial active 8) (4 cores per cpu, 2 threads per core) family 6 model 140 stepping 2 microcode 0x22, cx8, cmov, fxsr, ht, mmx, 3dnowpref, sse, sse2, sse3, ssse3, sse4.1, sse4.2, popcnt, lzcnt, tsc, tscinvbit, avx, avx2, aes, erms, clmul, bmi1, bmi2, adx, avx512f, avx512dq, avx512cd, avx512bw, avx512vl, sha, fma, vzeroupper, avx512_vpopcntdq, avx512_vpclmulqdq, avx512_vaes, avx512_vnni, clflush, clflushopt, clwb, avx512_vbmi2, avx512_vbmi, hv, rdtscp, rdpid, fsrm, gfni, avx512_bitalg, f16c, cet_ibt, cet_ss, avx512_ifma
Processor Information for the first 8 processors :
  Max Mhz: 2496, Current Mhz: 2496, Mhz Limit: 2496

Memory: 4k page, system-wide physical 20247M (3283M free)
TotalPageFile size 22295M (AvailPageFile size 5M)
current process WorkingSet (physical memory assigned to process): 304M, peak: 307M
current process commit charge ("private bytes"): 386M, peak: 388M

vm_info: OpenJDK 64-Bit Server VM (21.0.11+10-LTS) for windows-amd64 JRE (21.0.11+10-LTS), built on 2026-04-21T00:00:00Z by "admin" with MS VC++ 17.12 (VS2022)

END.
