#
# There is insufficient memory for the Java Runtime Environment to continue.
# Native memory allocation (malloc) failed to allocate 1425936 bytes. Error detail: Chunk::new
# Possible reasons:
#   The system is out of physical RAM or swap space
#   This process is running with CompressedOops enabled, and the Java Heap may be blocking the growth of the native heap
# Possible solutions:
#   Reduce memory load on the system
#   Increase physical memory or swap space
#   Check if swap backing store is full
#   Decrease Java heap size (-Xmx/-Xms)
#   Decrease number of Java threads
#   Decrease Java thread stack sizes (-Xss)
#   Set larger code cache with -XX:ReservedCodeCacheSize=
#   JVM is running with Unscaled Compressed Oops mode in which the Java heap is
#     placed in the first 4GB address space. The Java Heap base address is the
#     maximum limit for the native heap growth. Please use -XX:HeapBaseMinAddress
#     to set the Java Heap base and to place the Java Heap above 4GB virtual address.
# This output file may be truncated or incomplete.
#
#  Out of Memory Error (arena.cpp:168), pid=26352, tid=35516
#
# JRE version: OpenJDK Runtime Environment Temurin-21.0.11+10 (21.0.11+10) (build 21.0.11+10-LTS)
# Java VM: OpenJDK 64-Bit Server VM Temurin-21.0.11+10 (21.0.11+10-LTS, mixed mode, sharing, tiered, compressed oops, compressed class ptrs, parallel gc, windows-amd64)
# No core dump will be written. Minidumps are not enabled by default on client versions of Windows
#

---------------  S U M M A R Y ------------

Command Line: --add-modules=ALL-SYSTEM --add-opens=java.base/java.util=ALL-UNNAMED --add-opens=java.base/java.lang=ALL-UNNAMED --add-opens=java.base/sun.nio.fs=ALL-UNNAMED -Declipse.application=org.eclipse.jdt.ls.core.id1 -Dosgi.bundles.defaultStartLevel=4 -Declipse.product=org.eclipse.jdt.ls.core.product -Djava.import.generatesMetadataFilesAtProjectRoot=false -DDetectVMInstallationsJob.disabled=true -Dfile.encoding=utf8 -XX:+UseParallelGC -XX:GCTimeRatio=4 -XX:AdaptiveSizePolicyWeight=90 -Dsun.zip.disableMemoryMapping=true -Xmx2G -Xms100m -Xlog:disable -javaagent:c:\Users\Kadjo\.vscode\extensions\redhat.java-1.55.0-win32-x64\lombok\lombok-1.18.39-4050.jar -XX:+HeapDumpOnOutOfMemoryError -XX:HeapDumpPath=c:\Users\Kadjo\AppData\Roaming\Code\User\workspaceStorage\6b8ec2b7aee18834d27a0683ca39a516\redhat.java -Daether.dependencyCollector.impl=bf c:\Users\Kadjo\.vscode\extensions\redhat.java-1.55.0-win32-x64\server\plugins\org.eclipse.equinox.launcher_1.7.200.v20260619-2039.jar -configuration c:\Users\Kadjo\AppData\Roaming\Code\User\globalStorage\redhat.java\1.55.0\config_win -data c:\Users\Kadjo\AppData\Roaming\Code\User\workspaceStorage\6b8ec2b7aee18834d27a0683ca39a516\redhat.java\jdt_ws --pipe=\\.\pipe\lsp-0a6d1ae5f69eb2cb62c2c4d3f05be51e-sock

Host: 11th Gen Intel(R) Core(TM) i5-1155G7 @ 2.50GHz, 8 cores, 19G,  Windows 11 , 64 bit Build 26100 (10.0.26100.8521)
Time: Mon Jul  6 19:01:46 2026 W. Central Africa Standard Time elapsed time: 31.499116 seconds (0d 0h 0m 31s)

---------------  T H R E A D  ---------------

Current thread (0x000002846e4798d0):  JavaThread "C2 CompilerThread1" daemon [_thread_in_native, id=35516, stack(0x000000895e000000,0x000000895e100000) (1024K)]


Current CompileTask:
C2:31499 8720       4       java.lang.invoke.DirectMethodHandle::make (275 bytes)

Stack: [0x000000895e000000,0x000000895e100000]
Native frames: (J=compiled Java code, j=interpreted, Vv=VM code, C=native code)
V  [jvm.dll+0x6d7e19]
V  [jvm.dll+0x8b5096]
V  [jvm.dll+0x8b764e]
V  [jvm.dll+0x8b7d33]
V  [jvm.dll+0x284596]
V  [jvm.dll+0xc685d]
V  [jvm.dll+0xc6da1]
V  [jvm.dll+0x3bed31]
V  [jvm.dll+0x1e3f42]
V  [jvm.dll+0x24c853]
V  [jvm.dll+0x24bce0]
V  [jvm.dll+0x1cb4ae]
V  [jvm.dll+0x25baad]
V  [jvm.dll+0x25a03a]
V  [jvm.dll+0x3f868e]
V  [jvm.dll+0x85fb0d]
V  [jvm.dll+0x6d664d]
C  [ucrtbase.dll+0x2cd30]
C  [KERNEL32.DLL+0x2e957]
C  [ntdll.dll+0x87c1c]


---------------  P R O C E S S  ---------------

Threads class SMR info:
_java_thread_list=0x00000284712f5250, length=63, elements={
0x000002844d0996d0, 0x000002844f3c0130, 0x000002844f3c3420, 0x000002844f3c4410,
0x000002844f3c5070, 0x000002844f3c7ae0, 0x000002844f3c8540, 0x000002844f3d0570,
0x00000284676e9710, 0x0000028467860a00, 0x0000028467986c30, 0x000002846c8521d0,
0x000002846c954830, 0x000002846c954ec0, 0x000002846c955550, 0x000002846c9541a0,
0x000002846cd06ba0, 0x000002846cd04ad0, 0x000002846cd07230, 0x000002846cd078c0,
0x000002846cd07f50, 0x000002846cd08c70, 0x000002846cd0a020, 0x000002846cd09300,
0x000002846cd0ba60, 0x000002846cd0c0f0, 0x000002846cd09990, 0x000002846cd0a6b0,
0x000002846cd0ad40, 0x000002846cd0b3d0, 0x000002846d09f800, 0x000002846d09ca10,
0x000002846d09d0a0, 0x000002846d09d730, 0x000002846d09ddc0, 0x000002846d09e450,
0x000002846d09eae0, 0x000002846d09c380, 0x000002846d09fe90, 0x000002846d0a18d0,
0x000002846d09f170, 0x000002846d0a39a0, 0x000002846d0a0bb0, 0x000002846d0a1240,
0x000002846d0a25f0, 0x000002846cd085e0, 0x000002846e5d3df0, 0x000002846e5d51a0,
0x000002846e5d3760, 0x000002846e5d5ec0, 0x000002846e5d6550, 0x000002846e5d4480,
0x000002846e5d6be0, 0x000002846e5d7900, 0x000002846e4798d0, 0x000002846e5d30d0,
0x000002846e5d8cb0, 0x000002846e5d9340, 0x000002846e5d8620, 0x000002846e5d7f90,
0x000002846e5d99d0, 0x000002846e5da6f0, 0x000002846e477d90
}

Java Threads: ( => current thread )
  0x000002844d0996d0 JavaThread "main"                              [_thread_blocked, id=34424, stack(0x000000895c900000,0x000000895ca00000) (1024K)]
  0x000002844f3c0130 JavaThread "Reference Handler"          daemon [_thread_blocked, id=29832, stack(0x000000895cd00000,0x000000895ce00000) (1024K)]
  0x000002844f3c3420 JavaThread "Finalizer"                  daemon [_thread_blocked, id=36676, stack(0x000000895ce00000,0x000000895cf00000) (1024K)]
  0x000002844f3c4410 JavaThread "Signal Dispatcher"          daemon [_thread_blocked, id=17524, stack(0x000000895cf00000,0x000000895d000000) (1024K)]
  0x000002844f3c5070 JavaThread "Attach Listener"            daemon [_thread_blocked, id=34488, stack(0x000000895d000000,0x000000895d100000) (1024K)]
  0x000002844f3c7ae0 JavaThread "Service Thread"             daemon [_thread_blocked, id=3876, stack(0x000000895d100000,0x000000895d200000) (1024K)]
  0x000002844f3c8540 JavaThread "Monitor Deflation Thread"   daemon [_thread_blocked, id=17588, stack(0x000000895d200000,0x000000895d300000) (1024K)]
  0x000002844f3d0570 JavaThread "C2 CompilerThread0"         daemon [_thread_in_native, id=13336, stack(0x000000895d300000,0x000000895d400000) (1024K)]
  0x00000284676e9710 JavaThread "C1 CompilerThread0"         daemon [_thread_blocked, id=17340, stack(0x000000895d400000,0x000000895d500000) (1024K)]
  0x0000028467860a00 JavaThread "Common-Cleaner"             daemon [_thread_blocked, id=35212, stack(0x000000895d500000,0x000000895d600000) (1024K)]
  0x0000028467986c30 JavaThread "Notification Thread"        daemon [_thread_blocked, id=26720, stack(0x000000895d600000,0x000000895d700000) (1024K)]
  0x000002846c8521d0 JavaThread "Active Thread: Equinox Container: 6030ad58-f9e8-4ee5-8fd7-c29c33609ba4"        [_thread_blocked, id=9600, stack(0x000000895e400000,0x000000895e500000) (1024K)]
  0x000002846c954830 JavaThread "Framework Event Dispatcher: Equinox Container: 6030ad58-f9e8-4ee5-8fd7-c29c33609ba4" daemon [_thread_blocked, id=30024, stack(0x000000895d700000,0x000000895d800000) (1024K)]
  0x000002846c954ec0 JavaThread "Start Level: Equinox Container: 6030ad58-f9e8-4ee5-8fd7-c29c33609ba4" daemon [_thread_blocked, id=32292, stack(0x000000895e500000,0x000000895e600000) (1024K)]
  0x000002846c955550 JavaThread "Bundle File Closer"         daemon [_thread_blocked, id=32060, stack(0x000000895e800000,0x000000895e900000) (1024K)]
  0x000002846c9541a0 JavaThread "Refresh Thread: Equinox Container: 6030ad58-f9e8-4ee5-8fd7-c29c33609ba4" daemon [_thread_blocked, id=4288, stack(0x000000895e900000,0x000000895ea00000) (1024K)]
  0x000002846cd06ba0 JavaThread "SCR Component Actor"        daemon [_thread_blocked, id=21944, stack(0x000000895e700000,0x000000895e800000) (1024K)]
  0x000002846cd04ad0 JavaThread "Worker-JM"                         [_thread_blocked, id=25732, stack(0x000000895ed00000,0x000000895ee00000) (1024K)]
  0x000002846cd07230 JavaThread "JNA Cleaner"                daemon [_thread_blocked, id=30000, stack(0x000000895ee00000,0x000000895ef00000) (1024K)]
  0x000002846cd078c0 JavaThread "Worker-0"                          [_thread_blocked, id=11724, stack(0x000000895ef00000,0x000000895f000000) (1024K)]
  0x000002846cd07f50 JavaThread "Worker-1: Download Gradle Wrapper checksums"        [_thread_in_native, id=19856, stack(0x000000895f000000,0x000000895f100000) (1024K)]
  0x000002846cd08c70 JavaThread "Worker-2: Loading available Gradle versions"        [_thread_in_native, id=12476, stack(0x000000895f100000,0x000000895f200000) (1024K)]
  0x000002846cd0a020 JavaThread "Java indexing"              daemon [_thread_blocked, id=6224, stack(0x000000895f300000,0x000000895f400000) (1024K)]
  0x000002846cd09300 JavaThread "Worker-3"                          [_thread_blocked, id=6316, stack(0x000000895f600000,0x000000895f700000) (1024K)]
  0x000002846cd0ba60 JavaThread "Thread-1"                   daemon [_thread_in_native, id=22668, stack(0x000000895f700000,0x000000895f800000) (1024K)]
  0x000002846cd0c0f0 JavaThread "Thread-2"                   daemon [_thread_in_native, id=29308, stack(0x000000895f800000,0x000000895f900000) (1024K)]
  0x000002846cd09990 JavaThread "Thread-3"                   daemon [_thread_in_native, id=23084, stack(0x000000895f900000,0x000000895fa00000) (1024K)]
  0x000002846cd0a6b0 JavaThread "Thread-4"                   daemon [_thread_in_native, id=9080, stack(0x000000895fa00000,0x000000895fb00000) (1024K)]
  0x000002846cd0ad40 JavaThread "Thread-5"                   daemon [_thread_in_native, id=16148, stack(0x000000895fb00000,0x000000895fc00000) (1024K)]
  0x000002846cd0b3d0 JavaThread "Thread-6"                   daemon [_thread_in_native, id=27808, stack(0x000000895fc00000,0x000000895fd00000) (1024K)]
  0x000002846d09f800 JavaThread "Thread-7"                   daemon [_thread_in_native, id=9048, stack(0x000000895fd00000,0x000000895fe00000) (1024K)]
  0x000002846d09ca10 JavaThread "Thread-8"                   daemon [_thread_in_native, id=608, stack(0x000000895fe00000,0x000000895ff00000) (1024K)]
  0x000002846d09d0a0 JavaThread "Thread-9"                   daemon [_thread_in_native, id=33704, stack(0x000000895ff00000,0x0000008960000000) (1024K)]
  0x000002846d09d730 JavaThread "pool-2-thread-1"                   [_thread_blocked, id=17180, stack(0x0000008960000000,0x0000008960100000) (1024K)]
  0x000002846d09ddc0 JavaThread "Timer-0"                           [_thread_blocked, id=16008, stack(0x0000008960100000,0x0000008960200000) (1024K)]
  0x000002846d09e450 JavaThread "Timer-1"                           [_thread_blocked, id=32708, stack(0x0000008960200000,0x0000008960300000) (1024K)]
  0x000002846d09eae0 JavaThread "PatternSearchJob-worker-1"  daemon [_thread_blocked, id=25948, stack(0x0000008960300000,0x0000008960400000) (1024K)]
  0x000002846d09c380 JavaThread "PatternSearchJob-worker-2"  daemon [_thread_blocked, id=12424, stack(0x0000008960400000,0x0000008960500000) (1024K)]
  0x000002846d09fe90 JavaThread "WorkspaceEventsHandler"            [_thread_blocked, id=30148, stack(0x0000008960600000,0x0000008960700000) (1024K)]
  0x000002846d0a18d0 JavaThread "pool-1-thread-1"                   [_thread_blocked, id=34776, stack(0x0000008960700000,0x0000008960800000) (1024K)]
  0x000002846d09f170 JavaThread "Worker-4: Validating Gradle wrapper checksum..."        [_thread_blocked, id=28992, stack(0x0000008960800000,0x0000008960900000) (1024K)]
  0x000002846d0a39a0 JavaThread "Timer-2"                           [_thread_blocked, id=28940, stack(0x000000895ea00000,0x000000895eb00000) (1024K)]
  0x000002846d0a0bb0 JavaThread "Timer-3"                           [_thread_blocked, id=34752, stack(0x0000008960500000,0x0000008960600000) (1024K)]
  0x000002846d0a1240 JavaThread "Timer-4"                           [_thread_blocked, id=18820, stack(0x0000008960b00000,0x0000008960c00000) (1024K)]
  0x000002846d0a25f0 JavaThread "Timer-5"                           [_thread_blocked, id=18264, stack(0x0000008960c00000,0x0000008960d00000) (1024K)]
  0x000002846cd085e0 JavaThread "Timer-6"                           [_thread_blocked, id=2808, stack(0x0000008960d00000,0x0000008960e00000) (1024K)]
  0x000002846e5d3df0 JavaThread "Timer-7"                           [_thread_blocked, id=33552, stack(0x0000008960e00000,0x0000008960f00000) (1024K)]
  0x000002846e5d51a0 JavaThread "Exec process"                      [_thread_blocked, id=35388, stack(0x0000008961000000,0x0000008961100000) (1024K)]
  0x000002846e5d3760 JavaThread "Exec process Thread 2"             [_thread_blocked, id=32672, stack(0x0000008961100000,0x0000008961200000) (1024K)]
  0x000002846e5d5ec0 JavaThread "Exec process Thread 3"             [_thread_blocked, id=21104, stack(0x0000008961200000,0x0000008961300000) (1024K)]
  0x000002846e5d6550 JavaThread "Timer-8"                           [_thread_blocked, id=19692, stack(0x000000895de00000,0x000000895df00000) (1024K)]
  0x000002846e5d4480 JavaThread "Timer-9"                           [_thread_blocked, id=29816, stack(0x000000895df00000,0x000000895e000000) (1024K)]
  0x000002846e5d6be0 JavaThread "Worker-5"                          [_thread_blocked, id=31564, stack(0x000000895e300000,0x000000895e400000) (1024K)]
  0x000002846e5d7900 JavaThread "Worker-6"                          [_thread_blocked, id=26932, stack(0x000000895e100000,0x000000895e200000) (1024K)]
=>0x000002846e4798d0 JavaThread "C2 CompilerThread1"         daemon [_thread_in_native, id=35516, stack(0x000000895e000000,0x000000895e100000) (1024K)]
  0x000002846e5d30d0 JavaThread "ForkJoinPool.commonPool-worker-1" daemon [_thread_blocked, id=24456, stack(0x000000895e200000,0x000000895e300000) (1024K)]
  0x000002846e5d8cb0 JavaThread "ForkJoinPool.commonPool-worker-2" daemon [_thread_blocked, id=13688, stack(0x000000895eb00000,0x000000895ec00000) (1024K)]
  0x000002846e5d9340 JavaThread "ForkJoinPool.commonPool-worker-3" daemon [_thread_blocked, id=12244, stack(0x000000895ec00000,0x000000895ed00000) (1024K)]
  0x000002846e5d8620 JavaThread "ForkJoinPool.commonPool-worker-4" daemon [_thread_blocked, id=4956, stack(0x000000895f200000,0x000000895f300000) (1024K)]
  0x000002846e5d7f90 JavaThread "ForkJoinPool.commonPool-worker-5" daemon [_thread_blocked, id=35120, stack(0x0000008960900000,0x0000008960a00000) (1024K)]
  0x000002846e5d99d0 JavaThread "Timer-10"                          [_thread_blocked, id=12052, stack(0x0000008960f00000,0x0000008961000000) (1024K)]
  0x000002846e5da6f0 JavaThread "Timer-11"                          [_thread_blocked, id=15428, stack(0x0000008961400000,0x0000008961500000) (1024K)]
  0x000002846e477d90 JavaThread "C2 CompilerThread2"         daemon [_thread_blocked, id=23484, stack(0x0000008961600000,0x0000008961700000) (1024K)]
Total: 63

Other Threads:
  0x000002844f50ebf0 VMThread "VM Thread"                           [id=14216, stack(0x000000895cc00000,0x000000895cd00000) (1024K)]
  0x000002844f4b9590 WatcherThread "VM Periodic Task Thread"        [id=20960, stack(0x000000895cb00000,0x000000895cc00000) (1024K)]
  0x000002844f46d390 WorkerThread "GC Thread#0"                     [id=3772, stack(0x000000895ca00000,0x000000895cb00000) (1024K)]
  0x000002846c456d40 WorkerThread "GC Thread#1"                     [id=6932, stack(0x000000895d800000,0x000000895d900000) (1024K)]
  0x000002846c7dcca0 WorkerThread "GC Thread#2"                     [id=31052, stack(0x000000895d900000,0x000000895da00000) (1024K)]
  0x000002846c5c2070 WorkerThread "GC Thread#3"                     [id=15852, stack(0x000000895da00000,0x000000895db00000) (1024K)]
  0x000002846c5c2420 WorkerThread "GC Thread#4"                     [id=14428, stack(0x000000895db00000,0x000000895dc00000) (1024K)]
  0x000002846c7b4490 WorkerThread "GC Thread#5"                     [id=20712, stack(0x000000895dc00000,0x000000895dd00000) (1024K)]
  0x000002846c7b4840 WorkerThread "GC Thread#6"                     [id=14556, stack(0x000000895dd00000,0x000000895de00000) (1024K)]
  0x000002846c8bcc60 WorkerThread "GC Thread#7"                     [id=33868, stack(0x000000895e600000,0x000000895e700000) (1024K)]
Total: 10

Threads with active compile tasks:
C2 CompilerThread0  31524 8748   !   4       org.eclipse.osgi.internal.loader.classpath.ClasspathManager::findLocalClass (210 bytes)
C2 CompilerThread1  31524 8720       4       java.lang.invoke.DirectMethodHandle::make (275 bytes)
Total: 2

VM state: not at safepoint (normal execution)

VM Mutex/Monitor currently owned by a thread: None

Heap address: 0x0000000080000000, size: 2048 MB, Compressed Oops mode: 32-bit

CDS archive(s) mapped at: [0x0000028400000000-0x0000028400ba0000-0x0000028400ba0000), size 12189696, SharedBaseAddress: 0x0000028400000000, ArchiveRelocationMode: 1.
Compressed class space mapped at: 0x0000028401000000-0x0000028441000000, reserved size: 1073741824
Narrow klass base: 0x0000028400000000, Narrow klass shift: 0, Narrow klass range: 0x100000000

GC Precious Log:
 CardTable entry size: 512
 CPUs: 8 total, 8 available
 Memory: 20247M
 Large Page Support: Disabled
 NUMA Support: Disabled
 Compressed Oops: Enabled (32-bit)
 Alignments: Space 512K, Generation 512K, Heap 2M
 Heap Min Capacity: 100M
 Heap Initial Capacity: 100M
 Heap Max Capacity: 2G
 Pre-touch: Disabled
 Parallel Workers: 8

Heap:
 PSYoungGen      total 17920K, used 15427K [0x00000000d5580000, 0x00000000d6a00000, 0x0000000100000000)
  eden space 17408K, 85% used [0x00000000d5580000,0x00000000d6412bc8,0x00000000d6680000)
  from space 512K, 98% used [0x00000000d6980000,0x00000000d69fe1a8,0x00000000d6a00000)
  to   space 1024K, 0% used [0x00000000d6800000,0x00000000d6800000,0x00000000d6900000)
 ParOldGen       total 68608K, used 46119K [0x0000000080000000, 0x0000000084300000, 0x00000000d5580000)
  object space 68608K, 67% used [0x0000000080000000,0x0000000082d09c08,0x0000000084300000)
 Metaspace       used 70064K, committed 71488K, reserved 1114112K
  class space    used 8803K, committed 9408K, reserved 1048576K

Card table byte_map: [0x000002844edf0000,0x000002844f200000] _byte_map_base: 0x000002844e9f0000

Marking Bits: (ParMarkBitMap*) 0x00007ffda7004460
 Begin Bits: [0x0000028461900000, 0x0000028463900000)
 End Bits:   [0x0000028463900000, 0x0000028465900000)

Polling page: 0x000002844d1f0000

Metaspace:

Usage:
  Non-class:     59.83 MB used.
      Class:      8.60 MB used.
       Both:     68.42 MB used.

Virtual space:
  Non-class space:       64.00 MB reserved,      60.62 MB ( 95%) committed,  1 nodes.
      Class space:        1.00 GB reserved,       9.19 MB ( <1%) committed,  1 nodes.
             Both:        1.06 GB reserved,      69.81 MB (  6%) committed. 

Chunk freelists:
   Non-Class:  3.33 MB
       Class:  6.64 MB
        Both:  9.97 MB

MaxMetaspaceSize: unlimited
CompressedClassSpaceSize: 1.00 GB
Initial GC threshold: 21.00 MB
Current GC threshold: 97.31 MB
CDS: on
 - commit_granule_bytes: 65536.
 - commit_granule_words: 8192.
 - virtual_space_node_default_size: 8388608.
 - enlarge_chunks_in_place: 1.
 - use_allocation_guard: 0.


Internal statistics:

num_allocs_failed_limit: 9.
num_arena_births: 1206.
num_arena_deaths: 14.
num_vsnodes_births: 2.
num_vsnodes_deaths: 0.
num_space_committed: 1117.
num_space_uncommitted: 0.
num_chunks_returned_to_freelist: 23.
num_chunks_taken_from_freelist: 4016.
num_chunk_merges: 13.
num_chunk_splits: 2656.
num_chunks_enlarged: 1726.
num_inconsistent_stats: 0.

CodeHeap 'non-profiled nmethods': size=120000Kb used=5812Kb max_used=5812Kb free=114187Kb
 bounds [0x000002845a120000, 0x000002845a6d0000, 0x0000028461650000]
CodeHeap 'profiled nmethods': size=120000Kb used=16515Kb max_used=16515Kb free=103485Kb
 bounds [0x0000028452650000, 0x0000028453680000, 0x0000028459b80000]
CodeHeap 'non-nmethods': size=5760Kb used=1441Kb max_used=1475Kb free=4318Kb
 bounds [0x0000028459b80000, 0x0000028459df0000, 0x000002845a120000]
CodeCache: size=245760Kb, used=23768Kb, max_used=23802Kb, free=221990Kb
 total_blobs=8715, nmethods=7978, adapters=643, full_count=0
Compilation: enabled, stopped_count=0, restarted_count=0

Compilation events (20 events):
Event: 30.484 Thread 0x00000284676e9710 nmethod 8853 0x0000028453661f90 code [0x0000028453662140, 0x00000284536622b0]
Event: 30.484 Thread 0x00000284676e9710 8854       1       org.eclipse.core.internal.jobs.JobManager::isActive (5 bytes)
Event: 30.484 Thread 0x00000284676e9710 nmethod 8854 0x000002845a6c3790 code [0x000002845a6c3920, 0x000002845a6c39f0]
Event: 30.631 Thread 0x00000284676e9710 8855       1       org.eclipse.core.internal.jobs.InternalJob::setNext (6 bytes)
Event: 30.632 Thread 0x00000284676e9710 nmethod 8855 0x000002845a6c3a90 code [0x000002845a6c3c20, 0x000002845a6c3d00]
Event: 30.632 Thread 0x00000284676e9710 8857       3       java.nio.DirectByteBuffer::address (42 bytes)
Event: 30.632 Thread 0x00000284676e9710 nmethod 8857 0x0000028453662390 code [0x00000284536625a0, 0x0000028453662c60]
Event: 30.632 Thread 0x00000284676e9710 8858       3       jdk.internal.misc.Unsafe::setMemory (10 bytes)
Event: 30.632 Thread 0x00000284676e9710 nmethod 8858 0x0000028453662e10 code [0x0000028453662fc0, 0x0000028453663120]
Event: 30.632 Thread 0x00000284676e9710 8859       3       jdk.internal.misc.Unsafe::setMemory (29 bytes)
Event: 30.633 Thread 0x00000284676e9710 nmethod 8859 0x0000028453663210 code [0x0000028453663460, 0x0000028453663c18]
Event: 30.633 Thread 0x00000284676e9710 8861       3       org.eclipse.core.internal.dtree.DeltaDataTree::getChildren (59 bytes)
Event: 30.633 Thread 0x00000284676e9710 nmethod 8861 0x0000028453664010 code [0x0000028453664200, 0x0000028453664728]
Event: 30.633 Thread 0x00000284676e9710 8862       1       org.eclipse.core.internal.resources.ResourceInfo::getNodeId (5 bytes)
Event: 30.633 Thread 0x00000284676e9710 nmethod 8862 0x000002845a6c3d90 code [0x000002845a6c3f20, 0x000002845a6c3ff0]
Event: 30.633 Thread 0x00000284676e9710 8860       3       jdk.internal.misc.VM::isDirectMemoryPageAligned (4 bytes)
Event: 30.633 Thread 0x00000284676e9710 nmethod 8860 0x0000028453664990 code [0x0000028453664b20, 0x0000028453664c20]
Event: 31.124 Thread 0x00000284676e9710 8863       3       java.util.TaskQueue::rescheduleMin (16 bytes)
Event: 31.125 Thread 0x00000284676e9710 nmethod 8863 0x0000028453664c90 code [0x0000028453664e40, 0x0000028453664fb8]
Event: 31.125 Thread 0x00000284676e9710 8864       3       java.util.TaskQueue::fixDown (108 bytes)

GC Heap History (20 events):
Event: 22.050 GC heap before
{Heap before GC invocations=52 (full 3):
 PSYoungGen      total 18432K, used 18306K [0x00000000d5580000, 0x00000000d6900000, 0x0000000100000000)
  eden space 17920K, 100% used [0x00000000d5580000,0x00000000d6700000,0x00000000d6700000)
  from space 512K, 75% used [0x00000000d6880000,0x00000000d68e08c8,0x00000000d6900000)
  to   space 1024K, 0% used [0x00000000d6700000,0x00000000d6700000,0x00000000d6800000)
 ParOldGen       total 68608K, used 43280K [0x0000000080000000, 0x0000000084300000, 0x00000000d5580000)
  object space 68608K, 63% used [0x0000000080000000,0x0000000082a44108,0x0000000084300000)
 Metaspace       used 65174K, committed 66560K, reserved 1114112K
  class space    used 8150K, committed 8704K, reserved 1048576K
}
Event: 22.050 GC heap after
{Heap after GC invocations=52 (full 3):
 PSYoungGen      total 18944K, used 646K [0x00000000d5580000, 0x00000000d6900000, 0x0000000100000000)
  eden space 17920K, 0% used [0x00000000d5580000,0x00000000d5580000,0x00000000d6700000)
  from space 1024K, 63% used [0x00000000d6700000,0x00000000d67a1b70,0x00000000d6800000)
  to   space 1024K, 0% used [0x00000000d6800000,0x00000000d6800000,0x00000000d6900000)
 ParOldGen       total 68608K, used 43364K [0x0000000080000000, 0x0000000084300000, 0x00000000d5580000)
  object space 68608K, 63% used [0x0000000080000000,0x0000000082a591d8,0x0000000084300000)
 Metaspace       used 65174K, committed 66560K, reserved 1114112K
  class space    used 8150K, committed 8704K, reserved 1048576K
}
Event: 22.184 GC heap before
{Heap before GC invocations=53 (full 3):
 PSYoungGen      total 18944K, used 18566K [0x00000000d5580000, 0x00000000d6900000, 0x0000000100000000)
  eden space 17920K, 100% used [0x00000000d5580000,0x00000000d6700000,0x00000000d6700000)
  from space 1024K, 63% used [0x00000000d6700000,0x00000000d67a1b70,0x00000000d6800000)
  to   space 1024K, 0% used [0x00000000d6800000,0x00000000d6800000,0x00000000d6900000)
 ParOldGen       total 68608K, used 43364K [0x0000000080000000, 0x0000000084300000, 0x00000000d5580000)
  object space 68608K, 63% used [0x0000000080000000,0x0000000082a591d8,0x0000000084300000)
 Metaspace       used 65174K, committed 66560K, reserved 1114112K
  class space    used 8150K, committed 8704K, reserved 1048576K
}
Event: 22.185 GC heap after
{Heap after GC invocations=53 (full 3):
 PSYoungGen      total 18432K, used 1010K [0x00000000d5580000, 0x00000000d6a00000, 0x0000000100000000)
  eden space 17408K, 0% used [0x00000000d5580000,0x00000000d5580000,0x00000000d6680000)
  from space 1024K, 98% used [0x00000000d6800000,0x00000000d68fc808,0x00000000d6900000)
  to   space 1536K, 0% used [0x00000000d6680000,0x00000000d6680000,0x00000000d6800000)
 ParOldGen       total 68608K, used 43553K [0x0000000080000000, 0x0000000084300000, 0x00000000d5580000)
  object space 68608K, 63% used [0x0000000080000000,0x0000000082a88570,0x0000000084300000)
 Metaspace       used 65174K, committed 66560K, reserved 1114112K
  class space    used 8150K, committed 8704K, reserved 1048576K
}
Event: 22.320 GC heap before
{Heap before GC invocations=54 (full 3):
 PSYoungGen      total 18432K, used 18418K [0x00000000d5580000, 0x00000000d6a00000, 0x0000000100000000)
  eden space 17408K, 100% used [0x00000000d5580000,0x00000000d6680000,0x00000000d6680000)
  from space 1024K, 98% used [0x00000000d6800000,0x00000000d68fc808,0x00000000d6900000)
  to   space 1536K, 0% used [0x00000000d6680000,0x00000000d6680000,0x00000000d6800000)
 ParOldGen       total 68608K, used 43553K [0x0000000080000000, 0x0000000084300000, 0x00000000d5580000)
  object space 68608K, 63% used [0x0000000080000000,0x0000000082a88570,0x0000000084300000)
 Metaspace       used 65174K, committed 66560K, reserved 1114112K
  class space    used 8150K, committed 8704K, reserved 1048576K
}
Event: 22.321 GC heap after
{Heap after GC invocations=54 (full 3):
 PSYoungGen      total 18432K, used 765K [0x00000000d5580000, 0x00000000d6880000, 0x0000000100000000)
  eden space 17408K, 0% used [0x00000000d5580000,0x00000000d5580000,0x00000000d6680000)
  from space 1024K, 74% used [0x00000000d6680000,0x00000000d673f730,0x00000000d6780000)
  to   space 1024K, 0% used [0x00000000d6780000,0x00000000d6780000,0x00000000d6880000)
 ParOldGen       total 68608K, used 43593K [0x0000000080000000, 0x0000000084300000, 0x00000000d5580000)
  object space 68608K, 63% used [0x0000000080000000,0x0000000082a92570,0x0000000084300000)
 Metaspace       used 65174K, committed 66560K, reserved 1114112K
  class space    used 8150K, committed 8704K, reserved 1048576K
}
Event: 22.440 GC heap before
{Heap before GC invocations=55 (full 3):
 PSYoungGen      total 18432K, used 18173K [0x00000000d5580000, 0x00000000d6880000, 0x0000000100000000)
  eden space 17408K, 100% used [0x00000000d5580000,0x00000000d6680000,0x00000000d6680000)
  from space 1024K, 74% used [0x00000000d6680000,0x00000000d673f730,0x00000000d6780000)
  to   space 1024K, 0% used [0x00000000d6780000,0x00000000d6780000,0x00000000d6880000)
 ParOldGen       total 68608K, used 43593K [0x0000000080000000, 0x0000000084300000, 0x00000000d5580000)
  object space 68608K, 63% used [0x0000000080000000,0x0000000082a92570,0x0000000084300000)
 Metaspace       used 65174K, committed 66560K, reserved 1114112K
  class space    used 8150K, committed 8704K, reserved 1048576K
}
Event: 22.441 GC heap after
{Heap after GC invocations=55 (full 3):
 PSYoungGen      total 17920K, used 160K [0x00000000d5580000, 0x00000000d6800000, 0x0000000100000000)
  eden space 17408K, 0% used [0x00000000d5580000,0x00000000d5580000,0x00000000d6680000)
  from space 512K, 31% used [0x00000000d6780000,0x00000000d67a8000,0x00000000d6800000)
  to   space 512K, 0% used [0x00000000d6700000,0x00000000d6700000,0x00000000d6780000)
 ParOldGen       total 68608K, used 43617K [0x0000000080000000, 0x0000000084300000, 0x00000000d5580000)
  object space 68608K, 63% used [0x0000000080000000,0x0000000082a98570,0x0000000084300000)
 Metaspace       used 65174K, committed 66560K, reserved 1114112K
  class space    used 8150K, committed 8704K, reserved 1048576K
}
Event: 22.570 GC heap before
{Heap before GC invocations=56 (full 3):
 PSYoungGen      total 17920K, used 17568K [0x00000000d5580000, 0x00000000d6800000, 0x0000000100000000)
  eden space 17408K, 100% used [0x00000000d5580000,0x00000000d6680000,0x00000000d6680000)
  from space 512K, 31% used [0x00000000d6780000,0x00000000d67a8000,0x00000000d6800000)
  to   space 512K, 0% used [0x00000000d6700000,0x00000000d6700000,0x00000000d6780000)
 ParOldGen       total 68608K, used 43617K [0x0000000080000000, 0x0000000084300000, 0x00000000d5580000)
  object space 68608K, 63% used [0x0000000080000000,0x0000000082a98570,0x0000000084300000)
 Metaspace       used 65174K, committed 66560K, reserved 1114112K
  class space    used 8150K, committed 8704K, reserved 1048576K
}
Event: 22.570 GC heap after
{Heap after GC invocations=56 (full 3):
 PSYoungGen      total 17920K, used 362K [0x00000000d5580000, 0x00000000d6800000, 0x0000000100000000)
  eden space 17408K, 0% used [0x00000000d5580000,0x00000000d5580000,0x00000000d6680000)
  from space 512K, 70% used [0x00000000d6700000,0x00000000d675a800,0x00000000d6780000)
  to   space 512K, 0% used [0x00000000d6780000,0x00000000d6780000,0x00000000d6800000)
 ParOldGen       total 68608K, used 43736K [0x0000000080000000, 0x0000000084300000, 0x00000000d5580000)
  object space 68608K, 63% used [0x0000000080000000,0x0000000082ab6030,0x0000000084300000)
 Metaspace       used 65174K, committed 66560K, reserved 1114112K
  class space    used 8150K, committed 8704K, reserved 1048576K
}
Event: 22.851 GC heap before
{Heap before GC invocations=57 (full 3):
 PSYoungGen      total 17920K, used 17770K [0x00000000d5580000, 0x00000000d6800000, 0x0000000100000000)
  eden space 17408K, 100% used [0x00000000d5580000,0x00000000d6680000,0x00000000d6680000)
  from space 512K, 70% used [0x00000000d6700000,0x00000000d675a800,0x00000000d6780000)
  to   space 512K, 0% used [0x00000000d6780000,0x00000000d6780000,0x00000000d6800000)
 ParOldGen       total 68608K, used 43736K [0x0000000080000000, 0x0000000084300000, 0x00000000d5580000)
  object space 68608K, 63% used [0x0000000080000000,0x0000000082ab6030,0x0000000084300000)
 Metaspace       used 66881K, committed 68352K, reserved 1114112K
  class space    used 8414K, committed 9024K, reserved 1048576K
}
Event: 22.852 GC heap after
{Heap after GC invocations=57 (full 3):
 PSYoungGen      total 17920K, used 496K [0x00000000d5580000, 0x00000000d6880000, 0x0000000100000000)
  eden space 17408K, 0% used [0x00000000d5580000,0x00000000d5580000,0x00000000d6680000)
  from space 512K, 96% used [0x00000000d6780000,0x00000000d67fc020,0x00000000d6800000)
  to   space 1024K, 0% used [0x00000000d6680000,0x00000000d6680000,0x00000000d6780000)
 ParOldGen       total 68608K, used 43944K [0x0000000080000000, 0x0000000084300000, 0x00000000d5580000)
  object space 68608K, 64% used [0x0000000080000000,0x0000000082aea050,0x0000000084300000)
 Metaspace       used 66881K, committed 68352K, reserved 1114112K
  class space    used 8414K, committed 9024K, reserved 1048576K
}
Event: 26.752 GC heap before
{Heap before GC invocations=58 (full 3):
 PSYoungGen      total 17920K, used 17768K [0x00000000d5580000, 0x00000000d6880000, 0x0000000100000000)
  eden space 17408K, 99% used [0x00000000d5580000,0x00000000d665e090,0x00000000d6680000)
  from space 512K, 96% used [0x00000000d6780000,0x00000000d67fc020,0x00000000d6800000)
  to   space 1024K, 0% used [0x00000000d6680000,0x00000000d6680000,0x00000000d6780000)
 ParOldGen       total 68608K, used 43944K [0x0000000080000000, 0x0000000084300000, 0x00000000d5580000)
  object space 68608K, 64% used [0x0000000080000000,0x0000000082aea050,0x0000000084300000)
 Metaspace       used 68573K, committed 70016K, reserved 1114112K
  class space    used 8630K, committed 9216K, reserved 1048576K
}
Event: 26.754 GC heap after
{Heap after GC invocations=58 (full 3):
 PSYoungGen      total 18432K, used 1008K [0x00000000d5580000, 0x00000000d6c80000, 0x0000000100000000)
  eden space 17408K, 0% used [0x00000000d5580000,0x00000000d5580000,0x00000000d6680000)
  from space 1024K, 98% used [0x00000000d6680000,0x00000000d677c060,0x00000000d6780000)
  to   space 3072K, 0% used [0x00000000d6980000,0x00000000d6980000,0x00000000d6c80000)
 ParOldGen       total 68608K, used 45375K [0x0000000080000000, 0x0000000084300000, 0x00000000d5580000)
  object space 68608K, 66% used [0x0000000080000000,0x0000000082c4fe50,0x0000000084300000)
 Metaspace       used 68573K, committed 70016K, reserved 1114112K
  class space    used 8630K, committed 9216K, reserved 1048576K
}
Event: 27.529 GC heap before
{Heap before GC invocations=59 (full 3):
 PSYoungGen      total 18432K, used 18416K [0x00000000d5580000, 0x00000000d6c80000, 0x0000000100000000)
  eden space 17408K, 100% used [0x00000000d5580000,0x00000000d6680000,0x00000000d6680000)
  from space 1024K, 98% used [0x00000000d6680000,0x00000000d677c060,0x00000000d6780000)
  to   space 3072K, 0% used [0x00000000d6980000,0x00000000d6980000,0x00000000d6c80000)
 ParOldGen       total 68608K, used 45375K [0x0000000080000000, 0x0000000084300000, 0x00000000d5580000)
  object space 68608K, 66% used [0x0000000080000000,0x0000000082c4fe50,0x0000000084300000)
 Metaspace       used 68957K, committed 70400K, reserved 1114112K
  class space    used 8685K, committed 9280K, reserved 1048576K
}
Event: 27.530 GC heap after
{Heap after GC invocations=59 (full 3):
 PSYoungGen      total 17920K, used 256K [0x00000000d5580000, 0x00000000d6a00000, 0x0000000100000000)
  eden space 17408K, 0% used [0x00000000d5580000,0x00000000d5580000,0x00000000d6680000)
  from space 512K, 50% used [0x00000000d6980000,0x00000000d69c0000,0x00000000d6a00000)
  to   space 1536K, 0% used [0x00000000d6700000,0x00000000d6700000,0x00000000d6880000)
 ParOldGen       total 68608K, used 45935K [0x0000000080000000, 0x0000000084300000, 0x00000000d5580000)
  object space 68608K, 66% used [0x0000000080000000,0x0000000082cdbc08,0x0000000084300000)
 Metaspace       used 68957K, committed 70400K, reserved 1114112K
  class space    used 8685K, committed 9280K, reserved 1048576K
}
Event: 27.921 GC heap before
{Heap before GC invocations=60 (full 3):
 PSYoungGen      total 17920K, used 17664K [0x00000000d5580000, 0x00000000d6a00000, 0x0000000100000000)
  eden space 17408K, 100% used [0x00000000d5580000,0x00000000d6680000,0x00000000d6680000)
  from space 512K, 50% used [0x00000000d6980000,0x00000000d69c0000,0x00000000d6a00000)
  to   space 1536K, 0% used [0x00000000d6700000,0x00000000d6700000,0x00000000d6880000)
 ParOldGen       total 68608K, used 45935K [0x0000000080000000, 0x0000000084300000, 0x00000000d5580000)
  object space 68608K, 66% used [0x0000000080000000,0x0000000082cdbc08,0x0000000084300000)
 Metaspace       used 68961K, committed 70400K, reserved 1114112K
  class space    used 8685K, committed 9280K, reserved 1048576K
}
Event: 27.922 GC heap after
{Heap after GC invocations=60 (full 3):
 PSYoungGen      total 18944K, used 160K [0x00000000d5580000, 0x00000000d6a00000, 0x0000000100000000)
  eden space 17408K, 0% used [0x00000000d5580000,0x00000000d5580000,0x00000000d6680000)
  from space 1536K, 10% used [0x00000000d6700000,0x00000000d6728000,0x00000000d6880000)
  to   space 512K, 0% used [0x00000000d6980000,0x00000000d6980000,0x00000000d6a00000)
 ParOldGen       total 68608K, used 46071K [0x0000000080000000, 0x0000000084300000, 0x00000000d5580000)
  object space 68608K, 67% used [0x0000000080000000,0x0000000082cfdc08,0x0000000084300000)
 Metaspace       used 68961K, committed 70400K, reserved 1114112K
  class space    used 8685K, committed 9280K, reserved 1048576K
}
Event: 28.203 GC heap before
{Heap before GC invocations=61 (full 3):
 PSYoungGen      total 18944K, used 17568K [0x00000000d5580000, 0x00000000d6a00000, 0x0000000100000000)
  eden space 17408K, 100% used [0x00000000d5580000,0x00000000d6680000,0x00000000d6680000)
  from space 1536K, 10% used [0x00000000d6700000,0x00000000d6728000,0x00000000d6880000)
  to   space 512K, 0% used [0x00000000d6980000,0x00000000d6980000,0x00000000d6a00000)
 ParOldGen       total 68608K, used 46071K [0x0000000080000000, 0x0000000084300000, 0x00000000d5580000)
  object space 68608K, 67% used [0x0000000080000000,0x0000000082cfdc08,0x0000000084300000)
 Metaspace       used 69565K, committed 71104K, reserved 1114112K
  class space    used 8758K, committed 9408K, reserved 1048576K
}
Event: 28.204 GC heap after
{Heap after GC invocations=61 (full 3):
 PSYoungGen      total 17920K, used 504K [0x00000000d5580000, 0x00000000d6a00000, 0x0000000100000000)
  eden space 17408K, 0% used [0x00000000d5580000,0x00000000d5580000,0x00000000d6680000)
  from space 512K, 98% used [0x00000000d6980000,0x00000000d69fe1a8,0x00000000d6a00000)
  to   space 1024K, 0% used [0x00000000d6800000,0x00000000d6800000,0x00000000d6900000)
 ParOldGen       total 68608K, used 46119K [0x0000000080000000, 0x0000000084300000, 0x00000000d5580000)
  object space 68608K, 67% used [0x0000000080000000,0x0000000082d09c08,0x0000000084300000)
 Metaspace       used 69565K, committed 71104K, reserved 1114112K
  class space    used 8758K, committed 9408K, reserved 1048576K
}

Dll operation events (15 events):
Event: 0.017 Loaded shared library c:\Users\Kadjo\.vscode\extensions\redhat.java-1.55.0-win32-x64\jre\21.0.11-win32-x86_64\bin\java.dll
Event: 0.387 Loaded shared library c:\Users\Kadjo\.vscode\extensions\redhat.java-1.55.0-win32-x64\jre\21.0.11-win32-x86_64\bin\zip.dll
Event: 0.434 Loaded shared library C:\Users\Kadjo\.vscode\extensions\redhat.java-1.55.0-win32-x64\jre\21.0.11-win32-x86_64\bin\instrument.dll
Event: 0.449 Loaded shared library C:\Users\Kadjo\.vscode\extensions\redhat.java-1.55.0-win32-x64\jre\21.0.11-win32-x86_64\bin\net.dll
Event: 0.453 Loaded shared library C:\Users\Kadjo\.vscode\extensions\redhat.java-1.55.0-win32-x64\jre\21.0.11-win32-x86_64\bin\nio.dll
Event: 0.459 Loaded shared library C:\Users\Kadjo\.vscode\extensions\redhat.java-1.55.0-win32-x64\jre\21.0.11-win32-x86_64\bin\zip.dll
Event: 0.525 Loaded shared library C:\Users\Kadjo\.vscode\extensions\redhat.java-1.55.0-win32-x64\jre\21.0.11-win32-x86_64\bin\jimage.dll
Event: 0.755 Loaded shared library c:\Users\Kadjo\.vscode\extensions\redhat.java-1.55.0-win32-x64\jre\21.0.11-win32-x86_64\bin\verify.dll
Event: 4.505 Loaded shared library C:\Users\Kadjo\AppData\Roaming\Code\User\globalStorage\redhat.java\1.55.0\config_win\org.eclipse.equinox.launcher\org.eclipse.equinox.launcher.win32.win32.x86_64_1.3.100.v20260613-0559\eclipse_11924.dll
Event: 8.305 Loaded shared library C:\Users\Kadjo\AppData\Local\Temp\jna-72253299\jna4293928367669128694.dll
Event: 13.183 Loaded shared library C:\Users\Kadjo\.vscode\extensions\redhat.java-1.55.0-win32-x64\jre\21.0.11-win32-x86_64\bin\sunmscapi.dll
Event: 15.517 Loaded shared library C:\Users\Kadjo\.vscode\extensions\redhat.java-1.55.0-win32-x64\jre\21.0.11-win32-x86_64\bin\extnet.dll
Event: 15.746 Loaded shared library C:\Users\Kadjo\.gradle\native\1def1411415f61bf3af743bc5b6707747c0891f09f0c88961ee8f79bc544acac\windows-amd64\native-platform.dll
Event: 19.250 Loaded shared library C:\Users\Kadjo\.vscode\extensions\redhat.java-1.55.0-win32-x64\jre\21.0.11-win32-x86_64\bin\management.dll
Event: 19.262 Loaded shared library C:\Users\Kadjo\.vscode\extensions\redhat.java-1.55.0-win32-x64\jre\21.0.11-win32-x86_64\bin\management_ext.dll

Deoptimization events (20 events):
Event: 30.474 Thread 0x000002846cd05e80 Uncommon trap: trap_request=0xffffff45 fr.pc=0x000002845a28267c relative=0x00000000000001dc
Event: 30.474 Thread 0x000002846cd05e80 Uncommon trap: reason=unstable_if action=reinterpret pc=0x000002845a28267c method=java.lang.String.indexOf(Ljava/lang/String;)I @ 10 c2
Event: 30.474 Thread 0x000002846cd05e80 DEOPT PACKING pc=0x000002845a28267c sp=0x00000089618fedb0
Event: 30.474 Thread 0x000002846cd05e80 DEOPT UNPACKING pc=0x0000028459bd6da2 sp=0x00000089618fed50 mode 2
Event: 30.474 Thread 0x000002846cd05e80 Uncommon trap: trap_request=0xffffff45 fr.pc=0x000002845a196b18 relative=0x0000000000000518
Event: 30.474 Thread 0x000002846cd05e80 Uncommon trap: reason=unstable_if action=reinterpret pc=0x000002845a196b18 method=java.lang.AbstractStringBuilder.inflateIfNeededFor(Ljava/lang/String;)V @ 14 c2
Event: 30.474 Thread 0x000002846cd05e80 DEOPT PACKING pc=0x000002845a196b18 sp=0x00000089618fed60
Event: 30.474 Thread 0x000002846cd05e80 DEOPT UNPACKING pc=0x0000028459bd6da2 sp=0x00000089618fec10 mode 2
Event: 30.474 Thread 0x000002846cd05e80 Uncommon trap: trap_request=0xffffffc6 fr.pc=0x000002845a449218 relative=0x00000000000001d8
Event: 30.474 Thread 0x000002846cd05e80 Uncommon trap: reason=bimorphic_or_optimized_type_check action=maybe_recompile pc=0x000002845a449218 method=java.util.regex.Matcher.getTextLength()I @ 4 c2
Event: 30.474 Thread 0x000002846cd05e80 DEOPT PACKING pc=0x000002845a449218 sp=0x00000089618fee70
Event: 30.474 Thread 0x000002846cd05e80 DEOPT UNPACKING pc=0x0000028459bd6da2 sp=0x00000089618fedc0 mode 2
Event: 30.474 Thread 0x000002846cd05e80 Uncommon trap: trap_request=0xffffff45 fr.pc=0x000002845a2aa1f0 relative=0x00000000000006d0
Event: 30.474 Thread 0x000002846cd05e80 Uncommon trap: reason=unstable_if action=reinterpret pc=0x000002845a2aa1f0 method=java.util.regex.Pattern$CharPropertyGreedy.match(Ljava/util/regex/Matcher;ILjava/lang/CharSequence;)Z @ 103 c2
Event: 30.474 Thread 0x000002846cd05e80 DEOPT PACKING pc=0x000002845a2aa1f0 sp=0x00000089618fee00
Event: 30.474 Thread 0x000002846cd05e80 DEOPT UNPACKING pc=0x0000028459bd6da2 sp=0x00000089618fed80 mode 2
Event: 30.474 Thread 0x000002846cd05e80 Uncommon trap: trap_request=0xffffffc6 fr.pc=0x000002845a449218 relative=0x00000000000001d8
Event: 30.474 Thread 0x000002846cd05e80 Uncommon trap: reason=bimorphic_or_optimized_type_check action=maybe_recompile pc=0x000002845a449218 method=java.util.regex.Matcher.getTextLength()I @ 4 c2
Event: 30.474 Thread 0x000002846cd05e80 DEOPT PACKING pc=0x000002845a449218 sp=0x00000089618fee70
Event: 30.474 Thread 0x000002846cd05e80 DEOPT UNPACKING pc=0x0000028459bd6da2 sp=0x00000089618fedc0 mode 2

Classes loaded (20 events):
Event: 28.151 Loading class java/util/concurrent/CompletableFuture$UniApply
Event: 28.151 Loading class java/util/concurrent/CompletableFuture$UniCompletion
Event: 28.152 Loading class java/util/concurrent/CompletableFuture$UniCompletion done
Event: 28.152 Loading class java/util/concurrent/CompletableFuture$UniApply done
Event: 28.152 Loading class java/util/concurrent/CompletableFuture$UniAccept
Event: 28.153 Loading class java/util/concurrent/CompletableFuture$UniAccept done
Event: 28.153 Loading class java/util/concurrent/CompletableFuture$UniExceptionally
Event: 28.153 Loading class java/util/concurrent/CompletableFuture$UniExceptionally done
Event: 28.169 Loading class java/util/Collections$SynchronizedRandomAccessList
Event: 28.169 Loading class java/util/Collections$SynchronizedList
Event: 28.169 Loading class java/util/Collections$SynchronizedList done
Event: 28.169 Loading class java/util/Collections$SynchronizedRandomAccessList done
Event: 28.185 Loading class java/util/concurrent/CompletableFuture$Signaller
Event: 28.185 Loading class java/util/concurrent/CompletableFuture$Signaller done
Event: 29.459 Loading class java/lang/ProcessBuilder$NullInputStream
Event: 29.459 Loading class java/lang/ProcessBuilder$NullInputStream done
Event: 29.461 Loading class java/util/Scanner
Event: 29.471 Loading class java/util/Scanner done
Event: 29.472 Loading class java/util/Scanner$PatternLRUCache
Event: 30.473 Loading class java/util/Scanner$PatternLRUCache done

Classes unloaded (7 events):
Event: 9.421 Thread 0x000002844f50ebf0 Unloading class 0x00000284011b8800 'java/lang/invoke/LambdaForm$MH+0x00000284011b8800'
Event: 9.421 Thread 0x000002844f50ebf0 Unloading class 0x00000284011b8400 'java/lang/invoke/LambdaForm$MH+0x00000284011b8400'
Event: 9.421 Thread 0x000002844f50ebf0 Unloading class 0x00000284011b8000 'java/lang/invoke/LambdaForm$MH+0x00000284011b8000'
Event: 9.421 Thread 0x000002844f50ebf0 Unloading class 0x00000284011b7c00 'java/lang/invoke/LambdaForm$MH+0x00000284011b7c00'
Event: 9.421 Thread 0x000002844f50ebf0 Unloading class 0x00000284011b7800 'java/lang/invoke/LambdaForm$BMH+0x00000284011b7800'
Event: 9.421 Thread 0x000002844f50ebf0 Unloading class 0x00000284011b7400 'java/lang/invoke/LambdaForm$DMH+0x00000284011b7400'
Event: 9.421 Thread 0x000002844f50ebf0 Unloading class 0x00000284011b6000 'java/lang/invoke/LambdaForm$DMH+0x00000284011b6000'

Classes redefined (0 events):
No events

Internal exceptions (20 events):
Event: 28.099 Thread 0x000002846cd078c0 Exception <a 'sun/nio/fs/WindowsException'{0x00000000d5e96070}> (0x00000000d5e96070) 
thrown [s\src\hotspot\share\prims\jni.cpp, line 520]
Event: 28.099 Thread 0x000002846cd078c0 Exception <a 'sun/nio/fs/WindowsException'{0x00000000d5e99628}> (0x00000000d5e99628) 
thrown [s\src\hotspot\share\prims\jni.cpp, line 520]
Event: 28.100 Thread 0x000002846cd078c0 Exception <a 'sun/nio/fs/WindowsException'{0x00000000d5e9d0a0}> (0x00000000d5e9d0a0) 
thrown [s\src\hotspot\share\prims\jni.cpp, line 520]
Event: 28.100 Thread 0x000002846cd078c0 Exception <a 'sun/nio/fs/WindowsException'{0x00000000d5ea0ec0}> (0x00000000d5ea0ec0) 
thrown [s\src\hotspot\share\prims\jni.cpp, line 520]
Event: 28.100 Thread 0x000002846cd078c0 Exception <a 'sun/nio/fs/WindowsException'{0x00000000d5ea4ad8}> (0x00000000d5ea4ad8) 
thrown [s\src\hotspot\share\prims\jni.cpp, line 520]
Event: 28.124 Thread 0x000002846d0a18d0 Implicit null exception at 0x000002845a551680 to 0x000002845a551a84
Event: 28.124 Thread 0x000002846d0a18d0 Exception <a 'sun/nio/fs/WindowsException'{0x00000000d5febd70}> (0x00000000d5febd70) 
thrown [s\src\hotspot\share\prims\jni.cpp, line 520]
Event: 28.125 Thread 0x000002846d0a18d0 Exception <a 'sun/nio/fs/WindowsException'{0x00000000d5fec668}> (0x00000000d5fec668) 
thrown [s\src\hotspot\share\prims\jni.cpp, line 520]
Event: 28.126 Thread 0x000002846d0a18d0 Exception <a 'sun/nio/fs/WindowsException'{0x00000000d60021a0}> (0x00000000d60021a0) 
thrown [s\src\hotspot\share\prims\jni.cpp, line 520]
Event: 28.126 Thread 0x000002846d0a18d0 Exception <a 'sun/nio/fs/WindowsException'{0x00000000d6002a78}> (0x00000000d6002a78) 
thrown [s\src\hotspot\share\prims\jni.cpp, line 520]
Event: 28.145 Thread 0x000002846d0a18d0 Exception <a 'sun/nio/fs/WindowsException'{0x00000000d61f35b8}> (0x00000000d61f35b8) 
thrown [s\src\hotspot\share\prims\jni.cpp, line 520]
Event: 28.145 Thread 0x000002846d0a18d0 Exception <a 'sun/nio/fs/WindowsException'{0x00000000d61fa2d0}> (0x00000000d61fa2d0) 
thrown [s\src\hotspot\share\prims\jni.cpp, line 520]
Event: 28.146 Thread 0x000002846d0a18d0 Exception <a 'sun/nio/fs/WindowsException'{0x00000000d621ce90}> (0x00000000d621ce90) 
thrown [s\src\hotspot\share\prims\jni.cpp, line 520]
Event: 28.146 Thread 0x000002846d0a18d0 Exception <a 'sun/nio/fs/WindowsException'{0x00000000d621d9b0}> (0x00000000d621d9b0) 
thrown [s\src\hotspot\share\prims\jni.cpp, line 520]
Event: 28.148 Thread 0x000002846d0a18d0 Exception <a 'sun/nio/fs/WindowsException'{0x00000000d623b740}> (0x00000000d623b740) 
thrown [s\src\hotspot\share\prims\jni.cpp, line 520]
Event: 28.148 Thread 0x000002846d0a18d0 Exception <a 'sun/nio/fs/WindowsException'{0x00000000d624a7f0}> (0x00000000d624a7f0) 
thrown [s\src\hotspot\share\prims\jni.cpp, line 520]
Event: 28.148 Thread 0x000002846d0a18d0 Exception <a 'sun/nio/fs/WindowsException'{0x00000000d624b5c0}> (0x00000000d624b5c0) 
thrown [s\src\hotspot\share\prims\jni.cpp, line 520]
Event: 28.148 Thread 0x000002846d0a18d0 Exception <a 'sun/nio/fs/WindowsException'{0x00000000d624be60}> (0x00000000d624be60) 
thrown [s\src\hotspot\share\prims\jni.cpp, line 520]
Event: 28.150 Thread 0x000002846d0a18d0 Exception <a 'java/lang/IncompatibleClassChangeError'{0x00000000d627bc98}: Found class java.lang.Object, but interface was expected> (0x00000000d627bc98) 
thrown [s\src\hotspot\share\interpreter\linkResolver.cpp, line 840]
Event: 28.154 Thread 0x000002846d0a18d0 Exception <a 'java/lang/IncompatibleClassChangeError'{0x00000000d6306128}: Found class java.lang.Object, but interface was expected> (0x00000000d6306128) 
thrown [s\src\hotspot\share\interpreter\linkResolver.cpp, line 840]

ZGC Phase Switch (0 events):
No events

VM Operations (20 events):
Event: 25.104 Executing non-safepoint VM operation: HandshakeAllThreads (Deoptimize) done
Event: 26.104 Executing safepoint VM operation: Cleanup
Event: 26.104 Executing safepoint VM operation: Cleanup done
Event: 26.752 Executing safepoint VM operation: ParallelGCFailedAllocation (Allocation Failure)
Event: 26.754 Executing safepoint VM operation: ParallelGCFailedAllocation (Allocation Failure) done
Event: 27.529 Executing safepoint VM operation: ParallelGCFailedAllocation (Allocation Failure)
Event: 27.530 Executing safepoint VM operation: ParallelGCFailedAllocation (Allocation Failure) done
Event: 27.921 Executing safepoint VM operation: ParallelGCFailedAllocation (Allocation Failure)
Event: 27.922 Executing safepoint VM operation: ParallelGCFailedAllocation (Allocation Failure) done
Event: 28.162 Executing non-safepoint VM operation: HandshakeAllThreads (Deoptimize)
Event: 28.162 Executing non-safepoint VM operation: HandshakeAllThreads (Deoptimize) done
Event: 28.165 Executing non-safepoint VM operation: HandshakeAllThreads (Deoptimize)
Event: 28.165 Executing non-safepoint VM operation: HandshakeAllThreads (Deoptimize) done
Event: 28.203 Executing safepoint VM operation: ParallelGCFailedAllocation (Allocation Failure)
Event: 28.204 Executing safepoint VM operation: ParallelGCFailedAllocation (Allocation Failure) done
Event: 29.205 Executing safepoint VM operation: Cleanup
Event: 29.459 Executing safepoint VM operation: Cleanup done
Event: 30.459 Executing safepoint VM operation: Cleanup
Event: 30.473 Executing safepoint VM operation: Cleanup done
Event: 31.474 Executing safepoint VM operation: Cleanup

Memory protections (0 events):
No events

Nmethod flushes (20 events):
Event: 19.383 Thread 0x000002844f50ebf0 flushing  nmethod 0x0000028453060210
Event: 19.383 Thread 0x000002844f50ebf0 flushing  nmethod 0x0000028453060b90
Event: 19.383 Thread 0x000002844f50ebf0 flushing  nmethod 0x0000028453061a10
Event: 19.383 Thread 0x000002844f50ebf0 flushing  nmethod 0x0000028453063c10
Event: 19.383 Thread 0x000002844f50ebf0 flushing  nmethod 0x0000028453064390
Event: 19.383 Thread 0x000002844f50ebf0 flushing  nmethod 0x0000028453065490
Event: 19.383 Thread 0x000002844f50ebf0 flushing  nmethod 0x0000028453065b10
Event: 19.383 Thread 0x000002844f50ebf0 flushing  nmethod 0x000002845306b310
Event: 19.383 Thread 0x000002844f50ebf0 flushing  nmethod 0x0000028453072f10
Event: 19.383 Thread 0x000002844f50ebf0 flushing  nmethod 0x0000028453074090
Event: 19.383 Thread 0x000002844f50ebf0 flushing  nmethod 0x0000028453075e90
Event: 19.383 Thread 0x000002844f50ebf0 flushing  nmethod 0x0000028453076890
Event: 19.383 Thread 0x000002844f50ebf0 flushing  nmethod 0x0000028453077510
Event: 19.383 Thread 0x000002844f50ebf0 flushing  nmethod 0x0000028453077990
Event: 19.383 Thread 0x000002844f50ebf0 flushing  nmethod 0x000002845307d810
Event: 19.383 Thread 0x000002844f50ebf0 flushing  nmethod 0x000002845307fa90
Event: 19.383 Thread 0x000002844f50ebf0 flushing  nmethod 0x0000028453083f10
Event: 19.383 Thread 0x000002844f50ebf0 flushing  nmethod 0x0000028453098e90
Event: 19.383 Thread 0x000002844f50ebf0 flushing  nmethod 0x000002845309f190
Event: 19.383 Thread 0x000002844f50ebf0 flushing  nmethod 0x00000284530b4f10

Events (20 events):
Event: 28.155 Thread 0x000002846e5d8cb0 Thread added: 0x000002846e5d9340
Event: 28.156 Thread 0x000002846e5d9340 Thread added: 0x000002846e5d8620
Event: 28.157 Thread 0x000002846e5d8620 Thread added: 0x000002846e5d7f90
Event: 28.198 Thread 0x000002846cd09300 Thread added: 0x000002846e5d99d0
Event: 28.199 Thread 0x000002846cd09300 Thread added: 0x000002846e5da060
Event: 28.224 Thread 0x000002846e5da060 Thread exited: 0x000002846e5da060
Event: 28.224 Thread 0x000002846cd09300 Thread added: 0x000002846e5da6f0
Event: 28.226 Thread 0x000002846cd09300 Thread added: 0x000002846e5da060
Event: 28.231 Thread 0x000002846e5d6be0 Thread added: 0x000002846e5d7270
Event: 28.280 Thread 0x000002846e5da060 Thread added: 0x000002846cd05160
Event: 28.280 Thread 0x00000284676e9710 Thread added: 0x000002846e477d90
Event: 28.445 Thread 0x000002846e5d7270 Thread added: 0x000002846cd05e80
Event: 29.461 Thread 0x000002846cd05e80 Thread added: 0x000002846d0a1f60
Event: 29.461 Thread 0x000002846cd05e80 Thread added: 0x00000284714bccc0
Event: 29.462 Thread 0x000002846d0a1f60 Thread exited: 0x000002846d0a1f60
Event: 30.458 Thread 0x000002846cd05160 Thread exited: 0x000002846cd05160
Event: 30.473 Thread 0x000002846e5da060 Thread exited: 0x000002846e5da060
Event: 30.475 Thread 0x000002846cd05e80 Thread exited: 0x000002846cd05e80
Event: 30.475 Thread 0x00000284714bccc0 Thread exited: 0x00000284714bccc0
Event: 30.477 Thread 0x000002846e5d7270 Thread exited: 0x000002846e5d7270


Dynamic libraries:
0x00007ff75c910000 - 0x00007ff75c91e000 	c:\Users\Kadjo\.vscode\extensions\redhat.java-1.55.0-win32-x64\jre\21.0.11-win32-x86_64\bin\java.exe
0x00007ffe3be00000 - 0x00007ffe3c066000 	C:\WINDOWS\SYSTEM32\ntdll.dll
0x00007ffe3a2f0000 - 0x00007ffe3a3b9000 	C:\WINDOWS\System32\KERNEL32.DLL
0x00007ffe392a0000 - 0x00007ffe3969a000 	C:\WINDOWS\System32\KERNELBASE.dll
0x00007ffe39150000 - 0x00007ffe3929c000 	C:\WINDOWS\System32\ucrtbase.dll
0x00007ffe1d290000 - 0x00007ffe1d2a8000 	c:\Users\Kadjo\.vscode\extensions\redhat.java-1.55.0-win32-x64\jre\21.0.11-win32-x86_64\bin\jli.dll
0x00007ffe17fb0000 - 0x00007ffe17fce000 	c:\Users\Kadjo\.vscode\extensions\redhat.java-1.55.0-win32-x64\jre\21.0.11-win32-x86_64\bin\VCRUNTIME140.dll
0x00007ffe39b70000 - 0x00007ffe39d37000 	C:\WINDOWS\System32\USER32.dll
0x00007ffe39730000 - 0x00007ffe39757000 	C:\WINDOWS\System32\win32u.dll
0x00007ffe19410000 - 0x00007ffe196a2000 	C:\WINDOWS\WinSxS\amd64_microsoft.windows.common-controls_6595b64144ccf1df_6.0.26100.8521_none_3e08b75ce33403b3\COMCTL32.dll
0x00007ffe3ba80000 - 0x00007ffe3baab000 	C:\WINDOWS\System32\GDI32.dll
0x00007ffe3a5e0000 - 0x00007ffe3a689000 	C:\WINDOWS\System32\msvcrt.dll
0x00007ffe39a40000 - 0x00007ffe39b6b000 	C:\WINDOWS\System32\gdi32full.dll
0x00007ffe39990000 - 0x00007ffe39a33000 	C:\WINDOWS\System32\msvcp_win.dll
0x00007ffe3b9b0000 - 0x00007ffe3b9e2000 	C:\WINDOWS\System32\IMM32.DLL
0x00007ffe28a10000 - 0x00007ffe28a1c000 	c:\Users\Kadjo\.vscode\extensions\redhat.java-1.55.0-win32-x64\jre\21.0.11-win32-x86_64\bin\vcruntime140_1.dll
0x00007ffdf1790000 - 0x00007ffdf181d000 	c:\Users\Kadjo\.vscode\extensions\redhat.java-1.55.0-win32-x64\jre\21.0.11-win32-x86_64\bin\msvcp140.dll
0x00007ffda6340000 - 0x00007ffda70e2000 	c:\Users\Kadjo\.vscode\extensions\redhat.java-1.55.0-win32-x64\jre\21.0.11-win32-x86_64\bin\server\jvm.dll
0x00007ffe3a510000 - 0x00007ffe3a5c6000 	C:\WINDOWS\System32\ADVAPI32.dll
0x00007ffe3bb30000 - 0x00007ffe3bbda000 	C:\WINDOWS\System32\sechost.dll
0x00007ffe3a6a0000 - 0x00007ffe3a7b8000 	C:\WINDOWS\System32\RPCRT4.dll
0x00007ffe3b9f0000 - 0x00007ffe3ba70000 	C:\WINDOWS\System32\WS2_32.dll
0x00007ffe38ef0000 - 0x00007ffe38f4e000 	C:\WINDOWS\SYSTEM32\POWRPROF.dll
0x00007ffe2e7e0000 - 0x00007ffe2e816000 	C:\WINDOWS\SYSTEM32\WINMM.dll
0x00007ffe2e2e0000 - 0x00007ffe2e2eb000 	C:\WINDOWS\SYSTEM32\VERSION.dll
0x00007ffe38ed0000 - 0x00007ffe38ee4000 	C:\WINDOWS\SYSTEM32\UMPDC.dll
0x00007ffe37e20000 - 0x00007ffe37e3b000 	C:\WINDOWS\SYSTEM32\kernel.appcore.dll
0x00007ffe1d390000 - 0x00007ffe1d39a000 	c:\Users\Kadjo\.vscode\extensions\redhat.java-1.55.0-win32-x64\jre\21.0.11-win32-x86_64\bin\jimage.dll
0x00007ffe36730000 - 0x00007ffe36972000 	C:\WINDOWS\SYSTEM32\DBGHELP.DLL
0x00007ffe3a7c0000 - 0x00007ffe3ab43000 	C:\WINDOWS\System32\combase.dll
0x00007ffe3a420000 - 0x00007ffe3a4f9000 	C:\WINDOWS\System32\OLEAUT32.dll
0x00007ffe17400000 - 0x00007ffe1743b000 	C:\WINDOWS\SYSTEM32\dbgcore.DLL
0x00007ffe398e0000 - 0x00007ffe39988000 	C:\WINDOWS\System32\bcryptPrimitives.dll
0x00007ffe1bdb0000 - 0x00007ffe1bdbf000 	c:\Users\Kadjo\.vscode\extensions\redhat.java-1.55.0-win32-x64\jre\21.0.11-win32-x86_64\bin\instrument.dll
0x00007ffe16ff0000 - 0x00007ffe17010000 	c:\Users\Kadjo\.vscode\extensions\redhat.java-1.55.0-win32-x64\jre\21.0.11-win32-x86_64\bin\java.dll
0x00007ffe3afe0000 - 0x00007ffe3b764000 	C:\WINDOWS\System32\SHELL32.dll
0x00007ffe36c60000 - 0x00007ffe374e0000 	C:\WINDOWS\SYSTEM32\windows.storage.dll
0x00007ffe39e90000 - 0x00007ffe39f86000 	C:\WINDOWS\System32\SHCORE.dll
0x00007ffe3b940000 - 0x00007ffe3b9a7000 	C:\WINDOWS\System32\shlwapi.dll
0x00007ffe38fb0000 - 0x00007ffe38fd9000 	C:\WINDOWS\SYSTEM32\profapi.dll
0x00007ffe16870000 - 0x00007ffe16888000 	c:\Users\Kadjo\.vscode\extensions\redhat.java-1.55.0-win32-x64\jre\21.0.11-win32-x86_64\bin\zip.dll
0x00007ffe1bd60000 - 0x00007ffe1bd70000 	C:\Users\Kadjo\.vscode\extensions\redhat.java-1.55.0-win32-x64\jre\21.0.11-win32-x86_64\bin\net.dll
0x00007ffe27660000 - 0x00007ffe27789000 	C:\WINDOWS\SYSTEM32\WINHTTP.dll
0x00007ffe38390000 - 0x00007ffe383fc000 	C:\WINDOWS\system32\mswsock.dll
0x00007ffe15590000 - 0x00007ffe155a6000 	C:\Users\Kadjo\.vscode\extensions\redhat.java-1.55.0-win32-x64\jre\21.0.11-win32-x86_64\bin\nio.dll
0x00007ffe1bc30000 - 0x00007ffe1bc40000 	c:\Users\Kadjo\.vscode\extensions\redhat.java-1.55.0-win32-x64\jre\21.0.11-win32-x86_64\bin\verify.dll
0x00007ffe0b110000 - 0x00007ffe0b155000 	C:\Users\Kadjo\AppData\Roaming\Code\User\globalStorage\redhat.java\1.55.0\config_win\org.eclipse.equinox.launcher\org.eclipse.equinox.launcher.win32.win32.x86_64_1.3.100.v20260613-0559\eclipse_11924.dll
0x00007ffe39f90000 - 0x00007ffe3a128000 	C:\WINDOWS\System32\ole32.dll
0x00007ffe38670000 - 0x00007ffe3868b000 	C:\WINDOWS\SYSTEM32\CRYPTSP.dll
0x00007ffe37d80000 - 0x00007ffe37db9000 	C:\WINDOWS\system32\rsaenh.dll
0x00007ffe38440000 - 0x00007ffe38473000 	C:\WINDOWS\SYSTEM32\USERENV.dll
0x00007ffe38f80000 - 0x00007ffe38faa000 	C:\WINDOWS\SYSTEM32\bcrypt.dll
0x00007ffe38690000 - 0x00007ffe3869c000 	C:\WINDOWS\SYSTEM32\CRYPTBASE.dll
0x00007ffe37950000 - 0x00007ffe37983000 	C:\WINDOWS\SYSTEM32\IPHLPAPI.DLL
0x00007ffe39dd0000 - 0x00007ffe39dda000 	C:\WINDOWS\System32\NSI.dll
0x00007ffe12fa0000 - 0x00007ffe12fe9000 	C:\Users\Kadjo\AppData\Local\Temp\jna-72253299\jna4293928367669128694.dll
0x00007ffe3a500000 - 0x00007ffe3a508000 	C:\WINDOWS\System32\PSAPI.DLL
0x00007ffe27b90000 - 0x00007ffe27bad000 	C:\WINDOWS\SYSTEM32\dhcpcsvc6.DLL
0x00007ffe27b50000 - 0x00007ffe27b75000 	C:\WINDOWS\SYSTEM32\dhcpcsvc.DLL
0x00007ffe1ac00000 - 0x00007ffe1ac0e000 	C:\Users\Kadjo\.vscode\extensions\redhat.java-1.55.0-win32-x64\jre\21.0.11-win32-x86_64\bin\sunmscapi.dll
0x00007ffe39760000 - 0x00007ffe398d8000 	C:\WINDOWS\System32\CRYPT32.dll
0x00007ffe38890000 - 0x00007ffe388c0000 	C:\WINDOWS\SYSTEM32\ncrypt.dll
0x00007ffe38840000 - 0x00007ffe3887f000 	C:\WINDOWS\SYSTEM32\NTASN1.dll
0x00007ffe37990000 - 0x00007ffe37ada000 	C:\WINDOWS\SYSTEM32\DNSAPI.dll
0x00007ffe38190000 - 0x00007ffe3819d000 	C:\WINDOWS\SYSTEM32\DSPARSE.dll
0x00007ffe25f80000 - 0x00007ffe25f8b000 	C:\Windows\System32\rasadhlp.dll
0x00007ffe27e50000 - 0x00007ffe27ed6000 	C:\WINDOWS\System32\fwpuclnt.dll
0x00007ffe157f0000 - 0x00007ffe157f9000 	C:\Users\Kadjo\.vscode\extensions\redhat.java-1.55.0-win32-x64\jre\21.0.11-win32-x86_64\bin\extnet.dll
0x00007ffe25cd0000 - 0x00007ffe25cf7000 	C:\Users\Kadjo\.gradle\native\1def1411415f61bf3af743bc5b6707747c0891f09f0c88961ee8f79bc544acac\windows-amd64\native-platform.dll
0x00007ffe259d0000 - 0x00007ffe259da000 	C:\Users\Kadjo\.vscode\extensions\redhat.java-1.55.0-win32-x64\jre\21.0.11-win32-x86_64\bin\management.dll
0x00007ffe259c0000 - 0x00007ffe259cc000 	C:\Users\Kadjo\.vscode\extensions\redhat.java-1.55.0-win32-x64\jre\21.0.11-win32-x86_64\bin\management_ext.dll

JVMTI agents:
c:\Users\Kadjo\.vscode\extensions\redhat.java-1.55.0-win32-x64\lombok\lombok-1.18.39-4050.jar path:c:\Users\Kadjo\.vscode\extensions\redhat.java-1.55.0-win32-x64\jre\21.0.11-win32-x86_64\bin\instrument.dll, loaded, initialized, instrumentlib options:none

dbghelp: loaded successfully - version: 4.0.5 - missing functions: none
symbol engine: initialized successfully - sym options: 0x614 - pdb path: .;c:\Users\Kadjo\.vscode\extensions\redhat.java-1.55.0-win32-x64\jre\21.0.11-win32-x86_64\bin;C:\WINDOWS\SYSTEM32;C:\WINDOWS\WinSxS\amd64_microsoft.windows.common-controls_6595b64144ccf1df_6.0.26100.8521_none_3e08b75ce33403b3;c:\Users\Kadjo\.vscode\extensions\redhat.java-1.55.0-win32-x64\jre\21.0.11-win32-x86_64\bin\server;C:\Users\Kadjo\AppData\Roaming\Code\User\globalStorage\redhat.java\1.55.0\config_win\org.eclipse.equinox.launcher\org.eclipse.equinox.launcher.win32.win32.x86_64_1.3.100.v20260613-0559;C:\Users\Kadjo\AppData\Local\Temp\jna-72253299;C:\Users\Kadjo\.gradle\native\1def1411415f61bf3af743bc5b6707747c0891f09f0c88961ee8f79bc544acac\windows-amd64

VM Arguments:
jvm_args: --add-modules=ALL-SYSTEM --add-opens=java.base/java.util=ALL-UNNAMED --add-opens=java.base/java.lang=ALL-UNNAMED --add-opens=java.base/sun.nio.fs=ALL-UNNAMED -Declipse.application=org.eclipse.jdt.ls.core.id1 -Dosgi.bundles.defaultStartLevel=4 -Declipse.product=org.eclipse.jdt.ls.core.product -Djava.import.generatesMetadataFilesAtProjectRoot=false -DDetectVMInstallationsJob.disabled=true -Dfile.encoding=utf8 -XX:+UseParallelGC -XX:GCTimeRatio=4 -XX:AdaptiveSizePolicyWeight=90 -Dsun.zip.disableMemoryMapping=true -Xmx2G -Xms100m -Xlog:disable -javaagent:c:\Users\Kadjo\.vscode\extensions\redhat.java-1.55.0-win32-x64\lombok\lombok-1.18.39-4050.jar -XX:+HeapDumpOnOutOfMemoryError -XX:HeapDumpPath=c:\Users\Kadjo\AppData\Roaming\Code\User\workspaceStorage\6b8ec2b7aee18834d27a0683ca39a516\redhat.java -Daether.dependencyCollector.impl=bf 
java_command: c:\Users\Kadjo\.vscode\extensions\redhat.java-1.55.0-win32-x64\server\plugins\org.eclipse.equinox.launcher_1.7.200.v20260619-2039.jar -configuration c:\Users\Kadjo\AppData\Roaming\Code\User\globalStorage\redhat.java\1.55.0\config_win -data c:\Users\Kadjo\AppData\Roaming\Code\User\workspaceStorage\6b8ec2b7aee18834d27a0683ca39a516\redhat.java\jdt_ws --pipe=\\.\pipe\lsp-0a6d1ae5f69eb2cb62c2c4d3f05be51e-sock
java_class_path (initial): c:\Users\Kadjo\.vscode\extensions\redhat.java-1.55.0-win32-x64\server\plugins\org.eclipse.equinox.launcher_1.7.200.v20260619-2039.jar
Launcher Type: SUN_STANDARD

[Global flags]
    uintx AdaptiveSizePolicyWeight                 = 90                                        {product} {command line}
     intx CICompilerCount                          = 4                                         {product} {ergonomic}
    uintx GCTimeRatio                              = 4                                         {product} {command line}
     bool HeapDumpOnOutOfMemoryError               = true                                   {manageable} {command line}
    ccstr HeapDumpPath                             = c:\Users\Kadjo\AppData\Roaming\Code\User\workspaceStorage\6b8ec2b7aee18834d27a0683ca39a516\redhat.java         {manageable} {command line}
   size_t InitialHeapSize                          = 104857600                                 {product} {command line}
   size_t MaxHeapSize                              = 2147483648                                {product} {command line}
   size_t MaxNewSize                               = 715653120                                 {product} {ergonomic}
   size_t MinHeapDeltaBytes                        = 524288                                    {product} {ergonomic}
   size_t MinHeapSize                              = 104857600                                 {product} {command line}
   size_t NewSize                                  = 34603008                                  {product} {ergonomic}
    uintx NonNMethodCodeHeapSize                   = 5839372                                {pd product} {ergonomic}
    uintx NonProfiledCodeHeapSize                  = 122909434                              {pd product} {ergonomic}
   size_t OldSize                                  = 70254592                                  {product} {ergonomic}
    uintx ProfiledCodeHeapSize                     = 122909434                              {pd product} {ergonomic}
    uintx ReservedCodeCacheSize                    = 251658240                              {pd product} {ergonomic}
     bool SegmentedCodeCache                       = true                                      {product} {ergonomic}
   size_t SoftMaxHeapSize                          = 2147483648                             {manageable} {ergonomic}
     bool UseCompressedOops                        = true                           {product lp64_product} {ergonomic}
     bool UseLargePagesIndividualAllocation        = false                                  {pd product} {ergonomic}
     bool UseParallelGC                            = true                                      {product} {command line}

Logging:
Log output configuration:
 #0: stdout all=off uptime,level,tags foldmultilines=false
 #1: stderr all=off uptime,level,tags foldmultilines=false

Release file:
JAVA_VERSION="21.0.11" 
MODULES="java.base java.compiler java.datatransfer java.xml java.prefs java.desktop java.instrument java.logging java.management java.security.sasl java.naming java.rmi java.management.rmi java.net.http java.scripting java.security.jgss java.transaction.xa java.sql java.sql.rowset java.xml.crypto java.se java.smartcardio jdk.accessibility jdk.internal.jvmstat jdk.attach jdk.charsets jdk.internal.opt jdk.zipfs jdk.compiler jdk.crypto.ec jdk.crypto.cryptoki jdk.crypto.mscapi jdk.dynalink jdk.internal.ed jdk.editpad jdk.hotspot.agent jdk.httpserver jdk.internal.le jdk.internal.vm.ci jdk.internal.vm.compiler jdk.internal.vm.compiler.management jdk.jartool jdk.javadoc jdk.jcmd jdk.management jdk.management.agent jdk.jconsole jdk.jdeps jdk.jdwp.agent jdk.jdi jdk.jfr jdk.jshell jdk.jsobject jdk.jstatd jdk.localedata jdk.management.jfr jdk.naming.dns jdk.naming.rmi jdk.net jdk.nio.mapmode jdk.random jdk.sctp jdk.security.auth jdk.security.jgss jdk.unsupported jdk.unsupported.desktop jdk.xml.dom" 

Environment Variables:
JAVA_HOME=C:\Program Files\Java\jdk1.8.0_231\bin
PATH=C:\Program Files\Common Files\Oracle\Java\javapath;C:\Program Files (x86)\VMware\VMware Workstation\bin\;C:\Program Files (x86)\Common Files\Oracle\Java\javapath;C:\WINDOWS\system32;C:\WINDOWS;C:\WINDOWS\System32\Wbem;C:\WINDOWS\System32\WindowsPowerShell\v1.0\;C:\WINDOWS\System32\OpenSSH\;C:\Program Files\Git\cmd;C:\Program Files\Docker\Docker\resources\bin;C:\glassfish4\bin;C:\Program Files\Java\jdk-17\bin;C:\Program Files\Java\jdk1.8.0_231\bin;C:\Program Files\Odoo 14.0.20230215\PostgreSQL\lib\plperl.dll;C:\Program Files\apache-tomcat-9.0.83\bin;C:\Program Files (x86)\Bitvise SSH Client;C:\Users\Kadjo\AppData\Local\Android\Sdk\platform-tools;C:\flutter\flutter_windows_3.29.2-stable\flutter\bin;C:\Program Files\Java\jdk-17\bin;C:\Program Files (x86)\nodejs;C:\Program Files\MySQL\MySQL Shell 8.0\bin\;C:\Users\Kadjo\AppData\Local\Microsoft\WindowsApps;C:\Program Files\JetBrains\IntelliJ IDEA Community Edition 2022.1.1\bin;;C:\Program Files\Heroku\bin;C:\Users\Kadjo\AppData\Local\GitHubDesktop\bin;C:\ProgramData\Kadjo\GitHubDesktop\bin;C:\MinGW\bin;C:\Program Files\JetBrains\PyCharm Community Edition 2022.3.2\bin;;C:\OpenSSL\bin;C:\Applications\Atlassian\atlassian-plugin-sdk-8.2.7\bin;C:\Users\Kadjo\AppData\Roaming\npm;C:\Users\Kadjo\AppData\Local\Programs\Microsoft VS Code\bin;C:\Program Files\Odoo 14.0.20230215\PostgreSQL\lib\plperl.dll;C:\Program Files\apache-tomcat-9.0.83\bin;C:\Program Files (x86)\node-v20.19.4-win-x64;
USERNAME=Kadjo
OS=Windows_NT
PROCESSOR_IDENTIFIER=Intel64 Family 6 Model 140 Stepping 2, GenuineIntel
TMP=C:\Users\Kadjo\AppData\Local\Temp
TEMP=C:\Users\Kadjo\AppData\Local\Temp




Periodic native trim disabled

---------------  S Y S T E M  ---------------

OS:
 Windows 11 , 64 bit Build 26100 (10.0.26100.8521)
OS uptime: 14 days 19:43 hours
Hyper-V role detected

CPU: total 8 (initial active 8) (4 cores per cpu, 2 threads per core) family 6 model 140 stepping 2 microcode 0x22, cx8, cmov, fxsr, ht, mmx, 3dnowpref, sse, sse2, sse3, ssse3, sse4.1, sse4.2, popcnt, lzcnt, tsc, tscinvbit, avx, avx2, aes, erms, clmul, bmi1, bmi2, adx, avx512f, avx512dq, avx512cd, avx512bw, avx512vl, sha, fma, vzeroupper, avx512_vpopcntdq, avx512_vpclmulqdq, avx512_vaes, avx512_vnni, clflush, clflushopt, clwb, avx512_vbmi2, avx512_vbmi, hv, rdtscp, rdpid, fsrm, gfni, avx512_bitalg, f16c, cet_ibt, cet_ss, avx512_ifma
Processor Information for the first 8 processors :
  Max Mhz: 2496, Current Mhz: 2496, Mhz Limit: 2496

Memory: 4k page, system-wide physical 20247M (4072M free)
TotalPageFile size 22295M (AvailPageFile size 7M)
current process WorkingSet (physical memory assigned to process): 309M, peak: 310M
current process commit charge ("private bytes"): 396M, peak: 397M

vm_info: OpenJDK 64-Bit Server VM (21.0.11+10-LTS) for windows-amd64 JRE (21.0.11+10-LTS), built on 2026-04-21T00:00:00Z by "admin" with MS VC++ 17.12 (VS2022)

END.
