#
# There is insufficient memory for the Java Runtime Environment to continue.
# Native memory allocation (malloc) failed to allocate 1566576 bytes for Chunk::new
# Possible reasons:
#   The system is out of physical RAM or swap space
#   The process is running with CompressedOops enabled, and the Java Heap may be blocking the growth of the native heap
# Possible solutions:
#   Reduce memory load on the system
#   Increase physical memory or swap space
#   Check if swap backing store is full
#   Decrease Java heap size (-Xmx/-Xms)
#   Decrease number of Java threads
#   Decrease Java thread stack sizes (-Xss)
#   Set larger code cache with -XX:ReservedCodeCacheSize=
#   JVM is running with Unscaled Compressed Oops mode in which the Java heap is
#     placed in the first 4GB address space. The Java Heap base address is the
#     maximum limit for the native heap growth. Please use -XX:HeapBaseMinAddress
#     to set the Java Heap base and to place the Java Heap above 4GB virtual address.
# This output file may be truncated or incomplete.
#
#  Out of Memory Error (arena.cpp:189), pid=30948, tid=21820
#
# JRE version: Java(TM) SE Runtime Environment (17.0.7+8) (build 17.0.7+8-LTS-224)
# Java VM: Java HotSpot(TM) 64-Bit Server VM (17.0.7+8-LTS-224, mixed mode, sharing, tiered, compressed oops, compressed class ptrs, g1 gc, windows-amd64)
# No core dump will be written. Minidumps are not enabled by default on client versions of Windows
#

---------------  S U M M A R Y ------------

Command Line: --add-opens=java.base/java.lang=ALL-UNNAMED --add-opens=java.base/java.lang.invoke=ALL-UNNAMED --add-opens=java.base/java.util=ALL-UNNAMED --add-opens=java.prefs/java.util.prefs=ALL-UNNAMED --add-exports=jdk.compiler/com.sun.tools.javac.api=ALL-UNNAMED --add-exports=jdk.compiler/com.sun.tools.javac.util=ALL-UNNAMED --add-opens=java.base/java.util=ALL-UNNAMED --add-opens=java.prefs/java.util.prefs=ALL-UNNAMED --add-opens=java.base/java.nio.charset=ALL-UNNAMED --add-opens=java.base/java.net=ALL-UNNAMED --add-opens=java.base/java.util.concurrent.atomic=ALL-UNNAMED --add-opens=java.xml/javax.xml.namespace=ALL-UNNAMED -Xmx1536m -Dfile.encoding=UTF-8 -Duser.country=US -Duser.language=en -Duser.variant -javaagent:C:\Users\Kadjo\.gradle\wrapper\dists\gradle-8.14.3-all\10utluxaxniiv4wxiphsi49nj\gradle-8.14.3\lib\agents\gradle-instrumentation-agent-8.14.3.jar org.gradle.launcher.daemon.bootstrap.GradleDaemon 8.14.3

Host: 11th Gen Intel(R) Core(TM) i5-1155G7 @ 2.50GHz, 8 cores, 19G,  Windows 11 , 64 bit Build 26100 (10.0.26100.8521)
Time: Tue Jul  7 00:02:09 2026 W. Central Africa Standard Time elapsed time: 13.715963 seconds (0d 0h 0m 13s)

---------------  T H R E A D  ---------------

Current thread (0x0000021ba907ecb0):  JavaThread "C2 CompilerThread2" daemon [_thread_in_native, id=21820, stack(0x000000c134600000,0x000000c134700000)]


Current CompileTask:
C2:  13716 5291       4       org.gradle.internal.service.DefaultServiceRegistry$ParentServices::getService (12 bytes)

Stack: [0x000000c134600000,0x000000c134700000]
Native frames: (J=compiled Java code, j=interpreted, Vv=VM code, C=native code)
V  [jvm.dll+0x676a4a]
V  [jvm.dll+0x7d74f4]
V  [jvm.dll+0x7d8c9e]
V  [jvm.dll+0x7d9303]
V  [jvm.dll+0x2452c5]
V  [jvm.dll+0xaaa2b]
V  [jvm.dll+0xaafcc]
V  [jvm.dll+0x2aac2f]
V  [jvm.dll+0x57f375]
V  [jvm.dll+0x2205f2]
V  [jvm.dll+0x2209cf]
V  [jvm.dll+0x219926]
V  [jvm.dll+0x216df9]
V  [jvm.dll+0x1a35e0]
V  [jvm.dll+0x226a6e]
V  [jvm.dll+0x224e15]
V  [jvm.dll+0x78d05c]
V  [jvm.dll+0x78759a]
V  [jvm.dll+0x675875]
C  [ucrtbase.dll+0x2cd30]
C  [KERNEL32.DLL+0x2e957]
C  [ntdll.dll+0x87c1c]


---------------  P R O C E S S  ---------------

Threads class SMR info:
_java_thread_list=0x0000021bad0b30b0, length=44, elements={
0x0000021b8b235110, 0x0000021ba814bc50, 0x0000021ba814d370, 0x0000021ba815e200,
0x0000021ba815eac0, 0x0000021ba8c04580, 0x0000021ba8c05f40, 0x0000021ba8c08300,
0x0000021ba8c0a000, 0x0000021ba8c16140, 0x0000021ba81384e0, 0x0000021ba8d68300,
0x0000021baac714c0, 0x0000021baaca2100, 0x0000021ba9d590f0, 0x0000021baae4bb20,
0x0000021baae4d5d0, 0x0000021baafe4ed0, 0x0000021baafecaa0, 0x0000021bab02a580,
0x0000021bab02b3f0, 0x0000021bab02af20, 0x0000021bab02aa50, 0x0000021bab02b8c0,
0x0000021bab02bd90, 0x0000021bab0a2160, 0x0000021bab02c260, 0x0000021bab02c730,
0x0000021bab02cc00, 0x0000021bab029240, 0x0000021bab02a0b0, 0x0000021bab029be0,
0x0000021bae0ca060, 0x0000021bae0cb870, 0x0000021bae0cd550, 0x0000021bae0cd080,
0x0000021bae0ca530, 0x0000021bae0caed0, 0x0000021bae0cf700, 0x0000021bae0ced60,
0x0000021bae0cf230, 0x0000021bae0cdef0, 0x0000021bae0ccbb0, 0x0000021ba907ecb0
}

Java Threads: ( => current thread )
  0x0000021b8b235110 JavaThread "main" [_thread_blocked, id=31140, stack(0x000000c130b00000,0x000000c130c00000)]
  0x0000021ba814bc50 JavaThread "Reference Handler" daemon [_thread_blocked, id=24160, stack(0x000000c131200000,0x000000c131300000)]
  0x0000021ba814d370 JavaThread "Finalizer" daemon [_thread_blocked, id=22176, stack(0x000000c131300000,0x000000c131400000)]
  0x0000021ba815e200 JavaThread "Signal Dispatcher" daemon [_thread_blocked, id=30744, stack(0x000000c131400000,0x000000c131500000)]
  0x0000021ba815eac0 JavaThread "Attach Listener" daemon [_thread_blocked, id=23564, stack(0x000000c131500000,0x000000c131600000)]
  0x0000021ba8c04580 JavaThread "Service Thread" daemon [_thread_blocked, id=30728, stack(0x000000c131600000,0x000000c131700000)]
  0x0000021ba8c05f40 JavaThread "Monitor Deflation Thread" daemon [_thread_blocked, id=30912, stack(0x000000c131700000,0x000000c131800000)]
  0x0000021ba8c08300 JavaThread "C2 CompilerThread0" daemon [_thread_in_native, id=15568, stack(0x000000c131800000,0x000000c131900000)]
  0x0000021ba8c0a000 JavaThread "C1 CompilerThread0" daemon [_thread_blocked, id=30724, stack(0x000000c131900000,0x000000c131a00000)]
  0x0000021ba8c16140 JavaThread "Sweeper thread" daemon [_thread_blocked, id=25592, stack(0x000000c131a00000,0x000000c131b00000)]
  0x0000021ba81384e0 JavaThread "Common-Cleaner" daemon [_thread_blocked, id=30844, stack(0x000000c131b00000,0x000000c131c00000)]
  0x0000021ba8d68300 JavaThread "Notification Thread" daemon [_thread_blocked, id=5496, stack(0x000000c131c00000,0x000000c131d00000)]
  0x0000021baac714c0 JavaThread "Daemon health stats" [_thread_blocked, id=15000, stack(0x000000c131f00000,0x000000c132000000)]
  0x0000021baaca2100 JavaThread "Incoming local TCP Connector on port 62334" [_thread_in_native, id=31264, stack(0x000000c131e00000,0x000000c131f00000)]
  0x0000021ba9d590f0 JavaThread "Daemon periodic checks" [_thread_blocked, id=27876, stack(0x000000c132700000,0x000000c132800000)]
  0x0000021baae4bb20 JavaThread "Daemon" [_thread_blocked, id=23844, stack(0x000000c132900000,0x000000c132a00000)]
  0x0000021baae4d5d0 JavaThread "Handler for socket connection from /127.0.0.1:62334 to /127.0.0.1:62336" [_thread_in_native, id=11948, stack(0x000000c132a00000,0x000000c132b00000)]
  0x0000021baafe4ed0 JavaThread "Cancel handler" [_thread_blocked, id=29868, stack(0x000000c132b00000,0x000000c132c00000)]
  0x0000021baafecaa0 JavaThread "Daemon worker" [_thread_in_native, id=20588, stack(0x000000c132c00000,0x000000c132d00000)]
  0x0000021bab02a580 JavaThread "Asynchronous log dispatcher for DefaultDaemonConnection: socket connection from /127.0.0.1:62334 to /127.0.0.1:62336" [_thread_blocked, id=15820, stack(0x000000c132d00000,0x000000c132e00000)]
  0x0000021bab02b3f0 JavaThread "Stdin handler" [_thread_blocked, id=31288, stack(0x000000c132e00000,0x000000c132f00000)]
  0x0000021bab02af20 JavaThread "Daemon client event forwarder" [_thread_blocked, id=31256, stack(0x000000c132f00000,0x000000c133000000)]
  0x0000021bab02aa50 JavaThread "Cache worker for journal cache (C:\Users\Kadjo\.gradle\caches\journal-1)" [_thread_blocked, id=29068, stack(0x000000c133000000,0x000000c133100000)]
  0x0000021bab02b8c0 JavaThread "File lock request listener" [_thread_in_native, id=19528, stack(0x000000c133100000,0x000000c133200000)]
  0x0000021bab02bd90 JavaThread "Cache worker for file hash cache (C:\Users\Kadjo\.gradle\caches\8.14.3\fileHashes)" [_thread_blocked, id=26544, stack(0x000000c133200000,0x000000c133300000)]
  0x0000021bab0a2160 JavaThread "C2 CompilerThread1" daemon [_thread_in_native, id=11740, stack(0x000000c132800000,0x000000c132900000)]
  0x0000021bab02c260 JavaThread "Cache worker for file hash cache (C:\Users\Kadjo\Documents\GitHub\Sante20\android\.gradle\8.14.3\fileHashes)" [_thread_blocked, id=31520, stack(0x000000c133300000,0x000000c133400000)]
  0x0000021bab02c730 JavaThread "Cache worker for Build Output Cleanup Cache (C:\Users\Kadjo\Documents\GitHub\Sante20\android\.gradle\buildOutputCleanup)" [_thread_blocked, id=30972, stack(0x000000c133400000,0x000000c133500000)]
  0x0000021bab02cc00 JavaThread "File watcher server" daemon [_thread_in_native, id=24392, stack(0x000000c133700000,0x000000c133800000)]
  0x0000021bab029240 JavaThread "File watcher consumer" daemon [_thread_blocked, id=29024, stack(0x000000c133800000,0x000000c133900000)]
  0x0000021bab02a0b0 JavaThread "jar transforms" [_thread_blocked, id=28472, stack(0x000000c133900000,0x000000c133a00000)]
  0x0000021bab029be0 JavaThread "jar transforms Thread 2" [_thread_blocked, id=31088, stack(0x000000c133a00000,0x000000c133b00000)]
  0x0000021bae0ca060 JavaThread "jar transforms Thread 3" [_thread_blocked, id=6844, stack(0x000000c133b00000,0x000000c133c00000)]
  0x0000021bae0cb870 JavaThread "jar transforms Thread 4" [_thread_blocked, id=20908, stack(0x000000c133d00000,0x000000c133e00000)]
  0x0000021bae0cd550 JavaThread "jar transforms Thread 5" [_thread_blocked, id=18548, stack(0x000000c133e00000,0x000000c133f00000)]
  0x0000021bae0cd080 JavaThread "Cache worker for checksums cache (C:\Users\Kadjo\Documents\GitHub\Sante20\android\.gradle\8.14.3\checksums)" [_thread_blocked, id=26584, stack(0x000000c133f00000,0x000000c134000000)]
  0x0000021bae0ca530 JavaThread "Cache worker for file content cache (C:\Users\Kadjo\.gradle\caches\8.14.3\fileContent)" [_thread_blocked, id=15220, stack(0x000000c134000000,0x000000c134100000)]
  0x0000021bae0caed0 JavaThread "jar transforms Thread 6" [_thread_blocked, id=23816, stack(0x000000c134100000,0x000000c134200000)]
  0x0000021bae0cf700 JavaThread "jar transforms Thread 7" [_thread_blocked, id=26104, stack(0x000000c134200000,0x000000c134300000)]
  0x0000021bae0ced60 JavaThread "jar transforms Thread 8" [_thread_blocked, id=20152, stack(0x000000c134300000,0x000000c134400000)]
  0x0000021bae0cf230 JavaThread "Cache worker for cache directory md-supplier (C:\Users\Kadjo\.gradle\caches\8.14.3\md-supplier)" [_thread_blocked, id=8596, stack(0x000000c133c00000,0x000000c133d00000)]
  0x0000021bae0cdef0 JavaThread "Cache worker for cache directory md-rule (C:\Users\Kadjo\.gradle\caches\8.14.3\md-rule)" [_thread_blocked, id=14888, stack(0x000000c134400000,0x000000c134500000)]
  0x0000021bae0ccbb0 JavaThread "Problems report writer" [_thread_blocked, id=29796, stack(0x000000c134500000,0x000000c134600000)]
=>0x0000021ba907ecb0 JavaThread "C2 CompilerThread2" daemon [_thread_in_native, id=21820, stack(0x000000c134600000,0x000000c134700000)]

Other Threads:
  0x0000021ba8145210 VMThread "VM Thread" [stack: 0x000000c131100000,0x000000c131200000] [id=30796]
  0x0000021b8b235cc0 WatcherThread [stack: 0x000000c131d00000,0x000000c131e00000] [id=29152]
  0x0000021b8b280870 GCTaskThread "GC Thread#0" [stack: 0x000000c130c00000,0x000000c130d00000] [id=30780]
  0x0000021ba905ce20 GCTaskThread "GC Thread#1" [stack: 0x000000c132000000,0x000000c132100000] [id=30152]
  0x0000021ba90527b0 GCTaskThread "GC Thread#2" [stack: 0x000000c132100000,0x000000c132200000] [id=25240]
  0x0000021ba9052a60 GCTaskThread "GC Thread#3" [stack: 0x000000c132200000,0x000000c132300000] [id=14344]
  0x0000021ba8ff3280 GCTaskThread "GC Thread#4" [stack: 0x000000c132300000,0x000000c132400000] [id=31448]
  0x0000021ba8ff3930 GCTaskThread "GC Thread#5" [stack: 0x000000c132400000,0x000000c132500000] [id=31452]
  0x0000021ba94473e0 GCTaskThread "GC Thread#6" [stack: 0x000000c132500000,0x000000c132600000] [id=31404]
  0x0000021baaa6c4a0 GCTaskThread "GC Thread#7" [stack: 0x000000c133500000,0x000000c133600000] [id=31484]
  0x0000021b8b28d6d0 ConcurrentGCThread "G1 Main Marker" [stack: 0x000000c130d00000,0x000000c130e00000] [id=28080]
  0x0000021b8b28df80 ConcurrentGCThread "G1 Conc#0" [stack: 0x000000c130e00000,0x000000c130f00000] [id=5248]
  0x0000021baaa6dcd0 ConcurrentGCThread "G1 Conc#1" [stack: 0x000000c133600000,0x000000c133700000] [id=31132]
  0x0000021b8b2fe3d0 ConcurrentGCThread "G1 Refine#0" [stack: 0x000000c130f00000,0x000000c131000000] [id=4556]
  0x0000021ba9379650 ConcurrentGCThread "G1 Refine#1" [stack: 0x000000c132600000,0x000000c132700000] [id=31680]
  0x0000021b8b2fec90 ConcurrentGCThread "G1 Service" [stack: 0x000000c131000000,0x000000c131100000] [id=30840]

Threads with active compile tasks:
C2 CompilerThread0    13734 5474       4       java.lang.PublicMethods::merge (81 bytes)
C2 CompilerThread1    13735 4917       4       org.gradle.internal.service.DefaultServiceRegistry$OwnServices::getService (317 bytes)
C2 CompilerThread2    13735 5291       4       org.gradle.internal.service.DefaultServiceRegistry$ParentServices::getService (12 bytes)

VM state: not at safepoint (normal execution)

VM Mutex/Monitor currently owned by a thread: None

Heap address: 0x00000000a0000000, size: 1536 MB, Compressed Oops mode: 32-bit

CDS archive(s) mapped at: [0x0000000800000000-0x0000000800bd0000-0x0000000800bd0000), size 12386304, SharedBaseAddress: 0x0000000800000000, ArchiveRelocationMode: 0.
Compressed class space mapped at: 0x0000000800c00000-0x0000000840c00000, reserved size: 1073741824
Narrow klass base: 0x0000000800000000, Narrow klass shift: 0, Narrow klass range: 0x100000000

GC Precious Log:
 CPUs: 8 total, 8 available
 Memory: 20247M
 Large Page Support: Disabled
 NUMA Support: Disabled
 Compressed Oops: Enabled (32-bit)
 Heap Region Size: 1M
 Heap Min Capacity: 8M
 Heap Initial Capacity: 318M
 Heap Max Capacity: 1536M
 Pre-touch: Disabled
 Parallel Workers: 8
 Concurrent Workers: 2
 Concurrent Refinement Workers: 8
 Periodic GC: Disabled

Heap:
 garbage-first heap   total 86016K, used 52582K [0x00000000a0000000, 0x0000000100000000)
  region size 1024K, 17 young (17408K), 5 survivors (5120K)
 Metaspace       used 45351K, committed 45952K, reserved 1089536K
  class space    used 6202K, committed 6464K, reserved 1048576K

Heap Regions: E=young(eden), S=young(survivor), O=old, HS=humongous(starts), HC=humongous(continues), CS=collection set, F=free, OA=open archive, CA=closed archive, TAMS=top-at-mark-start (previous, next)
|   0|0x00000000a0000000, 0x00000000a0100000, 0x00000000a0100000|100%|HS|  |TAMS 0x00000000a0100000, 0x00000000a0000000| Complete 
|   1|0x00000000a0100000, 0x00000000a0200000, 0x00000000a0200000|100%|HC|  |TAMS 0x00000000a0200000, 0x00000000a0100000| Complete 
|   2|0x00000000a0200000, 0x00000000a0300000, 0x00000000a0300000|100%|HC|  |TAMS 0x00000000a0300000, 0x00000000a0200000| Complete 
|   3|0x00000000a0300000, 0x00000000a0400000, 0x00000000a0400000|100%| O|  |TAMS 0x00000000a0400000, 0x00000000a0300000| Untracked 
|   4|0x00000000a0400000, 0x00000000a0500000, 0x00000000a0500000|100%| O|  |TAMS 0x00000000a0500000, 0x00000000a0400000| Untracked 
|   5|0x00000000a0500000, 0x00000000a0600000, 0x00000000a0600000|100%| O|  |TAMS 0x00000000a0600000, 0x00000000a0500000| Untracked 
|   6|0x00000000a0600000, 0x00000000a0700000, 0x00000000a0700000|100%| O|  |TAMS 0x00000000a0700000, 0x00000000a0600000| Untracked 
|   7|0x00000000a0700000, 0x00000000a0800000, 0x00000000a0800000|100%|HS|  |TAMS 0x00000000a0800000, 0x00000000a0700000| Complete 
|   8|0x00000000a0800000, 0x00000000a0900000, 0x00000000a0900000|100%| O|  |TAMS 0x00000000a0900000, 0x00000000a0800000| Untracked 
|   9|0x00000000a0900000, 0x00000000a0a00000, 0x00000000a0a00000|100%| O|  |TAMS 0x00000000a0a00000, 0x00000000a0900000| Untracked 
|  10|0x00000000a0a00000, 0x00000000a0b00000, 0x00000000a0b00000|100%| O|  |TAMS 0x00000000a0b00000, 0x00000000a0a00000| Untracked 
|  11|0x00000000a0b00000, 0x00000000a0c00000, 0x00000000a0c00000|100%| O|  |TAMS 0x00000000a0c00000, 0x00000000a0b00000| Untracked 
|  12|0x00000000a0c00000, 0x00000000a0cece00, 0x00000000a0d00000| 92%| O|  |TAMS 0x00000000a0cece00, 0x00000000a0c00000| Untracked 
|  13|0x00000000a0d00000, 0x00000000a0e00000, 0x00000000a0e00000|100%| O|  |TAMS 0x00000000a0e00000, 0x00000000a0d00000| Untracked 
|  14|0x00000000a0e00000, 0x00000000a0f00000, 0x00000000a0f00000|100%| O|  |TAMS 0x00000000a0f00000, 0x00000000a0e00000| Untracked 
|  15|0x00000000a0f00000, 0x00000000a1000000, 0x00000000a1000000|100%| O|  |TAMS 0x00000000a1000000, 0x00000000a0f00000| Untracked 
|  16|0x00000000a1000000, 0x00000000a1100000, 0x00000000a1100000|100%| O|  |TAMS 0x00000000a1100000, 0x00000000a1000000| Untracked 
|  17|0x00000000a1100000, 0x00000000a1200000, 0x00000000a1200000|100%| O|  |TAMS 0x00000000a1200000, 0x00000000a1100000| Untracked 
|  18|0x00000000a1200000, 0x00000000a1300000, 0x00000000a1300000|100%| O|  |TAMS 0x00000000a1300000, 0x00000000a1200000| Untracked 
|  19|0x00000000a1300000, 0x00000000a1400000, 0x00000000a1400000|100%| O|  |TAMS 0x00000000a1400000, 0x00000000a1300000| Untracked 
|  20|0x00000000a1400000, 0x00000000a1500000, 0x00000000a1500000|100%| O|  |TAMS 0x00000000a1500000, 0x00000000a1400000| Untracked 
|  21|0x00000000a1500000, 0x00000000a1600000, 0x00000000a1600000|100%| O|  |TAMS 0x00000000a1600000, 0x00000000a1500000| Untracked 
|  22|0x00000000a1600000, 0x00000000a1700000, 0x00000000a1700000|100%| O|  |TAMS 0x00000000a1700000, 0x00000000a1600000| Untracked 
|  23|0x00000000a1700000, 0x00000000a1800000, 0x00000000a1800000|100%| O|  |TAMS 0x00000000a1800000, 0x00000000a1700000| Untracked 
|  24|0x00000000a1800000, 0x00000000a1900000, 0x00000000a1900000|100%| O|  |TAMS 0x00000000a1900000, 0x00000000a1800000| Untracked 
|  25|0x00000000a1900000, 0x00000000a1a00000, 0x00000000a1a00000|100%| O|  |TAMS 0x00000000a1a00000, 0x00000000a1900000| Untracked 
|  26|0x00000000a1a00000, 0x00000000a1b00000, 0x00000000a1b00000|100%| O|  |TAMS 0x00000000a1b00000, 0x00000000a1a00000| Untracked 
|  27|0x00000000a1b00000, 0x00000000a1c00000, 0x00000000a1c00000|100%| O|  |TAMS 0x00000000a1c00000, 0x00000000a1b00000| Untracked 
|  28|0x00000000a1c00000, 0x00000000a1d00000, 0x00000000a1d00000|100%| O|  |TAMS 0x00000000a1d00000, 0x00000000a1c00000| Untracked 
|  29|0x00000000a1d00000, 0x00000000a1e00000, 0x00000000a1e00000|100%| O|  |TAMS 0x00000000a1d1ee00, 0x00000000a1d00000| Untracked 
|  30|0x00000000a1e00000, 0x00000000a1f00000, 0x00000000a1f00000|100%| O|  |TAMS 0x00000000a1e00000, 0x00000000a1e00000| Untracked 
|  31|0x00000000a1f00000, 0x00000000a2000000, 0x00000000a2000000|100%| O|  |TAMS 0x00000000a1f00000, 0x00000000a1f00000| Untracked 
|  32|0x00000000a2000000, 0x00000000a2100000, 0x00000000a2100000|100%| O|  |TAMS 0x00000000a2000000, 0x00000000a2000000| Untracked 
|  33|0x00000000a2100000, 0x00000000a2155600, 0x00000000a2200000| 33%| O|  |TAMS 0x00000000a2100000, 0x00000000a2100000| Untracked 
|  34|0x00000000a2200000, 0x00000000a2300000, 0x00000000a2300000|100%|HS|  |TAMS 0x00000000a2200000, 0x00000000a2200000| Complete 
|  35|0x00000000a2300000, 0x00000000a2400000, 0x00000000a2400000|100%| O|  |TAMS 0x00000000a2300000, 0x00000000a2300000| Untracked 
|  36|0x00000000a2400000, 0x00000000a2500000, 0x00000000a2500000|100%| O|  |TAMS 0x00000000a2400000, 0x00000000a2400000| Untracked 
|  37|0x00000000a2500000, 0x00000000a2600000, 0x00000000a2600000|100%|HS|  |TAMS 0x00000000a2500000, 0x00000000a2500000| Complete 
|  38|0x00000000a2600000, 0x00000000a2600000, 0x00000000a2700000|  0%| F|  |TAMS 0x00000000a2600000, 0x00000000a2600000| Untracked 
|  39|0x00000000a2700000, 0x00000000a2700000, 0x00000000a2800000|  0%| F|  |TAMS 0x00000000a2700000, 0x00000000a2700000| Untracked 
|  40|0x00000000a2800000, 0x00000000a2800000, 0x00000000a2900000|  0%| F|  |TAMS 0x00000000a2800000, 0x00000000a2800000| Untracked 
|  41|0x00000000a2900000, 0x00000000a2900000, 0x00000000a2a00000|  0%| F|  |TAMS 0x00000000a2900000, 0x00000000a2900000| Untracked 
|  42|0x00000000a2a00000, 0x00000000a2a00000, 0x00000000a2b00000|  0%| F|  |TAMS 0x00000000a2a00000, 0x00000000a2a00000| Untracked 
|  43|0x00000000a2b00000, 0x00000000a2b00000, 0x00000000a2c00000|  0%| F|  |TAMS 0x00000000a2b00000, 0x00000000a2b00000| Untracked 
|  44|0x00000000a2c00000, 0x00000000a2c00000, 0x00000000a2d00000|  0%| F|  |TAMS 0x00000000a2c00000, 0x00000000a2c00000| Untracked 
|  45|0x00000000a2d00000, 0x00000000a2d00000, 0x00000000a2e00000|  0%| F|  |TAMS 0x00000000a2d00000, 0x00000000a2d00000| Untracked 
|  46|0x00000000a2e00000, 0x00000000a2e00000, 0x00000000a2f00000|  0%| F|  |TAMS 0x00000000a2e00000, 0x00000000a2e00000| Untracked 
|  47|0x00000000a2f00000, 0x00000000a2f00000, 0x00000000a3000000|  0%| F|  |TAMS 0x00000000a2f00000, 0x00000000a2f00000| Untracked 
|  48|0x00000000a3000000, 0x00000000a30174f0, 0x00000000a3100000|  9%| S|CS|TAMS 0x00000000a3000000, 0x00000000a3000000| Complete 
|  49|0x00000000a3100000, 0x00000000a3200000, 0x00000000a3200000|100%| S|CS|TAMS 0x00000000a3100000, 0x00000000a3100000| Complete 
|  50|0x00000000a3200000, 0x00000000a3300000, 0x00000000a3300000|100%| S|CS|TAMS 0x00000000a3200000, 0x00000000a3200000| Complete 
|  51|0x00000000a3300000, 0x00000000a3400000, 0x00000000a3400000|100%| S|CS|TAMS 0x00000000a3300000, 0x00000000a3300000| Complete 
|  52|0x00000000a3400000, 0x00000000a3400000, 0x00000000a3500000|  0%| F|  |TAMS 0x00000000a3400000, 0x00000000a3400000| Untracked 
|  53|0x00000000a3500000, 0x00000000a3500000, 0x00000000a3600000|  0%| F|  |TAMS 0x00000000a3500000, 0x00000000a3500000| Untracked 
|  54|0x00000000a3600000, 0x00000000a3700000, 0x00000000a3700000|100%| S|CS|TAMS 0x00000000a3600000, 0x00000000a3600000| Complete 
|  55|0x00000000a3700000, 0x00000000a3700000, 0x00000000a3800000|  0%| F|  |TAMS 0x00000000a3700000, 0x00000000a3700000| Untracked 
|  56|0x00000000a3800000, 0x00000000a3800000, 0x00000000a3900000|  0%| F|  |TAMS 0x00000000a3800000, 0x00000000a3800000| Untracked 
|  57|0x00000000a3900000, 0x00000000a3900000, 0x00000000a3a00000|  0%| F|  |TAMS 0x00000000a3900000, 0x00000000a3900000| Untracked 
|  58|0x00000000a3a00000, 0x00000000a3a00000, 0x00000000a3b00000|  0%| F|  |TAMS 0x00000000a3a00000, 0x00000000a3a00000| Untracked 
|  59|0x00000000a3b00000, 0x00000000a3b00000, 0x00000000a3c00000|  0%| F|  |TAMS 0x00000000a3b00000, 0x00000000a3b00000| Untracked 
|  60|0x00000000a3c00000, 0x00000000a3c00000, 0x00000000a3d00000|  0%| F|  |TAMS 0x00000000a3c00000, 0x00000000a3c00000| Untracked 
|  61|0x00000000a3d00000, 0x00000000a3d00000, 0x00000000a3e00000|  0%| F|  |TAMS 0x00000000a3d00000, 0x00000000a3d00000| Untracked 
|  62|0x00000000a3e00000, 0x00000000a3e00000, 0x00000000a3f00000|  0%| F|  |TAMS 0x00000000a3e00000, 0x00000000a3e00000| Untracked 
|  63|0x00000000a3f00000, 0x00000000a3f00000, 0x00000000a4000000|  0%| F|  |TAMS 0x00000000a3f00000, 0x00000000a3f00000| Untracked 
|  64|0x00000000a4000000, 0x00000000a4000000, 0x00000000a4100000|  0%| F|  |TAMS 0x00000000a4000000, 0x00000000a4000000| Untracked 
|  65|0x00000000a4100000, 0x00000000a4100000, 0x00000000a4200000|  0%| F|  |TAMS 0x00000000a4100000, 0x00000000a4100000| Untracked 
|  66|0x00000000a4200000, 0x00000000a4200000, 0x00000000a4300000|  0%| F|  |TAMS 0x00000000a4200000, 0x00000000a4200000| Untracked 
|  67|0x00000000a4300000, 0x00000000a4300000, 0x00000000a4400000|  0%| F|  |TAMS 0x00000000a4300000, 0x00000000a4300000| Untracked 
|  68|0x00000000a4400000, 0x00000000a4400000, 0x00000000a4500000|  0%| F|  |TAMS 0x00000000a4400000, 0x00000000a4400000| Untracked 
|  69|0x00000000a4500000, 0x00000000a4500000, 0x00000000a4600000|  0%| F|  |TAMS 0x00000000a4500000, 0x00000000a4500000| Untracked 
|  70|0x00000000a4600000, 0x00000000a4600000, 0x00000000a4700000|  0%| F|  |TAMS 0x00000000a4600000, 0x00000000a4600000| Untracked 
| 195|0x00000000ac300000, 0x00000000ac300000, 0x00000000ac400000|  0%| F|  |TAMS 0x00000000ac300000, 0x00000000ac300000| Untracked 
| 196|0x00000000ac400000, 0x00000000ac404020, 0x00000000ac500000| 51%| E|  |TAMS 0x00000000ac400000, 0x00000000ac400000| Complete 
| 197|0x00000000ac500000, 0x00000000ac600000, 0x00000000ac600000|100%| E|CS|TAMS 0x00000000ac500000, 0x00000000ac500000| Complete 
| 198|0x00000000ac600000, 0x00000000ac700000, 0x00000000ac700000|100%| E|CS|TAMS 0x00000000ac600000, 0x00000000ac600000| Complete 
| 199|0x00000000ac700000, 0x00000000ac800000, 0x00000000ac800000|100%| E|CS|TAMS 0x00000000ac700000, 0x00000000ac700000| Complete 
| 200|0x00000000ac800000, 0x00000000ac900000, 0x00000000ac900000|100%| E|CS|TAMS 0x00000000ac800000, 0x00000000ac800000| Complete 
| 201|0x00000000ac900000, 0x00000000aca00000, 0x00000000aca00000|100%| E|CS|TAMS 0x00000000ac900000, 0x00000000ac900000| Complete 
| 202|0x00000000aca00000, 0x00000000acb00000, 0x00000000acb00000|100%| E|CS|TAMS 0x00000000aca00000, 0x00000000aca00000| Complete 
| 203|0x00000000acb00000, 0x00000000acc00000, 0x00000000acc00000|100%| E|CS|TAMS 0x00000000acb00000, 0x00000000acb00000| Complete 
| 204|0x00000000acc00000, 0x00000000acd00000, 0x00000000acd00000|100%| E|CS|TAMS 0x00000000acc00000, 0x00000000acc00000| Complete 
| 205|0x00000000acd00000, 0x00000000ace00000, 0x00000000ace00000|100%| E|  |TAMS 0x00000000acd00000, 0x00000000acd00000| Complete 
| 206|0x00000000ace00000, 0x00000000acf00000, 0x00000000acf00000|100%| E|CS|TAMS 0x00000000ace00000, 0x00000000ace00000| Complete 
| 317|0x00000000b3d00000, 0x00000000b3e00000, 0x00000000b3e00000|100%| E|CS|TAMS 0x00000000b3d00000, 0x00000000b3d00000| Complete 

Card table byte_map: [0x0000021ba20e0000,0x0000021ba23e0000] _byte_map_base: 0x0000021ba1be0000

Marking Bits (Prev, Next): (CMBitMap*) 0x0000021b8b280d20, (CMBitMap*) 0x0000021b8b280d60
 Prev Bits: [0x0000021ba26e0000, 0x0000021ba3ee0000)
 Next Bits: [0x0000021ba3ee0000, 0x0000021ba56e0000)

Polling page: 0x0000021b89430000

Metaspace:

Usage:
  Non-class:     38.24 MB used.
      Class:      6.06 MB used.
       Both:     44.29 MB used.

Virtual space:
  Non-class space:       40.00 MB reserved,      38.56 MB ( 96%) committed,  5 nodes.
      Class space:        1.00 GB reserved,       6.31 MB ( <1%) committed,  1 nodes.
             Both:        1.04 GB reserved,      44.88 MB (  4%) committed. 

Chunk freelists:
   Non-Class:  1.09 MB
       Class:  1.64 MB
        Both:  2.74 MB

MaxMetaspaceSize: unlimited
CompressedClassSpaceSize: 1.00 GB
Initial GC threshold: 21.00 MB
Current GC threshold: 58.75 MB
CDS: on
MetaspaceReclaimPolicy: balanced
 - commit_granule_bytes: 65536.
 - commit_granule_words: 8192.
 - virtual_space_node_default_size: 1048576.
 - enlarge_chunks_in_place: 1.
 - new_chunks_are_fully_committed: 0.
 - uncommit_free_chunks: 1.
 - use_allocation_guard: 0.
 - handle_deallocations: 1.


Internal statistics:

num_allocs_failed_limit: 6.
num_arena_births: 586.
num_arena_deaths: 0.
num_vsnodes_births: 6.
num_vsnodes_deaths: 0.
num_space_committed: 718.
num_space_uncommitted: 0.
num_chunks_returned_to_freelist: 6.
num_chunks_taken_from_freelist: 2374.
num_chunk_merges: 6.
num_chunk_splits: 1530.
num_chunks_enlarged: 1017.
num_purges: 0.
num_inconsistent_stats: 0.

CodeHeap 'non-profiled nmethods': size=120000Kb used=2735Kb max_used=3239Kb free=117264Kb
 bounds [0x0000021b9a580000, 0x0000021b9a8b0000, 0x0000021ba1ab0000]
CodeHeap 'profiled nmethods': size=120000Kb used=9496Kb max_used=9777Kb free=110503Kb
 bounds [0x0000021b92ab0000, 0x0000021b93460000, 0x0000021b99fe0000]
CodeHeap 'non-nmethods': size=5760Kb used=2323Kb max_used=2373Kb free=3436Kb
 bounds [0x0000021b99fe0000, 0x0000021b9a250000, 0x0000021b9a580000]
 total_blobs=5539 nmethods=4716 adapters=735
 compilation: enabled
              stopped_count=0, restarted_count=0
 full_count=0

Compilation events (20 events):
Event: 12.673 Thread 0x0000021ba8c0a000 5477       3       org.codehaus.groovy.util.FastArray::get (7 bytes)
Event: 12.673 Thread 0x0000021ba8c0a000 nmethod 5477 0x0000021b92abd110 code [0x0000021b92abd2a0, 0x0000021b92abd3d8]
Event: 12.680 Thread 0x0000021ba8c0a000 5479       3       sun.reflect.generics.parser.SignatureParser::parseTypeVariableSignature (95 bytes)
Event: 12.681 Thread 0x0000021ba8c0a000 nmethod 5479 0x0000021b92c66d10 code [0x0000021b92c66fe0, 0x0000021b92c67ae8]
Event: 12.681 Thread 0x0000021ba8c0a000 5480       3       sun.reflect.generics.scope.AbstractScope::lookup (66 bytes)
Event: 12.682 Thread 0x0000021ba8c0a000 nmethod 5480 0x0000021b92b0a690 code [0x0000021b92b0a8a0, 0x0000021b92b0b0a8]
Event: 12.682 Thread 0x0000021ba8c0a000 5481   !   3       java.beans.PropertyDescriptor::findPropertyType (145 bytes)
Event: 12.687 Thread 0x0000021ba8c0a000 nmethod 5481 0x0000021b92b33290 code [0x0000021b92b338c0, 0x0000021b92b36d28]
Event: 12.687 Thread 0x0000021ba8c0a000 5483       3       sun.reflect.generics.tree.TypeVariableSignature::accept (8 bytes)
Event: 12.688 Thread 0x0000021ba8c0a000 nmethod 5483 0x0000021b92c66510 code [0x0000021b92c666e0, 0x0000021b92c66b08]
Event: 12.688 Thread 0x0000021ba8c0a000 5482       3       sun.reflect.generics.repository.ConstructorRepository::computeExceptionTypes (62 bytes)
Event: 12.688 Thread 0x0000021ba8c0a000 nmethod 5482 0x0000021b92c65590 code [0x0000021b92c657a0, 0x0000021b92c661c8]
Event: 12.692 Thread 0x0000021ba8c0a000 5484       3       sun.reflect.generics.tree.BottomSignature::make (4 bytes)
Event: 12.692 Thread 0x0000021ba8c0a000 nmethod 5484 0x0000021b92ce8510 code [0x0000021b92ce86a0, 0x0000021b92ce8798]
Event: 12.692 Thread 0x0000021ba8c0a000 5485       3       sun.reflect.generics.reflectiveObjects.TypeVariableImpl::toString (5 bytes)
Event: 12.693 Thread 0x0000021ba8c0a000 nmethod 5485 0x0000021b92b32e90 code [0x0000021b92b33020, 0x0000021b92b33158]
Event: 12.693 Thread 0x0000021ba8c0a000 5486       3       com.sun.beans.TypeResolver::prepare (234 bytes)
Event: 12.695 Thread 0x0000021ba8c0a000 nmethod 5486 0x0000021b92ab9790 code [0x0000021b92ab9be0, 0x0000021b92abc378]
Event: 12.696 Thread 0x0000021ba8c0a000 5487       3       java.beans.MethodDescriptor::resolve (32 bytes)
Event: 12.697 Thread 0x0000021ba8c0a000 nmethod 5487 0x0000021b92ab8e90 code [0x0000021b92ab9080, 0x0000021b92ab95f8]

GC Heap History (20 events):
Event: 2.797 GC heap before
{Heap before GC invocations=2 (full 0):
 garbage-first heap   total 325632K, used 60606K [0x00000000a0000000, 0x0000000100000000)
  region size 1024K, 51 young (52224K), 5 survivors (5120K)
 Metaspace       used 4696K, committed 4928K, reserved 1056768K
  class space    used 596K, committed 704K, reserved 1048576K
}
Event: 2.802 GC heap after
{Heap after GC invocations=3 (full 0):
 garbage-first heap   total 325632K, used 16540K [0x00000000a0000000, 0x0000000100000000)
  region size 1024K, 5 young (5120K), 5 survivors (5120K)
 Metaspace       used 4696K, committed 4928K, reserved 1056768K
  class space    used 596K, committed 704K, reserved 1048576K
}
Event: 6.850 GC heap before
{Heap before GC invocations=3 (full 0):
 garbage-first heap   total 325632K, used 124060K [0x00000000a0000000, 0x0000000100000000)
  region size 1024K, 111 young (113664K), 5 survivors (5120K)
 Metaspace       used 21157K, committed 21504K, reserved 1073152K
  class space    used 3092K, committed 3264K, reserved 1048576K
}
Event: 6.861 GC heap after
{Heap after GC invocations=4 (full 0):
 garbage-first heap   total 325632K, used 24139K [0x00000000a0000000, 0x0000000100000000)
  region size 1024K, 12 young (12288K), 12 survivors (12288K)
 Metaspace       used 21157K, committed 21504K, reserved 1073152K
  class space    used 3092K, committed 3264K, reserved 1048576K
}
Event: 8.071 GC heap before
{Heap before GC invocations=5 (full 0):
 garbage-first heap   total 86016K, used 62027K [0x00000000a0000000, 0x0000000100000000)
  region size 1024K, 50 young (51200K), 12 survivors (12288K)
 Metaspace       used 26148K, committed 26624K, reserved 1073152K
  class space    used 3806K, committed 4032K, reserved 1048576K
}
Event: 8.078 GC heap after
{Heap after GC invocations=6 (full 0):
 garbage-first heap   total 86016K, used 27488K [0x00000000a0000000, 0x0000000100000000)
  region size 1024K, 4 young (4096K), 4 survivors (4096K)
 Metaspace       used 26148K, committed 26624K, reserved 1073152K
  class space    used 3806K, committed 4032K, reserved 1048576K
}
Event: 8.099 GC heap before
{Heap before GC invocations=6 (full 0):
 garbage-first heap   total 86016K, used 27488K [0x00000000a0000000, 0x0000000100000000)
  region size 1024K, 5 young (5120K), 4 survivors (4096K)
 Metaspace       used 26219K, committed 26688K, reserved 1073152K
  class space    used 3820K, committed 4032K, reserved 1048576K
}
Event: 8.102 GC heap after
{Heap after GC invocations=7 (full 0):
 garbage-first heap   total 86016K, used 27709K [0x00000000a0000000, 0x0000000100000000)
  region size 1024K, 1 young (1024K), 1 survivors (1024K)
 Metaspace       used 26219K, committed 26688K, reserved 1073152K
  class space    used 3820K, committed 4032K, reserved 1048576K
}
Event: 9.118 GC heap before
{Heap before GC invocations=7 (full 0):
 garbage-first heap   total 86016K, used 60477K [0x00000000a0000000, 0x0000000100000000)
  region size 1024K, 34 young (34816K), 1 survivors (1024K)
 Metaspace       used 31888K, committed 32320K, reserved 1081344K
  class space    used 4530K, committed 4736K, reserved 1048576K
}
Event: 9.122 GC heap after
{Heap after GC invocations=8 (full 0):
 garbage-first heap   total 86016K, used 29787K [0x00000000a0000000, 0x0000000100000000)
  region size 1024K, 3 young (3072K), 3 survivors (3072K)
 Metaspace       used 31888K, committed 32320K, reserved 1081344K
  class space    used 4530K, committed 4736K, reserved 1048576K
}
Event: 9.736 GC heap before
{Heap before GC invocations=8 (full 0):
 garbage-first heap   total 86016K, used 62555K [0x00000000a0000000, 0x0000000100000000)
  region size 1024K, 36 young (36864K), 3 survivors (3072K)
 Metaspace       used 34353K, committed 34880K, reserved 1081344K
  class space    used 4818K, committed 5120K, reserved 1048576K
}
Event: 9.741 GC heap after
{Heap after GC invocations=9 (full 0):
 garbage-first heap   total 86016K, used 33287K [0x00000000a0000000, 0x0000000100000000)
  region size 1024K, 4 young (4096K), 4 survivors (4096K)
 Metaspace       used 34353K, committed 34880K, reserved 1081344K
  class space    used 4818K, committed 5120K, reserved 1048576K
}
Event: 9.983 GC heap before
{Heap before GC invocations=9 (full 0):
 garbage-first heap   total 86016K, used 44551K [0x00000000a0000000, 0x0000000100000000)
  region size 1024K, 12 young (12288K), 4 survivors (4096K)
 Metaspace       used 35521K, committed 35968K, reserved 1081344K
  class space    used 4891K, committed 5120K, reserved 1048576K
}
Event: 9.986 GC heap after
{Heap after GC invocations=10 (full 0):
 garbage-first heap   total 86016K, used 33709K [0x00000000a0000000, 0x0000000100000000)
  region size 1024K, 2 young (2048K), 2 survivors (2048K)
 Metaspace       used 35521K, committed 35968K, reserved 1081344K
  class space    used 4891K, committed 5120K, reserved 1048576K
}
Event: 11.006 GC heap before
{Heap before GC invocations=11 (full 0):
 garbage-first heap   total 86016K, used 64429K [0x00000000a0000000, 0x0000000100000000)
  region size 1024K, 32 young (32768K), 2 survivors (2048K)
 Metaspace       used 38252K, committed 38784K, reserved 1089536K
  class space    used 5282K, committed 5504K, reserved 1048576K
}
Event: 11.010 GC heap after
{Heap after GC invocations=12 (full 0):
 garbage-first heap   total 86016K, used 36076K [0x00000000a0000000, 0x0000000100000000)
  region size 1024K, 4 young (4096K), 4 survivors (4096K)
 Metaspace       used 38252K, committed 38784K, reserved 1089536K
  class space    used 5282K, committed 5504K, reserved 1048576K
}
Event: 11.697 GC heap before
{Heap before GC invocations=12 (full 0):
 garbage-first heap   total 86016K, used 65772K [0x00000000a0000000, 0x0000000100000000)
  region size 1024K, 34 young (34816K), 4 survivors (4096K)
 Metaspace       used 41931K, committed 42432K, reserved 1089536K
  class space    used 5771K, committed 6016K, reserved 1048576K
}
Event: 11.702 GC heap after
{Heap after GC invocations=13 (full 0):
 garbage-first heap   total 86016K, used 38336K [0x00000000a0000000, 0x0000000100000000)
  region size 1024K, 5 young (5120K), 5 survivors (5120K)
 Metaspace       used 41931K, committed 42432K, reserved 1089536K
  class space    used 5771K, committed 6016K, reserved 1048576K
}
Event: 12.490 GC heap before
{Heap before GC invocations=13 (full 0):
 garbage-first heap   total 86016K, used 68032K [0x00000000a0000000, 0x0000000100000000)
  region size 1024K, 34 young (34816K), 5 survivors (5120K)
 Metaspace       used 44301K, committed 44864K, reserved 1089536K
  class space    used 6118K, committed 6400K, reserved 1048576K
}
Event: 12.495 GC heap after
{Heap after GC invocations=14 (full 0):
 garbage-first heap   total 86016K, used 40294K [0x00000000a0000000, 0x0000000100000000)
  region size 1024K, 5 young (5120K), 5 survivors (5120K)
 Metaspace       used 44301K, committed 44864K, reserved 1089536K
  class space    used 6118K, committed 6400K, reserved 1048576K
}

Deoptimization events (20 events):
Event: 12.239 Thread 0x0000021baafecaa0 Uncommon trap: reason=unstable_if action=reinterpret pc=0x0000021b9a5cc298 method=java.util.HashMap.hash(Ljava/lang/Object;)I @ 1 c2
Event: 12.239 Thread 0x0000021baafecaa0 DEOPT PACKING pc=0x0000021b9a5cc298 sp=0x000000c132cf3280
Event: 12.239 Thread 0x0000021baafecaa0 DEOPT UNPACKING pc=0x0000021b9a035ba3 sp=0x000000c132cf3218 mode 2
Event: 12.367 Thread 0x0000021baafecaa0 Uncommon trap: trap_request=0xffffffde fr.pc=0x0000021b9a815f84 relative=0x0000000000002bc4
Event: 12.367 Thread 0x0000021baafecaa0 Uncommon trap: reason=class_check action=maybe_recompile pc=0x0000021b9a815f84 method=java.util.regex.Pattern$CharProperty.study(Ljava/util/regex/Pattern$TreeInfo;)Z @ 25 c2
Event: 12.367 Thread 0x0000021baafecaa0 DEOPT PACKING pc=0x0000021b9a815f84 sp=0x000000c132cf9370
Event: 12.367 Thread 0x0000021baafecaa0 DEOPT UNPACKING pc=0x0000021b9a035ba3 sp=0x000000c132cf9268 mode 2
Event: 12.373 Thread 0x0000021baafecaa0 Uncommon trap: trap_request=0xffffffde fr.pc=0x0000021b9a815f84 relative=0x0000000000002bc4
Event: 12.373 Thread 0x0000021baafecaa0 Uncommon trap: reason=class_check action=maybe_recompile pc=0x0000021b9a815f84 method=java.util.regex.Pattern$CharProperty.study(Ljava/util/regex/Pattern$TreeInfo;)Z @ 25 c2
Event: 12.373 Thread 0x0000021baafecaa0 DEOPT PACKING pc=0x0000021b9a815f84 sp=0x000000c132cf9370
Event: 12.373 Thread 0x0000021baafecaa0 DEOPT UNPACKING pc=0x0000021b9a035ba3 sp=0x000000c132cf9268 mode 2
Event: 12.660 Thread 0x0000021baafecaa0 Uncommon trap: trap_request=0xffffffc6 fr.pc=0x0000021b9a85e354 relative=0x00000000000025f4
Event: 12.660 Thread 0x0000021baafecaa0 Uncommon trap: reason=bimorphic_or_optimized_type_check action=maybe_recompile pc=0x0000021b9a85e354 method=org.codehaus.groovy.runtime.metaclass.MetaMethodIndex.isOverridden(Lgroovy/lang/MetaMethod;Lgroovy/lang/MetaMethod;)Z @ 56 c2
Event: 12.660 Thread 0x0000021baafecaa0 DEOPT PACKING pc=0x0000021b9a85e354 sp=0x000000c132cf55f0
Event: 12.660 Thread 0x0000021baafecaa0 DEOPT UNPACKING pc=0x0000021b9a035ba3 sp=0x000000c132cf55a8 mode 2
Event: 12.666 Thread 0x0000021baafecaa0 Uncommon trap: trap_request=0xffffffc6 fr.pc=0x0000021b9a85e354 relative=0x00000000000025f4
Event: 12.666 Thread 0x0000021baafecaa0 Uncommon trap: reason=bimorphic_or_optimized_type_check action=maybe_recompile pc=0x0000021b9a85e354 method=org.codehaus.groovy.runtime.metaclass.MetaMethodIndex.isOverridden(Lgroovy/lang/MetaMethod;Lgroovy/lang/MetaMethod;)Z @ 56 c2
Event: 12.666 Thread 0x0000021baafecaa0 DEOPT PACKING pc=0x0000021b9a85e354 sp=0x000000c132cf56b0
Event: 12.666 Thread 0x0000021baafecaa0 DEOPT UNPACKING pc=0x0000021b9a035ba3 sp=0x000000c132cf5668 mode 2
Event: 13.110 Thread 0x0000021baac714c0 Uncommon trap: trap_request=0xffffffc6 fr.pc=0x0000021b9a80fe1c relative=0x000000000000021c

Classes unloaded (0 events):
No events

Classes redefined (0 events):
No events

Internal exceptions (20 events):
Event: 12.217 Thread 0x0000021baafecaa0 Exception <a 'java/lang/ClassNotFoundException'{0x00000000a3c36090}: java/lang/StringBeanInfo> (0x00000000a3c36090) 
thrown [s\open\src\hotspot\share\classfile\systemDictionary.cpp, line 256]
Event: 12.218 Thread 0x0000021baafecaa0 Exception <a 'java/lang/ClassNotFoundException'{0x00000000a3c42058}: java/lang/StringCustomizer> (0x00000000a3c42058) 
thrown [s\open\src\hotspot\share\classfile\systemDictionary.cpp, line 256]
Event: 12.221 Thread 0x0000021baafecaa0 Implicit null exception at 0x0000021b9a82f3c4 to 0x0000021b9a830418
Event: 12.227 Thread 0x0000021baafecaa0 Exception <a 'java/lang/NoSuchMethodError'{0x00000000a3c9fae0}: 'void java.lang.invoke.DirectMethodHandle$Holder.invokeSpecial(java.lang.Object, java.lang.Object, java.lang.Object, java.lang.Object, java.lang.Object, java.lang.Object)'> (0x00000000a3c9fae0) 
thrown [s\open\src\hotspot\share\interpreter\linkResolver.cpp, line 759]
Event: 12.239 Thread 0x0000021baafecaa0 Implicit null exception at 0x0000021b9a5cc20f to 0x0000021b9a5cc289
Event: 12.391 Thread 0x0000021bab02af20 Exception <a 'java/lang/NoSuchMethodError'{0x00000000a390ae30}: static Lorg/gradle/internal/build/event/types/DefaultProjectConfigurationDescriptor;.<clinit>()V> (0x00000000a390ae30) 
thrown [s\open\src\hotspot\share\prims\jni.cpp, line 1107]
Event: 12.642 Thread 0x0000021baafecaa0 Exception <a 'java/lang/ClassNotFoundException'{0x00000000acb6a2f8}: build_aumrtygs82szc1uotrf2jue7aBeanInfo> (0x00000000acb6a2f8) 
thrown [s\open\src\hotspot\share\classfile\systemDictionary.cpp, line 256]
Event: 12.642 Thread 0x0000021baafecaa0 Exception <a 'java/lang/ClassNotFoundException'{0x00000000acb76980}: org/gradle/api/internal/project/ProjectScriptBeanInfo> (0x00000000acb76980) 
thrown [s\open\src\hotspot\share\classfile\systemDictionary.cpp, line 256]
Event: 12.643 Thread 0x0000021baafecaa0 Exception <a 'java/lang/ClassNotFoundException'{0x00000000acb83148}: org/gradle/api/internal/project/ProjectScriptCustomizer> (0x00000000acb83148) 
thrown [s\open\src\hotspot\share\classfile\systemDictionary.cpp, line 256]
Event: 12.645 Thread 0x0000021baafecaa0 Exception <a 'java/lang/ClassNotFoundException'{0x00000000acb9c170}: build_aumrtygs82szc1uotrf2jue7aCustomizer> (0x00000000acb9c170) 
thrown [s\open\src\hotspot\share\classfile\systemDictionary.cpp, line 256]
Event: 12.675 Thread 0x0000021baafecaa0 Exception <a 'java/lang/ClassNotFoundException'{0x00000000ac7c7950}: org/gradle/api/internal/artifacts/dsl/DefaultRepositoryHandler_DecoratedBeanInfo> (0x00000000ac7c7950) 
thrown [s\open\src\hotspot\share\classfile\systemDictionary.cpp, line 256]
Event: 12.676 Thread 0x0000021baafecaa0 Exception <a 'java/lang/ClassNotFoundException'{0x00000000ac7df1b8}: org/gradle/api/internal/artifacts/dsl/DefaultRepositoryHandlerBeanInfo> (0x00000000ac7df1b8) 
thrown [s\open\src\hotspot\share\classfile\systemDictionary.cpp, line 256]
Event: 12.677 Thread 0x0000021baafecaa0 Exception <a 'java/lang/ClassNotFoundException'{0x00000000ac7f6e90}: org/gradle/api/internal/artifacts/DefaultArtifactRepositoryContainerBeanInfo> (0x00000000ac7f6e90) 
thrown [s\open\src\hotspot\share\classfile\systemDictionary.cpp, line 256]
Event: 12.678 Thread 0x0000021baafecaa0 Exception <a 'java/lang/ClassNotFoundException'{0x00000000ac60cc00}: org/gradle/api/internal/DefaultNamedDomainObjectListBeanInfo> (0x00000000ac60cc00) 
thrown [s\open\src\hotspot\share\classfile\systemDictionary.cpp, line 256]
Event: 12.679 Thread 0x0000021baafecaa0 Exception <a 'java/lang/ClassNotFoundException'{0x00000000ac622e80}: org/gradle/api/internal/DefaultNamedDomainObjectCollectionBeanInfo> (0x00000000ac622e80) 
thrown [s\open\src\hotspot\share\classfile\systemDictionary.cpp, line 256]
Event: 12.680 Thread 0x0000021baafecaa0 Exception <a 'java/lang/ClassNotFoundException'{0x00000000ac6389a0}: org/gradle/api/internal/DefaultNamedDomainObjectCollectionCustomizer> (0x00000000ac6389a0) 
thrown [s\open\src\hotspot\share\classfile\systemDictionary.cpp, line 256]
Event: 12.685 Thread 0x0000021baafecaa0 Exception <a 'java/lang/ClassNotFoundException'{0x00000000ac676fa8}: org/gradle/api/internal/DefaultNamedDomainObjectListCustomizer> (0x00000000ac676fa8) 
thrown [s\open\src\hotspot\share\classfile\systemDictionary.cpp, line 256]
Event: 12.689 Thread 0x0000021baafecaa0 Exception <a 'java/lang/ClassNotFoundException'{0x00000000ac6ad6b8}: org/gradle/api/internal/artifacts/DefaultArtifactRepositoryContainerCustomizer> (0x00000000ac6ad6b8) 
thrown [s\open\src\hotspot\share\classfile\systemDictionary.cpp, line 256]
Event: 12.691 Thread 0x0000021baafecaa0 Exception <a 'java/lang/ClassNotFoundException'{0x00000000ac6d7bc0}: org/gradle/api/internal/artifacts/dsl/DefaultRepositoryHandlerCustomizer> (0x00000000ac6d7bc0) 
thrown [s\open\src\hotspot\share\classfile\systemDictionary.cpp, line 256]
Event: 12.696 Thread 0x0000021baafecaa0 Exception <a 'java/lang/ClassNotFoundException'{0x00000000ac511718}: org/gradle/api/internal/artifacts/dsl/DefaultRepositoryHandler_DecoratedCustomizer> (0x00000000ac511718) 
thrown [s\open\src\hotspot\share\classfile\systemDictionary.cpp, line 256]

VM Operations (20 events):
Event: 10.807 Executing VM operation: ICBufferFull done
Event: 10.813 Executing VM operation: HandshakeAllThreads
Event: 10.813 Executing VM operation: HandshakeAllThreads done
Event: 10.840 Executing VM operation: HandshakeAllThreads
Event: 10.840 Executing VM operation: HandshakeAllThreads done
Event: 11.006 Executing VM operation: G1CollectForAllocation
Event: 11.010 Executing VM operation: G1CollectForAllocation done
Event: 11.495 Executing VM operation: HandshakeAllThreads
Event: 11.496 Executing VM operation: HandshakeAllThreads done
Event: 11.697 Executing VM operation: G1CollectForAllocation
Event: 11.702 Executing VM operation: G1CollectForAllocation done
Event: 11.887 Executing VM operation: HandshakeAllThreads
Event: 11.888 Executing VM operation: HandshakeAllThreads done
Event: 12.111 Executing VM operation: ICBufferFull
Event: 12.111 Executing VM operation: ICBufferFull done
Event: 12.360 Executing VM operation: HandshakeAllThreads
Event: 12.360 Executing VM operation: HandshakeAllThreads done
Event: 12.490 Executing VM operation: G1CollectForAllocation
Event: 12.495 Executing VM operation: G1CollectForAllocation done
Event: 13.506 Executing VM operation: Cleanup

Events (20 events):
Event: 11.854 loading class java/util/AbstractCollectionCustomizer done
Event: 11.855 loading class sun/reflect/generics/reflectiveObjects/GenericArrayTypeImpl
Event: 11.855 loading class sun/reflect/generics/reflectiveObjects/GenericArrayTypeImpl done
Event: 11.879 loading class java/util/DualPivotQuicksort
Event: 11.879 loading class java/util/DualPivotQuicksort done
Event: 12.016 loading class java/util/function/LongUnaryOperator
Event: 12.016 loading class java/util/function/LongUnaryOperator done
Event: 12.196 loading class java/util/concurrent/RecursiveAction
Event: 12.196 loading class java/util/concurrent/RecursiveAction done
Event: 12.215 loading class java/lang/StringBeanInfo
Event: 12.215 loading class java/lang/StringBeanInfo done
Event: 12.216 loading class java/lang/StringBeanInfo
Event: 12.217 loading class java/lang/StringBeanInfo done
Event: 12.217 loading class java/lang/StringCustomizer
Event: 12.217 loading class java/lang/StringCustomizer done
Event: 12.218 loading class java/lang/StringCustomizer
Event: 12.218 loading class java/lang/StringCustomizer done
Event: 12.254 Thread 0x0000021ba907ecb0 Thread added: 0x0000021ba907ecb0
Event: 12.359 loading class java/util/ArrayList$ListItr
Event: 12.359 loading class java/util/ArrayList$ListItr done


Dynamic libraries:
0x00007ff6d2a90000 - 0x00007ff6d2aa0000 	C:\Program Files\Java\jdk-17\bin\java.exe
0x00007ff88c140000 - 0x00007ff88c3a6000 	C:\WINDOWS\SYSTEM32\ntdll.dll
0x00007ff88b8b0000 - 0x00007ff88b979000 	C:\WINDOWS\System32\KERNEL32.DLL
0x00007ff889ab0000 - 0x00007ff889eaa000 	C:\WINDOWS\System32\KERNELBASE.dll
0x00007ff889960000 - 0x00007ff889aac000 	C:\WINDOWS\System32\ucrtbase.dll
0x00007ff844e60000 - 0x00007ff844e79000 	C:\Program Files\Java\jdk-17\bin\jli.dll
0x00007ff88a330000 - 0x00007ff88a3e6000 	C:\WINDOWS\System32\ADVAPI32.dll
0x00007ff844e80000 - 0x00007ff844e9b000 	C:\Program Files\Java\jdk-17\bin\VCRUNTIME140.dll
0x00007ff88bb70000 - 0x00007ff88bc19000 	C:\WINDOWS\System32\msvcrt.dll
0x00007ff88ae60000 - 0x00007ff88af0a000 	C:\WINDOWS\System32\sechost.dll
0x00007ff88ba50000 - 0x00007ff88bb68000 	C:\WINDOWS\System32\RPCRT4.dll
0x00007ff88a010000 - 0x00007ff88a1d7000 	C:\WINDOWS\System32\USER32.dll
0x00007ff889930000 - 0x00007ff889957000 	C:\WINDOWS\System32\win32u.dll
0x00007ff88b6a0000 - 0x00007ff88b6cb000 	C:\WINDOWS\System32\GDI32.dll
0x00007ff8659d0000 - 0x00007ff865c62000 	C:\WINDOWS\WinSxS\amd64_microsoft.windows.common-controls_6595b64144ccf1df_6.0.26100.8521_none_3e08b75ce33403b3\COMCTL32.dll
0x00007ff889460000 - 0x00007ff88958b000 	C:\WINDOWS\System32\gdi32full.dll
0x00007ff889710000 - 0x00007ff8897b3000 	C:\WINDOWS\System32\msvcp_win.dll
0x00007ff87dd20000 - 0x00007ff87dd2b000 	C:\WINDOWS\SYSTEM32\VERSION.dll
0x00007ff88a7d0000 - 0x00007ff88a802000 	C:\WINDOWS\System32\IMM32.DLL
0x00007ff8464d0000 - 0x00007ff8464dc000 	C:\Program Files\Java\jdk-17\bin\vcruntime140_1.dll
0x00007ff844dd0000 - 0x00007ff844e5e000 	C:\Program Files\Java\jdk-17\bin\msvcp140.dll
0x00007ff8603b0000 - 0x00007ff860f8d000 	C:\Program Files\Java\jdk-17\bin\server\jvm.dll
0x00007ff88ae50000 - 0x00007ff88ae58000 	C:\WINDOWS\System32\PSAPI.DLL
0x00007ff86ad80000 - 0x00007ff86ad8a000 	C:\WINDOWS\SYSTEM32\WSOCK32.dll
0x00007ff87b560000 - 0x00007ff87b596000 	C:\WINDOWS\SYSTEM32\WINMM.dll
0x00007ff88bc30000 - 0x00007ff88bcb0000 	C:\WINDOWS\System32\ws2_32.DLL
0x00007ff888160000 - 0x00007ff88817b000 	C:\WINDOWS\SYSTEM32\kernel.appcore.dll
0x00007ff85ef20000 - 0x00007ff85ef2a000 	C:\Program Files\Java\jdk-17\bin\jimage.dll
0x00007ff886a90000 - 0x00007ff886cd2000 	C:\WINDOWS\SYSTEM32\DBGHELP.DLL
0x00007ff88bd70000 - 0x00007ff88c0f3000 	C:\WINDOWS\System32\combase.dll
0x00007ff88a880000 - 0x00007ff88a959000 	C:\WINDOWS\System32\OLEAUT32.dll
0x00007ff867d00000 - 0x00007ff867d3b000 	C:\WINDOWS\SYSTEM32\dbgcore.DLL
0x00007ff8897c0000 - 0x00007ff889868000 	C:\WINDOWS\System32\bcryptPrimitives.dll
0x00007ff859dd0000 - 0x00007ff859dde000 	C:\Program Files\Java\jdk-17\bin\instrument.dll
0x00007ff85d960000 - 0x00007ff85d985000 	C:\Program Files\Java\jdk-17\bin\java.dll
0x00007ff85b490000 - 0x00007ff85b567000 	C:\Program Files\Java\jdk-17\bin\jsvml.dll
0x00007ff88af10000 - 0x00007ff88b694000 	C:\WINDOWS\System32\SHELL32.dll
0x00007ff886f60000 - 0x00007ff8877e0000 	C:\WINDOWS\SYSTEM32\windows.storage.dll
0x00007ff88a200000 - 0x00007ff88a2f6000 	C:\WINDOWS\System32\SHCORE.dll
0x00007ff88a810000 - 0x00007ff88a877000 	C:\WINDOWS\System32\shlwapi.dll
0x00007ff8892f0000 - 0x00007ff889319000 	C:\WINDOWS\SYSTEM32\profapi.dll
0x00007ff85a010000 - 0x00007ff85a028000 	C:\Program Files\Java\jdk-17\bin\zip.dll
0x00007ff85a130000 - 0x00007ff85a149000 	C:\Program Files\Java\jdk-17\bin\net.dll
0x00007ff881090000 - 0x00007ff8811b9000 	C:\WINDOWS\SYSTEM32\WINHTTP.dll
0x00007ff8886d0000 - 0x00007ff88873c000 	C:\WINDOWS\system32\mswsock.dll
0x00007ff85a030000 - 0x00007ff85a046000 	C:\Program Files\Java\jdk-17\bin\nio.dll
0x00007ff82b140000 - 0x00007ff82b150000 	C:\Program Files\Java\jdk-17\bin\verify.dll
0x00007ff86e560000 - 0x00007ff86e587000 	C:\Users\Kadjo\.gradle\native\1def1411415f61bf3af743bc5b6707747c0891f09f0c88961ee8f79bc544acac\windows-amd64\native-platform.dll
0x00007fffe30d0000 - 0x00007fffe3148000 	C:\Users\Kadjo\.gradle\native\0.2.7\x86_64-windows-gnu\gradle-fileevents.dll
0x00007ff865c70000 - 0x00007ff865c7a000 	C:\Program Files\Java\jdk-17\bin\management.dll
0x00007ff852c40000 - 0x00007ff852c4b000 	C:\Program Files\Java\jdk-17\bin\management_ext.dll
0x00007ff887c60000 - 0x00007ff887c93000 	C:\WINDOWS\SYSTEM32\IPHLPAPI.DLL
0x00007ff88bcc0000 - 0x00007ff88bcca000 	C:\WINDOWS\System32\NSI.dll
0x00007ff881270000 - 0x00007ff88128d000 	C:\WINDOWS\SYSTEM32\dhcpcsvc6.DLL
0x00007ff881230000 - 0x00007ff881255000 	C:\WINDOWS\SYSTEM32\dhcpcsvc.DLL
0x00007ff887ca0000 - 0x00007ff887dea000 	C:\WINDOWS\SYSTEM32\DNSAPI.dll
0x00007ff8884f0000 - 0x00007ff8884fd000 	C:\WINDOWS\SYSTEM32\DSPARSE.dll
0x00007ff8889b0000 - 0x00007ff8889cb000 	C:\WINDOWS\SYSTEM32\CRYPTSP.dll
0x00007ff8880c0000 - 0x00007ff8880f9000 	C:\WINDOWS\system32\rsaenh.dll
0x00007ff888780000 - 0x00007ff8887b3000 	C:\WINDOWS\SYSTEM32\USERENV.dll
0x00007ff8892c0000 - 0x00007ff8892ea000 	C:\WINDOWS\SYSTEM32\bcrypt.dll
0x00007ff8889d0000 - 0x00007ff8889dc000 	C:\WINDOWS\SYSTEM32\CRYPTBASE.dll
0x00007ff82b150000 - 0x00007ff82b15d000 	C:\Program Files\Java\jdk-17\bin\sunmscapi.dll
0x00007ff889590000 - 0x00007ff889708000 	C:\WINDOWS\System32\CRYPT32.dll
0x00007ff888bd0000 - 0x00007ff888c00000 	C:\WINDOWS\SYSTEM32\ncrypt.dll
0x00007ff888b80000 - 0x00007ff888bbf000 	C:\WINDOWS\SYSTEM32\NTASN1.dll
0x00007ff836320000 - 0x00007ff836328000 	C:\WINDOWS\system32\wshunix.dll

dbghelp: loaded successfully - version: 4.0.5 - missing functions: none
symbol engine: initialized successfully - sym options: 0x614 - pdb path: .;C:\Program Files\Java\jdk-17\bin;C:\WINDOWS\SYSTEM32;C:\WINDOWS\WinSxS\amd64_microsoft.windows.common-controls_6595b64144ccf1df_6.0.26100.8521_none_3e08b75ce33403b3;C:\Program Files\Java\jdk-17\bin\server;C:\Users\Kadjo\.gradle\native\1def1411415f61bf3af743bc5b6707747c0891f09f0c88961ee8f79bc544acac\windows-amd64;C:\Users\Kadjo\.gradle\native\0.2.7\x86_64-windows-gnu

VM Arguments:
jvm_args: --add-opens=java.base/java.lang=ALL-UNNAMED --add-opens=java.base/java.lang.invoke=ALL-UNNAMED --add-opens=java.base/java.util=ALL-UNNAMED --add-opens=java.prefs/java.util.prefs=ALL-UNNAMED --add-exports=jdk.compiler/com.sun.tools.javac.api=ALL-UNNAMED --add-exports=jdk.compiler/com.sun.tools.javac.util=ALL-UNNAMED --add-opens=java.base/java.util=ALL-UNNAMED --add-opens=java.prefs/java.util.prefs=ALL-UNNAMED --add-opens=java.base/java.nio.charset=ALL-UNNAMED --add-opens=java.base/java.net=ALL-UNNAMED --add-opens=java.base/java.util.concurrent.atomic=ALL-UNNAMED --add-opens=java.xml/javax.xml.namespace=ALL-UNNAMED -Xmx1536m -Dfile.encoding=UTF-8 -Duser.country=US -Duser.language=en -Duser.variant -javaagent:C:\Users\Kadjo\.gradle\wrapper\dists\gradle-8.14.3-all\10utluxaxniiv4wxiphsi49nj\gradle-8.14.3\lib\agents\gradle-instrumentation-agent-8.14.3.jar 
java_command: org.gradle.launcher.daemon.bootstrap.GradleDaemon 8.14.3
java_class_path (initial): C:\Users\Kadjo\.gradle\wrapper\dists\gradle-8.14.3-all\10utluxaxniiv4wxiphsi49nj\gradle-8.14.3\lib\gradle-daemon-main-8.14.3.jar
Launcher Type: SUN_STANDARD

[Global flags]
     intx CICompilerCount                          = 4                                         {product} {ergonomic}
     uint ConcGCThreads                            = 2                                         {product} {ergonomic}
     uint G1ConcRefinementThreads                  = 8                                         {product} {ergonomic}
   size_t G1HeapRegionSize                         = 1048576                                   {product} {ergonomic}
    uintx GCDrainStackTargetSize                   = 64                                        {product} {ergonomic}
   size_t InitialHeapSize                          = 333447168                                 {product} {ergonomic}
   size_t MarkStackSize                            = 4194304                                   {product} {ergonomic}
   size_t MaxHeapSize                              = 1610612736                                {product} {command line}
   size_t MaxNewSize                               = 965738496                                 {product} {ergonomic}
   size_t MinHeapDeltaBytes                        = 1048576                                   {product} {ergonomic}
   size_t MinHeapSize                              = 8388608                                   {product} {ergonomic}
    uintx NonNMethodCodeHeapSize                   = 5839372                                {pd product} {ergonomic}
    uintx NonProfiledCodeHeapSize                  = 122909434                              {pd product} {ergonomic}
    uintx ProfiledCodeHeapSize                     = 122909434                              {pd product} {ergonomic}
    uintx ReservedCodeCacheSize                    = 251658240                              {pd product} {ergonomic}
     bool SegmentedCodeCache                       = true                                      {product} {ergonomic}
   size_t SoftMaxHeapSize                          = 1610612736                             {manageable} {ergonomic}
     bool UseCompressedClassPointers               = true                           {product lp64_product} {ergonomic}
     bool UseCompressedOops                        = true                           {product lp64_product} {ergonomic}
     bool UseG1GC                                  = true                                      {product} {ergonomic}
     bool UseLargePagesIndividualAllocation        = false                                  {pd product} {ergonomic}

Logging:
Log output configuration:
 #0: stdout all=warning uptime,level,tags
 #1: stderr all=off uptime,level,tags

Environment Variables:
JAVA_HOME=C:\Program Files\Java\jdk1.8.0_231\bin
PATH=C:\Program Files\Common Files\Oracle\Java\javapath;C:\Program Files (x86)\VMware\VMware Workstation\bin\;C:\Program Files (x86)\Common Files\Oracle\Java\javapath;C:\WINDOWS\system32;C:\WINDOWS;C:\WINDOWS\System32\Wbem;C:\WINDOWS\System32\WindowsPowerShell\v1.0\;C:\WINDOWS\System32\OpenSSH\;C:\Program Files\Git\cmd;C:\glassfish4\bin;C:\Program Files\Java\jdk-17\bin;C:\Program Files\Java\jdk1.8.0_231\bin;C:\Program Files\Odoo 14.0.20230215\PostgreSQL\lib\plperl.dll;C:\Program Files\apache-tomcat-9.0.83\bin;C:\Program Files (x86)\Bitvise SSH Client;C:\Users\Kadjo\AppData\Local\Android\Sdk\platform-tools;C:\flutter\flutter_windows_3.29.2-stable\flutter\bin;C:\Program Files\Java\jdk-17\bin;C:\Program Files (x86)\nodejs;C:\Program Files\MySQL\MySQL Shell 8.0\bin\;C:\Users\Kadjo\AppData\Local\Microsoft\WindowsApps;C:\Program Files\JetBrains\IntelliJ IDEA Community Edition 2022.1.1\bin;;C:\Program Files\Heroku\bin;C:\Users\Kadjo\AppData\Local\GitHubDesktop\bin;C:\ProgramData\Kadjo\GitHubDesktop\bin;C:\MinGW\bin;C:\Program Files\JetBrains\PyCharm Community Edition 2022.3.2\bin;;C:\OpenSSL\bin;C:\Applications\Atlassian\atlassian-plugin-sdk-8.2.7\bin;C:\Users\Kadjo\AppData\Roaming\npm;C:\Users\Kadjo\AppData\Local\Programs\Microsoft VS Code\bin;C:\Program Files\Odoo 14.0.20230215\PostgreSQL\lib\plperl.dll;C:\Program Files\apache-tomcat-9.0.83\bin;C:\Program Files (x86)\node-v20.19.4-win-x64;
USERNAME=Kadjo
OS=Windows_NT
PROCESSOR_IDENTIFIER=Intel64 Family 6 Model 140 Stepping 2, GenuineIntel



---------------  S Y S T E M  ---------------

OS:
 Windows 11 , 64 bit Build 26100 (10.0.26100.8521)
OS uptime: 0 days 3:46 hours
Hyper-V role detected

CPU: total 8 (initial active 8) (4 cores per cpu, 2 threads per core) family 6 model 140 stepping 2 microcode 0x22, cx8, cmov, fxsr, ht, mmx, 3dnowpref, sse, sse2, sse3, ssse3, sse4.1, sse4.2, popcnt, lzcnt, tsc, tscinvbit, avx, avx2, aes, erms, clmul, bmi1, bmi2, adx, avx512f, avx512dq, avx512cd, avx512bw, avx512vl, sha, fma, vzeroupper, avx512_vpopcntdq, avx512_vpclmulqdq, avx512_vaes, avx512_vnni, clflush, clflushopt, clwb, avx512_vbmi2, avx512_vbmi, hv

Memory: 4k page, system-wide physical 20247M (3689M free)
TotalPageFile size 22295M (AvailPageFile size 25M)
current process WorkingSet (physical memory assigned to process): 285M, peak: 285M
current process commit charge ("private bytes"): 324M, peak: 504M

vm_info: Java HotSpot(TM) 64-Bit Server VM (17.0.7+8-LTS-224) for windows-amd64 JRE (17.0.7+8-LTS-224), built on Feb 28 2023 23:03:02 by "mach5one" with MS VC++ 17.1 (VS2022)

END.
